2026-10-01T16:24:58.374324936Z main ERROR Could not determine local host name java.net.UnknownHostException: 078ba1c5e42f: 078ba1c5e42f: Temporary failure in name resolution
	at java.base/java.net.InetAddress.getLocalHost(InetAddress.java:1936)
	at org.apache.logging.log4j.core.util.NetUtils.getHostname(NetUtils.java:71)
	at org.apache.logging.log4j.core.util.NetUtils.getLocalHostname(NetUtils.java:56)
	at org.apache.logging.log4j.core.LoggerContext.lambda$setConfiguration$2(LoggerContext.java:667)
	at java.base/java.util.concurrent.ConcurrentHashMap.computeIfAbsent(ConcurrentHashMap.java:1708)
	at org.apache.logging.log4j.core.LoggerContext.setConfiguration(LoggerContext.java:667)
	at org.apache.logging.log4j.core.LoggerContext.reconfigure(LoggerContext.java:762)
	at org.apache.logging.log4j.core.LoggerContext.reconfigure(LoggerContext.java:784)
	at org.apache.logging.log4j.core.LoggerContext.start(LoggerContext.java:300)
	at org.apache.logging.log4j.core.impl.Log4jContextFactory.getContext(Log4jContextFactory.java:153)
	at org.apache.logging.log4j.core.impl.Log4jContextFactory.getContext(Log4jContextFactory.java:46)
	at org.apache.logging.log4j.LogManager.getContext(LogManager.java:138)
	at org.apache.logging.log4j.LogManager.getLogger(LogManager.java:555)
	at app.freerouting.logger.FRLogger.traceEntry(FRLogger.java:96)
	at app.freerouting.Freerouting.main(Freerouting.java:51)
Caused by: java.net.UnknownHostException: 078ba1c5e42f: Temporary failure in name resolution
	at java.base/java.net.Inet6AddressImpl.lookupAllHostAddr(Native Method)
	at java.base/java.net.Inet6AddressImpl.lookupAllHostAddr(Inet6AddressImpl.java:52)
	at java.base/java.net.InetAddress$PlatformResolver.lookupByName(InetAddress.java:1211)
	at java.base/java.net.InetAddress.getAddressesFromNameService(InetAddress.java:1828)
	at java.base/java.net.InetAddress$NameServiceAddresses.get(InetAddress.java:1139)
	at java.base/java.net.InetAddress.getAllByName0(InetAddress.java:1818)
	at java.base/java.net.InetAddress.getLocalHost(InetAddress.java:1931)
	... 14 more

2026-10-01T16:24:58.449033325Z main ERROR Could not determine local host name java.net.UnknownHostException: 078ba1c5e42f: 078ba1c5e42f: Temporary failure in name resolution
	at java.base/java.net.InetAddress.getLocalHost(InetAddress.java:1936)
	at org.apache.logging.log4j.core.util.NetUtils.getHostname(NetUtils.java:71)
	at org.apache.logging.log4j.core.util.NetUtils.getLocalHostname(NetUtils.java:56)
	at org.apache.logging.log4j.core.LoggerContext.lambda$setConfiguration$2(LoggerContext.java:667)
	at java.base/java.util.concurrent.ConcurrentHashMap.computeIfAbsent(ConcurrentHashMap.java:1708)
	at org.apache.logging.log4j.core.LoggerContext.setConfiguration(LoggerContext.java:667)
	at org.apache.logging.log4j.core.LoggerContext.reconfigure(LoggerContext.java:762)
	at org.apache.logging.log4j.core.LoggerContext.reconfigure(LoggerContext.java:784)
	at org.apache.logging.log4j.core.LoggerContext.start(LoggerContext.java:300)
	at org.apache.logging.log4j.core.impl.Log4jContextFactory.getContext(Log4jContextFactory.java:257)
	at org.apache.logging.log4j.core.impl.Log4jContextFactory.getContext(Log4jContextFactory.java:46)
	at org.apache.logging.log4j.LogManager.getContext(LogManager.java:118)
	at app.freerouting.logger.FRLogger.changeFileLogLocation(FRLogger.java:379)
	at app.freerouting.settings.GlobalSettings.setUserDataPath(GlobalSettings.java:110)
	at app.freerouting.Freerouting.main(Freerouting.java:92)
Caused by: java.net.UnknownHostException: 078ba1c5e42f: Temporary failure in name resolution
	at java.base/java.net.Inet6AddressImpl.lookupAllHostAddr(Native Method)
	at java.base/java.net.Inet6AddressImpl.lookupAllHostAddr(Inet6AddressImpl.java:52)
	at java.base/java.net.InetAddress$PlatformResolver.lookupByName(InetAddress.java:1211)
	at java.base/java.net.InetAddress.getAddressesFromNameService(InetAddress.java:1828)
	at java.base/java.net.InetAddress$NameServiceAddresses.get(InetAddress.java:1139)
	at java.base/java.net.InetAddress.getAllByName0(InetAddress.java:1818)
	at java.base/java.net.InetAddress.getLocalHost(InetAddress.java:1931)
	... 14 more

2026-10-01 18:24:58.519 INFO   Freerouting v2.1.0 (build-date: 2025-04-12)
2026-10-01 18:24:58.580 WARN   No default constructor found for field: currentLocale
2026-10-01 18:24:58.581 INFO   Settings were loaded from freerouting.json
java.util.concurrent.CompletionException: java.net.ConnectException
	at java.base/java.util.concurrent.CompletableFuture.encodeRelay(CompletableFuture.java:368)
	at java.base/java.util.concurrent.CompletableFuture.uniComposeStage(CompletableFuture.java:1189)
	at java.base/java.util.concurrent.CompletableFuture.thenCompose(CompletableFuture.java:2341)
	at java.net.http/jdk.internal.net.http.MultiExchange.responseAsyncImpl(MultiExchange.java:481)
	at java.net.http/jdk.internal.net.http.MultiExchange.lambda$responseAsyncImpl$7(MultiExchange.java:477)
	at java.base/java.util.concurrent.CompletableFuture.uniHandle(CompletableFuture.java:934)
	at java.base/java.util.concurrent.CompletableFuture.uniHandleStage(CompletableFuture.java:950)
	at java.base/java.util.concurrent.CompletableFuture.handle(CompletableFuture.java:2372)
	at java.net.http/jdk.internal.net.http.MultiExchange.responseAsyncImpl(MultiExchange.java:467)
	at java.net.http/jdk.internal.net.http.MultiExchange.lambda$responseAsync0$2(MultiExchange.java:355)
	at java.base/java.util.concurrent.CompletableFuture$UniCompose.tryFire(CompletableFuture.java:1150)
	at java.base/java.util.concurrent.CompletableFuture.postComplete(CompletableFuture.java:510)
	at java.base/java.util.concurrent.CompletableFuture$AsyncSupply.run(CompletableFuture.java:1773)
	at java.base/java.util.concurrent.ThreadPoolExecutor.runWorker(ThreadPoolExecutor.java:1144)
	at java.base/java.util.concurrent.ThreadPoolExecutor$Worker.run(ThreadPoolExecutor.java:642)
	at java.base/java.lang.Thread.run(Thread.java:1583)
Caused by: java.net.ConnectException
	at java.net.http/jdk.internal.net.http.common.Utils.toConnectException(Utils.java:1065)
	at java.net.http/jdk.internal.net.http.PlainHttpConnection.connectAsync(PlainHttpConnection.java:227)
	at java.net.http/jdk.internal.net.http.AsyncSSLConnection.connectAsync(AsyncSSLConnection.java:56)
	at java.net.http/jdk.internal.net.http.Http2Connection.createAsync(Http2Connection.java:529)
	at java.net.http/jdk.internal.net.http.Http2ClientImpl.getConnectionFor(Http2ClientImpl.java:140)
	at java.net.http/jdk.internal.net.http.ExchangeImpl.get(ExchangeImpl.java:98)
	at java.net.http/jdk.internal.net.http.Exchange.establishExchange(Exchange.java:391)
	at java.net.http/jdk.internal.net.http.Exchange.responseAsyncImpl0(Exchange.java:584)
	at java.net.http/jdk.internal.net.http.Exchange.responseAsyncImpl(Exchange.java:428)
	at java.net.http/jdk.internal.net.http.Exchange.responseAsync(Exchange.java:420)
	at java.net.http/jdk.internal.net.http.MultiExchange.responseAsyncImpl(MultiExchange.java:435)
	... 12 more
Caused by: java.nio.channels.UnresolvedAddressException
	at java.base/sun.nio.ch.Net.checkAddress(Net.java:147)
	at java.base/sun.nio.ch.Net.checkAddress(Net.java:155)
	at java.base/sun.nio.ch.SocketChannelImpl.checkRemote(SocketChannelImpl.java:842)
	at java.base/sun.nio.ch.SocketChannelImpl.connect(SocketChannelImpl.java:865)
	at java.net.http/jdk.internal.net.http.PlainHttpConnection.lambda$connectAsync$1(PlainHttpConnection.java:210)
	at java.base/java.security.AccessController.doPrivileged(AccessController.java:571)
	at java.net.http/jdk.internal.net.http.PlainHttpConnection.connectAsync(PlainHttpConnection.java:212)
	... 21 more
2026-10-01 18:25:00.220 INFO   [D07F6F\C36216] Job 'D07F6F\C36216' started at 2026-10-01T16:25:00.219913889Z
2026-10-01 18:25:16.505 INFO   [D07F6F\C36216] Auto-router pass #1 on board 'a027bb6faffbf90fa2d9fcdf580f512c' was completed in 15,89 seconds with the score of 872,67 (50 unrouted), using 85,46 CPU seconds and 5952 MB memory.
2026-10-01 18:25:24.496 INFO   [D07F6F\C36216] Auto-router pass #2 on board '17149f9431652d050aac473cc5fed926' was completed in 7,87 seconds with the score of 892,84 (41 unrouted), using 190,37 CPU seconds and 8960 MB memory.
2026-10-01 18:25:29.050 INFO   [D07F6F\C36216] Auto-router pass #3 on board 'fadbcaa64d6f3f6552634d879b53a9a8' was completed in 4,50 seconds with the score of 916,54 (32 unrouted), using 258,60 CPU seconds and 10661 MB memory.
2026-10-01 18:25:33.944 INFO   [D07F6F\C36216] Auto-router pass #4 on board '273195c491e335647a3249732fdf11ae' was completed in 4,81 seconds with the score of 918,74 (30 unrouted), using 358,49 CPU seconds and 12582 MB memory.
2026-10-01 18:25:36.644 INFO   [D07F6F\C36216] Auto-router pass #5 on board 'dc1b5e161babd230e3b799310391b149' was completed in 2,62 seconds with the score of 925,15 (27 unrouted), using 426,65 CPU seconds and 13993 MB memory.
2026-10-01 18:25:37.765 INFO   [D07F6F\C36216] Auto-router pass #6 on board '5dbf4d301d65bf982368b145671d9e9f' was completed in 1,07 seconds with the score of 925,15 (27 unrouted), using 451,01 CPU seconds and 14658 MB memory.
2026-10-01 18:25:38.831 INFO   [D07F6F\C36216] Auto-router pass #7 on board '5dbf4d301d65bf982368b145671d9e9f' was completed in 1,05 seconds with the score of 925,15 (27 unrouted), using 476,34 CPU seconds and 15378 MB memory.
2026-10-01 18:25:39.966 INFO   [D07F6F\C36216] Auto-router pass #8 on board '5dbf4d301d65bf982368b145671d9e9f' was completed in 1,12 seconds with the score of 925,15 (27 unrouted), using 502,55 CPU seconds and 16023 MB memory.
2026-10-01 18:25:41.014 INFO   [D07F6F\C36216] Auto-router pass #9 on board '5dbf4d301d65bf982368b145671d9e9f' was completed in 1,03 seconds with the score of 925,15 (27 unrouted), using 529,69 CPU seconds and 16736 MB memory.
2026-10-01 18:25:42.036 INFO   [D07F6F\C36216] Auto-router pass #10 on board '5dbf4d301d65bf982368b145671d9e9f' was completed in 1,01 seconds with the score of 925,15 (27 unrouted), using 557,78 CPU seconds and 17492 MB memory.
2026-10-01 18:25:43.022 INFO   [D07F6F\C36216] Auto-router pass #11 on board '5dbf4d301d65bf982368b145671d9e9f' was completed in 0,97 seconds with the score of 925,15 (27 unrouted), using 586,80 CPU seconds and 18201 MB memory.
2026-10-01 18:25:44.081 INFO   [D07F6F\C36216] Auto-router pass #12 on board '5dbf4d301d65bf982368b145671d9e9f' was completed in 1,04 seconds with the score of 925,15 (27 unrouted), using 616,81 CPU seconds and 18964 MB memory.
2026-10-01 18:25:45.063 INFO   [D07F6F\C36216] Auto-router pass #13 on board '5dbf4d301d65bf982368b145671d9e9f' was completed in 0,97 seconds with the score of 925,15 (27 unrouted), using 647,79 CPU seconds and 19718 MB memory.
2026-10-01 18:25:46.046 INFO   [D07F6F\C36216] Auto-router pass #14 on board '5dbf4d301d65bf982368b145671d9e9f' was completed in 0,97 seconds with the score of 925,15 (27 unrouted), using 679,76 CPU seconds and 20474 MB memory.
2026-10-01 18:25:47.014 INFO   [D07F6F\C36216] Auto-router pass #15 on board '5dbf4d301d65bf982368b145671d9e9f' was completed in 0,95 seconds with the score of 925,15 (27 unrouted), using 712,70 CPU seconds and 21235 MB memory.
2026-10-01 18:25:48.076 INFO   [D07F6F\C36216] Auto-router pass #16 on board '5dbf4d301d65bf982368b145671d9e9f' was completed in 1,05 seconds with the score of 925,15 (27 unrouted), using 746,64 CPU seconds and 21981 MB memory.
2026-10-01 18:25:49.070 INFO   [D07F6F\C36216] Auto-router pass #17 on board '5dbf4d301d65bf982368b145671d9e9f' was completed in 0,98 seconds with the score of 925,15 (27 unrouted), using 781,57 CPU seconds and 22728 MB memory.
2026-10-01 18:25:50.089 INFO   [D07F6F\C36216] Auto-router pass #18 on board '5dbf4d301d65bf982368b145671d9e9f' was completed in 1,01 seconds with the score of 925,15 (27 unrouted), using 817,49 CPU seconds and 23489 MB memory.
2026-10-01 18:25:51.065 INFO   [D07F6F\C36216] Auto-router pass #19 on board '5dbf4d301d65bf982368b145671d9e9f' was completed in 0,96 seconds with the score of 925,15 (27 unrouted), using 854,39 CPU seconds and 24214 MB memory.
2026-10-01 18:25:52.133 INFO   [D07F6F\C36216] Auto-router pass #20 on board '5dbf4d301d65bf982368b145671d9e9f' was completed in 1,05 seconds with the score of 925,15 (27 unrouted), using 892,29 CPU seconds and 24983 MB memory.
2026-10-01 18:25:53.148 INFO   [D07F6F\C36216] Auto-router pass #21 on board '5dbf4d301d65bf982368b145671d9e9f' was completed in 0,99 seconds with the score of 925,15 (27 unrouted), using 931,16 CPU seconds and 25697 MB memory.
2026-10-01 18:25:54.338 INFO   [D07F6F\C36216] Auto-router pass #22 on board '5dbf4d301d65bf982368b145671d9e9f' was completed in 1,18 seconds with the score of 925,15 (27 unrouted), using 1011,68 CPU seconds and 27057 MB memory.
2026-10-01 18:25:55.414 INFO   [D07F6F\C36216] Auto-router pass #23 on board '5dbf4d301d65bf982368b145671d9e9f' was completed in 1,06 seconds with the score of 925,15 (27 unrouted), using 1053,32 CPU seconds and 27749 MB memory.
2026-10-01 18:25:56.664 INFO   [D07F6F\C36216] Auto-router pass #24 on board '5dbf4d301d65bf982368b145671d9e9f' was completed in 1,24 seconds with the score of 925,15 (27 unrouted), using 1095,89 CPU seconds and 28407 MB memory.
2026-10-01 18:25:57.836 INFO   [D07F6F\C36216] Auto-router pass #25 on board '5dbf4d301d65bf982368b145671d9e9f' was completed in 1,16 seconds with the score of 925,15 (27 unrouted), using 1139,41 CPU seconds and 29067 MB memory.
2026-10-01 18:25:58.992 INFO   [D07F6F\C36216] Auto-router pass #26 on board '5dbf4d301d65bf982368b145671d9e9f' was completed in 1,14 seconds with the score of 925,15 (27 unrouted), using 1183,88 CPU seconds and 29643 MB memory.
2026-10-01 18:26:00.223 INFO   [D07F6F\C36216] Auto-router pass #27 on board '5dbf4d301d65bf982368b145671d9e9f' was completed in 1,22 seconds with the score of 925,15 (27 unrouted), using 1229,28 CPU seconds and 30282 MB memory.
2026-10-01 18:26:01.399 INFO   [D07F6F\C36216] Auto-router pass #28 on board '5dbf4d301d65bf982368b145671d9e9f' was completed in 1,16 seconds with the score of 925,15 (27 unrouted), using 1322,83 CPU seconds and 31580 MB memory.
2026-10-01 18:26:02.550 INFO   [D07F6F\C36216] Auto-router pass #29 on board '5dbf4d301d65bf982368b145671d9e9f' was completed in 1,14 seconds with the score of 925,15 (27 unrouted), using 1371,06 CPU seconds and 32225 MB memory.
2026-10-01 18:26:03.592 INFO   [D07F6F\C36216] Auto-router pass #30 on board '5dbf4d301d65bf982368b145671d9e9f' was completed in 1,03 seconds with the score of 925,15 (27 unrouted), using 1420,27 CPU seconds and 32909 MB memory.
{
  "host": "KiCad's Pcbnew,10.0.6",
  "unit": "mm",
  "board": {
    "bounding_box": {
      "x": 1066.0,
      "y": 1.0,
      "width": -1.0,
      "height": -1001.0
    },
    "size": {
      "x": 0.0,
      "y": 0.0,
      "width": 1067.0,
      "height": 1002.0
    }
  },
  "layers": {
    "total_count": 2,
    "signal_count": 2
  },
  "items": {
    "total_count": 1393,
    "trace_count": 212,
    "via_count": 84,
    "conduction_area_count": 1,
    "drill_item_count": 237,
    "pin_count": 0,
    "component_count": 786,
    "other_count": 73
  },
  "components": {
    "total_count": 81
  },
  "pads": {
    "total_count": 237
  },
  "nets": {
    "total_count": 53,
    "class_count": 4
  },
  "connections": {
    "maximum_count": 467,
    "incomplete_count": 27
  },
  "traces": {
    "total_count": 212,
    "total_segment_count": 532,
    "total_length": 24424.146,
    "total_weighted_length": 9.795846E7,
    "average_length": 115.20824,
    "total_vertical_length": 11467.857,
    "total_horizontal_length": 5657.657,
    "total_angled_length": 6741.8574
  },
  "bends": {
    "total_count": 320,
    "90_degree_count": 5,
    "45_degree_count": 315,
    "other_angle_count": 0
  },
  "vias": {
    "total_count": 84,
    "through_hole_count": 84,
    "blind_count": 0,
    "buried_count": 0
  },
  "clearance_violations": {
    "total_count": 0
  }
}
