2026-10-02T14:05:27.116027273Z main ERROR Could not determine local host name java.net.UnknownHostException: 8fff7a677c2b: 8fff7a677c2b: Temporary failure in name resolution
	at java.base/java.net.InetAddress.getLocalHost(InetAddress.java:1936)
	at org.apache.logging.log4j.core.util.NetUtils.getHostname(NetUtils.java:71)
	at org.apache.logging.log4j.core.util.NetUtils.getLocalHostname(NetUtils.java:56)
	at org.apache.logging.log4j.core.LoggerContext.lambda$setConfiguration$2(LoggerContext.java:667)
	at java.base/java.util.concurrent.ConcurrentHashMap.computeIfAbsent(ConcurrentHashMap.java:1708)
	at org.apache.logging.log4j.core.LoggerContext.setConfiguration(LoggerContext.java:667)
	at org.apache.logging.log4j.core.LoggerContext.reconfigure(LoggerContext.java:762)
	at org.apache.logging.log4j.core.LoggerContext.reconfigure(LoggerContext.java:784)
	at org.apache.logging.log4j.core.LoggerContext.start(LoggerContext.java:300)
	at org.apache.logging.log4j.core.impl.Log4jContextFactory.getContext(Log4jContextFactory.java:153)
	at org.apache.logging.log4j.core.impl.Log4jContextFactory.getContext(Log4jContextFactory.java:46)
	at org.apache.logging.log4j.LogManager.getContext(LogManager.java:138)
	at org.apache.logging.log4j.LogManager.getLogger(LogManager.java:555)
	at app.freerouting.logger.FRLogger.traceEntry(FRLogger.java:96)
	at app.freerouting.Freerouting.main(Freerouting.java:51)
Caused by: java.net.UnknownHostException: 8fff7a677c2b: Temporary failure in name resolution
	at java.base/java.net.Inet6AddressImpl.lookupAllHostAddr(Native Method)
	at java.base/java.net.Inet6AddressImpl.lookupAllHostAddr(Inet6AddressImpl.java:52)
	at java.base/java.net.InetAddress$PlatformResolver.lookupByName(InetAddress.java:1211)
	at java.base/java.net.InetAddress.getAddressesFromNameService(InetAddress.java:1828)
	at java.base/java.net.InetAddress$NameServiceAddresses.get(InetAddress.java:1139)
	at java.base/java.net.InetAddress.getAllByName0(InetAddress.java:1818)
	at java.base/java.net.InetAddress.getLocalHost(InetAddress.java:1931)
	... 14 more

2026-10-02T14:05:27.192746051Z main ERROR Could not determine local host name java.net.UnknownHostException: 8fff7a677c2b: 8fff7a677c2b: Temporary failure in name resolution
	at java.base/java.net.InetAddress.getLocalHost(InetAddress.java:1936)
	at org.apache.logging.log4j.core.util.NetUtils.getHostname(NetUtils.java:71)
	at org.apache.logging.log4j.core.util.NetUtils.getLocalHostname(NetUtils.java:56)
	at org.apache.logging.log4j.core.LoggerContext.lambda$setConfiguration$2(LoggerContext.java:667)
	at java.base/java.util.concurrent.ConcurrentHashMap.computeIfAbsent(ConcurrentHashMap.java:1708)
	at org.apache.logging.log4j.core.LoggerContext.setConfiguration(LoggerContext.java:667)
	at org.apache.logging.log4j.core.LoggerContext.reconfigure(LoggerContext.java:762)
	at org.apache.logging.log4j.core.LoggerContext.reconfigure(LoggerContext.java:784)
	at org.apache.logging.log4j.core.LoggerContext.start(LoggerContext.java:300)
	at org.apache.logging.log4j.core.impl.Log4jContextFactory.getContext(Log4jContextFactory.java:257)
	at org.apache.logging.log4j.core.impl.Log4jContextFactory.getContext(Log4jContextFactory.java:46)
	at org.apache.logging.log4j.LogManager.getContext(LogManager.java:118)
	at app.freerouting.logger.FRLogger.changeFileLogLocation(FRLogger.java:379)
	at app.freerouting.settings.GlobalSettings.setUserDataPath(GlobalSettings.java:110)
	at app.freerouting.Freerouting.main(Freerouting.java:92)
Caused by: java.net.UnknownHostException: 8fff7a677c2b: Temporary failure in name resolution
	at java.base/java.net.Inet6AddressImpl.lookupAllHostAddr(Native Method)
	at java.base/java.net.Inet6AddressImpl.lookupAllHostAddr(Inet6AddressImpl.java:52)
	at java.base/java.net.InetAddress$PlatformResolver.lookupByName(InetAddress.java:1211)
	at java.base/java.net.InetAddress.getAddressesFromNameService(InetAddress.java:1828)
	at java.base/java.net.InetAddress$NameServiceAddresses.get(InetAddress.java:1139)
	at java.base/java.net.InetAddress.getAllByName0(InetAddress.java:1818)
	at java.base/java.net.InetAddress.getLocalHost(InetAddress.java:1931)
	... 14 more

2026-10-02 16:05:27.249 INFO   Freerouting v2.1.0 (build-date: 2025-04-12)
2026-10-02 16:05:27.308 WARN   No default constructor found for field: currentLocale
2026-10-02 16:05:27.308 INFO   Settings were loaded from freerouting.json
java.util.concurrent.CompletionException: java.net.ConnectException
	at java.base/java.util.concurrent.CompletableFuture.encodeRelay(CompletableFuture.java:368)
	at java.base/java.util.concurrent.CompletableFuture.uniComposeStage(CompletableFuture.java:1189)
	at java.base/java.util.concurrent.CompletableFuture.thenCompose(CompletableFuture.java:2341)
	at java.net.http/jdk.internal.net.http.MultiExchange.responseAsyncImpl(MultiExchange.java:481)
	at java.net.http/jdk.internal.net.http.MultiExchange.lambda$responseAsyncImpl$7(MultiExchange.java:477)
	at java.base/java.util.concurrent.CompletableFuture.uniHandle(CompletableFuture.java:934)
	at java.base/java.util.concurrent.CompletableFuture.uniHandleStage(CompletableFuture.java:950)
	at java.base/java.util.concurrent.CompletableFuture.handle(CompletableFuture.java:2372)
	at java.net.http/jdk.internal.net.http.MultiExchange.responseAsyncImpl(MultiExchange.java:467)
	at java.net.http/jdk.internal.net.http.MultiExchange.lambda$responseAsync0$2(MultiExchange.java:355)
	at java.base/java.util.concurrent.CompletableFuture$UniCompose.tryFire(CompletableFuture.java:1150)
	at java.base/java.util.concurrent.CompletableFuture.postComplete(CompletableFuture.java:510)
	at java.base/java.util.concurrent.CompletableFuture$AsyncSupply.run(CompletableFuture.java:1773)
	at java.base/java.util.concurrent.ThreadPoolExecutor.runWorker(ThreadPoolExecutor.java:1144)
	at java.base/java.util.concurrent.ThreadPoolExecutor$Worker.run(ThreadPoolExecutor.java:642)
	at java.base/java.lang.Thread.run(Thread.java:1583)
Caused by: java.net.ConnectException
	at java.net.http/jdk.internal.net.http.common.Utils.toConnectException(Utils.java:1065)
	at java.net.http/jdk.internal.net.http.PlainHttpConnection.connectAsync(PlainHttpConnection.java:227)
	at java.net.http/jdk.internal.net.http.AsyncSSLConnection.connectAsync(AsyncSSLConnection.java:56)
	at java.net.http/jdk.internal.net.http.Http2Connection.createAsync(Http2Connection.java:529)
	at java.net.http/jdk.internal.net.http.Http2ClientImpl.getConnectionFor(Http2ClientImpl.java:140)
	at java.net.http/jdk.internal.net.http.ExchangeImpl.get(ExchangeImpl.java:98)
	at java.net.http/jdk.internal.net.http.Exchange.establishExchange(Exchange.java:391)
	at java.net.http/jdk.internal.net.http.Exchange.responseAsyncImpl0(Exchange.java:584)
	at java.net.http/jdk.internal.net.http.Exchange.responseAsyncImpl(Exchange.java:428)
	at java.net.http/jdk.internal.net.http.Exchange.responseAsync(Exchange.java:420)
	at java.net.http/jdk.internal.net.http.MultiExchange.responseAsyncImpl(MultiExchange.java:435)
	... 12 more
Caused by: java.nio.channels.UnresolvedAddressException
	at java.base/sun.nio.ch.Net.checkAddress(Net.java:147)
	at java.base/sun.nio.ch.Net.checkAddress(Net.java:155)
	at java.base/sun.nio.ch.SocketChannelImpl.checkRemote(SocketChannelImpl.java:842)
	at java.base/sun.nio.ch.SocketChannelImpl.connect(SocketChannelImpl.java:865)
	at java.net.http/jdk.internal.net.http.PlainHttpConnection.lambda$connectAsync$1(PlainHttpConnection.java:210)
	at java.base/java.security.AccessController.doPrivileged(AccessController.java:571)
	at java.net.http/jdk.internal.net.http.PlainHttpConnection.connectAsync(PlainHttpConnection.java:212)
	... 21 more
2026-10-02 16:05:28.930 INFO   [606B34\B638AE] Job '606B34\B638AE' started at 2026-10-02T14:05:28.929738421Z
2026-10-02 16:05:45.443 INFO   [606B34\B638AE] Auto-router pass #1 on board '4b0103cb81a220094ffe2ce90557eef1' was completed in 16,14 seconds with the score of 878,98 (49 unrouted), using 85,39 CPU seconds and 5736 MB memory.
2026-10-02 16:05:53.560 INFO   [606B34\B638AE] Auto-router pass #2 on board 'f34c99300bbb5567f89738a89eeb79e1' was completed in 7,99 seconds with the score of 889,82 (43 unrouted), using 190,67 CPU seconds and 8412 MB memory.
2026-10-02 16:05:58.227 INFO   [606B34\B638AE] Auto-router pass #3 on board '6c4a8ef98a17286ae9b317e96e2f28a9' was completed in 4,58 seconds with the score of 907,86 (36 unrouted), using 278,14 CPU seconds and 10429 MB memory.
2026-10-02 16:06:04.690 INFO   [606B34\B638AE] Auto-router pass #4 on board 'de9daa4407e39eef98146b130839553d' was completed in 6,35 seconds with the score of 918,26 (32 unrouted), using 406,44 CPU seconds and 12681 MB memory.
2026-10-02 16:06:07.008 INFO   [606B34\B638AE] Auto-router pass #5 on board '8d3731251088053b65657da8081c6526' was completed in 2,26 seconds with the score of 921,06 (30 unrouted), using 480,64 CPU seconds and 14124 MB memory.
2026-10-02 16:06:08.608 INFO   [606B34\B638AE] Auto-router pass #6 on board '8c8c33a7b40be9d52c407a94f865a90d' was completed in 1,55 seconds with the score of 920,72 (30 unrouted), using 507,10 CPU seconds and 14695 MB memory.
2026-10-02 16:06:10.399 INFO   [606B34\B638AE] Auto-router pass #7 on board '2b75e09701bb715e202b050ebfe9935c' was completed in 1,71 seconds with the score of 920,75 (30 unrouted), using 562,76 CPU seconds and 15754 MB memory.
2026-10-02 16:06:12.095 INFO   [606B34\B638AE] Auto-router pass #8 on board '8e468fbdac490d3e9acddf72ff37ccf0' was completed in 1,63 seconds with the score of 923,22 (29 unrouted), using 621,98 CPU seconds and 16869 MB memory.
2026-10-02 16:06:13.444 INFO   [606B34\B638AE] Auto-router pass #9 on board 'eedf581837e89e199f50beb3416f6e2e' was completed in 1,30 seconds with the score of 923,22 (29 unrouted), using 652,96 CPU seconds and 17492 MB memory.
2026-10-02 16:06:14.709 INFO   [606B34\B638AE] Auto-router pass #10 on board 'eedf581837e89e199f50beb3416f6e2e' was completed in 1,25 seconds with the score of 923,22 (29 unrouted), using 684,91 CPU seconds and 18103 MB memory.
2026-10-02 16:06:16.055 INFO   [606B34\B638AE] Auto-router pass #11 on board 'eedf581837e89e199f50beb3416f6e2e' was completed in 1,32 seconds with the score of 923,22 (29 unrouted), using 751,74 CPU seconds and 19387 MB memory.
2026-10-02 16:06:17.522 INFO   [606B34\B638AE] Restoring an earlier board that has the score of 923,22 (29 unrouted).
2026-10-02 16:06:17.523 INFO   [606B34\B638AE] Auto-router pass #12 on board 'eedf581837e89e199f50beb3416f6e2e' was completed in 1,43 seconds with the score of 923,22 (29 unrouted), using 786,55 CPU seconds and 19975 MB memory.
2026-10-02 16:06:18.794 INFO   [606B34\B638AE] Auto-router pass #13 on board 'eedf581837e89e199f50beb3416f6e2e' was completed in 1,25 seconds with the score of 923,22 (29 unrouted), using 822,30 CPU seconds and 20621 MB memory.
2026-10-02 16:06:19.926 INFO   [606B34\B638AE] Auto-router pass #14 on board 'eedf581837e89e199f50beb3416f6e2e' was completed in 1,12 seconds with the score of 923,22 (29 unrouted), using 858,91 CPU seconds and 21262 MB memory.
2026-10-02 16:06:21.169 INFO   [606B34\B638AE] Auto-router pass #15 on board 'eedf581837e89e199f50beb3416f6e2e' was completed in 1,23 seconds with the score of 923,22 (29 unrouted), using 934,93 CPU seconds and 22648 MB memory.
2026-10-02 16:06:22.397 INFO   [606B34\B638AE] Restoring an earlier board that has the score of 923,22 (29 unrouted).
2026-10-02 16:06:22.397 INFO   [606B34\B638AE] Auto-router pass #16 on board 'eedf581837e89e199f50beb3416f6e2e' was completed in 1,21 seconds with the score of 923,22 (29 unrouted), using 974,32 CPU seconds and 23353 MB memory.
2026-10-02 16:06:23.493 INFO   [606B34\B638AE] Auto-router pass #17 on board 'eedf581837e89e199f50beb3416f6e2e' was completed in 1,08 seconds with the score of 923,22 (29 unrouted), using 1014,69 CPU seconds and 24093 MB memory.
2026-10-02 16:06:24.676 INFO   [606B34\B638AE] Auto-router pass #18 on board 'eedf581837e89e199f50beb3416f6e2e' was completed in 1,16 seconds with the score of 923,22 (29 unrouted), using 1056,01 CPU seconds and 24837 MB memory.
2026-10-02 16:06:25.738 INFO   [606B34\B638AE] Auto-router pass #19 on board 'eedf581837e89e199f50beb3416f6e2e' was completed in 1,05 seconds with the score of 923,22 (29 unrouted), using 1098,22 CPU seconds and 25538 MB memory.
2026-10-02 16:06:27.044 INFO   [606B34\B638AE] Restoring an earlier board that has the score of 923,22 (29 unrouted).
2026-10-02 16:06:27.044 INFO   [606B34\B638AE] Auto-router pass #20 on board 'eedf581837e89e199f50beb3416f6e2e' was completed in 1,28 seconds with the score of 923,22 (29 unrouted), using 1185,47 CPU seconds and 26969 MB memory.
2026-10-02 16:06:28.182 INFO   [606B34\B638AE] Auto-router pass #21 on board 'eedf581837e89e199f50beb3416f6e2e' was completed in 1,12 seconds with the score of 923,22 (29 unrouted), using 1230,51 CPU seconds and 27697 MB memory.
2026-10-02 16:06:29.338 INFO   [606B34\B638AE] Auto-router pass #22 on board 'eedf581837e89e199f50beb3416f6e2e' was completed in 1,14 seconds with the score of 923,22 (29 unrouted), using 1276,51 CPU seconds and 28400 MB memory.
2026-10-02 16:06:30.413 INFO   [606B34\B638AE] Auto-router pass #23 on board 'eedf581837e89e199f50beb3416f6e2e' was completed in 1,06 seconds with the score of 923,22 (29 unrouted), using 1323,48 CPU seconds and 29139 MB memory.
2026-10-02 16:06:31.625 INFO   [606B34\B638AE] Restoring an earlier board that has the score of 923,22 (29 unrouted).
2026-10-02 16:06:31.625 INFO   [606B34\B638AE] Auto-router pass #24 on board 'eedf581837e89e199f50beb3416f6e2e' was completed in 1,20 seconds with the score of 923,22 (29 unrouted), using 1371,41 CPU seconds and 29893 MB memory.
2026-10-02 16:06:32.781 INFO   [606B34\B638AE] Auto-router pass #25 on board 'eedf581837e89e199f50beb3416f6e2e' was completed in 1,14 seconds with the score of 923,22 (29 unrouted), using 1420,29 CPU seconds and 30576 MB memory.
2026-10-02 16:06:33.850 INFO   [606B34\B638AE] Auto-router pass #26 on board 'eedf581837e89e199f50beb3416f6e2e' was completed in 1,05 seconds with the score of 923,22 (29 unrouted), using 1470,15 CPU seconds and 31341 MB memory.
2026-10-02 16:06:35.006 INFO   [606B34\B638AE] Auto-router pass #27 on board 'eedf581837e89e199f50beb3416f6e2e' was completed in 1,14 seconds with the score of 923,22 (29 unrouted), using 1572,78 CPU seconds and 32822 MB memory.
2026-10-02 16:06:36.269 INFO   [606B34\B638AE] Restoring an earlier board that has the score of 921,06 (30 unrouted).
2026-10-02 16:06:36.272 INFO   [606B34\B638AE] Auto-router pass #28 on board 'eedf581837e89e199f50beb3416f6e2e' was completed in 1,25 seconds with the score of 923,22 (29 unrouted), using 1625,57 CPU seconds and 33519 MB memory.
2026-10-02 16:06:37.537 INFO   [606B34\B638AE] Auto-router pass #29 on board '8c8c33a7b40be9d52c407a94f865a90d' was completed in 1,24 seconds with the score of 920,72 (30 unrouted), using 1679,30 CPU seconds and 34210 MB memory.
2026-10-02 16:06:38.820 INFO   [606B34\B638AE] Auto-router pass #30 on board '0f377a4f5dc71291debd0700a43b6abd' was completed in 1,24 seconds with the score of 920,75 (30 unrouted), using 1733,98 CPU seconds and 34940 MB memory.
{
  "host": "KiCad's Pcbnew,10.0.6",
  "unit": "mm",
  "board": {
    "bounding_box": {
      "x": 1066.0,
      "y": 1.0,
      "width": -1.0,
      "height": -1001.0
    },
    "size": {
      "x": 0.0,
      "y": 0.0,
      "width": 1067.0,
      "height": 1002.0
    }
  },
  "layers": {
    "total_count": 2,
    "signal_count": 2
  },
  "items": {
    "total_count": 1415,
    "trace_count": 216,
    "via_count": 88,
    "conduction_area_count": 1,
    "drill_item_count": 239,
    "pin_count": 0,
    "component_count": 790,
    "other_count": 81
  },
  "components": {
    "total_count": 82
  },
  "pads": {
    "total_count": 239
  },
  "nets": {
    "total_count": 53,
    "class_count": 4
  },
  "connections": {
    "maximum_count": 477,
    "incomplete_count": 30
  },
  "traces": {
    "total_count": 216,
    "total_segment_count": 539,
    "total_length": 23586.066,
    "total_weighted_length": 9.491836E7,
    "average_length": 109.19475,
    "total_vertical_length": 12175.78,
    "total_horizontal_length": 5924.944,
    "total_angled_length": 5216.204
  },
  "bends": {
    "total_count": 323,
    "90_degree_count": 4,
    "45_degree_count": 319,
    "other_angle_count": 0
  },
  "vias": {
    "total_count": 88,
    "through_hole_count": 88,
    "blind_count": 0,
    "buried_count": 0
  },
  "clearance_violations": {
    "total_count": 0
  }
}
