2026-10-08T05:43:23.027822491Z main ERROR Could not determine local host name java.net.UnknownHostException: d62a0fa88aca: d62a0fa88aca: Temporary failure in name resolution
	at java.base/java.net.InetAddress.getLocalHost(InetAddress.java:1936)
	at org.apache.logging.log4j.core.util.NetUtils.getHostname(NetUtils.java:71)
	at org.apache.logging.log4j.core.util.NetUtils.getLocalHostname(NetUtils.java:56)
	at org.apache.logging.log4j.core.LoggerContext.lambda$setConfiguration$2(LoggerContext.java:667)
	at java.base/java.util.concurrent.ConcurrentHashMap.computeIfAbsent(ConcurrentHashMap.java:1708)
	at org.apache.logging.log4j.core.LoggerContext.setConfiguration(LoggerContext.java:667)
	at org.apache.logging.log4j.core.LoggerContext.reconfigure(LoggerContext.java:762)
	at org.apache.logging.log4j.core.LoggerContext.reconfigure(LoggerContext.java:784)
	at org.apache.logging.log4j.core.LoggerContext.start(LoggerContext.java:300)
	at org.apache.logging.log4j.core.impl.Log4jContextFactory.getContext(Log4jContextFactory.java:153)
	at org.apache.logging.log4j.core.impl.Log4jContextFactory.getContext(Log4jContextFactory.java:46)
	at org.apache.logging.log4j.LogManager.getContext(LogManager.java:138)
	at org.apache.logging.log4j.LogManager.getLogger(LogManager.java:555)
	at app.freerouting.logger.FRLogger.traceEntry(FRLogger.java:96)
	at app.freerouting.Freerouting.main(Freerouting.java:51)
Caused by: java.net.UnknownHostException: d62a0fa88aca: Temporary failure in name resolution
	at java.base/java.net.Inet6AddressImpl.lookupAllHostAddr(Native Method)
	at java.base/java.net.Inet6AddressImpl.lookupAllHostAddr(Inet6AddressImpl.java:52)
	at java.base/java.net.InetAddress$PlatformResolver.lookupByName(InetAddress.java:1211)
	at java.base/java.net.InetAddress.getAddressesFromNameService(InetAddress.java:1828)
	at java.base/java.net.InetAddress$NameServiceAddresses.get(InetAddress.java:1139)
	at java.base/java.net.InetAddress.getAllByName0(InetAddress.java:1818)
	at java.base/java.net.InetAddress.getLocalHost(InetAddress.java:1931)
	... 14 more

2026-10-08T05:43:23.095771899Z main ERROR Could not determine local host name java.net.UnknownHostException: d62a0fa88aca: d62a0fa88aca: Temporary failure in name resolution
	at java.base/java.net.InetAddress.getLocalHost(InetAddress.java:1936)
	at org.apache.logging.log4j.core.util.NetUtils.getHostname(NetUtils.java:71)
	at org.apache.logging.log4j.core.util.NetUtils.getLocalHostname(NetUtils.java:56)
	at org.apache.logging.log4j.core.LoggerContext.lambda$setConfiguration$2(LoggerContext.java:667)
	at java.base/java.util.concurrent.ConcurrentHashMap.computeIfAbsent(ConcurrentHashMap.java:1708)
	at org.apache.logging.log4j.core.LoggerContext.setConfiguration(LoggerContext.java:667)
	at org.apache.logging.log4j.core.LoggerContext.reconfigure(LoggerContext.java:762)
	at org.apache.logging.log4j.core.LoggerContext.reconfigure(LoggerContext.java:784)
	at org.apache.logging.log4j.core.LoggerContext.start(LoggerContext.java:300)
	at org.apache.logging.log4j.core.impl.Log4jContextFactory.getContext(Log4jContextFactory.java:257)
	at org.apache.logging.log4j.core.impl.Log4jContextFactory.getContext(Log4jContextFactory.java:46)
	at org.apache.logging.log4j.LogManager.getContext(LogManager.java:118)
	at app.freerouting.logger.FRLogger.changeFileLogLocation(FRLogger.java:379)
	at app.freerouting.settings.GlobalSettings.setUserDataPath(GlobalSettings.java:110)
	at app.freerouting.Freerouting.main(Freerouting.java:92)
Caused by: java.net.UnknownHostException: d62a0fa88aca: Temporary failure in name resolution
	at java.base/java.net.Inet6AddressImpl.lookupAllHostAddr(Native Method)
	at java.base/java.net.Inet6AddressImpl.lookupAllHostAddr(Inet6AddressImpl.java:52)
	at java.base/java.net.InetAddress$PlatformResolver.lookupByName(InetAddress.java:1211)
	at java.base/java.net.InetAddress.getAddressesFromNameService(InetAddress.java:1828)
	at java.base/java.net.InetAddress$NameServiceAddresses.get(InetAddress.java:1139)
	at java.base/java.net.InetAddress.getAllByName0(InetAddress.java:1818)
	at java.base/java.net.InetAddress.getLocalHost(InetAddress.java:1931)
	... 14 more

2026-10-08 07:43:23.156 INFO   Freerouting v2.1.0 (build-date: 2025-04-12)
java.util.concurrent.CompletionException: java.net.ConnectException
	at java.base/java.util.concurrent.CompletableFuture.encodeRelay(CompletableFuture.java:368)
	at java.base/java.util.concurrent.CompletableFuture.uniComposeStage(CompletableFuture.java:1189)
	at java.base/java.util.concurrent.CompletableFuture.thenCompose(CompletableFuture.java:2341)
	at java.net.http/jdk.internal.net.http.MultiExchange.responseAsyncImpl(MultiExchange.java:481)
	at java.net.http/jdk.internal.net.http.MultiExchange.lambda$responseAsyncImpl$7(MultiExchange.java:477)
	at java.base/java.util.concurrent.CompletableFuture.uniHandle(CompletableFuture.java:934)
	at java.base/java.util.concurrent.CompletableFuture.uniHandleStage(CompletableFuture.java:950)
	at java.base/java.util.concurrent.CompletableFuture.handle(CompletableFuture.java:2372)
	at java.net.http/jdk.internal.net.http.MultiExchange.responseAsyncImpl(MultiExchange.java:467)
	at java.net.http/jdk.internal.net.http.MultiExchange.lambda$responseAsync0$2(MultiExchange.java:355)
	at java.base/java.util.concurrent.CompletableFuture$UniCompose.tryFire(CompletableFuture.java:1150)
	at java.base/java.util.concurrent.CompletableFuture.postComplete(CompletableFuture.java:510)
	at java.base/java.util.concurrent.CompletableFuture$AsyncSupply.run(CompletableFuture.java:1773)
	at java.base/java.util.concurrent.ThreadPoolExecutor.runWorker(ThreadPoolExecutor.java:1144)
	at java.base/java.util.concurrent.ThreadPoolExecutor$Worker.run(ThreadPoolExecutor.java:642)
	at java.base/java.lang.Thread.run(Thread.java:1583)
Caused by: java.net.ConnectException
	at java.net.http/jdk.internal.net.http.common.Utils.toConnectException(Utils.java:1065)
	at java.net.http/jdk.internal.net.http.PlainHttpConnection.connectAsync(PlainHttpConnection.java:227)
	at java.net.http/jdk.internal.net.http.AsyncSSLConnection.connectAsync(AsyncSSLConnection.java:56)
	at java.net.http/jdk.internal.net.http.Http2Connection.createAsync(Http2Connection.java:529)
	at java.net.http/jdk.internal.net.http.Http2ClientImpl.getConnectionFor(Http2ClientImpl.java:140)
	at java.net.http/jdk.internal.net.http.ExchangeImpl.get(ExchangeImpl.java:98)
	at java.net.http/jdk.internal.net.http.Exchange.establishExchange(Exchange.java:391)
	at java.net.http/jdk.internal.net.http.Exchange.responseAsyncImpl0(Exchange.java:584)
	at java.net.http/jdk.internal.net.http.Exchange.responseAsyncImpl(Exchange.java:428)
	at java.net.http/jdk.internal.net.http.Exchange.responseAsync(Exchange.java:420)
	at java.net.http/jdk.internal.net.http.MultiExchange.responseAsyncImpl(MultiExchange.java:435)
	... 12 more
Caused by: java.nio.channels.UnresolvedAddressException
	at java.base/sun.nio.ch.Net.checkAddress(Net.java:147)
	at java.base/sun.nio.ch.Net.checkAddress(Net.java:155)
	at java.base/sun.nio.ch.SocketChannelImpl.checkRemote(SocketChannelImpl.java:842)
	at java.base/sun.nio.ch.SocketChannelImpl.connect(SocketChannelImpl.java:865)
	at java.net.http/jdk.internal.net.http.PlainHttpConnection.lambda$connectAsync$1(PlainHttpConnection.java:210)
	at java.base/java.security.AccessController.doPrivileged(AccessController.java:571)
	at java.net.http/jdk.internal.net.http.PlainHttpConnection.connectAsync(PlainHttpConnection.java:212)
	... 21 more
2026-10-08 07:43:25.232 INFO   [66B793\C160AF] Job '66B793\C160AF' started at 2026-10-08T05:43:25.231665090Z
2026-10-08 07:43:58.290 INFO   [66B793\C160AF] Auto-router pass #1 on board 'fd35508ac9a86d131999168906492159' was completed in 32,56 seconds with the score of 927,34 (53 unrouted), using 362,25 CPU seconds and 13332 MB memory.
2026-10-08 07:44:11.936 INFO   [66B793\C160AF] Auto-router pass #2 on board '39fd9e2ac2793315f1176b3d7eb2daa3' was completed in 13,51 seconds with the score of 951,24 (34 unrouted), using 713,99 CPU seconds and 19815 MB memory.
2026-10-08 07:44:18.336 INFO   [66B793\C160AF] Auto-router pass #3 on board '7c293f23da7b570c47b073619de84e7d' was completed in 6,29 seconds with the score of 959,05 (28 unrouted), using 964,31 CPU seconds and 24209 MB memory.
2026-10-08 07:44:32.192 INFO   [66B793\C160AF] Auto-router pass #4 on board '8ac26a07487a4c3236153e97cee621a2' was completed in 13,75 seconds with the score of 969,10 (18 unrouted), using 1536,90 CPU seconds and 31866 MB memory.
2026-10-08 07:44:35.561 INFO   [66B793\C160AF] Auto-router pass #5 on board '9dc3171ab49c860d3f71828cc13a8d31' was completed in 3,26 seconds with the score of 974,46 (13 unrouted), using 1743,36 CPU seconds and 34230 MB memory.
2026-10-08 07:44:38.373 INFO   [66B793\C160AF] Auto-router pass #6 on board 'a426a7b5e85b67cec47094578d9a5ac2' was completed in 2,71 seconds with the score of 973,28 (14 unrouted), using 1907,55 CPU seconds and 36037 MB memory.
2026-10-08 07:44:40.700 INFO   [66B793\C160AF] Auto-router pass #7 on board 'b65de8b65436cc80db397b28bd7db350' was completed in 2,25 seconds with the score of 975,36 (12 unrouted), using 2021,77 CPU seconds and 37371 MB memory.
2026-10-08 07:44:47.598 INFO   [66B793\C160AF] Auto-router pass #8 on board '967de54f671fb62211d9d50fa84fe3ee' was completed in 6,80 seconds with the score of 978,19 (9 unrouted), using 2451,50 CPU seconds and 41875 MB memory.
2026-10-08 07:44:49.536 INFO   [66B793\C160AF] Auto-router pass #9 on board '59872cd744d8a5e5dd71cdf4ce352287' was completed in 1,83 seconds with the score of 977,54 (10 unrouted), using 2582,58 CPU seconds and 42915 MB memory.
2026-10-08 07:44:51.881 INFO   [66B793\C160AF] Auto-router pass #10 on board '9f48bd0227fc9f6d9b983dc0eb72e2ac' was completed in 2,25 seconds with the score of 979,39 (8 unrouted), using 2717,04 CPU seconds and 43912 MB memory.
2026-10-08 07:44:53.310 INFO   [66B793\C160AF] Auto-router pass #11 on board 'eb3b5923eef9e3146f342a4e5f1ec789' was completed in 1,35 seconds with the score of 980,13 (7 unrouted), using 2855,00 CPU seconds and 45093 MB memory.
2026-10-08 07:44:56.455 INFO   [66B793\C160AF] Restoring an earlier board that has the score of 980,13 (7 unrouted).
2026-10-08 07:44:56.456 INFO   [66B793\C160AF] Auto-router pass #12 on board '23ef7a532cbf70577c17dc786503d296' was completed in 3,04 seconds with the score of 979,20 (8 unrouted), using 3068,75 CPU seconds and 47026 MB memory.
2026-10-08 07:44:57.638 INFO   [66B793\C160AF] Auto-router pass #13 on board '23ef7a532cbf70577c17dc786503d296' was completed in 1,14 seconds with the score of 981,11 (6 unrouted), using 3141,84 CPU seconds and 47594 MB memory.
2026-10-08 07:44:58.409 INFO   [66B793\C160AF] Auto-router pass #14 on board 'c7e3b20a2fb7606f39190836887975de' was completed in 0,69 seconds with the score of 981,11 (6 unrouted), using 3215,84 CPU seconds and 48263 MB memory.
2026-10-08 07:44:59.064 INFO   [66B793\C160AF] Auto-router pass #15 on board 'c7e3b20a2fb7606f39190836887975de' was completed in 0,62 seconds with the score of 981,11 (6 unrouted), using 3215,84 CPU seconds and 48263 MB memory.
2026-10-08 07:44:59.959 INFO   [66B793\C160AF] Restoring an earlier board that has the score of 981,11 (6 unrouted).
2026-10-08 07:44:59.959 INFO   [66B793\C160AF] Auto-router pass #16 on board 'c7e3b20a2fb7606f39190836887975de' was completed in 0,87 seconds with the score of 981,11 (6 unrouted), using 3290,77 CPU seconds and 48948 MB memory.
2026-10-08 07:45:00.655 INFO   [66B793\C160AF] Auto-router pass #17 on board 'c7e3b20a2fb7606f39190836887975de' was completed in 0,67 seconds with the score of 981,11 (6 unrouted), using 3366,64 CPU seconds and 49613 MB memory.
2026-10-08 07:45:01.308 INFO   [66B793\C160AF] Auto-router pass #18 on board 'c7e3b20a2fb7606f39190836887975de' was completed in 0,63 seconds with the score of 981,11 (6 unrouted), using 3366,64 CPU seconds and 49613 MB memory.
2026-10-08 07:45:01.954 INFO   [66B793\C160AF] Auto-router pass #19 on board 'c7e3b20a2fb7606f39190836887975de' was completed in 0,62 seconds with the score of 981,11 (6 unrouted), using 3443,47 CPU seconds and 50323 MB memory.
2026-10-08 07:45:02.781 INFO   [66B793\C160AF] Restoring an earlier board that has the score of 981,11 (6 unrouted).
2026-10-08 07:45:02.781 INFO   [66B793\C160AF] Auto-router pass #20 on board 'c7e3b20a2fb7606f39190836887975de' was completed in 0,80 seconds with the score of 981,11 (6 unrouted), using 3521,26 CPU seconds and 51044 MB memory.
2026-10-08 07:45:03.447 INFO   [66B793\C160AF] Auto-router pass #21 on board 'c7e3b20a2fb7606f39190836887975de' was completed in 0,64 seconds with the score of 981,11 (6 unrouted), using 3600,01 CPU seconds and 51751 MB memory.
2026-10-08 07:45:04.115 INFO   [66B793\C160AF] Auto-router pass #22 on board 'c7e3b20a2fb7606f39190836887975de' was completed in 0,64 seconds with the score of 981,11 (6 unrouted), using 3600,01 CPU seconds and 51751 MB memory.
2026-10-08 07:45:04.756 INFO   [66B793\C160AF] Auto-router pass #23 on board 'c7e3b20a2fb7606f39190836887975de' was completed in 0,62 seconds with the score of 981,11 (6 unrouted), using 3679,73 CPU seconds and 52464 MB memory.
2026-10-08 07:45:05.587 INFO   [66B793\C160AF] Restoring an earlier board that has the score of 981,11 (6 unrouted).
2026-10-08 07:45:05.587 INFO   [66B793\C160AF] Auto-router pass #24 on board 'c7e3b20a2fb7606f39190836887975de' was completed in 0,80 seconds with the score of 981,11 (6 unrouted), using 3760,41 CPU seconds and 53171 MB memory.
2026-10-08 07:45:06.275 INFO   [66B793\C160AF] Auto-router pass #25 on board 'c7e3b20a2fb7606f39190836887975de' was completed in 0,66 seconds with the score of 981,11 (6 unrouted), using 3760,41 CPU seconds and 53171 MB memory.
2026-10-08 07:45:06.922 INFO   [66B793\C160AF] Auto-router pass #26 on board 'c7e3b20a2fb7606f39190836887975de' was completed in 0,62 seconds with the score of 981,11 (6 unrouted), using 3842,04 CPU seconds and 53866 MB memory.
2026-10-08 07:45:07.583 INFO   [66B793\C160AF] Auto-router pass #27 on board 'c7e3b20a2fb7606f39190836887975de' was completed in 0,64 seconds with the score of 981,11 (6 unrouted), using 3924,65 CPU seconds and 54574 MB memory.
2026-10-08 07:45:08.445 INFO   [66B793\C160AF] Restoring an earlier board that has the score of 981,11 (6 unrouted).
2026-10-08 07:45:08.446 INFO   [66B793\C160AF] Auto-router pass #28 on board 'c7e3b20a2fb7606f39190836887975de' was completed in 0,84 seconds with the score of 981,11 (6 unrouted), using 4008,18 CPU seconds and 55264 MB memory.
2026-10-08 07:45:09.179 INFO   [66B793\C160AF] Auto-router pass #29 on board 'c7e3b20a2fb7606f39190836887975de' was completed in 0,70 seconds with the score of 981,11 (6 unrouted), using 4008,18 CPU seconds and 55264 MB memory.
2026-10-08 07:45:09.873 INFO   [66B793\C160AF] Auto-router pass #30 on board 'c7e3b20a2fb7606f39190836887975de' was completed in 0,67 seconds with the score of 981,11 (6 unrouted), using 4092,63 CPU seconds and 55904 MB memory.
{
  "host": "KiCad's Pcbnew,10.0.6",
  "unit": "mm",
  "board": {
    "bounding_box": {
      "x": 1066.0,
      "y": 1.0,
      "width": -1.0,
      "height": -1001.0
    },
    "size": {
      "x": 0.0,
      "y": 0.0,
      "width": 1067.0,
      "height": 1002.0
    }
  },
  "layers": {
    "total_count": 4,
    "signal_count": 3
  },
  "items": {
    "total_count": 2476,
    "trace_count": 548,
    "via_count": 168,
    "conduction_area_count": 1,
    "drill_item_count": 451,
    "pin_count": 0,
    "component_count": 1071,
    "other_count": 237
  },
  "components": {
    "total_count": 140
  },
  "pads": {
    "total_count": 451
  },
  "nets": {
    "total_count": 101,
    "class_count": 3
  },
  "connections": {
    "maximum_count": 1029,
    "incomplete_count": 6
  },
  "traces": {
    "total_count": 548,
    "total_segment_count": 1208,
    "total_length": 38741.113,
    "total_weighted_length": 1.3140971E8,
    "average_length": 70.69546,
    "total_vertical_length": 15264.995,
    "total_horizontal_length": 14210.082,
    "total_angled_length": 10863.155
  },
  "bends": {
    "total_count": 660,
    "90_degree_count": 9,
    "45_degree_count": 651,
    "other_angle_count": 0
  },
  "vias": {
    "total_count": 168,
    "through_hole_count": 168,
    "blind_count": 0,
    "buried_count": 0
  },
  "clearance_violations": {
    "total_count": 0
  }
}
