[
  {
    "case": "probe_open",
    "detected": true,
    "stale_receipt_rejected": true,
    "failed_checks": [
      "Every pre-routed critical segment and via retained",
      "Actual Q1 source/gate probe tracks <= 5 mm",
      "Native fresh KiCad DRC/parity all zero"
    ],
    "fresh_drc_counts": {
      "violations": 0,
      "unconnected_items": 1,
      "schematic_parity": 0
    }
  },
  {
    "case": "power_short_stale_report",
    "detected": true,
    "stale_receipt_rejected": true,
    "failed_checks": [
      "Native fresh KiCad DRC/parity all zero"
    ],
    "fresh_drc_counts": {
      "violations": 37,
      "unconnected_items": 0,
      "schematic_parity": 0
    }
  },
  {
    "case": "missing_heatsink_keepout",
    "detected": true,
    "stale_receipt_rejected": true,
    "failed_checks": [
      "Four mounting keepouts on both copper layers",
      "R2/PCB1-01: F.Cu rule areas cover both heatsink envelopes, bay open"
    ],
    "fresh_drc_counts": {
      "violations": 0,
      "unconnected_items": 0,
      "schematic_parity": 0
    }
  },
  {
    "case": "missing_tab_marker",
    "detected": true,
    "stale_receipt_rejected": true,
    "failed_checks": [
      "R2/PCB1-02: TO-220 tab side marked on silkscreen (Q1, Q2, D2); TAB text at Q2",
      "Native fresh KiCad DRC/parity all zero"
    ],
    "fresh_drc_counts": {
      "violations": 1,
      "unconnected_items": 0,
      "schematic_parity": 0
    }
  },
  {
    "case": "d4_moved",
    "detected": true,
    "stale_receipt_rejected": true,
    "failed_checks": [
      "R3 D4 clamp paths to Q1 source/gate <=8 mm",
      "R3 nominal D4-C6 body gap >=1 mm",
      "Native fresh KiCad DRC/parity all zero"
    ],
    "fresh_drc_counts": {
      "violations": 7,
      "unconnected_items": 2,
      "schematic_parity": 0
    }
  }
]
