2026-09-29 21:46:21.176 INFO   Freerouting v2.1.0 (build-date: 2025-04-12)
2026-09-29 21:46:21.393 WARN   No default constructor found for field: currentLocale
2026-09-29 21:46:21.395 INFO   Settings were loaded from freerouting.json
2026-09-29 21:46:23.309 INFO   New version available: v2.4.1
2026-09-29 21:46:23.741 INFO   [60C736\3EB638] Job '60C736\3EB638' started at 2026-09-29T19:46:23.741318500Z
2026-09-29 21:46:46.743 INFO   [60C736\3EB638] Auto-router pass #1 on board '94836528db07686d30cb9993ed36be8e' was completed in 22,52 seconds with the score of 767,71 (100 unrouted), using 240,42 CPU seconds and 11645 MB memory.
2026-09-29 21:46:53.175 WARN   PolylineTrace.get_trace_connection_shape p_index out of range
2026-09-29 21:46:53.175 ERROR  AutorouteEngine.autoroute_connection: Exception in maze_search_algo.find_connection
java.lang.NullPointerException: Cannot invoke "app.freerouting.geometry.planar.TileShape.nearest_point_approx(app.freerouting.geometry.planar.FloatPoint)" because "target_shape" is null
	at app.freerouting.autoroute.MazeSearchAlgo.expand_to_target_doors(MazeSearchAlgo.java:534) ~[freerouting-2.1.0.jar:unspecified]
	at app.freerouting.autoroute.MazeSearchAlgo.expand_to_room_doors(MazeSearchAlgo.java:398) ~[freerouting-2.1.0.jar:unspecified]
	at app.freerouting.autoroute.MazeSearchAlgo.occupy_next_element(MazeSearchAlgo.java:286) ~[freerouting-2.1.0.jar:unspecified]
	at app.freerouting.autoroute.MazeSearchAlgo.find_connection(MazeSearchAlgo.java:206) ~[freerouting-2.1.0.jar:unspecified]
	at app.freerouting.autoroute.AutorouteEngine.autoroute_connection(AutorouteEngine.java:155) [freerouting-2.1.0.jar:unspecified]
	at app.freerouting.autoroute.BatchAutorouter.autoroute_item(BatchAutorouter.java:610) [freerouting-2.1.0.jar:unspecified]
	at app.freerouting.autoroute.BatchAutorouter.autoroute_pass(BatchAutorouter.java:332) [freerouting-2.1.0.jar:unspecified]
	at app.freerouting.autoroute.BatchAutorouter.runBatchLoop(BatchAutorouter.java:447) [freerouting-2.1.0.jar:unspecified]
	at app.freerouting.management.RoutingJobSchedulerActionThread.thread_action(RoutingJobSchedulerActionThread.java:131) [freerouting-2.1.0.jar:unspecified]
	at app.freerouting.core.StoppableThread.run(StoppableThread.java:26) [freerouting-2.1.0.jar:unspecified]
2026-09-29 21:46:53.175 ERROR  AutorouteEngine.autoroute_connection: Exception in maze_search_algo.find_connection
java.lang.NullPointerException: Cannot invoke "app.freerouting.geometry.planar.TileShape.nearest_point_approx(app.freerouting.geometry.planar.FloatPoint)" because "target_shape" is null
	at app.freerouting.autoroute.MazeSearchAlgo.expand_to_target_doors(MazeSearchAlgo.java:534) ~[freerouting-2.1.0.jar:unspecified]
	at app.freerouting.autoroute.MazeSearchAlgo.expand_to_room_doors(MazeSearchAlgo.java:398) ~[freerouting-2.1.0.jar:unspecified]
	at app.freerouting.autoroute.MazeSearchAlgo.occupy_next_element(MazeSearchAlgo.java:286) ~[freerouting-2.1.0.jar:unspecified]
	at app.freerouting.autoroute.MazeSearchAlgo.find_connection(MazeSearchAlgo.java:206) ~[freerouting-2.1.0.jar:unspecified]
	at app.freerouting.autoroute.AutorouteEngine.autoroute_connection(AutorouteEngine.java:155) [freerouting-2.1.0.jar:unspecified]
	at app.freerouting.autoroute.BatchAutorouter.autoroute_item(BatchAutorouter.java:610) [freerouting-2.1.0.jar:unspecified]
	at app.freerouting.autoroute.BatchAutorouter.autoroute_pass(BatchAutorouter.java:332) [freerouting-2.1.0.jar:unspecified]
	at app.freerouting.autoroute.BatchAutorouter.runBatchLoop(BatchAutorouter.java:447) [freerouting-2.1.0.jar:unspecified]
	at app.freerouting.management.RoutingJobSchedulerActionThread.thread_action(RoutingJobSchedulerActionThread.java:131) [freerouting-2.1.0.jar:unspecified]
	at app.freerouting.core.StoppableThread.run(StoppableThread.java:26) [freerouting-2.1.0.jar:unspecified]
2026-09-29 21:46:56.002 INFO   [60C736\3EB638] Auto-router pass #2 on board '45fb81ea52145873b7a5c4efde1e706f' was completed in 9,17 seconds with the score of 780,86 (96 unrouted), using 474,05 CPU seconds and 16966 MB memory.
2026-09-29 21:47:06.018 INFO   [60C736\3EB638] Auto-router pass #3 on board 'abeb310bd6679dd20ecadce523662703' was completed in 9,94 seconds with the score of 778,25 (96 unrouted), using 825,81 CPU seconds and 22301 MB memory.
2026-09-29 21:47:24.710 INFO   [60C736\3EB638] Auto-router pass #4 on board '23653c4f697a5c2fdf13cae70cbd435c' was completed in 18,59 seconds with the score of 844,10 (70 unrouted), using 1757,03 CPU seconds and 34037 MB memory.
2026-09-29 21:47:30.512 INFO   [60C736\3EB638] Auto-router pass #5 on board 'fdc24de1b941aeb19b82e00f01f6b645' was completed in 5,74 seconds with the score of 845,05 (70 unrouted), using 2123,73 CPU seconds and 38364 MB memory.
2026-09-29 21:47:31.566 WARN   PolylineTrace.get_trace_connection_shape p_index out of range
2026-09-29 21:47:31.566 ERROR  AutorouteEngine.autoroute_connection: Exception in maze_search_algo.find_connection
java.lang.NullPointerException: Cannot invoke "app.freerouting.geometry.planar.TileShape.nearest_point_approx(app.freerouting.geometry.planar.FloatPoint)" because "target_shape" is null
	at app.freerouting.autoroute.MazeSearchAlgo.expand_to_target_doors(MazeSearchAlgo.java:534) ~[freerouting-2.1.0.jar:unspecified]
	at app.freerouting.autoroute.MazeSearchAlgo.expand_to_room_doors(MazeSearchAlgo.java:398) ~[freerouting-2.1.0.jar:unspecified]
	at app.freerouting.autoroute.MazeSearchAlgo.occupy_next_element(MazeSearchAlgo.java:286) ~[freerouting-2.1.0.jar:unspecified]
	at app.freerouting.autoroute.MazeSearchAlgo.find_connection(MazeSearchAlgo.java:206) ~[freerouting-2.1.0.jar:unspecified]
	at app.freerouting.autoroute.AutorouteEngine.autoroute_connection(AutorouteEngine.java:155) [freerouting-2.1.0.jar:unspecified]
	at app.freerouting.autoroute.BatchAutorouter.autoroute_item(BatchAutorouter.java:610) [freerouting-2.1.0.jar:unspecified]
	at app.freerouting.autoroute.BatchAutorouter.autoroute_pass(BatchAutorouter.java:332) [freerouting-2.1.0.jar:unspecified]
	at app.freerouting.autoroute.BatchAutorouter.runBatchLoop(BatchAutorouter.java:447) [freerouting-2.1.0.jar:unspecified]
	at app.freerouting.management.RoutingJobSchedulerActionThread.thread_action(RoutingJobSchedulerActionThread.java:131) [freerouting-2.1.0.jar:unspecified]
	at app.freerouting.core.StoppableThread.run(StoppableThread.java:26) [freerouting-2.1.0.jar:unspecified]
2026-09-29 21:47:31.566 ERROR  AutorouteEngine.autoroute_connection: Exception in maze_search_algo.find_connection
java.lang.NullPointerException: Cannot invoke "app.freerouting.geometry.planar.TileShape.nearest_point_approx(app.freerouting.geometry.planar.FloatPoint)" because "target_shape" is null
	at app.freerouting.autoroute.MazeSearchAlgo.expand_to_target_doors(MazeSearchAlgo.java:534) ~[freerouting-2.1.0.jar:unspecified]
	at app.freerouting.autoroute.MazeSearchAlgo.expand_to_room_doors(MazeSearchAlgo.java:398) ~[freerouting-2.1.0.jar:unspecified]
	at app.freerouting.autoroute.MazeSearchAlgo.occupy_next_element(MazeSearchAlgo.java:286) ~[freerouting-2.1.0.jar:unspecified]
	at app.freerouting.autoroute.MazeSearchAlgo.find_connection(MazeSearchAlgo.java:206) ~[freerouting-2.1.0.jar:unspecified]
	at app.freerouting.autoroute.AutorouteEngine.autoroute_connection(AutorouteEngine.java:155) [freerouting-2.1.0.jar:unspecified]
	at app.freerouting.autoroute.BatchAutorouter.autoroute_item(BatchAutorouter.java:610) [freerouting-2.1.0.jar:unspecified]
	at app.freerouting.autoroute.BatchAutorouter.autoroute_pass(BatchAutorouter.java:332) [freerouting-2.1.0.jar:unspecified]
	at app.freerouting.autoroute.BatchAutorouter.runBatchLoop(BatchAutorouter.java:447) [freerouting-2.1.0.jar:unspecified]
	at app.freerouting.management.RoutingJobSchedulerActionThread.thread_action(RoutingJobSchedulerActionThread.java:131) [freerouting-2.1.0.jar:unspecified]
	at app.freerouting.core.StoppableThread.run(StoppableThread.java:26) [freerouting-2.1.0.jar:unspecified]
2026-09-29 21:47:36.604 INFO   [60C736\3EB638] Auto-router pass #6 on board '3256f81fa7ede02d7dbc8cce1b34d992' was completed in 6,04 seconds with the score of 843,53 (70 unrouted), using 2526,34 CPU seconds and 42484 MB memory.
2026-09-29 21:47:38.482 WARN   Polyline.corner_approx: p_no must be less than arr.length - 1
2026-09-29 21:47:38.484 WARN   Polyline.corner_approx: p_no must be less than arr.length - 1
2026-09-29 21:47:38.484 WARN   Polyline.corner_approx: p_no must be less than arr.length - 1
2026-09-29 21:47:38.484 WARN   Polyline.corner_approx: p_no must be less than arr.length - 1
2026-09-29 21:47:38.484 WARN   Polyline.corner_approx: p_no must be less than arr.length - 1
2026-09-29 21:47:38.484 WARN   Polyline.corner_approx: p_no must be less than arr.length - 1
2026-09-29 21:47:38.484 WARN   Polyline.corner_approx: p_no must be less than arr.length - 1
2026-09-29 21:47:38.484 WARN   Polyline.corner_approx: p_no must be less than arr.length - 1
2026-09-29 21:47:42.505 INFO   [60C736\3EB638] Auto-router pass #7 on board '6415308d18ad91f42b536464175e1dd4' was completed in 5,85 seconds with the score of 841,71 (71 unrouted), using 2964,73 CPU seconds and 46753 MB memory.
2026-09-29 21:47:50.454 INFO   [60C736\3EB638] Restoring an earlier board that has the score of 845,05 (70 unrouted).
2026-09-29 21:47:50.455 INFO   [60C736\3EB638] Auto-router pass #8 on board '62420b42eb7ee27d77157ee37e3793cb' was completed in 7,90 seconds with the score of 840,51 (71 unrouted), using 3521,52 CPU seconds and 51687 MB memory.
2026-09-29 21:47:57.890 INFO   [60C736\3EB638] Auto-router pass #9 on board '3256f81fa7ede02d7dbc8cce1b34d992' was completed in 7,41 seconds with the score of 867,37 (61 unrouted), using 4216,33 CPU seconds and 57391 MB memory.
2026-09-29 21:48:03.002 INFO   [60C736\3EB638] Auto-router pass #10 on board '3ffc849cdbbae58a0854cc31f304e0f0' was completed in 5,06 seconds with the score of 867,37 (61 unrouted), using 4682,42 CPU seconds and 60827 MB memory.
2026-09-29 21:48:07.088 WARN   PolylineTrace.get_trace_connection_shape p_index out of range
2026-09-29 21:48:07.089 ERROR  AutorouteEngine.autoroute_connection: Exception in maze_search_algo.find_connection
java.lang.NullPointerException: Cannot invoke "app.freerouting.geometry.planar.TileShape.nearest_point_approx(app.freerouting.geometry.planar.FloatPoint)" because "target_shape" is null
	at app.freerouting.autoroute.MazeSearchAlgo.expand_to_target_doors(MazeSearchAlgo.java:534) ~[freerouting-2.1.0.jar:unspecified]
	at app.freerouting.autoroute.MazeSearchAlgo.expand_to_room_doors(MazeSearchAlgo.java:398) ~[freerouting-2.1.0.jar:unspecified]
	at app.freerouting.autoroute.MazeSearchAlgo.occupy_next_element(MazeSearchAlgo.java:286) ~[freerouting-2.1.0.jar:unspecified]
	at app.freerouting.autoroute.MazeSearchAlgo.find_connection(MazeSearchAlgo.java:206) ~[freerouting-2.1.0.jar:unspecified]
	at app.freerouting.autoroute.AutorouteEngine.autoroute_connection(AutorouteEngine.java:155) [freerouting-2.1.0.jar:unspecified]
	at app.freerouting.autoroute.BatchAutorouter.autoroute_item(BatchAutorouter.java:610) [freerouting-2.1.0.jar:unspecified]
	at app.freerouting.autoroute.BatchAutorouter.autoroute_pass(BatchAutorouter.java:332) [freerouting-2.1.0.jar:unspecified]
	at app.freerouting.autoroute.BatchAutorouter.runBatchLoop(BatchAutorouter.java:447) [freerouting-2.1.0.jar:unspecified]
	at app.freerouting.management.RoutingJobSchedulerActionThread.thread_action(RoutingJobSchedulerActionThread.java:131) [freerouting-2.1.0.jar:unspecified]
	at app.freerouting.core.StoppableThread.run(StoppableThread.java:26) [freerouting-2.1.0.jar:unspecified]
2026-09-29 21:48:07.089 ERROR  AutorouteEngine.autoroute_connection: Exception in maze_search_algo.find_connection
java.lang.NullPointerException: Cannot invoke "app.freerouting.geometry.planar.TileShape.nearest_point_approx(app.freerouting.geometry.planar.FloatPoint)" because "target_shape" is null
	at app.freerouting.autoroute.MazeSearchAlgo.expand_to_target_doors(MazeSearchAlgo.java:534) ~[freerouting-2.1.0.jar:unspecified]
	at app.freerouting.autoroute.MazeSearchAlgo.expand_to_room_doors(MazeSearchAlgo.java:398) ~[freerouting-2.1.0.jar:unspecified]
	at app.freerouting.autoroute.MazeSearchAlgo.occupy_next_element(MazeSearchAlgo.java:286) ~[freerouting-2.1.0.jar:unspecified]
	at app.freerouting.autoroute.MazeSearchAlgo.find_connection(MazeSearchAlgo.java:206) ~[freerouting-2.1.0.jar:unspecified]
	at app.freerouting.autoroute.AutorouteEngine.autoroute_connection(AutorouteEngine.java:155) [freerouting-2.1.0.jar:unspecified]
	at app.freerouting.autoroute.BatchAutorouter.autoroute_item(BatchAutorouter.java:610) [freerouting-2.1.0.jar:unspecified]
	at app.freerouting.autoroute.BatchAutorouter.autoroute_pass(BatchAutorouter.java:332) [freerouting-2.1.0.jar:unspecified]
	at app.freerouting.autoroute.BatchAutorouter.runBatchLoop(BatchAutorouter.java:447) [freerouting-2.1.0.jar:unspecified]
	at app.freerouting.management.RoutingJobSchedulerActionThread.thread_action(RoutingJobSchedulerActionThread.java:131) [freerouting-2.1.0.jar:unspecified]
	at app.freerouting.core.StoppableThread.run(StoppableThread.java:26) [freerouting-2.1.0.jar:unspecified]
2026-09-29 21:48:07.769 INFO   [60C736\3EB638] Auto-router pass #11 on board '0f1111d89ca21ed8adbf5b5e7fe3fe84' was completed in 4,71 seconds with the score of 867,86 (61 unrouted), using 5173,28 CPU seconds and 64518 MB memory.
2026-09-29 21:48:25.305 INFO   [60C736\3EB638] Auto-router pass #12 on board '24472f13c0cc32b5142aa589e090e477' was completed in 17,48 seconds with the score of 948,32 (20 unrouted), using 7026,17 CPU seconds and 76569 MB memory.
2026-09-29 21:48:27.189 INFO   [60C736\3EB638] Auto-router pass #13 on board 'dd4a2880236f932e495f0bd06eb63682' was completed in 1,82 seconds with the score of 947,35 (20 unrouted), using 7262,69 CPU seconds and 77938 MB memory.
2026-09-29 21:48:29.009 INFO   [60C736\3EB638] Auto-router pass #14 on board 'bacd9d019115c7d89e2ea0e50d3d3fa6' was completed in 1,77 seconds with the score of 947,35 (20 unrouted), using 7503,11 CPU seconds and 79352 MB memory.
2026-09-29 21:48:30.732 INFO   [60C736\3EB638] Auto-router pass #15 on board '60b9b60fc85e670d22604a838a5cce06' was completed in 1,67 seconds with the score of 947,35 (20 unrouted), using 7624,80 CPU seconds and 80084 MB memory.
2026-09-29 21:48:33.169 INFO   [60C736\3EB638] Auto-router pass #16 on board '60b9b60fc85e670d22604a838a5cce06' was completed in 2,42 seconds with the score of 949,63 (19 unrouted), using 7995,86 CPU seconds and 82268 MB memory.
2026-09-29 21:48:34.858 INFO   [60C736\3EB638] Auto-router pass #17 on board 'aba5aff8b495e92883cef9e7ace84a76' was completed in 1,63 seconds with the score of 949,63 (19 unrouted), using 8121,50 CPU seconds and 82954 MB memory.
2026-09-29 21:48:36.523 INFO   [60C736\3EB638] Auto-router pass #18 on board 'aba5aff8b495e92883cef9e7ace84a76' was completed in 1,64 seconds with the score of 949,63 (19 unrouted), using 8375,70 CPU seconds and 84363 MB memory.
2026-09-29 21:48:38.076 INFO   [60C736\3EB638] Auto-router pass #19 on board 'aba5aff8b495e92883cef9e7ace84a76' was completed in 1,53 seconds with the score of 949,63 (19 unrouted), using 8633,83 CPU seconds and 85854 MB memory.
2026-09-29 21:48:40.274 INFO   [60C736\3EB638] Restoring an earlier board that has the score of 949,63 (19 unrouted).
2026-09-29 21:48:40.275 INFO   [60C736\3EB638] Auto-router pass #20 on board 'aba5aff8b495e92883cef9e7ace84a76' was completed in 2,18 seconds with the score of 949,63 (19 unrouted), using 8895,95 CPU seconds and 87305 MB memory.
2026-09-29 21:48:43.881 INFO   [60C736\3EB638] Auto-router pass #21 on board 'aba5aff8b495e92883cef9e7ace84a76' was completed in 3,58 seconds with the score of 966,32 (8 unrouted), using 9296,58 CPU seconds and 89592 MB memory.
2026-09-29 21:48:45.061 INFO   [60C736\3EB638] Auto-router pass #22 on board '061ae0a5bc659b1294ce1def1b30ab6f' was completed in 1,12 seconds with the score of 968,00 (7 unrouted), using 9432,02 CPU seconds and 90349 MB memory.
2026-09-29 21:48:46.035 INFO   [60C736\3EB638] Auto-router pass #23 on board 'faeaa86aa2b6ecb9dcde9c74d08e3576' was completed in 0,91 seconds with the score of 967,64 (7 unrouted), using 9568,45 CPU seconds and 91077 MB memory.
2026-09-29 21:48:51.033 INFO   [60C736\3EB638] Restoring an earlier board that has the score of 968,00 (7 unrouted).
2026-09-29 21:48:51.034 INFO   [60C736\3EB638] Auto-router pass #24 on board 'a2748a895e60f8ac847eea2fe43c697e' was completed in 4,94 seconds with the score of 967,60 (7 unrouted), using 10265,33 CPU seconds and 94755 MB memory.
2026-09-29 21:48:53.692 INFO   [60C736\3EB638] Auto-router pass #25 on board 'faeaa86aa2b6ecb9dcde9c74d08e3576' was completed in 2,63 seconds with the score of 972,04 (4 unrouted), using 10695,00 CPU seconds and 96756 MB memory.
2026-09-29 21:48:54.346 INFO   [60C736\3EB638] Auto-router pass #26 on board '5a587b350c875af8cbffcbd9c908afde' was completed in 0,58 seconds with the score of 972,04 (4 unrouted), using 10840,09 CPU seconds and 97489 MB memory.
2026-09-29 21:48:55.182 INFO   [60C736\3EB638] Auto-router pass #27 on board '05d7ee203e30e0834376dd144af60a99' was completed in 0,77 seconds with the score of 971,96 (4 unrouted), using 10986,09 CPU seconds and 98067 MB memory.
2026-09-29 21:49:00.235 INFO   [60C736\3EB638] Auto-router pass #28 on board '11605efc21092f9048c7c5d2e0d9fbb8' was completed in 4,96 seconds with the score of 972,22 (4 unrouted), using 11730,36 CPU seconds and 101403 MB memory.
2026-09-29 21:49:00.922 INFO   [60C736\3EB638] Auto-router pass #29 on board '64a9fbc3d8cf7f484a598c1cec28da56' was completed in 0,63 seconds with the score of 972,12 (4 unrouted), using 11730,36 CPU seconds and 101403 MB memory.
2026-09-29 21:49:01.609 INFO   [60C736\3EB638] Auto-router pass #30 on board 'a8b40bf98cf102142ec18f76a3633351' was completed in 0,62 seconds with the score of 972,12 (4 unrouted), using 11882,08 CPU seconds and 102040 MB memory.
{
  "host": "KiCad's Pcbnew,10.0.6",
  "unit": "mm",
  "board": {
    "bounding_box": {
      "x": 1601.0,
      "y": 1.0,
      "width": -1.0,
      "height": -1001.0
    },
    "size": {
      "x": 0.0,
      "y": 0.0,
      "width": 1602.0,
      "height": 1002.0
    }
  },
  "layers": {
    "total_count": 2,
    "signal_count": 2
  },
  "items": {
    "total_count": 3010,
    "trace_count": 382,
    "via_count": 45,
    "conduction_area_count": 0,
    "drill_item_count": 348,
    "pin_count": 0,
    "component_count": 2150,
    "other_count": 85
  },
  "components": {
    "total_count": 139
  },
  "pads": {
    "total_count": 348
  },
  "nets": {
    "total_count": 80,
    "class_count": 3
  },
  "connections": {
    "maximum_count": 660,
    "incomplete_count": 4
  },
  "traces": {
    "total_count": 382,
    "total_segment_count": 938,
    "total_length": 49799.65,
    "total_weighted_length": 2.1569682E8,
    "average_length": 130.36557,
    "total_vertical_length": 14806.867,
    "total_horizontal_length": 15413.719,
    "total_angled_length": 13110.409
  },
  "bends": {
    "total_count": 556,
    "90_degree_count": 9,
    "45_degree_count": 547,
    "other_angle_count": 0
  },
  "vias": {
    "total_count": 45,
    "through_hole_count": 45,
    "blind_count": 0,
    "buried_count": 0
  },
  "clearance_violations": {
    "total_count": 0
  }
}
