[
  {
    "check": "Same part set as R2 (no part added or removed)",
    "pass": true
  },
  {
    "check": "No pin/net change against R2",
    "pass": true
  },
  {
    "check": "Value changes only F2, F3, F4, R16",
    "pass": true
  },
  {
    "check": "MPN changes only F2, F3, F4, R16",
    "pass": true
  },
  {
    "check": "Footprints, positions, pads, nets and zone connections identical to R2",
    "pass": true
  },
  {
    "check": "Copper identical to R2 (every track and via)",
    "pass": true
  },
  {
    "check": "Zones and rule areas identical to R2",
    "pass": true
  },
  {
    "check": "Silk text changes only the fuse ratings and the title line",
    "pass": true
  }
]

Adding duplicate image handler for 'PNG file'
Adding duplicate image handler for 'JPEG file'
Adding duplicate image handler for 'TIFF file'
Adding duplicate image handler for 'GIF file'
Adding duplicate image handler for 'PNM file'
Adding duplicate image handler for 'PCX file'
Adding duplicate image handler for 'IFF file'
Adding duplicate image handler for 'Windows icon file'
Adding duplicate image handler for 'Windows cursor file'
Adding duplicate image handler for 'Windows animated cursor file'
Adding duplicate image handler for 'TGA file'
Adding duplicate image handler for 'XPM file'
Adding duplicate image handler for 'WebP file'
