OK  null_control -> 0 failing checks 
OK  mount_shift -> 1 failing checks 
OK  jbp_shift -> 2 failing checks 
OK  jbp_flip -> 6 failing checks 
OK  sv_no_gnd_end -> 3 failing checks 
OK  sv_pin_without_resistor -> 3 failing checks 
OK  sv_resistor_far -> 2 failing checks 
OK  label_missing -> 1 failing checks 
OK  label_swap -> 1 failing checks 
OK  too_tall -> 1 failing checks 
OK  bottom_soic -> 4 failing checks 
OK  narrow_track -> 2 failing checks 
OK  narrow_supply -> 1 failing checks 
OK  wd_via -> 2 failing checks 
OK  wd_unlocked -> 1 failing checks 
OK  c1_grounded -> 3 failing checks 
OK  c18_far -> 4 failing checks 
OK  ser_detour -> 2 failing checks 
OK  ser_extra_pad -> 3 failing checks 
OK  supn_long -> 2 failing checks 
OK  supn_r17_far -> 3 failing checks 
OK  supn_no_ref -> 1 failing checks 
OK  decap_far -> 5 failing checks 
OK  default_far -> 4 failing checks 
OK  gnd_pour_removed -> 3 failing checks 
OK  zone_copper -> 2 failing checks 
OK  ref_on_part -> 3 failing checks 
OK  ref_far -> 2 failing checks 
OK  strip_part -> 5 failing checks 
OK  mark_missing -> 1 failing checks 
OK  title_wrong -> 1 failing checks 
OK  silk_small -> 2 failing checks 
OK  rules_dru -> 2 failing checks 
33 / 33 negative controls (with the null control)

17:48:50: Debug: Adding duplicate image handler for 'PNG file'
17:48:50: Debug: Adding duplicate image handler for 'JPEG file'
17:48:50: Debug: Adding duplicate image handler for 'TIFF file'
17:48:50: Debug: Adding duplicate image handler for 'GIF file'
17:48:50: Debug: Adding duplicate image handler for 'PNM file'
17:48:50: Debug: Adding duplicate image handler for 'PCX file'
17:48:50: Debug: Adding duplicate image handler for 'IFF file'
17:48:50: Debug: Adding duplicate image handler for 'Windows icon file'
17:48:50: Debug: Adding duplicate image handler for 'Windows cursor file'
17:48:50: Debug: Adding duplicate image handler for 'Windows animated cursor file'
17:48:50: Debug: Adding duplicate image handler for 'TGA file'
17:48:50: Debug: Adding duplicate image handler for 'XPM file'
17:49:02: Debug: Adding duplicate image handler for 'PNG file'
17:49:02: Debug: Adding duplicate image handler for 'JPEG file'
17:49:02: Debug: Adding duplicate image handler for 'TIFF file'
17:49:02: Debug: Adding duplicate image handler for 'GIF file'
17:49:02: Debug: Adding duplicate image handler for 'PNM file'
17:49:02: Debug: Adding duplicate image handler for 'PCX file'
17:49:02: Debug: Adding duplicate image handler for 'IFF file'
17:49:02: Debug: Adding duplicate image handler for 'Windows icon file'
17:49:02: Debug: Adding duplicate image handler for 'Windows cursor file'
17:49:02: Debug: Adding duplicate image handler for 'Windows animated cursor file'
17:49:02: Debug: Adding duplicate image handler for 'TGA file'
17:49:02: Debug: Adding duplicate image handler for 'XPM file'
17:49:14: Debug: Adding duplicate image handler for 'PNG file'
17:49:14: Debug: Adding duplicate image handler for 'JPEG file'
17:49:14: Debug: Adding duplicate image handler for 'TIFF file'
17:49:14: Debug: Adding duplicate image handler for 'GIF file'
17:49:14: Debug: Adding duplicate image handler for 'PNM file'
17:49:14: Debug: Adding duplicate image handler for 'PCX file'
17:49:14: Debug: Adding duplicate image handler for 'IFF file'
17:49:14: Debug: Adding duplicate image handler for 'Windows icon file'
17:49:14: Debug: Adding duplicate image handler for 'Windows cursor file'
17:49:14: Debug: Adding duplicate image handler for 'Windows animated cursor file'
17:49:14: Debug: Adding duplicate image handler for 'TGA file'
17:49:14: Debug: Adding duplicate image handler for 'XPM file'
17:49:26: Debug: Adding duplicate image handler for 'PNG file'
17:49:26: Debug: Adding duplicate image handler for 'JPEG file'
17:49:26: Debug: Adding duplicate image handler for 'TIFF file'
17:49:26: Debug: Adding duplicate image handler for 'GIF file'
17:49:26: Debug: Adding duplicate image handler for 'PNM file'
17:49:26: Debug: Adding duplicate image handler for 'PCX file'
17:49:26: Debug: Adding duplicate image handler for 'IFF file'
17:49:26: Debug: Adding duplicate image handler for 'Windows icon file'
17:49:26: Debug: Adding duplicate image handler for 'Windows cursor file'
17:49:26: Debug: Adding duplicate image handler for 'Windows animated cursor file'
17:49:26: Debug: Adding duplicate image handler for 'TGA file'
17:49:26: Debug: Adding duplicate image handler for 'XPM file'
17:49:37: Debug: Adding duplicate image handler for 'PNG file'
17:49:37: Debug: Adding duplicate image handler for 'JPEG file'
17:49:37: Debug: Adding duplicate image handler for 'TIFF file'
17:49:37: Debug: Adding duplicate image handler for 'GIF file'
17:49:37: Debug: Adding duplicate image handler for 'PNM file'
17:49:37: Debug: Adding duplicate image handler for 'PCX file'
17:49:37: Debug: Adding duplicate image handler for 'IFF file'
17:49:37: Debug: Adding duplicate image handler for 'Windows icon file'
17:49:37: Debug: Adding duplicate image handler for 'Windows cursor file'
17:49:37: Debug: Adding duplicate image handler for 'Windows animated cursor file'
17:49:37: Debug: Adding duplicate image handler for 'TGA file'
17:49:37: Debug: Adding duplicate image handler for 'XPM file'
17:49:49: Debug: Adding duplicate image handler for 'PNG file'
17:49:49: Debug: Adding duplicate image handler for 'JPEG file'
17:49:49: Debug: Adding duplicate image handler for 'TIFF file'
17:49:49: Debug: Adding duplicate image handler for 'GIF file'
17:49:49: Debug: Adding duplicate image handler for 'PNM file'
17:49:49: Debug: Adding duplicate image handler for 'PCX file'
17:49:49: Debug: Adding duplicate image handler for 'IFF file'
17:49:49: Debug: Adding duplicate image handler for 'Windows icon file'
17:49:49: Debug: Adding duplicate image handler for 'Windows cursor file'
17:49:49: Debug: Adding duplicate image handler for 'Windows animated cursor file'
17:49:49: Debug: Adding duplicate image handler for 'TGA file'
17:49:49: Debug: Adding duplicate image handler for 'XPM file'
17:50:01: Debug: Adding duplicate image handler for 'PNG file'
17:50:01: Debug: Adding duplicate image handler for 'JPEG file'
17:50:01: Debug: Adding duplicate image handler for 'TIFF file'
17:50:01: Debug: Adding duplicate image handler for 'GIF file'
17:50:01: Debug: Adding duplicate image handler for 'PNM file'
17:50:01: Debug: Adding duplicate image handler for 'PCX file'
17:50:01: Debug: Adding duplicate image handler for 'IFF file'
17:50:01: Debug: Adding duplicate image handler for 'Windows icon file'
17:50:01: Debug: Adding duplicate image handler for 'Windows cursor file'
17:50:01: Debug: Adding duplicate image handler for 'Windows animated cursor file'
17:50:01: Debug: Adding duplicate image handler for 'TGA file'
17:50:01: Debug: Adding duplicate image handler for 'XPM file'
17:50:13: Debug: Adding duplicate image handler for 'PNG file'
17:50:13: Debug: Adding duplicate image handler for 'JPEG file'
17:50:13: Debug: Adding duplicate image handler for 'TIFF file'
17:50:13: Debug: Adding duplicate image handler for 'GIF file'
17:50:13: Debug: Adding duplicate image handler for 'PNM file'
17:50:13: Debug: Adding duplicate image handler for 'PCX file'
17:50:13: Debug: Adding duplicate image handler for 'IFF file'
17:50:13: Debug: Adding duplicate image handler for 'Windows icon file'
17:50:13: Debug: Adding duplicate image handler for 'Windows cursor file'
17:50:13: Debug: Adding duplicate image handler for 'Windows animated cursor file'
17:50:13: Debug: Adding duplicate image handler for 'TGA file'
17:50:13: Debug: Adding duplicate image handler for 'XPM file'
17:50:25: Debug: Adding duplicate image handler for 'PNG file'
17:50:25: Debug: Adding duplicate image handler for 'JPEG file'
17:50:25: Debug: Adding duplicate image handler for 'TIFF file'
17:50:25: Debug: Adding duplicate image handler for 'GIF file'
17:50:25: Debug: Adding duplicate image handler for 'PNM file'
17:50:25: Debug: Adding duplicate image handler for 'PCX file'
17:50:25: Debug: Adding duplicate image handler for 'IFF file'
17:50:25: Debug: Adding duplicate image handler for 'Windows icon file'
17:50:25: Debug: Adding duplicate image handler for 'Windows cursor file'
17:50:25: Debug: Adding duplicate image handler for 'Windows animated cursor file'
17:50:25: Debug: Adding duplicate image handler for 'TGA file'
17:50:25: Debug: Adding duplicate image handler for 'XPM file'
17:50:37: Debug: Adding duplicate image handler for 'PNG file'
17:50:37: Debug: Adding duplicate image handler for 'JPEG file'
17:50:37: Debug: Adding duplicate image handler for 'TIFF file'
17:50:37: Debug: Adding duplicate image handler for 'GIF file'
17:50:37: Debug: Adding duplicate image handler for 'PNM file'
17:50:37: Debug: Adding duplicate image handler for 'PCX file'
17:50:37: Debug: Adding duplicate image handler for 'IFF file'
17:50:37: Debug: Adding duplicate image handler for 'Windows icon file'
17:50:37: Debug: Adding duplicate image handler for 'Windows cursor file'
17:50:37: Debug: Adding duplicate image handler for 'Windows animated cursor file'
17:50:37: Debug: Adding duplicate image handler for 'TGA file'
17:50:37: Debug: Adding duplicate image handler for 'XPM file'
17:50:49: Debug: Adding duplicate image handler for 'PNG file'
17:50:49: Debug: Adding duplicate image handler for 'JPEG file'
17:50:49: Debug: Adding duplicate image handler for 'TIFF file'
17:50:49: Debug: Adding duplicate image handler for 'GIF file'
17:50:49: Debug: Adding duplicate image handler for 'PNM file'
17:50:49: Debug: Adding duplicate image handler for 'PCX file'
17:50:49: Debug: Adding duplicate image handler for 'IFF file'
17:50:49: Debug: Adding duplicate image handler for 'Windows icon file'
17:50:49: Debug: Adding duplicate image handler for 'Windows cursor file'
17:50:49: Debug: Adding duplicate image handler for 'Windows animated cursor file'
17:50:49: Debug: Adding duplicate image handler for 'TGA file'
17:50:49: Debug: Adding duplicate image handler for 'XPM file'
17:51:00: Debug: Adding duplicate image handler for 'PNG file'
17:51:00: Debug: Adding duplicate image handler for 'JPEG file'
17:51:00: Debug: Adding duplicate image handler for 'TIFF file'
17:51:00: Debug: Adding duplicate image handler for 'GIF file'
17:51:00: Debug: Adding duplicate image handler for 'PNM file'
17:51:00: Debug: Adding duplicate image handler for 'PCX file'
17:51:00: Debug: Adding duplicate image handler for 'IFF file'
17:51:00: Debug: Adding duplicate image handler for 'Windows icon file'
17:51:00: Debug: Adding duplicate image handler for 'Windows cursor file'
17:51:00: Debug: Adding duplicate image handler for 'Windows animated cursor file'
17:51:00: Debug: Adding duplicate image handler for 'TGA file'
17:51:00: Debug: Adding duplicate image handler for 'XPM file'
17:51:12: Debug: Adding duplicate image handler for 'PNG file'
17:51:12: Debug: Adding duplicate image handler for 'JPEG file'
17:51:12: Debug: Adding duplicate image handler for 'TIFF file'
17:51:12: Debug: Adding duplicate image handler for 'GIF file'
17:51:12: Debug: Adding duplicate image handler for 'PNM file'
17:51:12: Debug: Adding duplicate image handler for 'PCX file'
17:51:12: Debug: Adding duplicate image handler for 'IFF file'
17:51:12: Debug: Adding duplicate image handler for 'Windows icon file'
17:51:12: Debug: Adding duplicate image handler for 'Windows cursor file'
17:51:12: Debug: Adding duplicate image handler for 'Windows animated cursor file'
17:51:12: Debug: Adding duplicate image handler for 'TGA file'
17:51:12: Debug: Adding duplicate image handler for 'XPM file'
17:51:24: Debug: Adding duplicate image handler for 'PNG file'
17:51:24: Debug: Adding duplicate image handler for 'JPEG file'
17:51:24: Debug: Adding duplicate image handler for 'TIFF file'
17:51:24: Debug: Adding duplicate image handler for 'GIF file'
17:51:24: Debug: Adding duplicate image handler for 'PNM file'
17:51:24: Debug: Adding duplicate image handler for 'PCX file'
17:51:24: Debug: Adding duplicate image handler for 'IFF file'
17:51:24: Debug: Adding duplicate image handler for 'Windows icon file'
17:51:24: Debug: Adding duplicate image handler for 'Windows cursor file'
17:51:24: Debug: Adding duplicate image handler for 'Windows animated cursor file'
17:51:24: Debug: Adding duplicate image handler for 'TGA file'
17:51:24: Debug: Adding duplicate image handler for 'XPM file'
17:51:36: Debug: Adding duplicate image handler for 'PNG file'
17:51:36: Debug: Adding duplicate image handler for 'JPEG file'
17:51:36: Debug: Adding duplicate image handler for 'TIFF file'
17:51:36: Debug: Adding duplicate image handler for 'GIF file'
17:51:36: Debug: Adding duplicate image handler for 'PNM file'
17:51:36: Debug: Adding duplicate image handler for 'PCX file'
17:51:36: Debug: Adding duplicate image handler for 'IFF file'
17:51:36: Debug: Adding duplicate image handler for 'Windows icon file'
17:51:36: Debug: Adding duplicate image handler for 'Windows cursor file'
17:51:36: Debug: Adding duplicate image handler for 'Windows animated cursor file'
17:51:36: Debug: Adding duplicate image handler for 'TGA file'
17:51:36: Debug: Adding duplicate image handler for 'XPM file'
17:51:48: Debug: Adding duplicate image handler for 'PNG file'
17:51:48: Debug: Adding duplicate image handler for 'JPEG file'
17:51:48: Debug: Adding duplicate image handler for 'TIFF file'
17:51:48: Debug: Adding duplicate image handler for 'GIF file'
17:51:48: Debug: Adding duplicate image handler for 'PNM file'
17:51:48: Debug: Adding duplicate image handler for 'PCX file'
17:51:48: Debug: Adding duplicate image handler for 'IFF file'
17:51:48: Debug: Adding duplicate image handler for 'Windows icon file'
17:51:48: Debug: Adding duplicate image handler for 'Windows cursor file'
17:51:48: Debug: Adding duplicate image handler for 'Windows animated cursor file'
17:51:48: Debug: Adding duplicate image handler for 'TGA file'
17:51:48: Debug: Adding duplicate image handler for 'XPM file'
17:51:59: Debug: Adding duplicate image handler for 'PNG file'
17:51:59: Debug: Adding duplicate image handler for 'JPEG file'
17:51:59: Debug: Adding duplicate image handler for 'TIFF file'
17:51:59: Debug: Adding duplicate image handler for 'GIF file'
17:51:59: Debug: Adding duplicate image handler for 'PNM file'
17:51:59: Debug: Adding duplicate image handler for 'PCX file'
17:51:59: Debug: Adding duplicate image handler for 'IFF file'
17:51:59: Debug: Adding duplicate image handler for 'Windows icon file'
17:51:59: Debug: Adding duplicate image handler for 'Windows cursor file'
17:51:59: Debug: Adding duplicate image handler for 'Windows animated cursor file'
17:51:59: Debug: Adding duplicate image handler for 'TGA file'
17:51:59: Debug: Adding duplicate image handler for 'XPM file'
17:52:11: Debug: Adding duplicate image handler for 'PNG file'
17:52:11: Debug: Adding duplicate image handler for 'JPEG file'
17:52:11: Debug: Adding duplicate image handler for 'TIFF file'
17:52:11: Debug: Adding duplicate image handler for 'GIF file'
17:52:11: Debug: Adding duplicate image handler for 'PNM file'
17:52:11: Debug: Adding duplicate image handler for 'PCX file'
17:52:11: Debug: Adding duplicate image handler for 'IFF file'
17:52:11: Debug: Adding duplicate image handler for 'Windows icon file'
17:52:11: Debug: Adding duplicate image handler for 'Windows cursor file'
17:52:11: Debug: Adding duplicate image handler for 'Windows animated cursor file'
17:52:11: Debug: Adding duplicate image handler for 'TGA file'
17:52:11: Debug: Adding duplicate image handler for 'XPM file'
17:52:22: Debug: Adding duplicate image handler for 'PNG file'
17:52:22: Debug: Adding duplicate image handler for 'JPEG file'
17:52:22: Debug: Adding duplicate image handler for 'TIFF file'
17:52:22: Debug: Adding duplicate image handler for 'GIF file'
17:52:22: Debug: Adding duplicate image handler for 'PNM file'
17:52:22: Debug: Adding duplicate image handler for 'PCX file'
17:52:22: Debug: Adding duplicate image handler for 'IFF file'
17:52:22: Debug: Adding duplicate image handler for 'Windows icon file'
17:52:22: Debug: Adding duplicate image handler for 'Windows cursor file'
17:52:22: Debug: Adding duplicate image handler for 'Windows animated cursor file'
17:52:22: Debug: Adding duplicate image handler for 'TGA file'
17:52:22: Debug: Adding duplicate image handler for 'XPM file'
17:52:34: Debug: Adding duplicate image handler for 'PNG file'
17:52:34: Debug: Adding duplicate image handler for 'JPEG file'
17:52:34: Debug: Adding duplicate image handler for 'TIFF file'
17:52:34: Debug: Adding duplicate image handler for 'GIF file'
17:52:34: Debug: Adding duplicate image handler for 'PNM file'
17:52:34: Debug: Adding duplicate image handler for 'PCX file'
17:52:34: Debug: Adding duplicate image handler for 'IFF file'
17:52:34: Debug: Adding duplicate image handler for 'Windows icon file'
17:52:34: Debug: Adding duplicate image handler for 'Windows cursor file'
17:52:34: Debug: Adding duplicate image handler for 'Windows animated cursor file'
17:52:34: Debug: Adding duplicate image handler for 'TGA file'
17:52:34: Debug: Adding duplicate image handler for 'XPM file'
17:52:46: Debug: Adding duplicate image handler for 'PNG file'
17:52:46: Debug: Adding duplicate image handler for 'JPEG file'
17:52:46: Debug: Adding duplicate image handler for 'TIFF file'
17:52:46: Debug: Adding duplicate image handler for 'GIF file'
17:52:46: Debug: Adding duplicate image handler for 'PNM file'
17:52:46: Debug: Adding duplicate image handler for 'PCX file'
17:52:46: Debug: Adding duplicate image handler for 'IFF file'
17:52:46: Debug: Adding duplicate image handler for 'Windows icon file'
17:52:46: Debug: Adding duplicate image handler for 'Windows cursor file'
17:52:46: Debug: Adding duplicate image handler for 'Windows animated cursor file'
17:52:46: Debug: Adding duplicate image handler for 'TGA file'
17:52:46: Debug: Adding duplicate image handler for 'XPM file'
17:52:58: Debug: Adding duplicate image handler for 'PNG file'
17:52:58: Debug: Adding duplicate image handler for 'JPEG file'
17:52:58: Debug: Adding duplicate image handler for 'TIFF file'
17:52:58: Debug: Adding duplicate image handler for 'GIF file'
17:52:58: Debug: Adding duplicate image handler for 'PNM file'
17:52:58: Debug: Adding duplicate image handler for 'PCX file'
17:52:58: Debug: Adding duplicate image handler for 'IFF file'
17:52:58: Debug: Adding duplicate image handler for 'Windows icon file'
17:52:58: Debug: Adding duplicate image handler for 'Windows cursor file'
17:52:58: Debug: Adding duplicate image handler for 'Windows animated cursor file'
17:52:58: Debug: Adding duplicate image handler for 'TGA file'
17:52:58: Debug: Adding duplicate image handler for 'XPM file'
17:53:09: Debug: Adding duplicate image handler for 'PNG file'
17:53:09: Debug: Adding duplicate image handler for 'JPEG file'
17:53:09: Debug: Adding duplicate image handler for 'TIFF file'
17:53:09: Debug: Adding duplicate image handler for 'GIF file'
17:53:09: Debug: Adding duplicate image handler for 'PNM file'
17:53:09: Debug: Adding duplicate image handler for 'PCX file'
17:53:09: Debug: Adding duplicate image handler for 'IFF file'
17:53:09: Debug: Adding duplicate image handler for 'Windows icon file'
17:53:09: Debug: Adding duplicate image handler for 'Windows cursor file'
17:53:09: Debug: Adding duplicate image handler for 'Windows animated cursor file'
17:53:09: Debug: Adding duplicate image handler for 'TGA file'
17:53:09: Debug: Adding duplicate image handler for 'XPM file'
17:53:21: Debug: Adding duplicate image handler for 'PNG file'
17:53:21: Debug: Adding duplicate image handler for 'JPEG file'
17:53:21: Debug: Adding duplicate image handler for 'TIFF file'
17:53:21: Debug: Adding duplicate image handler for 'GIF file'
17:53:21: Debug: Adding duplicate image handler for 'PNM file'
17:53:21: Debug: Adding duplicate image handler for 'PCX file'
17:53:21: Debug: Adding duplicate image handler for 'IFF file'
17:53:21: Debug: Adding duplicate image handler for 'Windows icon file'
17:53:21: Debug: Adding duplicate image handler for 'Windows cursor file'
17:53:21: Debug: Adding duplicate image handler for 'Windows animated cursor file'
17:53:21: Debug: Adding duplicate image handler for 'TGA file'
17:53:21: Debug: Adding duplicate image handler for 'XPM file'
17:53:33: Debug: Adding duplicate image handler for 'PNG file'
17:53:33: Debug: Adding duplicate image handler for 'JPEG file'
17:53:33: Debug: Adding duplicate image handler for 'TIFF file'
17:53:33: Debug: Adding duplicate image handler for 'GIF file'
17:53:33: Debug: Adding duplicate image handler for 'PNM file'
17:53:33: Debug: Adding duplicate image handler for 'PCX file'
17:53:33: Debug: Adding duplicate image handler for 'IFF file'
17:53:33: Debug: Adding duplicate image handler for 'Windows icon file'
17:53:33: Debug: Adding duplicate image handler for 'Windows cursor file'
17:53:33: Debug: Adding duplicate image handler for 'Windows animated cursor file'
17:53:33: Debug: Adding duplicate image handler for 'TGA file'
17:53:33: Debug: Adding duplicate image handler for 'XPM file'
17:53:45: Debug: Adding duplicate image handler for 'PNG file'
17:53:45: Debug: Adding duplicate image handler for 'JPEG file'
17:53:45: Debug: Adding duplicate image handler for 'TIFF file'
17:53:45: Debug: Adding duplicate image handler for 'GIF file'
17:53:45: Debug: Adding duplicate image handler for 'PNM file'
17:53:45: Debug: Adding duplicate image handler for 'PCX file'
17:53:45: Debug: Adding duplicate image handler for 'IFF file'
17:53:45: Debug: Adding duplicate image handler for 'Windows icon file'
17:53:45: Debug: Adding duplicate image handler for 'Windows cursor file'
17:53:45: Debug: Adding duplicate image handler for 'Windows animated cursor file'
17:53:45: Debug: Adding duplicate image handler for 'TGA file'
17:53:45: Debug: Adding duplicate image handler for 'XPM file'
17:53:56: Debug: Adding duplicate image handler for 'PNG file'
17:53:56: Debug: Adding duplicate image handler for 'JPEG file'
17:53:56: Debug: Adding duplicate image handler for 'TIFF file'
17:53:56: Debug: Adding duplicate image handler for 'GIF file'
17:53:56: Debug: Adding duplicate image handler for 'PNM file'
17:53:56: Debug: Adding duplicate image handler for 'PCX file'
17:53:56: Debug: Adding duplicate image handler for 'IFF file'
17:53:56: Debug: Adding duplicate image handler for 'Windows icon file'
17:53:56: Debug: Adding duplicate image handler for 'Windows cursor file'
17:53:56: Debug: Adding duplicate image handler for 'Windows animated cursor file'
17:53:56: Debug: Adding duplicate image handler for 'TGA file'
17:53:56: Debug: Adding duplicate image handler for 'XPM file'
17:54:08: Debug: Adding duplicate image handler for 'PNG file'
17:54:08: Debug: Adding duplicate image handler for 'JPEG file'
17:54:08: Debug: Adding duplicate image handler for 'TIFF file'
17:54:08: Debug: Adding duplicate image handler for 'GIF file'
17:54:08: Debug: Adding duplicate image handler for 'PNM file'
17:54:08: Debug: Adding duplicate image handler for 'PCX file'
17:54:08: Debug: Adding duplicate image handler for 'IFF file'
17:54:08: Debug: Adding duplicate image handler for 'Windows icon file'
17:54:08: Debug: Adding duplicate image handler for 'Windows cursor file'
17:54:08: Debug: Adding duplicate image handler for 'Windows animated cursor file'
17:54:08: Debug: Adding duplicate image handler for 'TGA file'
17:54:08: Debug: Adding duplicate image handler for 'XPM file'
17:54:20: Debug: Adding duplicate image handler for 'PNG file'
17:54:20: Debug: Adding duplicate image handler for 'JPEG file'
17:54:20: Debug: Adding duplicate image handler for 'TIFF file'
17:54:20: Debug: Adding duplicate image handler for 'GIF file'
17:54:20: Debug: Adding duplicate image handler for 'PNM file'
17:54:20: Debug: Adding duplicate image handler for 'PCX file'
17:54:20: Debug: Adding duplicate image handler for 'IFF file'
17:54:20: Debug: Adding duplicate image handler for 'Windows icon file'
17:54:20: Debug: Adding duplicate image handler for 'Windows cursor file'
17:54:20: Debug: Adding duplicate image handler for 'Windows animated cursor file'
17:54:20: Debug: Adding duplicate image handler for 'TGA file'
17:54:20: Debug: Adding duplicate image handler for 'XPM file'
17:54:32: Debug: Adding duplicate image handler for 'PNG file'
17:54:32: Debug: Adding duplicate image handler for 'JPEG file'
17:54:32: Debug: Adding duplicate image handler for 'TIFF file'
17:54:32: Debug: Adding duplicate image handler for 'GIF file'
17:54:32: Debug: Adding duplicate image handler for 'PNM file'
17:54:32: Debug: Adding duplicate image handler for 'PCX file'
17:54:32: Debug: Adding duplicate image handler for 'IFF file'
17:54:32: Debug: Adding duplicate image handler for 'Windows icon file'
17:54:32: Debug: Adding duplicate image handler for 'Windows cursor file'
17:54:32: Debug: Adding duplicate image handler for 'Windows animated cursor file'
17:54:32: Debug: Adding duplicate image handler for 'TGA file'
17:54:32: Debug: Adding duplicate image handler for 'XPM file'
17:54:43: Debug: Adding duplicate image handler for 'PNG file'
17:54:43: Debug: Adding duplicate image handler for 'JPEG file'
17:54:43: Debug: Adding duplicate image handler for 'TIFF file'
17:54:43: Debug: Adding duplicate image handler for 'GIF file'
17:54:43: Debug: Adding duplicate image handler for 'PNM file'
17:54:43: Debug: Adding duplicate image handler for 'PCX file'
17:54:43: Debug: Adding duplicate image handler for 'IFF file'
17:54:43: Debug: Adding duplicate image handler for 'Windows icon file'
17:54:43: Debug: Adding duplicate image handler for 'Windows cursor file'
17:54:43: Debug: Adding duplicate image handler for 'Windows animated cursor file'
17:54:43: Debug: Adding duplicate image handler for 'TGA file'
17:54:43: Debug: Adding duplicate image handler for 'XPM file'
17:54:55: Debug: Adding duplicate image handler for 'PNG file'
17:54:55: Debug: Adding duplicate image handler for 'JPEG file'
17:54:55: Debug: Adding duplicate image handler for 'TIFF file'
17:54:55: Debug: Adding duplicate image handler for 'GIF file'
17:54:55: Debug: Adding duplicate image handler for 'PNM file'
17:54:55: Debug: Adding duplicate image handler for 'PCX file'
17:54:55: Debug: Adding duplicate image handler for 'IFF file'
17:54:55: Debug: Adding duplicate image handler for 'Windows icon file'
17:54:55: Debug: Adding duplicate image handler for 'Windows cursor file'
17:54:55: Debug: Adding duplicate image handler for 'Windows animated cursor file'
17:54:55: Debug: Adding duplicate image handler for 'TGA file'
17:54:55: Debug: Adding duplicate image handler for 'XPM file'
