OK  null_control -> 0 failing checks
OK  conn_shift -> 4 failing checks
OK  conn_low -> 3 failing checks
OK  conn_turned -> 4 failing checks
OK  rows_swapped -> 5 failing checks
OK  hole_shift -> 1 failing checks
OK  zone_copper -> 2 failing checks
OK  v5_narrow -> 1 failing checks
OK  v3_narrow -> 1 failing checks
OK  pin_in_pin -> 2 failing checks
OK  pad_net -> 4 failing checks
OK  wrong_type -> 3 failing checks
OK  gnd_pour_removed -> 2 failing checks
OK  label_missing -> 1 failing checks
OK  label_swap -> 1 failing checks
OK  pin1_missing -> 1 failing checks
OK  small_text -> 2 failing checks
OK  label_on_body -> 3 failing checks
OK  back_text_on_hole -> 1 failing checks
OK  title_wrong -> 1 failing checks
20 / 20 negative controls (with the null control)

20:52:19: Debug: Adding duplicate image handler for 'PNG file'
20:52:19: Debug: Adding duplicate image handler for 'JPEG file'
20:52:19: Debug: Adding duplicate image handler for 'TIFF file'
20:52:19: Debug: Adding duplicate image handler for 'GIF file'
20:52:19: Debug: Adding duplicate image handler for 'PNM file'
20:52:19: Debug: Adding duplicate image handler for 'PCX file'
20:52:19: Debug: Adding duplicate image handler for 'IFF file'
20:52:19: Debug: Adding duplicate image handler for 'Windows icon file'
20:52:19: Debug: Adding duplicate image handler for 'Windows cursor file'
20:52:19: Debug: Adding duplicate image handler for 'Windows animated cursor file'
20:52:19: Debug: Adding duplicate image handler for 'TGA file'
20:52:19: Debug: Adding duplicate image handler for 'XPM file'
20:52:26: Debug: Adding duplicate image handler for 'PNG file'
20:52:26: Debug: Adding duplicate image handler for 'JPEG file'
20:52:26: Debug: Adding duplicate image handler for 'TIFF file'
20:52:26: Debug: Adding duplicate image handler for 'GIF file'
20:52:26: Debug: Adding duplicate image handler for 'PNM file'
20:52:26: Debug: Adding duplicate image handler for 'PCX file'
20:52:26: Debug: Adding duplicate image handler for 'IFF file'
20:52:26: Debug: Adding duplicate image handler for 'Windows icon file'
20:52:26: Debug: Adding duplicate image handler for 'Windows cursor file'
20:52:26: Debug: Adding duplicate image handler for 'Windows animated cursor file'
20:52:26: Debug: Adding duplicate image handler for 'TGA file'
20:52:26: Debug: Adding duplicate image handler for 'XPM file'
20:52:33: Debug: Adding duplicate image handler for 'PNG file'
20:52:33: Debug: Adding duplicate image handler for 'JPEG file'
20:52:33: Debug: Adding duplicate image handler for 'TIFF file'
20:52:33: Debug: Adding duplicate image handler for 'GIF file'
20:52:33: Debug: Adding duplicate image handler for 'PNM file'
20:52:33: Debug: Adding duplicate image handler for 'PCX file'
20:52:33: Debug: Adding duplicate image handler for 'IFF file'
20:52:33: Debug: Adding duplicate image handler for 'Windows icon file'
20:52:33: Debug: Adding duplicate image handler for 'Windows cursor file'
20:52:33: Debug: Adding duplicate image handler for 'Windows animated cursor file'
20:52:33: Debug: Adding duplicate image handler for 'TGA file'
20:52:33: Debug: Adding duplicate image handler for 'XPM file'
20:52:41: Debug: Adding duplicate image handler for 'PNG file'
20:52:41: Debug: Adding duplicate image handler for 'JPEG file'
20:52:41: Debug: Adding duplicate image handler for 'TIFF file'
20:52:41: Debug: Adding duplicate image handler for 'GIF file'
20:52:41: Debug: Adding duplicate image handler for 'PNM file'
20:52:41: Debug: Adding duplicate image handler for 'PCX file'
20:52:41: Debug: Adding duplicate image handler for 'IFF file'
20:52:41: Debug: Adding duplicate image handler for 'Windows icon file'
20:52:41: Debug: Adding duplicate image handler for 'Windows cursor file'
20:52:41: Debug: Adding duplicate image handler for 'Windows animated cursor file'
20:52:41: Debug: Adding duplicate image handler for 'TGA file'
20:52:41: Debug: Adding duplicate image handler for 'XPM file'
20:52:48: Debug: Adding duplicate image handler for 'PNG file'
20:52:48: Debug: Adding duplicate image handler for 'JPEG file'
20:52:48: Debug: Adding duplicate image handler for 'TIFF file'
20:52:48: Debug: Adding duplicate image handler for 'GIF file'
20:52:48: Debug: Adding duplicate image handler for 'PNM file'
20:52:48: Debug: Adding duplicate image handler for 'PCX file'
20:52:48: Debug: Adding duplicate image handler for 'IFF file'
20:52:48: Debug: Adding duplicate image handler for 'Windows icon file'
20:52:48: Debug: Adding duplicate image handler for 'Windows cursor file'
20:52:48: Debug: Adding duplicate image handler for 'Windows animated cursor file'
20:52:48: Debug: Adding duplicate image handler for 'TGA file'
20:52:48: Debug: Adding duplicate image handler for 'XPM file'
20:52:56: Debug: Adding duplicate image handler for 'PNG file'
20:52:56: Debug: Adding duplicate image handler for 'JPEG file'
20:52:56: Debug: Adding duplicate image handler for 'TIFF file'
20:52:56: Debug: Adding duplicate image handler for 'GIF file'
20:52:56: Debug: Adding duplicate image handler for 'PNM file'
20:52:56: Debug: Adding duplicate image handler for 'PCX file'
20:52:56: Debug: Adding duplicate image handler for 'IFF file'
20:52:56: Debug: Adding duplicate image handler for 'Windows icon file'
20:52:56: Debug: Adding duplicate image handler for 'Windows cursor file'
20:52:56: Debug: Adding duplicate image handler for 'Windows animated cursor file'
20:52:56: Debug: Adding duplicate image handler for 'TGA file'
20:52:56: Debug: Adding duplicate image handler for 'XPM file'
20:53:03: Debug: Adding duplicate image handler for 'PNG file'
20:53:03: Debug: Adding duplicate image handler for 'JPEG file'
20:53:03: Debug: Adding duplicate image handler for 'TIFF file'
20:53:03: Debug: Adding duplicate image handler for 'GIF file'
20:53:03: Debug: Adding duplicate image handler for 'PNM file'
20:53:03: Debug: Adding duplicate image handler for 'PCX file'
20:53:03: Debug: Adding duplicate image handler for 'IFF file'
20:53:03: Debug: Adding duplicate image handler for 'Windows icon file'
20:53:03: Debug: Adding duplicate image handler for 'Windows cursor file'
20:53:03: Debug: Adding duplicate image handler for 'Windows animated cursor file'
20:53:03: Debug: Adding duplicate image handler for 'TGA file'
20:53:03: Debug: Adding duplicate image handler for 'XPM file'
20:53:11: Debug: Adding duplicate image handler for 'PNG file'
20:53:11: Debug: Adding duplicate image handler for 'JPEG file'
20:53:11: Debug: Adding duplicate image handler for 'TIFF file'
20:53:11: Debug: Adding duplicate image handler for 'GIF file'
20:53:11: Debug: Adding duplicate image handler for 'PNM file'
20:53:11: Debug: Adding duplicate image handler for 'PCX file'
20:53:11: Debug: Adding duplicate image handler for 'IFF file'
20:53:11: Debug: Adding duplicate image handler for 'Windows icon file'
20:53:11: Debug: Adding duplicate image handler for 'Windows cursor file'
20:53:11: Debug: Adding duplicate image handler for 'Windows animated cursor file'
20:53:11: Debug: Adding duplicate image handler for 'TGA file'
20:53:11: Debug: Adding duplicate image handler for 'XPM file'
20:53:18: Debug: Adding duplicate image handler for 'PNG file'
20:53:18: Debug: Adding duplicate image handler for 'JPEG file'
20:53:18: Debug: Adding duplicate image handler for 'TIFF file'
20:53:18: Debug: Adding duplicate image handler for 'GIF file'
20:53:18: Debug: Adding duplicate image handler for 'PNM file'
20:53:18: Debug: Adding duplicate image handler for 'PCX file'
20:53:18: Debug: Adding duplicate image handler for 'IFF file'
20:53:18: Debug: Adding duplicate image handler for 'Windows icon file'
20:53:18: Debug: Adding duplicate image handler for 'Windows cursor file'
20:53:18: Debug: Adding duplicate image handler for 'Windows animated cursor file'
20:53:18: Debug: Adding duplicate image handler for 'TGA file'
20:53:18: Debug: Adding duplicate image handler for 'XPM file'
20:53:26: Debug: Adding duplicate image handler for 'PNG file'
20:53:26: Debug: Adding duplicate image handler for 'JPEG file'
20:53:26: Debug: Adding duplicate image handler for 'TIFF file'
20:53:26: Debug: Adding duplicate image handler for 'GIF file'
20:53:26: Debug: Adding duplicate image handler for 'PNM file'
20:53:26: Debug: Adding duplicate image handler for 'PCX file'
20:53:26: Debug: Adding duplicate image handler for 'IFF file'
20:53:26: Debug: Adding duplicate image handler for 'Windows icon file'
20:53:26: Debug: Adding duplicate image handler for 'Windows cursor file'
20:53:26: Debug: Adding duplicate image handler for 'Windows animated cursor file'
20:53:26: Debug: Adding duplicate image handler for 'TGA file'
20:53:26: Debug: Adding duplicate image handler for 'XPM file'
20:53:33: Debug: Adding duplicate image handler for 'PNG file'
20:53:33: Debug: Adding duplicate image handler for 'JPEG file'
20:53:33: Debug: Adding duplicate image handler for 'TIFF file'
20:53:33: Debug: Adding duplicate image handler for 'GIF file'
20:53:33: Debug: Adding duplicate image handler for 'PNM file'
20:53:33: Debug: Adding duplicate image handler for 'PCX file'
20:53:33: Debug: Adding duplicate image handler for 'IFF file'
20:53:33: Debug: Adding duplicate image handler for 'Windows icon file'
20:53:33: Debug: Adding duplicate image handler for 'Windows cursor file'
20:53:33: Debug: Adding duplicate image handler for 'Windows animated cursor file'
20:53:33: Debug: Adding duplicate image handler for 'TGA file'
20:53:33: Debug: Adding duplicate image handler for 'XPM file'
20:53:41: Debug: Adding duplicate image handler for 'PNG file'
20:53:41: Debug: Adding duplicate image handler for 'JPEG file'
20:53:41: Debug: Adding duplicate image handler for 'TIFF file'
20:53:41: Debug: Adding duplicate image handler for 'GIF file'
20:53:41: Debug: Adding duplicate image handler for 'PNM file'
20:53:41: Debug: Adding duplicate image handler for 'PCX file'
20:53:41: Debug: Adding duplicate image handler for 'IFF file'
20:53:41: Debug: Adding duplicate image handler for 'Windows icon file'
20:53:41: Debug: Adding duplicate image handler for 'Windows cursor file'
20:53:41: Debug: Adding duplicate image handler for 'Windows animated cursor file'
20:53:41: Debug: Adding duplicate image handler for 'TGA file'
20:53:41: Debug: Adding duplicate image handler for 'XPM file'
20:53:48: Debug: Adding duplicate image handler for 'PNG file'
20:53:48: Debug: Adding duplicate image handler for 'JPEG file'
20:53:48: Debug: Adding duplicate image handler for 'TIFF file'
20:53:48: Debug: Adding duplicate image handler for 'GIF file'
20:53:48: Debug: Adding duplicate image handler for 'PNM file'
20:53:48: Debug: Adding duplicate image handler for 'PCX file'
20:53:48: Debug: Adding duplicate image handler for 'IFF file'
20:53:48: Debug: Adding duplicate image handler for 'Windows icon file'
20:53:48: Debug: Adding duplicate image handler for 'Windows cursor file'
20:53:48: Debug: Adding duplicate image handler for 'Windows animated cursor file'
20:53:48: Debug: Adding duplicate image handler for 'TGA file'
20:53:48: Debug: Adding duplicate image handler for 'XPM file'
20:53:56: Debug: Adding duplicate image handler for 'PNG file'
20:53:56: Debug: Adding duplicate image handler for 'JPEG file'
20:53:56: Debug: Adding duplicate image handler for 'TIFF file'
20:53:56: Debug: Adding duplicate image handler for 'GIF file'
20:53:56: Debug: Adding duplicate image handler for 'PNM file'
20:53:56: Debug: Adding duplicate image handler for 'PCX file'
20:53:56: Debug: Adding duplicate image handler for 'IFF file'
20:53:56: Debug: Adding duplicate image handler for 'Windows icon file'
20:53:56: Debug: Adding duplicate image handler for 'Windows cursor file'
20:53:56: Debug: Adding duplicate image handler for 'Windows animated cursor file'
20:53:56: Debug: Adding duplicate image handler for 'TGA file'
20:53:56: Debug: Adding duplicate image handler for 'XPM file'
20:54:03: Debug: Adding duplicate image handler for 'PNG file'
20:54:03: Debug: Adding duplicate image handler for 'JPEG file'
20:54:03: Debug: Adding duplicate image handler for 'TIFF file'
20:54:03: Debug: Adding duplicate image handler for 'GIF file'
20:54:03: Debug: Adding duplicate image handler for 'PNM file'
20:54:03: Debug: Adding duplicate image handler for 'PCX file'
20:54:03: Debug: Adding duplicate image handler for 'IFF file'
20:54:03: Debug: Adding duplicate image handler for 'Windows icon file'
20:54:03: Debug: Adding duplicate image handler for 'Windows cursor file'
20:54:03: Debug: Adding duplicate image handler for 'Windows animated cursor file'
20:54:03: Debug: Adding duplicate image handler for 'TGA file'
20:54:03: Debug: Adding duplicate image handler for 'XPM file'
20:54:11: Debug: Adding duplicate image handler for 'PNG file'
20:54:11: Debug: Adding duplicate image handler for 'JPEG file'
20:54:11: Debug: Adding duplicate image handler for 'TIFF file'
20:54:11: Debug: Adding duplicate image handler for 'GIF file'
20:54:11: Debug: Adding duplicate image handler for 'PNM file'
20:54:11: Debug: Adding duplicate image handler for 'PCX file'
20:54:11: Debug: Adding duplicate image handler for 'IFF file'
20:54:11: Debug: Adding duplicate image handler for 'Windows icon file'
20:54:11: Debug: Adding duplicate image handler for 'Windows cursor file'
20:54:11: Debug: Adding duplicate image handler for 'Windows animated cursor file'
20:54:11: Debug: Adding duplicate image handler for 'TGA file'
20:54:11: Debug: Adding duplicate image handler for 'XPM file'
20:54:18: Debug: Adding duplicate image handler for 'PNG file'
20:54:18: Debug: Adding duplicate image handler for 'JPEG file'
20:54:18: Debug: Adding duplicate image handler for 'TIFF file'
20:54:18: Debug: Adding duplicate image handler for 'GIF file'
20:54:18: Debug: Adding duplicate image handler for 'PNM file'
20:54:18: Debug: Adding duplicate image handler for 'PCX file'
20:54:18: Debug: Adding duplicate image handler for 'IFF file'
20:54:18: Debug: Adding duplicate image handler for 'Windows icon file'
20:54:18: Debug: Adding duplicate image handler for 'Windows cursor file'
20:54:18: Debug: Adding duplicate image handler for 'Windows animated cursor file'
20:54:18: Debug: Adding duplicate image handler for 'TGA file'
20:54:18: Debug: Adding duplicate image handler for 'XPM file'
20:54:26: Debug: Adding duplicate image handler for 'PNG file'
20:54:26: Debug: Adding duplicate image handler for 'JPEG file'
20:54:26: Debug: Adding duplicate image handler for 'TIFF file'
20:54:26: Debug: Adding duplicate image handler for 'GIF file'
20:54:26: Debug: Adding duplicate image handler for 'PNM file'
20:54:26: Debug: Adding duplicate image handler for 'PCX file'
20:54:26: Debug: Adding duplicate image handler for 'IFF file'
20:54:26: Debug: Adding duplicate image handler for 'Windows icon file'
20:54:26: Debug: Adding duplicate image handler for 'Windows cursor file'
20:54:26: Debug: Adding duplicate image handler for 'Windows animated cursor file'
20:54:26: Debug: Adding duplicate image handler for 'TGA file'
20:54:26: Debug: Adding duplicate image handler for 'XPM file'
20:54:33: Debug: Adding duplicate image handler for 'PNG file'
20:54:33: Debug: Adding duplicate image handler for 'JPEG file'
20:54:33: Debug: Adding duplicate image handler for 'TIFF file'
20:54:33: Debug: Adding duplicate image handler for 'GIF file'
20:54:33: Debug: Adding duplicate image handler for 'PNM file'
20:54:33: Debug: Adding duplicate image handler for 'PCX file'
20:54:33: Debug: Adding duplicate image handler for 'IFF file'
20:54:33: Debug: Adding duplicate image handler for 'Windows icon file'
20:54:33: Debug: Adding duplicate image handler for 'Windows cursor file'
20:54:33: Debug: Adding duplicate image handler for 'Windows animated cursor file'
20:54:33: Debug: Adding duplicate image handler for 'TGA file'
20:54:33: Debug: Adding duplicate image handler for 'XPM file'
