> /usr/bin/python3 placement.py
placement: 14 parts
> /usr/bin/python3 build_board.py
Created P12 board: 14 footprints + 6 M3 holes; outline 160.0 x 92.0 ; rule areas: 
> /usr/bin/python3 set_stackup.py
2-layer stackup: Cu35/FR4 1.53/Cu35 (S1: 35 um); nominal 1.60 mm, mask separate.
> /usr/bin/python3 set_rules.py
Rules: clearance 0.25 / PWR 0.30, track 0.30 (Default) / P3V3 0.50 (3V3_IO) / PWR 1.00 (5V_SYS), vias 0.9/0.4 (ring 0.25); no DRC exclusions.
> /usr/bin/python3 export_dsn.py
P12: DSN exported.
> /usr/bin/python3 prepare_routing.py
Rules: clearance 0.25 / PWR 0.30, track 0.30 (Default) / P3V3 0.50 (3V3_IO) / PWR 1.00 (5V_SYS), vias 0.9/0.4 (ring 0.25); no DRC exclusions.
DSN: 22 keepouts (rule areas + edge strips); pre-routed board frozen.
> /usr/bin/python3 import_routing.py
SES imported; GND planes filled; saved native board.
> /usr/bin/python3 set_rules.py
Rules: clearance 0.25 / PWR 0.30, track 0.30 (Default) / P3V3 0.50 (3V3_IO) / PWR 1.00 (5V_SYS), vias 0.9/0.4 (ring 0.25); no DRC exclusions.
> /usr/bin/python3 cleanup.py --tidy
tidy (unconnected 0 left for the planner):  removed 0 redundant free items [] ; dropped 2 tiny; joined 0 near-miss ends; 0 duplicate, 0 via-on-THT-pad and 0 dead-end items; solid zone connection: none
> /usr/bin/python3 set_rules.py
Rules: clearance 0.25 / PWR 0.30, track 0.30 (Default) / P3V3 0.50 (3V3_IO) / PWR 1.00 (5V_SYS), vias 0.9/0.4 (ring 0.25); no DRC exclusions.
> /usr/bin/python3 stitch.py
GND stitching: 55 grid vias, pour islands {'F.Cu': 6, 'B.Cu': 7} -> {'F.Cu': 6, 'B.Cu': 7} | rescue: 0 vias, pour mm2 {'F.Cu': 12456.6, 'B.Cu': 12617.9} -> {'F.Cu': 12456.6, 'B.Cu': 12617.9} islands {'F.Cu': 6, 'B.Cu': 7} | tied GND clusters: 0 | GND pads not joined to J1.1: none
> /usr/bin/python3 set_rules.py
Rules: clearance 0.25 / PWR 0.30, track 0.30 (Default) / P3V3 0.50 (3V3_IO) / PWR 1.00 (5V_SYS), vias 0.9/0.4 (ring 0.25); no DRC exclusions.
> /usr/bin/python3 complete_routes.py
> /usr/bin/python3 set_rules.py
Rules: clearance 0.25 / PWR 0.30, track 0.30 (Default) / P3V3 0.50 (3V3_IO) / PWR 1.00 (5V_SYS), vias 0.9/0.4 (ring 0.25); no DRC exclusions.
> /usr/bin/python3 stitch.py
GND stitching: 0 grid vias, pour islands {'F.Cu': 6, 'B.Cu': 7} -> {'F.Cu': 6, 'B.Cu': 7} | rescue: 0 vias, pour mm2 {'F.Cu': 12456.6, 'B.Cu': 12617.9} -> {'F.Cu': 12456.6, 'B.Cu': 12617.9} islands {'F.Cu': 6, 'B.Cu': 7} | tied GND clusters: 0 | GND pads not joined to J1.1: none
> /usr/bin/python3 set_rules.py
Rules: clearance 0.25 / PWR 0.30, track 0.30 (Default) / P3V3 0.50 (3V3_IO) / PWR 1.00 (5V_SYS), vias 0.9/0.4 (ring 0.25); no DRC exclusions.
> /usr/bin/kicad-cli pcb drc --format json --severity-all --schematic-parity --all-track-errors --refill-zones -o routing/postroute-drc.json eda/P12.kicad_pcb
routing/postroute-drc.json {'starved_thermal': 4} unconnected 0 parity 0
> /usr/bin/python3 cleanup.py J6.1 J6.3 J8.3 J9.5
 removed 0 redundant free items [] ; dropped 0 tiny; joined 0 near-miss ends; 0 duplicate, 0 via-on-THT-pad and 0 dead-end items; solid zone connection: ['J6.1', 'J6.3', 'J8.3', 'J9.5']
> /usr/bin/python3 set_rules.py
Rules: clearance 0.25 / PWR 0.30, track 0.30 (Default) / P3V3 0.50 (3V3_IO) / PWR 1.00 (5V_SYS), vias 0.9/0.4 (ring 0.25); no DRC exclusions.
> /usr/bin/kicad-cli pcb drc --format json --severity-all --schematic-parity --all-track-errors --refill-zones -o routing/postclean-drc.json eda/P12.kicad_pcb
routing/postclean-drc.json {} unconnected 0 parity 0

20:45:53: Debug: Adding duplicate image handler for 'PNG file'
20:45:53: Debug: Adding duplicate image handler for 'JPEG file'
20:45:53: Debug: Adding duplicate image handler for 'TIFF file'
20:45:53: Debug: Adding duplicate image handler for 'GIF file'
20:45:53: Debug: Adding duplicate image handler for 'PNM file'
20:45:53: Debug: Adding duplicate image handler for 'PCX file'
20:45:53: Debug: Adding duplicate image handler for 'IFF file'
20:45:53: Debug: Adding duplicate image handler for 'Windows icon file'
20:45:53: Debug: Adding duplicate image handler for 'Windows cursor file'
20:45:53: Debug: Adding duplicate image handler for 'Windows animated cursor file'
20:45:53: Debug: Adding duplicate image handler for 'TGA file'
20:45:53: Debug: Adding duplicate image handler for 'XPM file'
20:46:31: Debug: Adding duplicate image handler for 'PNG file'
20:46:31: Debug: Adding duplicate image handler for 'JPEG file'
20:46:31: Debug: Adding duplicate image handler for 'TIFF file'
20:46:31: Debug: Adding duplicate image handler for 'GIF file'
20:46:31: Debug: Adding duplicate image handler for 'PNM file'
20:46:31: Debug: Adding duplicate image handler for 'PCX file'
20:46:31: Debug: Adding duplicate image handler for 'IFF file'
20:46:31: Debug: Adding duplicate image handler for 'Windows icon file'
20:46:31: Debug: Adding duplicate image handler for 'Windows cursor file'
20:46:31: Debug: Adding duplicate image handler for 'Windows animated cursor file'
20:46:31: Debug: Adding duplicate image handler for 'TGA file'
20:46:31: Debug: Adding duplicate image handler for 'XPM file'
20:46:38: Debug: Adding duplicate image handler for 'PNG file'
20:46:38: Debug: Adding duplicate image handler for 'JPEG file'
20:46:38: Debug: Adding duplicate image handler for 'TIFF file'
20:46:38: Debug: Adding duplicate image handler for 'GIF file'
20:46:38: Debug: Adding duplicate image handler for 'PNM file'
20:46:38: Debug: Adding duplicate image handler for 'PCX file'
20:46:38: Debug: Adding duplicate image handler for 'IFF file'
20:46:38: Debug: Adding duplicate image handler for 'Windows icon file'
20:46:38: Debug: Adding duplicate image handler for 'Windows cursor file'
20:46:38: Debug: Adding duplicate image handler for 'Windows animated cursor file'
20:46:38: Debug: Adding duplicate image handler for 'TGA file'
20:46:38: Debug: Adding duplicate image handler for 'XPM file'
