FAIL Fresh native DRC: 0 violations / 0 unconnected / 0 schematic parity (all severities)
PASS 91 parts + 5 mounting holes, nothing else
PASS Every value, footprint ID and pad net equals the exported schematic netlist
PASS 2 copper layers, 1.6 mm board
PASS Both copper layers explicitly 35 um
PASS Closed rectangular outline 160 x 120 mm (P01/P02 format)
PASS Five NPTH 3.2 mm holes: the four P01/P02 corners + H5 (155, 38) next to the DAQ socket; copper keepouts on both layers
PASS No courtyard within 4.5 mm of a mounting-hole centre (screw head + washer)
PASS Explicit DRC rules and net classes active (Default 0.30/0.25, Power 0.60/0.30 for 5V_SYS, 3V3_CORE, 3V3_IO); no DRC exclusions
PASS Every pre-routed (locked) segment and via retained with its width and layer (5V_SYS feed 1.0 mm, decoupling stubs, capacitor GND vias, R4 buffer copper)
PASS Supply nets: branches >= 0.6 mm; locked main feed remains 1.0 mm
PASS M1 Waveshare: two 1x22 rows 22.86 mm apart (J1 row towards the board, J3 row at the left), USB-C end at the top edge (<= 0.5 mm)
FAIL ANTENNA keepout: M1 antenna end + 3 mm sides + 8 mm beyond, both layers, no track / via / pour; no other part inside
PASS J1 DAQ (right-angle 2x8 socket to P05): mating face 0-0.5 mm inside the right edge; H2 and H5 on both sides within 25 mm; key position 2 NC
PASS IDC box headers J2..J8: at an edge (courtyard <= 0.5 mm), long axis along it, odd (signal) row inside, key pin NC (v6.1 keys)
PASS J9 PANELCORE (Mini-Fit Jr 8p) at an edge (<= 0.5 mm), position 6 NC
PASS SD1 Adafruit 4682: card end at a board edge (card tip <= 0.6 mm inside), M2.5 stand-off keepouts r 3 mm around both holes, both layers
PASS J10 LV03 pigtail: 1=5V_SYS 2=GND 3=3V3_IO 4=GND; anchors 12.5 mm from the solder row towards the edge; no copper under the tie band; the test pad under each LV03 pad has its net
PASS 100 nF at every IC: <= 8 mm straight and <= 20 mm routed to the VCC pin (74LVC125 pin 14, MCP23017 pin 9, 74HC139 pin 16, TPS3808 VDD, LVC1G07/1G17 pin 5)
PASS Source termination: <=12 mm straight and <=20 mm routed from buffer
PASS TPS3808 C3 is at VDD 6, not MR 3
PASS R4 reset to P04: U6 (SN74LVC1G17) <= 15 mm from J4.15; U6.4 -> R41 <= 5 mm and R41 -> J4.15 <= 15 mm routed; J4.15 = SUP_N_OUT, U6.2 = SUP_N
PASS Power feed physically terminates on Q1 drain/source and M1
PASS Supply domains (v6.1): every 74LVC125 VCC on 3V3_CORE; 3V3_IO only at J10.3, TP3 and the unused OE# of U14; 3V3_CORE never joins 3V3_IO
PASS GND pours on both layers, island removal on; largest island >= 75 % of each pour; layers stitched by >= 40 GND vias (8 mm grid)
PASS Every visible reference outside other courtyards and nearest to its own part (R41: in its gap between J4 and U12, right below it)
PASS Every board legend outside all courtyards (visible after assembly); the M1 / SD1 module outlines excepted
PASS Connector names DAQ, ILOG, ITEST, SAFE, DIR, SFAULT, TEMP, CAN, PANELCORE, LV03 next to their own connector (<= 4 mm, nearest connector)
PASS KEY n beside every IDC header, in line with its key pin (<= 1.5 mm along the header), <= 3 mm outside the box, nearest to its own header
PASS Operating legends present (USB-C at the edge, antenna keepout, microSD card slot)
28/30 checks

Adding duplicate image handler for 'PNG file'
Adding duplicate image handler for 'JPEG file'
Adding duplicate image handler for 'TIFF file'
Adding duplicate image handler for 'GIF file'
Adding duplicate image handler for 'PNM file'
Adding duplicate image handler for 'PCX file'
Adding duplicate image handler for 'IFF file'
Adding duplicate image handler for 'Windows icon file'
Adding duplicate image handler for 'Windows cursor file'
Adding duplicate image handler for 'Windows animated cursor file'
Adding duplicate image handler for 'TGA file'
Adding duplicate image handler for 'XPM file'
Adding duplicate image handler for 'WebP file'
