OK  null_control -> 0 failing checks
OK  mount_shift -> 1 failing checks
OK  jbp_shift -> 3 failing checks
OK  sv_no_gnd_end -> 3 failing checks
OK  sv_pin_without_resistor -> 3 failing checks
OK  sv_resistor_far -> 2 failing checks
OK  label_missing -> 1 failing checks
OK  label_swap -> 1 failing checks
OK  too_tall -> 1 failing checks
OK  narrow_track -> 2 failing checks
OK  pwr_thin -> 1 failing checks
OK  bottom_soic -> 5 failing checks
OK  dru_present -> 1 failing checks
OK  force_pour_missing -> 3 failing checks
OK  force_thermal -> 2 failing checks
OK  force_narrow -> 1 failing checks
OK  via_in_shunt_pad -> 3 failing checks
OK  under_shunt -> 3 failing checks
OK  kelvin_via -> 1 failing checks
OK  foreign_in_kelvin -> 2 failing checks
OK  anchor_track -> 2 failing checks
OK  part_on_cable -> 4 failing checks
OK  tail_turned -> 5 failing checks
OK  column_swap -> 5 failing checks
OK  r21_near -> 4 failing checks
OK  c5_far -> 2 failing checks
OK  decap_far -> 4 failing checks
OK  gnd_pour_removed -> 2 failing checks
OK  ref_on_part -> 3 failing checks
OK  ref_far -> 3 failing checks
OK  strip_part -> 5 failing checks
OK  mark_missing -> 1 failing checks
OK  zone_copper -> 2 failing checks
OK  title_wrong -> 1 failing checks
34 / 34 negative controls (with the null control)

18:45:07: Debug: Adding duplicate image handler for 'PNG file'
18:45:07: Debug: Adding duplicate image handler for 'JPEG file'
18:45:07: Debug: Adding duplicate image handler for 'TIFF file'
18:45:07: Debug: Adding duplicate image handler for 'GIF file'
18:45:07: Debug: Adding duplicate image handler for 'PNM file'
18:45:07: Debug: Adding duplicate image handler for 'PCX file'
18:45:07: Debug: Adding duplicate image handler for 'IFF file'
18:45:07: Debug: Adding duplicate image handler for 'Windows icon file'
18:45:07: Debug: Adding duplicate image handler for 'Windows cursor file'
18:45:07: Debug: Adding duplicate image handler for 'Windows animated cursor file'
18:45:07: Debug: Adding duplicate image handler for 'TGA file'
18:45:07: Debug: Adding duplicate image handler for 'XPM file'
18:45:15: Debug: Adding duplicate image handler for 'PNG file'
18:45:15: Debug: Adding duplicate image handler for 'JPEG file'
18:45:15: Debug: Adding duplicate image handler for 'TIFF file'
18:45:15: Debug: Adding duplicate image handler for 'GIF file'
18:45:15: Debug: Adding duplicate image handler for 'PNM file'
18:45:15: Debug: Adding duplicate image handler for 'PCX file'
18:45:15: Debug: Adding duplicate image handler for 'IFF file'
18:45:15: Debug: Adding duplicate image handler for 'Windows icon file'
18:45:15: Debug: Adding duplicate image handler for 'Windows cursor file'
18:45:15: Debug: Adding duplicate image handler for 'Windows animated cursor file'
18:45:15: Debug: Adding duplicate image handler for 'TGA file'
18:45:15: Debug: Adding duplicate image handler for 'XPM file'
18:45:24: Debug: Adding duplicate image handler for 'PNG file'
18:45:24: Debug: Adding duplicate image handler for 'JPEG file'
18:45:24: Debug: Adding duplicate image handler for 'TIFF file'
18:45:24: Debug: Adding duplicate image handler for 'GIF file'
18:45:24: Debug: Adding duplicate image handler for 'PNM file'
18:45:24: Debug: Adding duplicate image handler for 'PCX file'
18:45:24: Debug: Adding duplicate image handler for 'IFF file'
18:45:24: Debug: Adding duplicate image handler for 'Windows icon file'
18:45:24: Debug: Adding duplicate image handler for 'Windows cursor file'
18:45:24: Debug: Adding duplicate image handler for 'Windows animated cursor file'
18:45:24: Debug: Adding duplicate image handler for 'TGA file'
18:45:24: Debug: Adding duplicate image handler for 'XPM file'
18:45:33: Debug: Adding duplicate image handler for 'PNG file'
18:45:33: Debug: Adding duplicate image handler for 'JPEG file'
18:45:33: Debug: Adding duplicate image handler for 'TIFF file'
18:45:33: Debug: Adding duplicate image handler for 'GIF file'
18:45:33: Debug: Adding duplicate image handler for 'PNM file'
18:45:33: Debug: Adding duplicate image handler for 'PCX file'
18:45:33: Debug: Adding duplicate image handler for 'IFF file'
18:45:33: Debug: Adding duplicate image handler for 'Windows icon file'
18:45:33: Debug: Adding duplicate image handler for 'Windows cursor file'
18:45:33: Debug: Adding duplicate image handler for 'Windows animated cursor file'
18:45:33: Debug: Adding duplicate image handler for 'TGA file'
18:45:33: Debug: Adding duplicate image handler for 'XPM file'
18:45:41: Debug: Adding duplicate image handler for 'PNG file'
18:45:41: Debug: Adding duplicate image handler for 'JPEG file'
18:45:41: Debug: Adding duplicate image handler for 'TIFF file'
18:45:41: Debug: Adding duplicate image handler for 'GIF file'
18:45:41: Debug: Adding duplicate image handler for 'PNM file'
18:45:41: Debug: Adding duplicate image handler for 'PCX file'
18:45:41: Debug: Adding duplicate image handler for 'IFF file'
18:45:41: Debug: Adding duplicate image handler for 'Windows icon file'
18:45:41: Debug: Adding duplicate image handler for 'Windows cursor file'
18:45:41: Debug: Adding duplicate image handler for 'Windows animated cursor file'
18:45:41: Debug: Adding duplicate image handler for 'TGA file'
18:45:41: Debug: Adding duplicate image handler for 'XPM file'
18:45:50: Debug: Adding duplicate image handler for 'PNG file'
18:45:50: Debug: Adding duplicate image handler for 'JPEG file'
18:45:50: Debug: Adding duplicate image handler for 'TIFF file'
18:45:50: Debug: Adding duplicate image handler for 'GIF file'
18:45:50: Debug: Adding duplicate image handler for 'PNM file'
18:45:50: Debug: Adding duplicate image handler for 'PCX file'
18:45:50: Debug: Adding duplicate image handler for 'IFF file'
18:45:50: Debug: Adding duplicate image handler for 'Windows icon file'
18:45:50: Debug: Adding duplicate image handler for 'Windows cursor file'
18:45:50: Debug: Adding duplicate image handler for 'Windows animated cursor file'
18:45:50: Debug: Adding duplicate image handler for 'TGA file'
18:45:50: Debug: Adding duplicate image handler for 'XPM file'
18:45:59: Debug: Adding duplicate image handler for 'PNG file'
18:45:59: Debug: Adding duplicate image handler for 'JPEG file'
18:45:59: Debug: Adding duplicate image handler for 'TIFF file'
18:45:59: Debug: Adding duplicate image handler for 'GIF file'
18:45:59: Debug: Adding duplicate image handler for 'PNM file'
18:45:59: Debug: Adding duplicate image handler for 'PCX file'
18:45:59: Debug: Adding duplicate image handler for 'IFF file'
18:45:59: Debug: Adding duplicate image handler for 'Windows icon file'
18:45:59: Debug: Adding duplicate image handler for 'Windows cursor file'
18:45:59: Debug: Adding duplicate image handler for 'Windows animated cursor file'
18:45:59: Debug: Adding duplicate image handler for 'TGA file'
18:45:59: Debug: Adding duplicate image handler for 'XPM file'
18:46:08: Debug: Adding duplicate image handler for 'PNG file'
18:46:08: Debug: Adding duplicate image handler for 'JPEG file'
18:46:08: Debug: Adding duplicate image handler for 'TIFF file'
18:46:08: Debug: Adding duplicate image handler for 'GIF file'
18:46:08: Debug: Adding duplicate image handler for 'PNM file'
18:46:08: Debug: Adding duplicate image handler for 'PCX file'
18:46:08: Debug: Adding duplicate image handler for 'IFF file'
18:46:08: Debug: Adding duplicate image handler for 'Windows icon file'
18:46:08: Debug: Adding duplicate image handler for 'Windows cursor file'
18:46:08: Debug: Adding duplicate image handler for 'Windows animated cursor file'
18:46:08: Debug: Adding duplicate image handler for 'TGA file'
18:46:08: Debug: Adding duplicate image handler for 'XPM file'
18:46:17: Debug: Adding duplicate image handler for 'PNG file'
18:46:17: Debug: Adding duplicate image handler for 'JPEG file'
18:46:17: Debug: Adding duplicate image handler for 'TIFF file'
18:46:17: Debug: Adding duplicate image handler for 'GIF file'
18:46:17: Debug: Adding duplicate image handler for 'PNM file'
18:46:17: Debug: Adding duplicate image handler for 'PCX file'
18:46:17: Debug: Adding duplicate image handler for 'IFF file'
18:46:17: Debug: Adding duplicate image handler for 'Windows icon file'
18:46:17: Debug: Adding duplicate image handler for 'Windows cursor file'
18:46:17: Debug: Adding duplicate image handler for 'Windows animated cursor file'
18:46:17: Debug: Adding duplicate image handler for 'TGA file'
18:46:17: Debug: Adding duplicate image handler for 'XPM file'
18:46:26: Debug: Adding duplicate image handler for 'PNG file'
18:46:26: Debug: Adding duplicate image handler for 'JPEG file'
18:46:26: Debug: Adding duplicate image handler for 'TIFF file'
18:46:26: Debug: Adding duplicate image handler for 'GIF file'
18:46:26: Debug: Adding duplicate image handler for 'PNM file'
18:46:26: Debug: Adding duplicate image handler for 'PCX file'
18:46:26: Debug: Adding duplicate image handler for 'IFF file'
18:46:26: Debug: Adding duplicate image handler for 'Windows icon file'
18:46:26: Debug: Adding duplicate image handler for 'Windows cursor file'
18:46:26: Debug: Adding duplicate image handler for 'Windows animated cursor file'
18:46:26: Debug: Adding duplicate image handler for 'TGA file'
18:46:26: Debug: Adding duplicate image handler for 'XPM file'
18:46:34: Debug: Adding duplicate image handler for 'PNG file'
18:46:34: Debug: Adding duplicate image handler for 'JPEG file'
18:46:34: Debug: Adding duplicate image handler for 'TIFF file'
18:46:34: Debug: Adding duplicate image handler for 'GIF file'
18:46:34: Debug: Adding duplicate image handler for 'PNM file'
18:46:34: Debug: Adding duplicate image handler for 'PCX file'
18:46:34: Debug: Adding duplicate image handler for 'IFF file'
18:46:34: Debug: Adding duplicate image handler for 'Windows icon file'
18:46:34: Debug: Adding duplicate image handler for 'Windows cursor file'
18:46:34: Debug: Adding duplicate image handler for 'Windows animated cursor file'
18:46:34: Debug: Adding duplicate image handler for 'TGA file'
18:46:34: Debug: Adding duplicate image handler for 'XPM file'
18:46:43: Debug: Adding duplicate image handler for 'PNG file'
18:46:43: Debug: Adding duplicate image handler for 'JPEG file'
18:46:43: Debug: Adding duplicate image handler for 'TIFF file'
18:46:43: Debug: Adding duplicate image handler for 'GIF file'
18:46:43: Debug: Adding duplicate image handler for 'PNM file'
18:46:43: Debug: Adding duplicate image handler for 'PCX file'
18:46:43: Debug: Adding duplicate image handler for 'IFF file'
18:46:43: Debug: Adding duplicate image handler for 'Windows icon file'
18:46:43: Debug: Adding duplicate image handler for 'Windows cursor file'
18:46:43: Debug: Adding duplicate image handler for 'Windows animated cursor file'
18:46:43: Debug: Adding duplicate image handler for 'TGA file'
18:46:43: Debug: Adding duplicate image handler for 'XPM file'
18:46:52: Debug: Adding duplicate image handler for 'PNG file'
18:46:52: Debug: Adding duplicate image handler for 'JPEG file'
18:46:52: Debug: Adding duplicate image handler for 'TIFF file'
18:46:52: Debug: Adding duplicate image handler for 'GIF file'
18:46:52: Debug: Adding duplicate image handler for 'PNM file'
18:46:52: Debug: Adding duplicate image handler for 'PCX file'
18:46:52: Debug: Adding duplicate image handler for 'IFF file'
18:46:52: Debug: Adding duplicate image handler for 'Windows icon file'
18:46:52: Debug: Adding duplicate image handler for 'Windows cursor file'
18:46:52: Debug: Adding duplicate image handler for 'Windows animated cursor file'
18:46:52: Debug: Adding duplicate image handler for 'TGA file'
18:46:52: Debug: Adding duplicate image handler for 'XPM file'
18:47:01: Debug: Adding duplicate image handler for 'PNG file'
18:47:01: Debug: Adding duplicate image handler for 'JPEG file'
18:47:01: Debug: Adding duplicate image handler for 'TIFF file'
18:47:01: Debug: Adding duplicate image handler for 'GIF file'
18:47:01: Debug: Adding duplicate image handler for 'PNM file'
18:47:01: Debug: Adding duplicate image handler for 'PCX file'
18:47:01: Debug: Adding duplicate image handler for 'IFF file'
18:47:01: Debug: Adding duplicate image handler for 'Windows icon file'
18:47:01: Debug: Adding duplicate image handler for 'Windows cursor file'
18:47:01: Debug: Adding duplicate image handler for 'Windows animated cursor file'
18:47:01: Debug: Adding duplicate image handler for 'TGA file'
18:47:01: Debug: Adding duplicate image handler for 'XPM file'
18:47:09: Debug: Adding duplicate image handler for 'PNG file'
18:47:09: Debug: Adding duplicate image handler for 'JPEG file'
18:47:09: Debug: Adding duplicate image handler for 'TIFF file'
18:47:09: Debug: Adding duplicate image handler for 'GIF file'
18:47:09: Debug: Adding duplicate image handler for 'PNM file'
18:47:09: Debug: Adding duplicate image handler for 'PCX file'
18:47:09: Debug: Adding duplicate image handler for 'IFF file'
18:47:09: Debug: Adding duplicate image handler for 'Windows icon file'
18:47:09: Debug: Adding duplicate image handler for 'Windows cursor file'
18:47:09: Debug: Adding duplicate image handler for 'Windows animated cursor file'
18:47:09: Debug: Adding duplicate image handler for 'TGA file'
18:47:09: Debug: Adding duplicate image handler for 'XPM file'
18:47:18: Debug: Adding duplicate image handler for 'PNG file'
18:47:18: Debug: Adding duplicate image handler for 'JPEG file'
18:47:18: Debug: Adding duplicate image handler for 'TIFF file'
18:47:18: Debug: Adding duplicate image handler for 'GIF file'
18:47:18: Debug: Adding duplicate image handler for 'PNM file'
18:47:18: Debug: Adding duplicate image handler for 'PCX file'
18:47:18: Debug: Adding duplicate image handler for 'IFF file'
18:47:18: Debug: Adding duplicate image handler for 'Windows icon file'
18:47:18: Debug: Adding duplicate image handler for 'Windows cursor file'
18:47:18: Debug: Adding duplicate image handler for 'Windows animated cursor file'
18:47:18: Debug: Adding duplicate image handler for 'TGA file'
18:47:18: Debug: Adding duplicate image handler for 'XPM file'
18:47:27: Debug: Adding duplicate image handler for 'PNG file'
18:47:27: Debug: Adding duplicate image handler for 'JPEG file'
18:47:27: Debug: Adding duplicate image handler for 'TIFF file'
18:47:27: Debug: Adding duplicate image handler for 'GIF file'
18:47:27: Debug: Adding duplicate image handler for 'PNM file'
18:47:27: Debug: Adding duplicate image handler for 'PCX file'
18:47:27: Debug: Adding duplicate image handler for 'IFF file'
18:47:27: Debug: Adding duplicate image handler for 'Windows icon file'
18:47:27: Debug: Adding duplicate image handler for 'Windows cursor file'
18:47:27: Debug: Adding duplicate image handler for 'Windows animated cursor file'
18:47:27: Debug: Adding duplicate image handler for 'TGA file'
18:47:27: Debug: Adding duplicate image handler for 'XPM file'
18:47:36: Debug: Adding duplicate image handler for 'PNG file'
18:47:36: Debug: Adding duplicate image handler for 'JPEG file'
18:47:36: Debug: Adding duplicate image handler for 'TIFF file'
18:47:36: Debug: Adding duplicate image handler for 'GIF file'
18:47:36: Debug: Adding duplicate image handler for 'PNM file'
18:47:36: Debug: Adding duplicate image handler for 'PCX file'
18:47:36: Debug: Adding duplicate image handler for 'IFF file'
18:47:36: Debug: Adding duplicate image handler for 'Windows icon file'
18:47:36: Debug: Adding duplicate image handler for 'Windows cursor file'
18:47:36: Debug: Adding duplicate image handler for 'Windows animated cursor file'
18:47:36: Debug: Adding duplicate image handler for 'TGA file'
18:47:36: Debug: Adding duplicate image handler for 'XPM file'
18:47:44: Debug: Adding duplicate image handler for 'PNG file'
18:47:44: Debug: Adding duplicate image handler for 'JPEG file'
18:47:44: Debug: Adding duplicate image handler for 'TIFF file'
18:47:44: Debug: Adding duplicate image handler for 'GIF file'
18:47:44: Debug: Adding duplicate image handler for 'PNM file'
18:47:44: Debug: Adding duplicate image handler for 'PCX file'
18:47:44: Debug: Adding duplicate image handler for 'IFF file'
18:47:44: Debug: Adding duplicate image handler for 'Windows icon file'
18:47:44: Debug: Adding duplicate image handler for 'Windows cursor file'
18:47:44: Debug: Adding duplicate image handler for 'Windows animated cursor file'
18:47:44: Debug: Adding duplicate image handler for 'TGA file'
18:47:44: Debug: Adding duplicate image handler for 'XPM file'
18:47:53: Debug: Adding duplicate image handler for 'PNG file'
18:47:53: Debug: Adding duplicate image handler for 'JPEG file'
18:47:53: Debug: Adding duplicate image handler for 'TIFF file'
18:47:53: Debug: Adding duplicate image handler for 'GIF file'
18:47:53: Debug: Adding duplicate image handler for 'PNM file'
18:47:53: Debug: Adding duplicate image handler for 'PCX file'
18:47:53: Debug: Adding duplicate image handler for 'IFF file'
18:47:53: Debug: Adding duplicate image handler for 'Windows icon file'
18:47:53: Debug: Adding duplicate image handler for 'Windows cursor file'
18:47:53: Debug: Adding duplicate image handler for 'Windows animated cursor file'
18:47:53: Debug: Adding duplicate image handler for 'TGA file'
18:47:53: Debug: Adding duplicate image handler for 'XPM file'
18:48:02: Debug: Adding duplicate image handler for 'PNG file'
18:48:02: Debug: Adding duplicate image handler for 'JPEG file'
18:48:02: Debug: Adding duplicate image handler for 'TIFF file'
18:48:02: Debug: Adding duplicate image handler for 'GIF file'
18:48:02: Debug: Adding duplicate image handler for 'PNM file'
18:48:02: Debug: Adding duplicate image handler for 'PCX file'
18:48:02: Debug: Adding duplicate image handler for 'IFF file'
18:48:02: Debug: Adding duplicate image handler for 'Windows icon file'
18:48:02: Debug: Adding duplicate image handler for 'Windows cursor file'
18:48:02: Debug: Adding duplicate image handler for 'Windows animated cursor file'
18:48:02: Debug: Adding duplicate image handler for 'TGA file'
18:48:02: Debug: Adding duplicate image handler for 'XPM file'
18:48:11: Debug: Adding duplicate image handler for 'PNG file'
18:48:11: Debug: Adding duplicate image handler for 'JPEG file'
18:48:11: Debug: Adding duplicate image handler for 'TIFF file'
18:48:11: Debug: Adding duplicate image handler for 'GIF file'
18:48:11: Debug: Adding duplicate image handler for 'PNM file'
18:48:11: Debug: Adding duplicate image handler for 'PCX file'
18:48:11: Debug: Adding duplicate image handler for 'IFF file'
18:48:11: Debug: Adding duplicate image handler for 'Windows icon file'
18:48:11: Debug: Adding duplicate image handler for 'Windows cursor file'
18:48:11: Debug: Adding duplicate image handler for 'Windows animated cursor file'
18:48:11: Debug: Adding duplicate image handler for 'TGA file'
18:48:11: Debug: Adding duplicate image handler for 'XPM file'
18:48:20: Debug: Adding duplicate image handler for 'PNG file'
18:48:20: Debug: Adding duplicate image handler for 'JPEG file'
18:48:20: Debug: Adding duplicate image handler for 'TIFF file'
18:48:20: Debug: Adding duplicate image handler for 'GIF file'
18:48:20: Debug: Adding duplicate image handler for 'PNM file'
18:48:20: Debug: Adding duplicate image handler for 'PCX file'
18:48:20: Debug: Adding duplicate image handler for 'IFF file'
18:48:20: Debug: Adding duplicate image handler for 'Windows icon file'
18:48:20: Debug: Adding duplicate image handler for 'Windows cursor file'
18:48:20: Debug: Adding duplicate image handler for 'Windows animated cursor file'
18:48:20: Debug: Adding duplicate image handler for 'TGA file'
18:48:20: Debug: Adding duplicate image handler for 'XPM file'
18:48:28: Debug: Adding duplicate image handler for 'PNG file'
18:48:28: Debug: Adding duplicate image handler for 'JPEG file'
18:48:28: Debug: Adding duplicate image handler for 'TIFF file'
18:48:28: Debug: Adding duplicate image handler for 'GIF file'
18:48:28: Debug: Adding duplicate image handler for 'PNM file'
18:48:28: Debug: Adding duplicate image handler for 'PCX file'
18:48:28: Debug: Adding duplicate image handler for 'IFF file'
18:48:28: Debug: Adding duplicate image handler for 'Windows icon file'
18:48:28: Debug: Adding duplicate image handler for 'Windows cursor file'
18:48:28: Debug: Adding duplicate image handler for 'Windows animated cursor file'
18:48:28: Debug: Adding duplicate image handler for 'TGA file'
18:48:28: Debug: Adding duplicate image handler for 'XPM file'
18:48:37: Debug: Adding duplicate image handler for 'PNG file'
18:48:37: Debug: Adding duplicate image handler for 'JPEG file'
18:48:37: Debug: Adding duplicate image handler for 'TIFF file'
18:48:37: Debug: Adding duplicate image handler for 'GIF file'
18:48:37: Debug: Adding duplicate image handler for 'PNM file'
18:48:37: Debug: Adding duplicate image handler for 'PCX file'
18:48:37: Debug: Adding duplicate image handler for 'IFF file'
18:48:37: Debug: Adding duplicate image handler for 'Windows icon file'
18:48:37: Debug: Adding duplicate image handler for 'Windows cursor file'
18:48:37: Debug: Adding duplicate image handler for 'Windows animated cursor file'
18:48:37: Debug: Adding duplicate image handler for 'TGA file'
18:48:37: Debug: Adding duplicate image handler for 'XPM file'
18:48:46: Debug: Adding duplicate image handler for 'PNG file'
18:48:46: Debug: Adding duplicate image handler for 'JPEG file'
18:48:46: Debug: Adding duplicate image handler for 'TIFF file'
18:48:46: Debug: Adding duplicate image handler for 'GIF file'
18:48:46: Debug: Adding duplicate image handler for 'PNM file'
18:48:46: Debug: Adding duplicate image handler for 'PCX file'
18:48:46: Debug: Adding duplicate image handler for 'IFF file'
18:48:46: Debug: Adding duplicate image handler for 'Windows icon file'
18:48:46: Debug: Adding duplicate image handler for 'Windows cursor file'
18:48:46: Debug: Adding duplicate image handler for 'Windows animated cursor file'
18:48:46: Debug: Adding duplicate image handler for 'TGA file'
18:48:46: Debug: Adding duplicate image handler for 'XPM file'
18:48:55: Debug: Adding duplicate image handler for 'PNG file'
18:48:55: Debug: Adding duplicate image handler for 'JPEG file'
18:48:55: Debug: Adding duplicate image handler for 'TIFF file'
18:48:55: Debug: Adding duplicate image handler for 'GIF file'
18:48:55: Debug: Adding duplicate image handler for 'PNM file'
18:48:55: Debug: Adding duplicate image handler for 'PCX file'
18:48:55: Debug: Adding duplicate image handler for 'IFF file'
18:48:55: Debug: Adding duplicate image handler for 'Windows icon file'
18:48:55: Debug: Adding duplicate image handler for 'Windows cursor file'
18:48:55: Debug: Adding duplicate image handler for 'Windows animated cursor file'
18:48:55: Debug: Adding duplicate image handler for 'TGA file'
18:48:55: Debug: Adding duplicate image handler for 'XPM file'
18:49:03: Debug: Adding duplicate image handler for 'PNG file'
18:49:03: Debug: Adding duplicate image handler for 'JPEG file'
18:49:03: Debug: Adding duplicate image handler for 'TIFF file'
18:49:03: Debug: Adding duplicate image handler for 'GIF file'
18:49:03: Debug: Adding duplicate image handler for 'PNM file'
18:49:03: Debug: Adding duplicate image handler for 'PCX file'
18:49:03: Debug: Adding duplicate image handler for 'IFF file'
18:49:03: Debug: Adding duplicate image handler for 'Windows icon file'
18:49:03: Debug: Adding duplicate image handler for 'Windows cursor file'
18:49:03: Debug: Adding duplicate image handler for 'Windows animated cursor file'
18:49:03: Debug: Adding duplicate image handler for 'TGA file'
18:49:03: Debug: Adding duplicate image handler for 'XPM file'
18:49:12: Debug: Adding duplicate image handler for 'PNG file'
18:49:12: Debug: Adding duplicate image handler for 'JPEG file'
18:49:12: Debug: Adding duplicate image handler for 'TIFF file'
18:49:12: Debug: Adding duplicate image handler for 'GIF file'
18:49:12: Debug: Adding duplicate image handler for 'PNM file'
18:49:12: Debug: Adding duplicate image handler for 'PCX file'
18:49:12: Debug: Adding duplicate image handler for 'IFF file'
18:49:12: Debug: Adding duplicate image handler for 'Windows icon file'
18:49:12: Debug: Adding duplicate image handler for 'Windows cursor file'
18:49:12: Debug: Adding duplicate image handler for 'Windows animated cursor file'
18:49:12: Debug: Adding duplicate image handler for 'TGA file'
18:49:12: Debug: Adding duplicate image handler for 'XPM file'
18:49:21: Debug: Adding duplicate image handler for 'PNG file'
18:49:21: Debug: Adding duplicate image handler for 'JPEG file'
18:49:21: Debug: Adding duplicate image handler for 'TIFF file'
18:49:21: Debug: Adding duplicate image handler for 'GIF file'
18:49:21: Debug: Adding duplicate image handler for 'PNM file'
18:49:21: Debug: Adding duplicate image handler for 'PCX file'
18:49:21: Debug: Adding duplicate image handler for 'IFF file'
18:49:21: Debug: Adding duplicate image handler for 'Windows icon file'
18:49:21: Debug: Adding duplicate image handler for 'Windows cursor file'
18:49:21: Debug: Adding duplicate image handler for 'Windows animated cursor file'
18:49:21: Debug: Adding duplicate image handler for 'TGA file'
18:49:21: Debug: Adding duplicate image handler for 'XPM file'
18:49:30: Debug: Adding duplicate image handler for 'PNG file'
18:49:30: Debug: Adding duplicate image handler for 'JPEG file'
18:49:30: Debug: Adding duplicate image handler for 'TIFF file'
18:49:30: Debug: Adding duplicate image handler for 'GIF file'
18:49:30: Debug: Adding duplicate image handler for 'PNM file'
18:49:30: Debug: Adding duplicate image handler for 'PCX file'
18:49:30: Debug: Adding duplicate image handler for 'IFF file'
18:49:30: Debug: Adding duplicate image handler for 'Windows icon file'
18:49:30: Debug: Adding duplicate image handler for 'Windows cursor file'
18:49:30: Debug: Adding duplicate image handler for 'Windows animated cursor file'
18:49:30: Debug: Adding duplicate image handler for 'TGA file'
18:49:30: Debug: Adding duplicate image handler for 'XPM file'
18:49:38: Debug: Adding duplicate image handler for 'PNG file'
18:49:38: Debug: Adding duplicate image handler for 'JPEG file'
18:49:38: Debug: Adding duplicate image handler for 'TIFF file'
18:49:38: Debug: Adding duplicate image handler for 'GIF file'
18:49:38: Debug: Adding duplicate image handler for 'PNM file'
18:49:38: Debug: Adding duplicate image handler for 'PCX file'
18:49:38: Debug: Adding duplicate image handler for 'IFF file'
18:49:38: Debug: Adding duplicate image handler for 'Windows icon file'
18:49:38: Debug: Adding duplicate image handler for 'Windows cursor file'
18:49:38: Debug: Adding duplicate image handler for 'Windows animated cursor file'
18:49:38: Debug: Adding duplicate image handler for 'TGA file'
18:49:38: Debug: Adding duplicate image handler for 'XPM file'
18:49:47: Debug: Adding duplicate image handler for 'PNG file'
18:49:47: Debug: Adding duplicate image handler for 'JPEG file'
18:49:47: Debug: Adding duplicate image handler for 'TIFF file'
18:49:47: Debug: Adding duplicate image handler for 'GIF file'
18:49:47: Debug: Adding duplicate image handler for 'PNM file'
18:49:47: Debug: Adding duplicate image handler for 'PCX file'
18:49:47: Debug: Adding duplicate image handler for 'IFF file'
18:49:47: Debug: Adding duplicate image handler for 'Windows icon file'
18:49:47: Debug: Adding duplicate image handler for 'Windows cursor file'
18:49:47: Debug: Adding duplicate image handler for 'Windows animated cursor file'
18:49:47: Debug: Adding duplicate image handler for 'TGA file'
18:49:47: Debug: Adding duplicate image handler for 'XPM file'
