> /usr/bin/python3 build_board.py
Created P06 board: 73 footprints + 8 M3 holes; outline 106.5 x 100.0 ; rule areas: J3 support 1, J3 support 2, J4 support 1, J4 support 2, J5 support 1, J5 support 2
> /usr/bin/python3 set_stackup.py
2-layer stackup: Cu35/FR4 1.53/Cu35 (S1: 35 um); nominal 1.60 mm, mask separate.
> /usr/bin/python3 set_rules.py
Rules: clearance 0.25 / PWR 0.30, track 0.30 (Default) / CORE3V3 0.30 / PWR 0.60, vias 0.9/0.4 (ring 0.25); no DRC exclusions.
> /usr/bin/python3 route_critical.py
P06: force pours ECU_P1 / EGR_P1 (both layers), Kelvin pair and the B.Cu rule area under RSH1 locked (34 items); DSN exported.
> /usr/bin/python3 fanout_gnd.py
GND fan-out: 2 SOIC bars, 1 stubs, 7 vias; failed: ['J_BP.7 comb', 'J_BP.9 comb', 'J_BP.11 comb']; longest stubs: [('U1.2', 1.58)]; DSN exported again.
> /usr/bin/python3 prepare_routing.py
Rules: clearance 0.25 / PWR 0.30, track 0.30 (Default) / CORE3V3 0.30 / PWR 0.60, vias 0.9/0.4 (ring 0.25); no DRC exclusions.
DSN: 4 force pours as keepouts; 58 keepouts in all; pins removed from 6 nets; pre-routed board frozen.
> /usr/bin/python3 import_routing.py
SES imported; GND planes filled; saved native board.
> /usr/bin/python3 set_rules.py
Rules: clearance 0.25 / PWR 0.30, track 0.30 (Default) / CORE3V3 0.30 / PWR 0.60, vias 0.9/0.4 (ring 0.25); no DRC exclusions.
> /usr/bin/python3 cleanup.py --tidy
tidy (unconnected 1 left for the planner):  removed 0 redundant free items [] ; dropped 6 tiny; joined 1 near-miss ends; 0 duplicate, 0 via-on-THT-pad and 0 dead-end items; solid zone connection: none
> /usr/bin/python3 set_rules.py
Rules: clearance 0.25 / PWR 0.30, track 0.30 (Default) / CORE3V3 0.30 / PWR 0.60, vias 0.9/0.4 (ring 0.25); no DRC exclusions.
> /usr/bin/python3 check_intrusion.py
foreign router copper at RSH1 / Kelvin pair: 0 []
> /usr/bin/python3 stitch.py
GND stitching: 33 grid vias, pour islands {'F.Cu': 17, 'B.Cu': 12} -> {'F.Cu': 17, 'B.Cu': 12} | rescue: 4 vias, pour mm2 {'F.Cu': 6982.9, 'B.Cu': 7758.6} -> {'F.Cu': 7115.6, 'B.Cu': 7758.6} islands {'F.Cu': 21, 'B.Cu': 12} | tied GND clusters: 1 | GND pads not joined to J_BP.1: none
> /usr/bin/python3 set_rules.py
Rules: clearance 0.25 / PWR 0.30, track 0.30 (Default) / CORE3V3 0.30 / PWR 0.60, vias 0.9/0.4 (ring 0.25); no DRC exclusions.
> /usr/bin/python3 complete_routes.py
> /usr/bin/python3 set_rules.py
Rules: clearance 0.25 / PWR 0.30, track 0.30 (Default) / CORE3V3 0.30 / PWR 0.60, vias 0.9/0.4 (ring 0.25); no DRC exclusions.
> /usr/bin/python3 stitch.py
GND stitching: 0 grid vias, pour islands {'F.Cu': 21, 'B.Cu': 12} -> {'F.Cu': 21, 'B.Cu': 12} | rescue: 0 vias, pour mm2 {'F.Cu': 7115.6, 'B.Cu': 7758.6} -> {'F.Cu': 7115.6, 'B.Cu': 7758.6} islands {'F.Cu': 21, 'B.Cu': 12} | tied GND clusters: 0 | GND pads not joined to J_BP.1: none
> /usr/bin/python3 set_rules.py
Rules: clearance 0.25 / PWR 0.30, track 0.30 (Default) / CORE3V3 0.30 / PWR 0.60, vias 0.9/0.4 (ring 0.25); no DRC exclusions.
> /usr/bin/kicad-cli pcb drc --format json --severity-all --schematic-parity --all-track-errors --refill-zones -o routing/postroute-drc.json eda/P06.kicad_pcb
routing/postroute-drc.json {'starved_thermal': 2, 'silk_edge_clearance': 63, 'silk_over_copper': 17, 'silk_overlap': 8} unconnected 0 parity 0
> /usr/bin/python3 cleanup.py J_BP.3 U7.7
 removed 0 redundant free items [] ; dropped 0 tiny; joined 0 near-miss ends; 0 duplicate, 0 via-on-THT-pad and 0 dead-end items; solid zone connection: ['J_BP.3', 'U7.7']
> /usr/bin/python3 set_rules.py
Rules: clearance 0.25 / PWR 0.30, track 0.30 (Default) / CORE3V3 0.30 / PWR 0.60, vias 0.9/0.4 (ring 0.25); no DRC exclusions.
> /usr/bin/kicad-cli pcb drc --format json --severity-all --schematic-parity --all-track-errors --refill-zones -o routing/postclean-drc.json eda/P06.kicad_pcb
routing/postclean-drc.json {'silk_edge_clearance': 63, 'silk_over_copper': 17, 'silk_overlap': 8} unconnected 0 parity 0
> /usr/bin/python3 trim_stubs.py
trimmed: 0 unused track pieces removed, 0 shortened; unconnected 0 -> 0
> /usr/bin/python3 set_rules.py
Rules: clearance 0.25 / PWR 0.30, track 0.30 (Default) / CORE3V3 0.30 / PWR 0.60, vias 0.9/0.4 (ring 0.25); no DRC exclusions.
> /usr/bin/kicad-cli pcb drc --format json --severity-all --schematic-parity --all-track-errors --refill-zones -o routing/postclean-drc.json eda/P06.kicad_pcb
routing/postclean-drc.json {'silk_edge_clearance': 63, 'silk_over_copper': 17, 'silk_overlap': 8} unconnected 0 parity 0

18:43:44: Debug: Adding duplicate image handler for 'PNG file'
18:43:44: Debug: Adding duplicate image handler for 'JPEG file'
18:43:44: Debug: Adding duplicate image handler for 'TIFF file'
18:43:44: Debug: Adding duplicate image handler for 'GIF file'
18:43:44: Debug: Adding duplicate image handler for 'PNM file'
18:43:44: Debug: Adding duplicate image handler for 'PCX file'
18:43:44: Debug: Adding duplicate image handler for 'IFF file'
18:43:44: Debug: Adding duplicate image handler for 'Windows icon file'
18:43:44: Debug: Adding duplicate image handler for 'Windows cursor file'
18:43:44: Debug: Adding duplicate image handler for 'Windows animated cursor file'
18:43:44: Debug: Adding duplicate image handler for 'TGA file'
18:43:44: Debug: Adding duplicate image handler for 'XPM file'
18:44:26: Debug: Adding duplicate image handler for 'PNG file'
18:44:26: Debug: Adding duplicate image handler for 'JPEG file'
18:44:26: Debug: Adding duplicate image handler for 'TIFF file'
18:44:26: Debug: Adding duplicate image handler for 'GIF file'
18:44:26: Debug: Adding duplicate image handler for 'PNM file'
18:44:26: Debug: Adding duplicate image handler for 'PCX file'
18:44:26: Debug: Adding duplicate image handler for 'IFF file'
18:44:26: Debug: Adding duplicate image handler for 'Windows icon file'
18:44:26: Debug: Adding duplicate image handler for 'Windows cursor file'
18:44:26: Debug: Adding duplicate image handler for 'Windows animated cursor file'
18:44:26: Debug: Adding duplicate image handler for 'TGA file'
18:44:26: Debug: Adding duplicate image handler for 'XPM file'
18:44:33: Debug: Adding duplicate image handler for 'PNG file'
18:44:33: Debug: Adding duplicate image handler for 'JPEG file'
18:44:33: Debug: Adding duplicate image handler for 'TIFF file'
18:44:33: Debug: Adding duplicate image handler for 'GIF file'
18:44:33: Debug: Adding duplicate image handler for 'PNM file'
18:44:33: Debug: Adding duplicate image handler for 'PCX file'
18:44:33: Debug: Adding duplicate image handler for 'IFF file'
18:44:33: Debug: Adding duplicate image handler for 'Windows icon file'
18:44:33: Debug: Adding duplicate image handler for 'Windows cursor file'
18:44:33: Debug: Adding duplicate image handler for 'Windows animated cursor file'
18:44:33: Debug: Adding duplicate image handler for 'TGA file'
18:44:33: Debug: Adding duplicate image handler for 'XPM file'
18:44:34: Debug: Adding duplicate image handler for 'PNG file'
18:44:34: Debug: Adding duplicate image handler for 'JPEG file'
18:44:34: Debug: Adding duplicate image handler for 'TIFF file'
18:44:34: Debug: Adding duplicate image handler for 'GIF file'
18:44:34: Debug: Adding duplicate image handler for 'PNM file'
18:44:34: Debug: Adding duplicate image handler for 'PCX file'
18:44:34: Debug: Adding duplicate image handler for 'IFF file'
18:44:34: Debug: Adding duplicate image handler for 'Windows icon file'
18:44:34: Debug: Adding duplicate image handler for 'Windows cursor file'
18:44:34: Debug: Adding duplicate image handler for 'Windows animated cursor file'
18:44:34: Debug: Adding duplicate image handler for 'TGA file'
18:44:34: Debug: Adding duplicate image handler for 'XPM file'
