2026-10-04T18:32:34.323674172Z main ERROR Could not determine local host name java.net.UnknownHostException: 16e5ec327989: 16e5ec327989: Temporary failure in name resolution
	at java.base/java.net.InetAddress.getLocalHost(InetAddress.java:1936)
	at org.apache.logging.log4j.core.util.NetUtils.getHostname(NetUtils.java:71)
	at org.apache.logging.log4j.core.util.NetUtils.getLocalHostname(NetUtils.java:56)
	at org.apache.logging.log4j.core.LoggerContext.lambda$setConfiguration$2(LoggerContext.java:667)
	at java.base/java.util.concurrent.ConcurrentHashMap.computeIfAbsent(ConcurrentHashMap.java:1708)
	at org.apache.logging.log4j.core.LoggerContext.setConfiguration(LoggerContext.java:667)
	at org.apache.logging.log4j.core.LoggerContext.reconfigure(LoggerContext.java:762)
	at org.apache.logging.log4j.core.LoggerContext.reconfigure(LoggerContext.java:784)
	at org.apache.logging.log4j.core.LoggerContext.start(LoggerContext.java:300)
	at org.apache.logging.log4j.core.impl.Log4jContextFactory.getContext(Log4jContextFactory.java:153)
	at org.apache.logging.log4j.core.impl.Log4jContextFactory.getContext(Log4jContextFactory.java:46)
	at org.apache.logging.log4j.LogManager.getContext(LogManager.java:138)
	at org.apache.logging.log4j.LogManager.getLogger(LogManager.java:555)
	at app.freerouting.logger.FRLogger.traceEntry(FRLogger.java:96)
	at app.freerouting.Freerouting.main(Freerouting.java:51)
Caused by: java.net.UnknownHostException: 16e5ec327989: Temporary failure in name resolution
	at java.base/java.net.Inet6AddressImpl.lookupAllHostAddr(Native Method)
	at java.base/java.net.Inet6AddressImpl.lookupAllHostAddr(Inet6AddressImpl.java:52)
	at java.base/java.net.InetAddress$PlatformResolver.lookupByName(InetAddress.java:1211)
	at java.base/java.net.InetAddress.getAddressesFromNameService(InetAddress.java:1828)
	at java.base/java.net.InetAddress$NameServiceAddresses.get(InetAddress.java:1139)
	at java.base/java.net.InetAddress.getAllByName0(InetAddress.java:1818)
	at java.base/java.net.InetAddress.getLocalHost(InetAddress.java:1931)
	... 14 more

2026-10-04T18:32:34.390872279Z main ERROR Could not determine local host name java.net.UnknownHostException: 16e5ec327989: 16e5ec327989: Temporary failure in name resolution
	at java.base/java.net.InetAddress.getLocalHost(InetAddress.java:1936)
	at org.apache.logging.log4j.core.util.NetUtils.getHostname(NetUtils.java:71)
	at org.apache.logging.log4j.core.util.NetUtils.getLocalHostname(NetUtils.java:56)
	at org.apache.logging.log4j.core.LoggerContext.lambda$setConfiguration$2(LoggerContext.java:667)
	at java.base/java.util.concurrent.ConcurrentHashMap.computeIfAbsent(ConcurrentHashMap.java:1708)
	at org.apache.logging.log4j.core.LoggerContext.setConfiguration(LoggerContext.java:667)
	at org.apache.logging.log4j.core.LoggerContext.reconfigure(LoggerContext.java:762)
	at org.apache.logging.log4j.core.LoggerContext.reconfigure(LoggerContext.java:784)
	at org.apache.logging.log4j.core.LoggerContext.start(LoggerContext.java:300)
	at org.apache.logging.log4j.core.impl.Log4jContextFactory.getContext(Log4jContextFactory.java:257)
	at org.apache.logging.log4j.core.impl.Log4jContextFactory.getContext(Log4jContextFactory.java:46)
	at org.apache.logging.log4j.LogManager.getContext(LogManager.java:118)
	at app.freerouting.logger.FRLogger.changeFileLogLocation(FRLogger.java:379)
	at app.freerouting.settings.GlobalSettings.setUserDataPath(GlobalSettings.java:110)
	at app.freerouting.Freerouting.main(Freerouting.java:92)
Caused by: java.net.UnknownHostException: 16e5ec327989: Temporary failure in name resolution
	at java.base/java.net.Inet6AddressImpl.lookupAllHostAddr(Native Method)
	at java.base/java.net.Inet6AddressImpl.lookupAllHostAddr(Inet6AddressImpl.java:52)
	at java.base/java.net.InetAddress$PlatformResolver.lookupByName(InetAddress.java:1211)
	at java.base/java.net.InetAddress.getAddressesFromNameService(InetAddress.java:1828)
	at java.base/java.net.InetAddress$NameServiceAddresses.get(InetAddress.java:1139)
	at java.base/java.net.InetAddress.getAllByName0(InetAddress.java:1818)
	at java.base/java.net.InetAddress.getLocalHost(InetAddress.java:1931)
	... 14 more

2026-10-04 20:32:34.494 INFO   Freerouting v2.1.0 (build-date: 2025-04-12)
java.util.concurrent.CompletionException: java.net.ConnectException
	at java.base/java.util.concurrent.CompletableFuture.encodeRelay(CompletableFuture.java:368)
	at java.base/java.util.concurrent.CompletableFuture.uniComposeStage(CompletableFuture.java:1189)
	at java.base/java.util.concurrent.CompletableFuture.thenCompose(CompletableFuture.java:2341)
	at java.net.http/jdk.internal.net.http.MultiExchange.responseAsyncImpl(MultiExchange.java:481)
	at java.net.http/jdk.internal.net.http.MultiExchange.lambda$responseAsyncImpl$7(MultiExchange.java:477)
	at java.base/java.util.concurrent.CompletableFuture.uniHandle(CompletableFuture.java:934)
	at java.base/java.util.concurrent.CompletableFuture.uniHandleStage(CompletableFuture.java:950)
	at java.base/java.util.concurrent.CompletableFuture.handle(CompletableFuture.java:2372)
	at java.net.http/jdk.internal.net.http.MultiExchange.responseAsyncImpl(MultiExchange.java:467)
	at java.net.http/jdk.internal.net.http.MultiExchange.lambda$responseAsync0$2(MultiExchange.java:355)
	at java.base/java.util.concurrent.CompletableFuture$UniCompose.tryFire(CompletableFuture.java:1150)
	at java.base/java.util.concurrent.CompletableFuture.postComplete(CompletableFuture.java:510)
	at java.base/java.util.concurrent.CompletableFuture$AsyncSupply.run(CompletableFuture.java:1773)
	at java.base/java.util.concurrent.ThreadPoolExecutor.runWorker(ThreadPoolExecutor.java:1144)
	at java.base/java.util.concurrent.ThreadPoolExecutor$Worker.run(ThreadPoolExecutor.java:642)
	at java.base/java.lang.Thread.run(Thread.java:1583)
Caused by: java.net.ConnectException
	at java.net.http/jdk.internal.net.http.common.Utils.toConnectException(Utils.java:1065)
	at java.net.http/jdk.internal.net.http.PlainHttpConnection.connectAsync(PlainHttpConnection.java:227)
	at java.net.http/jdk.internal.net.http.AsyncSSLConnection.connectAsync(AsyncSSLConnection.java:56)
	at java.net.http/jdk.internal.net.http.Http2Connection.createAsync(Http2Connection.java:529)
	at java.net.http/jdk.internal.net.http.Http2ClientImpl.getConnectionFor(Http2ClientImpl.java:140)
	at java.net.http/jdk.internal.net.http.ExchangeImpl.get(ExchangeImpl.java:98)
	at java.net.http/jdk.internal.net.http.Exchange.establishExchange(Exchange.java:391)
	at java.net.http/jdk.internal.net.http.Exchange.responseAsyncImpl0(Exchange.java:584)
	at java.net.http/jdk.internal.net.http.Exchange.responseAsyncImpl(Exchange.java:428)
	at java.net.http/jdk.internal.net.http.Exchange.responseAsync(Exchange.java:420)
	at java.net.http/jdk.internal.net.http.MultiExchange.responseAsyncImpl(MultiExchange.java:435)
	... 12 more
Caused by: java.nio.channels.UnresolvedAddressException
	at java.base/sun.nio.ch.Net.checkAddress(Net.java:147)
	at java.base/sun.nio.ch.Net.checkAddress(Net.java:155)
	at java.base/sun.nio.ch.SocketChannelImpl.checkRemote(SocketChannelImpl.java:842)
	at java.base/sun.nio.ch.SocketChannelImpl.connect(SocketChannelImpl.java:865)
	at java.net.http/jdk.internal.net.http.PlainHttpConnection.lambda$connectAsync$1(PlainHttpConnection.java:210)
	at java.base/java.security.AccessController.doPrivileged(AccessController.java:571)
	at java.net.http/jdk.internal.net.http.PlainHttpConnection.connectAsync(PlainHttpConnection.java:212)
	... 21 more
2026-10-04 20:32:36.194 INFO   [096614\F39E70] Job '096614\F39E70' started at 2026-10-04T18:32:36.194012279Z
2026-10-04 20:32:38.019 INFO   [096614\F39E70] Auto-router pass #1 on board '0182b18ae5feaa4de0c62201c3e053d0' was completed in 1,60 seconds with the score of 874,44 (5 unrouted), using 0,56 CPU seconds and 160 MB memory.
2026-10-04 20:32:38.415 INFO   [096614\F39E70] Auto-router pass #2 on board 'e2bf27653377959d3225d6c72575026c' was completed in 0,37 seconds with the score of 956,71 (1 unrouted), using 1,72 CPU seconds and 485 MB memory.
2026-10-04 20:32:38.522 INFO   [096614\F39E70] Auto-router pass #3 on board '99bd5ad2195815479ac8879eecb6ea91' was completed in 0,08 seconds with the score of 974,78, using 1,72 CPU seconds and 485 MB memory.
2026-10-04 20:32:38.591 INFO   [096614\F39E70] Auto-router pass #4 on board 'd337445df910ca9782e061005a22f2a4' was completed in 0,04 seconds with the score of 974,78, using 1,72 CPU seconds and 485 MB memory.
{
  "host": "KiCad's Pcbnew,10.0.6",
  "unit": "mm",
  "board": {
    "bounding_box": {
      "x": 361.0,
      "y": 1.0,
      "width": -1.0,
      "height": -1001.0
    },
    "size": {
      "x": 0.0,
      "y": 0.0,
      "width": 362.0,
      "height": 1002.0
    }
  },
  "layers": {
    "total_count": 2,
    "signal_count": 2
  },
  "items": {
    "total_count": 170,
    "trace_count": 22,
    "via_count": 0,
    "conduction_area_count": 1,
    "drill_item_count": 44,
    "pin_count": 0,
    "component_count": 54,
    "other_count": 49
  },
  "components": {
    "total_count": 9
  },
  "pads": {
    "total_count": 44
  },
  "nets": {
    "total_count": 14,
    "class_count": 3
  },
  "connections": {
    "maximum_count": 53,
    "incomplete_count": 0
  },
  "traces": {
    "total_count": 22,
    "total_segment_count": 79,
    "total_length": 4775.6436,
    "total_weighted_length": 1.9531464E7,
    "average_length": 217.0747,
    "total_vertical_length": 2877.919,
    "total_horizontal_length": 82.058,
    "total_angled_length": 1186.19
  },
  "bends": {
    "total_count": 57,
    "90_degree_count": 0,
    "45_degree_count": 57,
    "other_angle_count": 0
  },
  "vias": {
    "total_count": 0,
    "through_hole_count": 0,
    "blind_count": 0,
    "buried_count": 0
  },
  "clearance_violations": {
    "total_count": 0
  }
}
