OK  null_control -> 0 failing checks
OK  mount_shift -> 1 failing checks
OK  jbp_shift -> 4 failing checks
OK  sv_no_gnd_end -> 3 failing checks
OK  sv_pin_without_resistor -> 3 failing checks
OK  too_tall -> 1 failing checks
OK  usb_far -> 4 failing checks
OK  sd_far -> 2 failing checks
OK  antenna_track -> 2 failing checks
OK  spine_neck -> 1 failing checks
OK  decap_far -> 3 failing checks
OK  term_far -> 2 failing checks
OK  r43_far -> 4 failing checks
OK  supout_long -> 2 failing checks
OK  label_missing -> 1 failing checks
OK  ref_on_part -> 2 failing checks
16 / 16 negative controls (with the null control)

21:25:21: Debug: Adding duplicate image handler for 'PNG file'
21:25:21: Debug: Adding duplicate image handler for 'JPEG file'
21:25:21: Debug: Adding duplicate image handler for 'TIFF file'
21:25:21: Debug: Adding duplicate image handler for 'GIF file'
21:25:21: Debug: Adding duplicate image handler for 'PNM file'
21:25:21: Debug: Adding duplicate image handler for 'PCX file'
21:25:21: Debug: Adding duplicate image handler for 'IFF file'
21:25:21: Debug: Adding duplicate image handler for 'Windows icon file'
21:25:21: Debug: Adding duplicate image handler for 'Windows cursor file'
21:25:21: Debug: Adding duplicate image handler for 'Windows animated cursor file'
21:25:21: Debug: Adding duplicate image handler for 'TGA file'
21:25:21: Debug: Adding duplicate image handler for 'XPM file'
21:25:32: Debug: Adding duplicate image handler for 'PNG file'
21:25:32: Debug: Adding duplicate image handler for 'JPEG file'
21:25:32: Debug: Adding duplicate image handler for 'TIFF file'
21:25:32: Debug: Adding duplicate image handler for 'GIF file'
21:25:32: Debug: Adding duplicate image handler for 'PNM file'
21:25:32: Debug: Adding duplicate image handler for 'PCX file'
21:25:32: Debug: Adding duplicate image handler for 'IFF file'
21:25:32: Debug: Adding duplicate image handler for 'Windows icon file'
21:25:32: Debug: Adding duplicate image handler for 'Windows cursor file'
21:25:32: Debug: Adding duplicate image handler for 'Windows animated cursor file'
21:25:32: Debug: Adding duplicate image handler for 'TGA file'
21:25:32: Debug: Adding duplicate image handler for 'XPM file'
21:25:44: Debug: Adding duplicate image handler for 'PNG file'
21:25:44: Debug: Adding duplicate image handler for 'JPEG file'
21:25:44: Debug: Adding duplicate image handler for 'TIFF file'
21:25:44: Debug: Adding duplicate image handler for 'GIF file'
21:25:44: Debug: Adding duplicate image handler for 'PNM file'
21:25:44: Debug: Adding duplicate image handler for 'PCX file'
21:25:44: Debug: Adding duplicate image handler for 'IFF file'
21:25:44: Debug: Adding duplicate image handler for 'Windows icon file'
21:25:44: Debug: Adding duplicate image handler for 'Windows cursor file'
21:25:44: Debug: Adding duplicate image handler for 'Windows animated cursor file'
21:25:44: Debug: Adding duplicate image handler for 'TGA file'
21:25:44: Debug: Adding duplicate image handler for 'XPM file'
21:25:56: Debug: Adding duplicate image handler for 'PNG file'
21:25:56: Debug: Adding duplicate image handler for 'JPEG file'
21:25:56: Debug: Adding duplicate image handler for 'TIFF file'
21:25:56: Debug: Adding duplicate image handler for 'GIF file'
21:25:56: Debug: Adding duplicate image handler for 'PNM file'
21:25:56: Debug: Adding duplicate image handler for 'PCX file'
21:25:56: Debug: Adding duplicate image handler for 'IFF file'
21:25:56: Debug: Adding duplicate image handler for 'Windows icon file'
21:25:56: Debug: Adding duplicate image handler for 'Windows cursor file'
21:25:56: Debug: Adding duplicate image handler for 'Windows animated cursor file'
21:25:56: Debug: Adding duplicate image handler for 'TGA file'
21:25:56: Debug: Adding duplicate image handler for 'XPM file'
21:26:07: Debug: Adding duplicate image handler for 'PNG file'
21:26:07: Debug: Adding duplicate image handler for 'JPEG file'
21:26:07: Debug: Adding duplicate image handler for 'TIFF file'
21:26:07: Debug: Adding duplicate image handler for 'GIF file'
21:26:07: Debug: Adding duplicate image handler for 'PNM file'
21:26:07: Debug: Adding duplicate image handler for 'PCX file'
21:26:07: Debug: Adding duplicate image handler for 'IFF file'
21:26:07: Debug: Adding duplicate image handler for 'Windows icon file'
21:26:07: Debug: Adding duplicate image handler for 'Windows cursor file'
21:26:07: Debug: Adding duplicate image handler for 'Windows animated cursor file'
21:26:07: Debug: Adding duplicate image handler for 'TGA file'
21:26:07: Debug: Adding duplicate image handler for 'XPM file'
21:26:19: Debug: Adding duplicate image handler for 'PNG file'
21:26:19: Debug: Adding duplicate image handler for 'JPEG file'
21:26:19: Debug: Adding duplicate image handler for 'TIFF file'
21:26:19: Debug: Adding duplicate image handler for 'GIF file'
21:26:19: Debug: Adding duplicate image handler for 'PNM file'
21:26:19: Debug: Adding duplicate image handler for 'PCX file'
21:26:19: Debug: Adding duplicate image handler for 'IFF file'
21:26:19: Debug: Adding duplicate image handler for 'Windows icon file'
21:26:19: Debug: Adding duplicate image handler for 'Windows cursor file'
21:26:19: Debug: Adding duplicate image handler for 'Windows animated cursor file'
21:26:19: Debug: Adding duplicate image handler for 'TGA file'
21:26:19: Debug: Adding duplicate image handler for 'XPM file'
21:26:30: Debug: Adding duplicate image handler for 'PNG file'
21:26:30: Debug: Adding duplicate image handler for 'JPEG file'
21:26:30: Debug: Adding duplicate image handler for 'TIFF file'
21:26:30: Debug: Adding duplicate image handler for 'GIF file'
21:26:30: Debug: Adding duplicate image handler for 'PNM file'
21:26:30: Debug: Adding duplicate image handler for 'PCX file'
21:26:30: Debug: Adding duplicate image handler for 'IFF file'
21:26:30: Debug: Adding duplicate image handler for 'Windows icon file'
21:26:30: Debug: Adding duplicate image handler for 'Windows cursor file'
21:26:30: Debug: Adding duplicate image handler for 'Windows animated cursor file'
21:26:30: Debug: Adding duplicate image handler for 'TGA file'
21:26:30: Debug: Adding duplicate image handler for 'XPM file'
21:26:42: Debug: Adding duplicate image handler for 'PNG file'
21:26:42: Debug: Adding duplicate image handler for 'JPEG file'
21:26:42: Debug: Adding duplicate image handler for 'TIFF file'
21:26:42: Debug: Adding duplicate image handler for 'GIF file'
21:26:42: Debug: Adding duplicate image handler for 'PNM file'
21:26:42: Debug: Adding duplicate image handler for 'PCX file'
21:26:42: Debug: Adding duplicate image handler for 'IFF file'
21:26:42: Debug: Adding duplicate image handler for 'Windows icon file'
21:26:42: Debug: Adding duplicate image handler for 'Windows cursor file'
21:26:42: Debug: Adding duplicate image handler for 'Windows animated cursor file'
21:26:42: Debug: Adding duplicate image handler for 'TGA file'
21:26:42: Debug: Adding duplicate image handler for 'XPM file'
21:26:53: Debug: Adding duplicate image handler for 'PNG file'
21:26:53: Debug: Adding duplicate image handler for 'JPEG file'
21:26:53: Debug: Adding duplicate image handler for 'TIFF file'
21:26:53: Debug: Adding duplicate image handler for 'GIF file'
21:26:53: Debug: Adding duplicate image handler for 'PNM file'
21:26:53: Debug: Adding duplicate image handler for 'PCX file'
21:26:53: Debug: Adding duplicate image handler for 'IFF file'
21:26:53: Debug: Adding duplicate image handler for 'Windows icon file'
21:26:53: Debug: Adding duplicate image handler for 'Windows cursor file'
21:26:53: Debug: Adding duplicate image handler for 'Windows animated cursor file'
21:26:53: Debug: Adding duplicate image handler for 'TGA file'
21:26:53: Debug: Adding duplicate image handler for 'XPM file'
21:27:05: Debug: Adding duplicate image handler for 'PNG file'
21:27:05: Debug: Adding duplicate image handler for 'JPEG file'
21:27:05: Debug: Adding duplicate image handler for 'TIFF file'
21:27:05: Debug: Adding duplicate image handler for 'GIF file'
21:27:05: Debug: Adding duplicate image handler for 'PNM file'
21:27:05: Debug: Adding duplicate image handler for 'PCX file'
21:27:05: Debug: Adding duplicate image handler for 'IFF file'
21:27:05: Debug: Adding duplicate image handler for 'Windows icon file'
21:27:05: Debug: Adding duplicate image handler for 'Windows cursor file'
21:27:05: Debug: Adding duplicate image handler for 'Windows animated cursor file'
21:27:05: Debug: Adding duplicate image handler for 'TGA file'
21:27:05: Debug: Adding duplicate image handler for 'XPM file'
21:27:16: Debug: Adding duplicate image handler for 'PNG file'
21:27:16: Debug: Adding duplicate image handler for 'JPEG file'
21:27:16: Debug: Adding duplicate image handler for 'TIFF file'
21:27:16: Debug: Adding duplicate image handler for 'GIF file'
21:27:16: Debug: Adding duplicate image handler for 'PNM file'
21:27:16: Debug: Adding duplicate image handler for 'PCX file'
21:27:16: Debug: Adding duplicate image handler for 'IFF file'
21:27:16: Debug: Adding duplicate image handler for 'Windows icon file'
21:27:16: Debug: Adding duplicate image handler for 'Windows cursor file'
21:27:16: Debug: Adding duplicate image handler for 'Windows animated cursor file'
21:27:16: Debug: Adding duplicate image handler for 'TGA file'
21:27:16: Debug: Adding duplicate image handler for 'XPM file'
21:27:28: Debug: Adding duplicate image handler for 'PNG file'
21:27:28: Debug: Adding duplicate image handler for 'JPEG file'
21:27:28: Debug: Adding duplicate image handler for 'TIFF file'
21:27:28: Debug: Adding duplicate image handler for 'GIF file'
21:27:28: Debug: Adding duplicate image handler for 'PNM file'
21:27:28: Debug: Adding duplicate image handler for 'PCX file'
21:27:28: Debug: Adding duplicate image handler for 'IFF file'
21:27:28: Debug: Adding duplicate image handler for 'Windows icon file'
21:27:28: Debug: Adding duplicate image handler for 'Windows cursor file'
21:27:28: Debug: Adding duplicate image handler for 'Windows animated cursor file'
21:27:28: Debug: Adding duplicate image handler for 'TGA file'
21:27:28: Debug: Adding duplicate image handler for 'XPM file'
21:27:39: Debug: Adding duplicate image handler for 'PNG file'
21:27:39: Debug: Adding duplicate image handler for 'JPEG file'
21:27:39: Debug: Adding duplicate image handler for 'TIFF file'
21:27:39: Debug: Adding duplicate image handler for 'GIF file'
21:27:39: Debug: Adding duplicate image handler for 'PNM file'
21:27:39: Debug: Adding duplicate image handler for 'PCX file'
21:27:39: Debug: Adding duplicate image handler for 'IFF file'
21:27:39: Debug: Adding duplicate image handler for 'Windows icon file'
21:27:39: Debug: Adding duplicate image handler for 'Windows cursor file'
21:27:39: Debug: Adding duplicate image handler for 'Windows animated cursor file'
21:27:39: Debug: Adding duplicate image handler for 'TGA file'
21:27:39: Debug: Adding duplicate image handler for 'XPM file'
21:27:50: Debug: Adding duplicate image handler for 'PNG file'
21:27:50: Debug: Adding duplicate image handler for 'JPEG file'
21:27:50: Debug: Adding duplicate image handler for 'TIFF file'
21:27:50: Debug: Adding duplicate image handler for 'GIF file'
21:27:50: Debug: Adding duplicate image handler for 'PNM file'
21:27:50: Debug: Adding duplicate image handler for 'PCX file'
21:27:50: Debug: Adding duplicate image handler for 'IFF file'
21:27:50: Debug: Adding duplicate image handler for 'Windows icon file'
21:27:50: Debug: Adding duplicate image handler for 'Windows cursor file'
21:27:50: Debug: Adding duplicate image handler for 'Windows animated cursor file'
21:27:50: Debug: Adding duplicate image handler for 'TGA file'
21:27:50: Debug: Adding duplicate image handler for 'XPM file'
21:28:02: Debug: Adding duplicate image handler for 'PNG file'
21:28:02: Debug: Adding duplicate image handler for 'JPEG file'
21:28:02: Debug: Adding duplicate image handler for 'TIFF file'
21:28:02: Debug: Adding duplicate image handler for 'GIF file'
21:28:02: Debug: Adding duplicate image handler for 'PNM file'
21:28:02: Debug: Adding duplicate image handler for 'PCX file'
21:28:02: Debug: Adding duplicate image handler for 'IFF file'
21:28:02: Debug: Adding duplicate image handler for 'Windows icon file'
21:28:02: Debug: Adding duplicate image handler for 'Windows cursor file'
21:28:02: Debug: Adding duplicate image handler for 'Windows animated cursor file'
21:28:02: Debug: Adding duplicate image handler for 'TGA file'
21:28:02: Debug: Adding duplicate image handler for 'XPM file'
