
{
  "synthetic": true,
  "producer": "unmodified control_build_config + json_config",
  "inspect": {
    "version": 5,
    "sample_rate": 2000,
    "record_bytes": 40,
    "synthetic": true,
    "session": 1,
    "records": 3,
    "gap_flags": 0,
    "trigger_flags": 0,
    "sequence_discontinuities": 0,
    "config_ids": {
      "1": 3
    },
    "min_dt_us": 500,
    "max_dt_us": 500,
    "median_dt_us": 500,
    "median_capped_at_us": 10001,
    "warnings": []
  },
  "local_current": false,
  "voltage_calibrated": true,
  "current_calibrated": true,
  "current_valid": true,
  "expected_current_A": [
    -0.9997869614929193,
    0.0001688790466314316,
    1.0001247195861822
  ],
  "exported_current_A": [
    "",
    "",
    ""
  ],
  "exported_current_out_V": [
    "",
    "",
    ""
  ],
  "export_warnings": [],
  "report_warnings": []
}
['UNCALIBRATED_VECTOR_MASK=9 REF=1 FEEDBACK=1', 'REAL_LOW_REF_MASK=1 REF=1 FEEDBACK=0', 'AFTER_CH6_CAL accepted=1 vcal=0 ical=1 metric=1 qualified=0 zero=2.500000 vpa=0.250000', 'AFTER_VCAL accepted=1 qualify_predicate_without_HARDWARE_ACCEPTED=1', 'CAL_EXAMPLE input_ADC_V=2.75 actual_I_if_original_gain1_offset0=1A now_I=0.800000A zero_I=0.000000A']

mutex_blocked: elapsed_us=400000 deadline=110000 now=505000 state=MANUAL DRIVE_EN=1 RPWM=306 LPWM=0 watchdog_feeds=400 physical_button_reads=0
mutex_released: state=READY DRIVE_EN=0 RPWM=0
actual_print_profile: bytes=544 CRLF_bytes=575 conservative_UART_min_us=38802.1
watchdog_init_failure_then_commit_gate: token=1 DRIVE_EN=1 RPWM=306
standalone_TEST_X1_13_unpowered: state=FAULT fault=SUPPLY

after_error_then_two_successes: reads=4 adc_errors=1 board_config_ok=0 adc_reset_needed=1 acquisition_healthy=0 active_cfg_id=17 active_cfg_ok=1 state=LOGGER pushed=3
record[0]: sequence=0 config_id=17 flags=1 SAMPLE_INVALID=0 SAMPLE_GAP=1
record[1]: sequence=2 config_id=17 flags=0 SAMPLE_INVALID=0 SAMPLE_GAP=0
record[2]: sequence=3 config_id=17 flags=0 SAMPLE_INVALID=0 SAMPLE_GAP=0
latest_voltage_CH6_finite=1 value=2.500500
