2026-09-23 20:19:47.179 INFO   Freerouting v2.1.0 (build-date: 2025-04-12)
2026-09-23 20:19:55.310 WARN   No default constructor found for field: currentLocale
2026-09-23 20:19:55.313 INFO   Settings were loaded from freerouting.json
2026-09-23 20:19:58.140 INFO   New version available: v2.4.1
2026-09-23 20:19:59.335 INFO   [9D8E14\6C6E6D] Job '9D8E14\6C6E6D' started at 2026-09-23T18:19:59.333817200Z
2026-09-23 20:20:09.064 INFO   [9D8E14\6C6E6D] Auto-router pass #1 on board '406e1b2e288e093963d3542882085cc6' was completed in 9,03 seconds with the score of 968,09 (6 unrouted), using 40,14 CPU seconds and 4333 MB memory.
2026-09-23 20:20:09.641 INFO   [9D8E14\6C6E6D] Auto-router pass #2 on board 'bcfe10cb31950839f4dca3cd70136f6c' was completed in 0,51 seconds with the score of 977,28 (2 unrouted), using 49,30 CPU seconds and 4999 MB memory.
2026-09-23 20:20:09.884 INFO   [9D8E14\6C6E6D] Auto-router pass #3 on board '8461ef5ffe05d12efeda092a3f11c7aa' was completed in 0,20 seconds with the score of 977,28 (2 unrouted), using 49,30 CPU seconds and 4999 MB memory.
2026-09-23 20:20:10.339 INFO   [9D8E14\6C6E6D] Auto-router pass #4 on board '8461ef5ffe05d12efeda092a3f11c7aa' was completed in 0,43 seconds with the score of 974,90 (2 unrouted), using 49,30 CPU seconds and 4999 MB memory.
2026-09-23 20:20:10.591 INFO   [9D8E14\6C6E6D] Auto-router pass #5 on board '1a043274a44c699a8131394e6b4c1750' was completed in 0,20 seconds with the score of 979,74, using 59,38 CPU seconds and 5592 MB memory.
2026-09-23 20:20:10.668 INFO   [9D8E14\6C6E6D] Auto-router pass #6 on board 'b4cbc721e265d2f550226491aa4d562c' was completed in 0,01 seconds with the score of 979,74, using 59,38 CPU seconds and 5592 MB memory.
{
  "host": "KiCad's Pcbnew,10.0.6",
  "unit": "mm",
  "board": {
    "bounding_box": {
      "x": 1601.0,
      "y": 1.0,
      "width": -1.0,
      "height": -1201.0
    },
    "size": {
      "x": 0.0,
      "y": 0.0,
      "width": 1602.0,
      "height": 1202.0
    }
  },
  "layers": {
    "total_count": 2,
    "signal_count": 2
  },
  "items": {
    "total_count": 1787,
    "trace_count": 257,
    "via_count": 11,
    "conduction_area_count": 2,
    "drill_item_count": 199,
    "pin_count": 0,
    "component_count": 1293,
    "other_count": 25
  },
  "components": {
    "total_count": 95
  },
  "pads": {
    "total_count": 199
  },
  "nets": {
    "total_count": 35,
    "class_count": 3
  },
  "connections": {
    "maximum_count": 430,
    "incomplete_count": 0
  },
  "traces": {
    "total_count": 257,
    "total_segment_count": 484,
    "total_length": 32028.97,
    "total_weighted_length": 1.4482112E8,
    "average_length": 124.62634,
    "total_vertical_length": 10422.862,
    "total_horizontal_length": 10756.927,
    "total_angled_length": 8895.079
  },
  "bends": {
    "total_count": 227,
    "90_degree_count": 4,
    "45_degree_count": 213,
    "other_angle_count": 10
  },
  "vias": {
    "total_count": 11,
    "through_hole_count": 11,
    "blind_count": 0,
    "buried_count": 0
  },
  "clearance_violations": {
    "total_count": 0
  }
}
