> /usr/bin/python3 build_board.py
Created P09 board: 46 footprints + 4 M3 holes; outline 53.0 x 100.0 ; rule areas: J3 support 1, J3 support 2, J4 support 1, J4 support 2
> /usr/bin/python3 set_stackup.py
2-layer stackup: Cu35/FR4 1.53/Cu35 (S1: 35 um); nominal 1.60 mm, mask separate.
> /usr/bin/python3 set_rules.py
Rules: clearance 0.25 / PWR 0.30, track 0.30 (Default) / CORE3V3 0.30 / PWR 0.60, vias 0.9/0.4 (ring 0.25); no DRC exclusions.
> /usr/bin/python3 route_critical.py
No locked copper on P09; DSN exported.
> /usr/bin/python3 fanout_gnd.py
GND fan-out: 2 SOIC bars, 0 stubs, 6 vias; failed: none; longest stubs: []; DSN exported again.
> /usr/bin/python3 prepare_routing.py
Rules: clearance 0.25 / PWR 0.30, track 0.30 (Default) / CORE3V3 0.30 / PWR 0.60, vias 0.9/0.4 (ring 0.25); no DRC exclusions.
DSN: 30 keepouts (rule areas + edge strips); pre-routed board frozen.
> /usr/bin/python3 import_routing.py
SES imported; GND planes filled; saved native board.
> /usr/bin/python3 set_rules.py
Rules: clearance 0.25 / PWR 0.30, track 0.30 (Default) / CORE3V3 0.30 / PWR 0.60, vias 0.9/0.4 (ring 0.25); no DRC exclusions.
> /usr/bin/python3 cleanup.py --tidy
tidy (unconnected 1 left for the planner):  removed 0 redundant free items [] ; dropped 3 tiny; joined 2 near-miss ends; 0 duplicate, 0 via-on-THT-pad and 0 dead-end items; solid zone connection: none
> /usr/bin/python3 set_rules.py
Rules: clearance 0.25 / PWR 0.30, track 0.30 (Default) / CORE3V3 0.30 / PWR 0.60, vias 0.9/0.4 (ring 0.25); no DRC exclusions.
> /usr/bin/python3 stitch.py
GND stitching: 6 grid vias, pour islands {'F.Cu': 14, 'B.Cu': 7} -> {'F.Cu': 14, 'B.Cu': 7} | rescue: 3 vias, pour mm2 {'F.Cu': 2849.4, 'B.Cu': 3750.9} -> {'F.Cu': 3080.8, 'B.Cu': 3811.5} islands {'F.Cu': 16, 'B.Cu': 8} | tied GND clusters: 0 | GND pads not joined to J1.1: none
> /usr/bin/python3 set_rules.py
Rules: clearance 0.25 / PWR 0.30, track 0.30 (Default) / CORE3V3 0.30 / PWR 0.60, vias 0.9/0.4 (ring 0.25); no DRC exclusions.
> /usr/bin/python3 complete_routes.py
> /usr/bin/python3 set_rules.py
Rules: clearance 0.25 / PWR 0.30, track 0.30 (Default) / CORE3V3 0.30 / PWR 0.60, vias 0.9/0.4 (ring 0.25); no DRC exclusions.
> /usr/bin/python3 stitch.py
GND stitching: 3 grid vias, pour islands {'F.Cu': 16, 'B.Cu': 9} -> {'F.Cu': 16, 'B.Cu': 9} | rescue: 0 vias, pour mm2 {'F.Cu': 3079.3, 'B.Cu': 3771.0} -> {'F.Cu': 3079.3, 'B.Cu': 3771.0} islands {'F.Cu': 16, 'B.Cu': 9} | tied GND clusters: 0 | GND pads not joined to J1.1: none
> /usr/bin/python3 set_rules.py
Rules: clearance 0.25 / PWR 0.30, track 0.30 (Default) / CORE3V3 0.30 / PWR 0.60, vias 0.9/0.4 (ring 0.25); no DRC exclusions.
> /usr/bin/kicad-cli pcb drc --format json --severity-all --schematic-parity --all-track-errors --refill-zones -o routing/postroute-drc.json eda/P09.kicad_pcb
routing/postroute-drc.json {'starved_thermal': 4, 'silk_edge_clearance': 43, 'silk_over_copper': 18, 'silk_overlap': 18} unconnected 0 parity 0
> /usr/bin/python3 cleanup.py J1.1 J1.3 J4.3 R10.2
 removed 0 redundant free items [] ; dropped 0 tiny; joined 0 near-miss ends; 0 duplicate, 0 via-on-THT-pad and 0 dead-end items; solid zone connection: ['J1.1', 'J1.3', 'J4.3', 'R10.2']
> /usr/bin/python3 set_rules.py
Rules: clearance 0.25 / PWR 0.30, track 0.30 (Default) / CORE3V3 0.30 / PWR 0.60, vias 0.9/0.4 (ring 0.25); no DRC exclusions.
> /usr/bin/kicad-cli pcb drc --format json --severity-all --schematic-parity --all-track-errors --refill-zones -o routing/postclean-drc.json eda/P09.kicad_pcb
routing/postclean-drc.json {'silk_edge_clearance': 43, 'silk_over_copper': 18, 'silk_overlap': 18} unconnected 0 parity 0

22:00:41: Debug: Adding duplicate image handler for 'PNG file'
22:00:41: Debug: Adding duplicate image handler for 'JPEG file'
22:00:41: Debug: Adding duplicate image handler for 'TIFF file'
22:00:41: Debug: Adding duplicate image handler for 'GIF file'
22:00:41: Debug: Adding duplicate image handler for 'PNM file'
22:00:41: Debug: Adding duplicate image handler for 'PCX file'
22:00:41: Debug: Adding duplicate image handler for 'IFF file'
22:00:41: Debug: Adding duplicate image handler for 'Windows icon file'
22:00:41: Debug: Adding duplicate image handler for 'Windows cursor file'
22:00:41: Debug: Adding duplicate image handler for 'Windows animated cursor file'
22:00:41: Debug: Adding duplicate image handler for 'TGA file'
22:00:41: Debug: Adding duplicate image handler for 'XPM file'
22:00:58: Debug: Adding duplicate image handler for 'PNG file'
22:00:58: Debug: Adding duplicate image handler for 'JPEG file'
22:00:58: Debug: Adding duplicate image handler for 'TIFF file'
22:00:58: Debug: Adding duplicate image handler for 'GIF file'
22:00:58: Debug: Adding duplicate image handler for 'PNM file'
22:00:58: Debug: Adding duplicate image handler for 'PCX file'
22:00:58: Debug: Adding duplicate image handler for 'IFF file'
22:00:58: Debug: Adding duplicate image handler for 'Windows icon file'
22:00:58: Debug: Adding duplicate image handler for 'Windows cursor file'
22:00:58: Debug: Adding duplicate image handler for 'Windows animated cursor file'
22:00:58: Debug: Adding duplicate image handler for 'TGA file'
22:00:58: Debug: Adding duplicate image handler for 'XPM file'
22:01:04: Debug: Adding duplicate image handler for 'PNG file'
22:01:04: Debug: Adding duplicate image handler for 'JPEG file'
22:01:04: Debug: Adding duplicate image handler for 'TIFF file'
22:01:04: Debug: Adding duplicate image handler for 'GIF file'
22:01:04: Debug: Adding duplicate image handler for 'PNM file'
22:01:04: Debug: Adding duplicate image handler for 'PCX file'
22:01:04: Debug: Adding duplicate image handler for 'IFF file'
22:01:04: Debug: Adding duplicate image handler for 'Windows icon file'
22:01:04: Debug: Adding duplicate image handler for 'Windows cursor file'
22:01:04: Debug: Adding duplicate image handler for 'Windows animated cursor file'
22:01:04: Debug: Adding duplicate image handler for 'TGA file'
22:01:04: Debug: Adding duplicate image handler for 'XPM file'
