OK  null_control -> 0 failing checks
OK  mount_shift -> 1 failing checks
OK  jbp_shift -> 2 failing checks
OK  sv_no_gnd_end -> 3 failing checks
OK  sv_pin_without_resistor -> 3 failing checks
OK  sv_resistor_far -> 4 failing checks
OK  label_missing -> 1 failing checks
OK  too_tall -> 1 failing checks
OK  module_turned -> 5 failing checks
OK  decap_far -> 5 failing checks
OK  modcap_far -> 4 failing checks
OK  driver_far -> 2 failing checks
OK  narrow_track -> 2 failing checks
OK  bottom_tht -> 2 failing checks
OK  gnd_pour_removed -> 2 failing checks
OK  ref_on_part -> 3 failing checks
OK  ref_far -> 3 failing checks
OK  label_swap -> 1 failing checks
OK  strip_part -> 4 failing checks
OK  mark_missing -> 1 failing checks
OK  zone_copper -> 2 failing checks
OK  title_wrong -> 1 failing checks
22 / 22 negative controls (with the null control)

14:59:15: Debug: Adding duplicate image handler for 'PNG file'
14:59:15: Debug: Adding duplicate image handler for 'JPEG file'
14:59:15: Debug: Adding duplicate image handler for 'TIFF file'
14:59:15: Debug: Adding duplicate image handler for 'GIF file'
14:59:15: Debug: Adding duplicate image handler for 'PNM file'
14:59:15: Debug: Adding duplicate image handler for 'PCX file'
14:59:15: Debug: Adding duplicate image handler for 'IFF file'
14:59:15: Debug: Adding duplicate image handler for 'Windows icon file'
14:59:15: Debug: Adding duplicate image handler for 'Windows cursor file'
14:59:15: Debug: Adding duplicate image handler for 'Windows animated cursor file'
14:59:15: Debug: Adding duplicate image handler for 'TGA file'
14:59:15: Debug: Adding duplicate image handler for 'XPM file'
14:59:22: Debug: Adding duplicate image handler for 'PNG file'
14:59:22: Debug: Adding duplicate image handler for 'JPEG file'
14:59:22: Debug: Adding duplicate image handler for 'TIFF file'
14:59:22: Debug: Adding duplicate image handler for 'GIF file'
14:59:22: Debug: Adding duplicate image handler for 'PNM file'
14:59:22: Debug: Adding duplicate image handler for 'PCX file'
14:59:22: Debug: Adding duplicate image handler for 'IFF file'
14:59:22: Debug: Adding duplicate image handler for 'Windows icon file'
14:59:22: Debug: Adding duplicate image handler for 'Windows cursor file'
14:59:22: Debug: Adding duplicate image handler for 'Windows animated cursor file'
14:59:22: Debug: Adding duplicate image handler for 'TGA file'
14:59:22: Debug: Adding duplicate image handler for 'XPM file'
14:59:28: Debug: Adding duplicate image handler for 'PNG file'
14:59:28: Debug: Adding duplicate image handler for 'JPEG file'
14:59:28: Debug: Adding duplicate image handler for 'TIFF file'
14:59:28: Debug: Adding duplicate image handler for 'GIF file'
14:59:28: Debug: Adding duplicate image handler for 'PNM file'
14:59:28: Debug: Adding duplicate image handler for 'PCX file'
14:59:28: Debug: Adding duplicate image handler for 'IFF file'
14:59:28: Debug: Adding duplicate image handler for 'Windows icon file'
14:59:28: Debug: Adding duplicate image handler for 'Windows cursor file'
14:59:28: Debug: Adding duplicate image handler for 'Windows animated cursor file'
14:59:28: Debug: Adding duplicate image handler for 'TGA file'
14:59:28: Debug: Adding duplicate image handler for 'XPM file'
14:59:35: Debug: Adding duplicate image handler for 'PNG file'
14:59:35: Debug: Adding duplicate image handler for 'JPEG file'
14:59:35: Debug: Adding duplicate image handler for 'TIFF file'
14:59:35: Debug: Adding duplicate image handler for 'GIF file'
14:59:35: Debug: Adding duplicate image handler for 'PNM file'
14:59:35: Debug: Adding duplicate image handler for 'PCX file'
14:59:35: Debug: Adding duplicate image handler for 'IFF file'
14:59:35: Debug: Adding duplicate image handler for 'Windows icon file'
14:59:35: Debug: Adding duplicate image handler for 'Windows cursor file'
14:59:35: Debug: Adding duplicate image handler for 'Windows animated cursor file'
14:59:35: Debug: Adding duplicate image handler for 'TGA file'
14:59:35: Debug: Adding duplicate image handler for 'XPM file'
14:59:42: Debug: Adding duplicate image handler for 'PNG file'
14:59:42: Debug: Adding duplicate image handler for 'JPEG file'
14:59:42: Debug: Adding duplicate image handler for 'TIFF file'
14:59:42: Debug: Adding duplicate image handler for 'GIF file'
14:59:42: Debug: Adding duplicate image handler for 'PNM file'
14:59:42: Debug: Adding duplicate image handler for 'PCX file'
14:59:42: Debug: Adding duplicate image handler for 'IFF file'
14:59:42: Debug: Adding duplicate image handler for 'Windows icon file'
14:59:42: Debug: Adding duplicate image handler for 'Windows cursor file'
14:59:42: Debug: Adding duplicate image handler for 'Windows animated cursor file'
14:59:42: Debug: Adding duplicate image handler for 'TGA file'
14:59:42: Debug: Adding duplicate image handler for 'XPM file'
14:59:49: Debug: Adding duplicate image handler for 'PNG file'
14:59:49: Debug: Adding duplicate image handler for 'JPEG file'
14:59:49: Debug: Adding duplicate image handler for 'TIFF file'
14:59:49: Debug: Adding duplicate image handler for 'GIF file'
14:59:49: Debug: Adding duplicate image handler for 'PNM file'
14:59:49: Debug: Adding duplicate image handler for 'PCX file'
14:59:49: Debug: Adding duplicate image handler for 'IFF file'
14:59:49: Debug: Adding duplicate image handler for 'Windows icon file'
14:59:49: Debug: Adding duplicate image handler for 'Windows cursor file'
14:59:49: Debug: Adding duplicate image handler for 'Windows animated cursor file'
14:59:49: Debug: Adding duplicate image handler for 'TGA file'
14:59:49: Debug: Adding duplicate image handler for 'XPM file'
14:59:56: Debug: Adding duplicate image handler for 'PNG file'
14:59:56: Debug: Adding duplicate image handler for 'JPEG file'
14:59:56: Debug: Adding duplicate image handler for 'TIFF file'
14:59:56: Debug: Adding duplicate image handler for 'GIF file'
14:59:56: Debug: Adding duplicate image handler for 'PNM file'
14:59:56: Debug: Adding duplicate image handler for 'PCX file'
14:59:56: Debug: Adding duplicate image handler for 'IFF file'
14:59:56: Debug: Adding duplicate image handler for 'Windows icon file'
14:59:56: Debug: Adding duplicate image handler for 'Windows cursor file'
14:59:56: Debug: Adding duplicate image handler for 'Windows animated cursor file'
14:59:56: Debug: Adding duplicate image handler for 'TGA file'
14:59:56: Debug: Adding duplicate image handler for 'XPM file'
15:00:07: Debug: Adding duplicate image handler for 'PNG file'
15:00:07: Debug: Adding duplicate image handler for 'JPEG file'
15:00:07: Debug: Adding duplicate image handler for 'TIFF file'
15:00:07: Debug: Adding duplicate image handler for 'GIF file'
15:00:07: Debug: Adding duplicate image handler for 'PNM file'
15:00:07: Debug: Adding duplicate image handler for 'PCX file'
15:00:07: Debug: Adding duplicate image handler for 'IFF file'
15:00:07: Debug: Adding duplicate image handler for 'Windows icon file'
15:00:07: Debug: Adding duplicate image handler for 'Windows cursor file'
15:00:07: Debug: Adding duplicate image handler for 'Windows animated cursor file'
15:00:07: Debug: Adding duplicate image handler for 'TGA file'
15:00:07: Debug: Adding duplicate image handler for 'XPM file'
15:00:16: Debug: Adding duplicate image handler for 'PNG file'
15:00:16: Debug: Adding duplicate image handler for 'JPEG file'
15:00:16: Debug: Adding duplicate image handler for 'TIFF file'
15:00:16: Debug: Adding duplicate image handler for 'GIF file'
15:00:16: Debug: Adding duplicate image handler for 'PNM file'
15:00:16: Debug: Adding duplicate image handler for 'PCX file'
15:00:16: Debug: Adding duplicate image handler for 'IFF file'
15:00:16: Debug: Adding duplicate image handler for 'Windows icon file'
15:00:16: Debug: Adding duplicate image handler for 'Windows cursor file'
15:00:16: Debug: Adding duplicate image handler for 'Windows animated cursor file'
15:00:16: Debug: Adding duplicate image handler for 'TGA file'
15:00:16: Debug: Adding duplicate image handler for 'XPM file'
15:00:22: Debug: Adding duplicate image handler for 'PNG file'
15:00:22: Debug: Adding duplicate image handler for 'JPEG file'
15:00:22: Debug: Adding duplicate image handler for 'TIFF file'
15:00:22: Debug: Adding duplicate image handler for 'GIF file'
15:00:22: Debug: Adding duplicate image handler for 'PNM file'
15:00:22: Debug: Adding duplicate image handler for 'PCX file'
15:00:22: Debug: Adding duplicate image handler for 'IFF file'
15:00:22: Debug: Adding duplicate image handler for 'Windows icon file'
15:00:22: Debug: Adding duplicate image handler for 'Windows cursor file'
15:00:22: Debug: Adding duplicate image handler for 'Windows animated cursor file'
15:00:22: Debug: Adding duplicate image handler for 'TGA file'
15:00:22: Debug: Adding duplicate image handler for 'XPM file'
15:00:29: Debug: Adding duplicate image handler for 'PNG file'
15:00:29: Debug: Adding duplicate image handler for 'JPEG file'
15:00:29: Debug: Adding duplicate image handler for 'TIFF file'
15:00:29: Debug: Adding duplicate image handler for 'GIF file'
15:00:29: Debug: Adding duplicate image handler for 'PNM file'
15:00:29: Debug: Adding duplicate image handler for 'PCX file'
15:00:29: Debug: Adding duplicate image handler for 'IFF file'
15:00:29: Debug: Adding duplicate image handler for 'Windows icon file'
15:00:29: Debug: Adding duplicate image handler for 'Windows cursor file'
15:00:29: Debug: Adding duplicate image handler for 'Windows animated cursor file'
15:00:29: Debug: Adding duplicate image handler for 'TGA file'
15:00:29: Debug: Adding duplicate image handler for 'XPM file'
15:00:36: Debug: Adding duplicate image handler for 'PNG file'
15:00:36: Debug: Adding duplicate image handler for 'JPEG file'
15:00:36: Debug: Adding duplicate image handler for 'TIFF file'
15:00:36: Debug: Adding duplicate image handler for 'GIF file'
15:00:36: Debug: Adding duplicate image handler for 'PNM file'
15:00:36: Debug: Adding duplicate image handler for 'PCX file'
15:00:36: Debug: Adding duplicate image handler for 'IFF file'
15:00:36: Debug: Adding duplicate image handler for 'Windows icon file'
15:00:36: Debug: Adding duplicate image handler for 'Windows cursor file'
15:00:36: Debug: Adding duplicate image handler for 'Windows animated cursor file'
15:00:36: Debug: Adding duplicate image handler for 'TGA file'
15:00:36: Debug: Adding duplicate image handler for 'XPM file'
15:00:43: Debug: Adding duplicate image handler for 'PNG file'
15:00:43: Debug: Adding duplicate image handler for 'JPEG file'
15:00:43: Debug: Adding duplicate image handler for 'TIFF file'
15:00:43: Debug: Adding duplicate image handler for 'GIF file'
15:00:43: Debug: Adding duplicate image handler for 'PNM file'
15:00:43: Debug: Adding duplicate image handler for 'PCX file'
15:00:43: Debug: Adding duplicate image handler for 'IFF file'
15:00:43: Debug: Adding duplicate image handler for 'Windows icon file'
15:00:43: Debug: Adding duplicate image handler for 'Windows cursor file'
15:00:43: Debug: Adding duplicate image handler for 'Windows animated cursor file'
15:00:43: Debug: Adding duplicate image handler for 'TGA file'
15:00:43: Debug: Adding duplicate image handler for 'XPM file'
15:00:50: Debug: Adding duplicate image handler for 'PNG file'
15:00:50: Debug: Adding duplicate image handler for 'JPEG file'
15:00:50: Debug: Adding duplicate image handler for 'TIFF file'
15:00:50: Debug: Adding duplicate image handler for 'GIF file'
15:00:50: Debug: Adding duplicate image handler for 'PNM file'
15:00:50: Debug: Adding duplicate image handler for 'PCX file'
15:00:50: Debug: Adding duplicate image handler for 'IFF file'
15:00:50: Debug: Adding duplicate image handler for 'Windows icon file'
15:00:50: Debug: Adding duplicate image handler for 'Windows cursor file'
15:00:50: Debug: Adding duplicate image handler for 'Windows animated cursor file'
15:00:50: Debug: Adding duplicate image handler for 'TGA file'
15:00:50: Debug: Adding duplicate image handler for 'XPM file'
15:00:57: Debug: Adding duplicate image handler for 'PNG file'
15:00:57: Debug: Adding duplicate image handler for 'JPEG file'
15:00:57: Debug: Adding duplicate image handler for 'TIFF file'
15:00:57: Debug: Adding duplicate image handler for 'GIF file'
15:00:57: Debug: Adding duplicate image handler for 'PNM file'
15:00:57: Debug: Adding duplicate image handler for 'PCX file'
15:00:57: Debug: Adding duplicate image handler for 'IFF file'
15:00:57: Debug: Adding duplicate image handler for 'Windows icon file'
15:00:57: Debug: Adding duplicate image handler for 'Windows cursor file'
15:00:57: Debug: Adding duplicate image handler for 'Windows animated cursor file'
15:00:57: Debug: Adding duplicate image handler for 'TGA file'
15:00:57: Debug: Adding duplicate image handler for 'XPM file'
15:01:04: Debug: Adding duplicate image handler for 'PNG file'
15:01:04: Debug: Adding duplicate image handler for 'JPEG file'
15:01:04: Debug: Adding duplicate image handler for 'TIFF file'
15:01:04: Debug: Adding duplicate image handler for 'GIF file'
15:01:04: Debug: Adding duplicate image handler for 'PNM file'
15:01:04: Debug: Adding duplicate image handler for 'PCX file'
15:01:04: Debug: Adding duplicate image handler for 'IFF file'
15:01:04: Debug: Adding duplicate image handler for 'Windows icon file'
15:01:04: Debug: Adding duplicate image handler for 'Windows cursor file'
15:01:04: Debug: Adding duplicate image handler for 'Windows animated cursor file'
15:01:04: Debug: Adding duplicate image handler for 'TGA file'
15:01:04: Debug: Adding duplicate image handler for 'XPM file'
15:01:11: Debug: Adding duplicate image handler for 'PNG file'
15:01:11: Debug: Adding duplicate image handler for 'JPEG file'
15:01:11: Debug: Adding duplicate image handler for 'TIFF file'
15:01:11: Debug: Adding duplicate image handler for 'GIF file'
15:01:11: Debug: Adding duplicate image handler for 'PNM file'
15:01:11: Debug: Adding duplicate image handler for 'PCX file'
15:01:11: Debug: Adding duplicate image handler for 'IFF file'
15:01:11: Debug: Adding duplicate image handler for 'Windows icon file'
15:01:11: Debug: Adding duplicate image handler for 'Windows cursor file'
15:01:11: Debug: Adding duplicate image handler for 'Windows animated cursor file'
15:01:11: Debug: Adding duplicate image handler for 'TGA file'
15:01:11: Debug: Adding duplicate image handler for 'XPM file'
15:01:17: Debug: Adding duplicate image handler for 'PNG file'
15:01:17: Debug: Adding duplicate image handler for 'JPEG file'
15:01:17: Debug: Adding duplicate image handler for 'TIFF file'
15:01:17: Debug: Adding duplicate image handler for 'GIF file'
15:01:17: Debug: Adding duplicate image handler for 'PNM file'
15:01:17: Debug: Adding duplicate image handler for 'PCX file'
15:01:17: Debug: Adding duplicate image handler for 'IFF file'
15:01:17: Debug: Adding duplicate image handler for 'Windows icon file'
15:01:17: Debug: Adding duplicate image handler for 'Windows cursor file'
15:01:17: Debug: Adding duplicate image handler for 'Windows animated cursor file'
15:01:17: Debug: Adding duplicate image handler for 'TGA file'
15:01:17: Debug: Adding duplicate image handler for 'XPM file'
15:01:24: Debug: Adding duplicate image handler for 'PNG file'
15:01:24: Debug: Adding duplicate image handler for 'JPEG file'
15:01:24: Debug: Adding duplicate image handler for 'TIFF file'
15:01:24: Debug: Adding duplicate image handler for 'GIF file'
15:01:24: Debug: Adding duplicate image handler for 'PNM file'
15:01:24: Debug: Adding duplicate image handler for 'PCX file'
15:01:24: Debug: Adding duplicate image handler for 'IFF file'
15:01:24: Debug: Adding duplicate image handler for 'Windows icon file'
15:01:24: Debug: Adding duplicate image handler for 'Windows cursor file'
15:01:24: Debug: Adding duplicate image handler for 'Windows animated cursor file'
15:01:24: Debug: Adding duplicate image handler for 'TGA file'
15:01:24: Debug: Adding duplicate image handler for 'XPM file'
15:01:31: Debug: Adding duplicate image handler for 'PNG file'
15:01:31: Debug: Adding duplicate image handler for 'JPEG file'
15:01:31: Debug: Adding duplicate image handler for 'TIFF file'
15:01:31: Debug: Adding duplicate image handler for 'GIF file'
15:01:31: Debug: Adding duplicate image handler for 'PNM file'
15:01:31: Debug: Adding duplicate image handler for 'PCX file'
15:01:31: Debug: Adding duplicate image handler for 'IFF file'
15:01:31: Debug: Adding duplicate image handler for 'Windows icon file'
15:01:31: Debug: Adding duplicate image handler for 'Windows cursor file'
15:01:31: Debug: Adding duplicate image handler for 'Windows animated cursor file'
15:01:31: Debug: Adding duplicate image handler for 'TGA file'
15:01:31: Debug: Adding duplicate image handler for 'XPM file'
15:01:38: Debug: Adding duplicate image handler for 'PNG file'
15:01:38: Debug: Adding duplicate image handler for 'JPEG file'
15:01:38: Debug: Adding duplicate image handler for 'TIFF file'
15:01:38: Debug: Adding duplicate image handler for 'GIF file'
15:01:38: Debug: Adding duplicate image handler for 'PNM file'
15:01:38: Debug: Adding duplicate image handler for 'PCX file'
15:01:38: Debug: Adding duplicate image handler for 'IFF file'
15:01:38: Debug: Adding duplicate image handler for 'Windows icon file'
15:01:38: Debug: Adding duplicate image handler for 'Windows cursor file'
15:01:38: Debug: Adding duplicate image handler for 'Windows animated cursor file'
15:01:38: Debug: Adding duplicate image handler for 'TGA file'
15:01:38: Debug: Adding duplicate image handler for 'XPM file'
