2026-09-25 14:35:54.570 INFO   Freerouting v2.1.0 (build-date: 2025-04-12)
2026-09-25 14:35:54.723 WARN   No default constructor found for field: currentLocale
2026-09-25 14:35:54.724 INFO   Settings were loaded from freerouting.json
2026-09-25 14:35:57.310 INFO   New version available: v2.4.1
2026-09-25 14:35:57.675 INFO   [DE3BFF\68DB34] Job 'DE3BFF\68DB34' started at 2026-09-25T12:35:57.673606600Z
2026-09-25 14:36:00.572 INFO   [DE3BFF\68DB34] Auto-router pass #1 on board 'd7f4d2f010b2c90f20cec8905a0cc380' was completed in 2,27 seconds with the score of 991,56, using 1,36 CPU seconds and 133 MB memory.
2026-09-25 14:36:00.669 INFO   [DE3BFF\68DB34] Auto-router pass #2 on board 'a4dd3c4c8bd9de08681e6678e15ca261' was completed in 0,01 seconds with the score of 991,56, using 1,36 CPU seconds and 133 MB memory.
{
  "host": "KiCad's Pcbnew,10.0.6",
  "unit": "mm",
  "board": {
    "bounding_box": {
      "x": 1151.0,
      "y": 1.0,
      "width": -1.0,
      "height": -701.0
    },
    "size": {
      "x": 0.0,
      "y": 0.0,
      "width": 1152.0,
      "height": 702.0
    }
  },
  "layers": {
    "total_count": 2,
    "signal_count": 2
  },
  "items": {
    "total_count": 989,
    "trace_count": 122,
    "via_count": 1,
    "conduction_area_count": 0,
    "drill_item_count": 141,
    "pin_count": 0,
    "component_count": 708,
    "other_count": 17
  },
  "components": {
    "total_count": 68
  },
  "pads": {
    "total_count": 141
  },
  "nets": {
    "total_count": 36,
    "class_count": 2
  },
  "connections": {
    "maximum_count": 189,
    "incomplete_count": 0
  },
  "traces": {
    "total_count": 122,
    "total_segment_count": 146,
    "total_length": 6092.7173,
    "total_weighted_length": 1.0932067E7,
    "average_length": 49.940308,
    "total_vertical_length": 2319.613,
    "total_horizontal_length": 2222.588,
    "total_angled_length": 1333.4098
  },
  "bends": {
    "total_count": 24,
    "90_degree_count": 0,
    "45_degree_count": 24,
    "other_angle_count": 0
  },
  "vias": {
    "total_count": 1,
    "through_hole_count": 1,
    "blind_count": 0,
    "buried_count": 0
  },
  "clearance_violations": {
    "total_count": 0
  }
}
