PASS J_BP1-PINOUT 
PASS J_BP1-FOOTPRINT 
PASS J_BP1-ODD-PINS-GND 
PASS J_BP2-PINOUT 
PASS J_BP2-FOOTPRINT 
PASS J_BP2-ODD-PINS-GND 
PASS JBP-POWER-PINS 
PASS JBP1-SPI-PINS-AS-P03R6 
PASS JBP2-PINS-AS-P04R3 
PASS P12-WAITING-NETS-END-ON-P07 
PASS P04-NETS-DIRECTIONS 
PASS JBP-NO-FOREIGN-NETS 
PASS CSV-J_BP 
PASS WIRES-MOTOR-PATH 
PASS JMOD-PINOUT 
PASS SV-ONLY-J_SV2 
PASS J_SV2-MAX-13-PINS 
PASS J_SV2-GND-ENDS 
PASS J_SV2-SERIES-R-AT-NODE-CLASS 
PASS J_SV2-GROUP 
PASS J_SV2-NEIGHBOURS 
PASS SRV-EACH-NODE-ONCE 
PASS SRV-REQUIRED-NODES 
PASS CSV-SERWIS 
PASS RSH1-KELVIN-MOTOR-LINE 
PASS INA240-KELVIN-INPUTS 
PASS PART-TYPES-S1 
ok   J_BP1.6 CS_ITEST_N <-> 8 MOTOR_INA ['J_BP1-PINOUT', 'CSV-J_BP']
ok   J_BP2.16 SAFE_N -> 15 ['J_BP2-PINOUT', 'J_BP2-ODD-PINS-GND', 'JBP2-PINS-AS-P04R3', 'CSV-J_BP']
ok   J_BP1 vertical footprint ['J_BP1-FOOTPRINT']
ok   J_BP2 one 5V_SYS pin -> GND ['J_BP2-PINOUT', 'JBP-POWER-PINS', 'CSV-J_BP']
ok   ADC_SCLK on J_BP1.16 ['J_BP1-PINOUT', 'JBP1-SPI-PINS-AS-P03R6', 'CSV-J_BP']
ok   DRIVE_OK on J_BP2.10 ['J_BP2-PINOUT', 'JBP2-PINS-AS-P04R3', 'CSV-J_BP']
ok   ENB_DIAG missing (J_BP1.14 -> GND) ['J_BP1-PINOUT', 'P12-WAITING-NETS-END-ON-P07', 'CSV-J_BP']
ok   VMOTOR on the tape (J_BP2.14) ['J_BP2-PINOUT', 'JBP-POWER-PINS', 'JBP-NO-FOREIGN-NETS', 'CSV-J_BP']
ok   M+ wire to the TEST port directly (J3.1 -> T_EGR_P1) ['WIRES-MOTOR-PATH']
ok   J_MOD VCC/GND swapped ['JMOD-PINOUT']
ok   J_SV2 14 pins ['J_SV2-MAX-13-PINS']
ok   J_SV2 last pin not GND ['J_SV2-GND-ENDS', 'CSV-SERWIS']
ok   service R of I_T_OUT 1K ['J_SV2-SERIES-R-AT-NODE-CLASS']
ok   rail service R 10K ['J_SV2-SERIES-R-AT-NODE-CLASS']
ok   node outside the group (SRV_OC_GOOD -> REF25, 10K) ['J_SV2-SERIES-R-AT-NODE-CLASS', 'J_SV2-GROUP', 'SRV-REQUIRED-NODES']
ok   J_SV2 pin 10 GND -> DRIVE_OK (analog next to logic) ['J_SV2-NEIGHBOURS', 'CSV-SERWIS']
ok   node probed twice (DRIVE_OK resistor -> OC_GOOD) ['J_SV2-SERIES-R-AT-NODE-CLASS', 'SRV-EACH-NODE-ONCE', 'SRV-REQUIRED-NODES']
ok   required node missing (SAFE_OK pin -> GND) ['SRV-REQUIRED-NODES', 'CSV-SERWIS']
ok   second strip J_SV1 appears ['SV-ONLY-J_SV2']
ok   SERWIS.csv stale (J_SV2.8 -> SRV_DRIVE_OK) ['J_SV2-SERIES-R-AT-NODE-CLASS', 'SRV-REQUIRED-NODES', 'CSV-SERWIS']
ok   shunt sense pads swapped ['RSH1-KELVIN-MOTOR-LINE']
ok   INA240 IN+ on K_MINUS side ['INA240-KELVIN-INPUTS']
ok   R15 in 0805 ['PART-TYPES-S1']
ok   U5 in VSSOP (v6.1) ['PART-TYPES-S1']
ok   J_BP.csv direction of DRIVE_OK flipped ['P04-NETS-DIRECTIONS']
ok   J_BP.csv stale (CSV-J_BP) ['P12-WAITING-NETS-END-ON-P07', 'CSV-J_BP']
ok   null control (unchanged netlist) []

