2026-09-25 15:23:38.248 INFO   Freerouting v2.1.0 (build-date: 2025-04-12)
2026-09-25 15:23:46.359 WARN   No default constructor found for field: currentLocale
2026-09-25 15:23:46.360 INFO   Settings were loaded from freerouting.json
2026-09-25 15:23:48.385 INFO   [F6CA4C\338504] Job 'F6CA4C\338504' started at 2026-09-25T13:23:48.385887600Z
2026-09-25 15:23:48.526 INFO   New version available: v2.4.1
2026-09-25 15:23:50.039 INFO   [F6CA4C\338504] Auto-router pass #1 on board 'f4802505d4ddb582b365a845e33f31d4' was completed in 1,23 seconds with the score of 991,67, using 0,72 CPU seconds and 151 MB memory.
2026-09-25 15:23:50.099 INFO   [F6CA4C\338504] Auto-router pass #2 on board '9771ceb269b2eb42014d2d15087adce4' was completed in 0,01 seconds with the score of 991,67, using 0,72 CPU seconds and 151 MB memory.
{
  "host": "KiCad's Pcbnew,10.0.6",
  "unit": "mm",
  "board": {
    "bounding_box": {
      "x": 1151.0,
      "y": 1.0,
      "width": -1.0,
      "height": -701.0
    },
    "size": {
      "x": 0.0,
      "y": 0.0,
      "width": 1152.0,
      "height": 702.0
    }
  },
  "layers": {
    "total_count": 2,
    "signal_count": 2
  },
  "items": {
    "total_count": 1015,
    "trace_count": 130,
    "via_count": 1,
    "conduction_area_count": 0,
    "drill_item_count": 145,
    "pin_count": 0,
    "component_count": 722,
    "other_count": 17
  },
  "components": {
    "total_count": 70
  },
  "pads": {
    "total_count": 145
  },
  "nets": {
    "total_count": 37,
    "class_count": 2
  },
  "connections": {
    "maximum_count": 199,
    "incomplete_count": 0
  },
  "traces": {
    "total_count": 130,
    "total_segment_count": 150,
    "total_length": 6382.7466,
    "total_weighted_length": 1.0839255E7,
    "average_length": 49.09805,
    "total_vertical_length": 2512.088,
    "total_horizontal_length": 2739.868,
    "total_angled_length": 1228.0
  },
  "bends": {
    "total_count": 20,
    "90_degree_count": 0,
    "45_degree_count": 20,
    "other_angle_count": 0
  },
  "vias": {
    "total_count": 1,
    "through_hole_count": 1,
    "blind_count": 0,
    "buried_count": 0
  },
  "clearance_violations": {
    "total_count": 0
  }
}
