PASS Fresh native DRC: 0 violations / 0 unconnected / 0 schematic parity (all severities, zones refilled)
PASS 20 parts of the netlist + 8 mounting holes, nothing else; every footprint ID and pad net equals the netlist
PASS Every connector: straight IDC of the contract type on the top side; every pad net = docs/kontrakt-P12.json (R2: no unconnected pin)
PASS Connector centres (x of the stack, z above the floor) = zlacza-P12.csv x and z_bottom + 1.6 + 4.45 mm, within 0.5 mm (J10: x 26.5, z 14.05)
PASS Orientation of every connector: pin 1 at the smaller x, odd pins in one row along +x, pin 2k directly 2.54 mm ABOVE pin 2k-1 (odd row lower: mirror of the angled IDC on the boards, untwisted ribbon)
PASS 2 copper layers, 1.6 mm
PASS Both copper layers 35 um
PASS Outline 160 x 136 mm (x 0..160, z 4..140), 4 corner arcs R 1
PASS M3: 8 NPTH 3.2 mm at the README positions
PASS Standoff zones D7: no copper within 3.5 mm of a hole centre; courtyards >= 1 mm outside the zone (screw head, ribbon sockets); rule areas on both layers
PASS Rules: clearance >= 0.25, edge 0.5, ring 0.25, silk text >= 1.0 / 0.15 mm, no DRC exclusions; class PWR (5V_SYS) 1.0 mm, P3V3 (3V3_IO) 0.5 mm
PASS Track widths: 5V_SYS >= 1.0 mm, 3V3_IO >= 0.5 mm, every other track >= 0.25 mm
PASS Every PTH pad and via has an annular ring >= 0.25 mm
PASS 5V_SYS, 3V3_IO and GND separate (no DRC short); P03 J_BP2 16/17/19/20 (PFAIL_N, 5V_SYS) and P05 J_BP2 16/17/19/20 (GND) without a copper path
PASS Every 5V_SYS / 3V3_IO pad joined over copper to the source P02 J_BP (J1.2 / J1.8)
PASS 5V_SYS budget of the full stack <= 1.8 A (90 % of TSR 2-2450), <= 1 A per source contact, narrowest 5V_SYS track carries it (IPC-2221, outer, 10 K)
PASS GND pours on both layers (each >= 50 % of the board, island removal always) and >= 20 GND stitching vias
PASS Test pads TP1 / TP4 GND, TP2 5V_SYS, TP3 3V3_IO
PASS Every silkscreen text >= 1.0 mm high and >= 0.15 mm stroke (JLCPCB)
PASS Every connector: one label "Jn  Pxx <connector> (poziom k, Sx)" centred above it and one "1" mark <= 7.5 mm from pin 1, nearer pin 1 than the last odd pin
PASS No silkscreen text (top or bottom) inside a connector / pad courtyard (stays visible next to a mated socket), in an M3 zone D7 or off the board
PASS Silkscreen: board name "P12 R2 S1 PELNY" and orientation marks (STRONA STOSU, x = 0 PANEL)
22/22 PCB checks passed

