OK  null_control -> 0 failing checks
OK  mount_shift -> 1 failing checks
OK  jbp_shift -> 3 failing checks
OK  sv_no_gnd_end -> 3 failing checks
OK  sv_pin_without_resistor -> 3 failing checks
OK  too_tall -> 1 failing checks
OK  neck_5a -> 3 failing checks
OK  decap_far -> 3 failing checks
OK  tab_foreign -> 2 failing checks
OK  corridor_track -> 3 failing checks
OK  hold_far -> 3 failing checks
OK  label_missing -> 1 failing checks
12 / 12 negative controls (with the null control)

15:29:02: Debug: Adding duplicate image handler for 'PNG file'
15:29:02: Debug: Adding duplicate image handler for 'JPEG file'
15:29:02: Debug: Adding duplicate image handler for 'TIFF file'
15:29:02: Debug: Adding duplicate image handler for 'GIF file'
15:29:02: Debug: Adding duplicate image handler for 'PNM file'
15:29:02: Debug: Adding duplicate image handler for 'PCX file'
15:29:02: Debug: Adding duplicate image handler for 'IFF file'
15:29:02: Debug: Adding duplicate image handler for 'Windows icon file'
15:29:02: Debug: Adding duplicate image handler for 'Windows cursor file'
15:29:02: Debug: Adding duplicate image handler for 'Windows animated cursor file'
15:29:02: Debug: Adding duplicate image handler for 'TGA file'
15:29:02: Debug: Adding duplicate image handler for 'XPM file'
15:29:17: Debug: Adding duplicate image handler for 'PNG file'
15:29:17: Debug: Adding duplicate image handler for 'JPEG file'
15:29:17: Debug: Adding duplicate image handler for 'TIFF file'
15:29:17: Debug: Adding duplicate image handler for 'GIF file'
15:29:17: Debug: Adding duplicate image handler for 'PNM file'
15:29:17: Debug: Adding duplicate image handler for 'PCX file'
15:29:17: Debug: Adding duplicate image handler for 'IFF file'
15:29:17: Debug: Adding duplicate image handler for 'Windows icon file'
15:29:17: Debug: Adding duplicate image handler for 'Windows cursor file'
15:29:17: Debug: Adding duplicate image handler for 'Windows animated cursor file'
15:29:17: Debug: Adding duplicate image handler for 'TGA file'
15:29:17: Debug: Adding duplicate image handler for 'XPM file'
15:29:33: Debug: Adding duplicate image handler for 'PNG file'
15:29:33: Debug: Adding duplicate image handler for 'JPEG file'
15:29:33: Debug: Adding duplicate image handler for 'TIFF file'
15:29:33: Debug: Adding duplicate image handler for 'GIF file'
15:29:33: Debug: Adding duplicate image handler for 'PNM file'
15:29:33: Debug: Adding duplicate image handler for 'PCX file'
15:29:33: Debug: Adding duplicate image handler for 'IFF file'
15:29:33: Debug: Adding duplicate image handler for 'Windows icon file'
15:29:33: Debug: Adding duplicate image handler for 'Windows cursor file'
15:29:33: Debug: Adding duplicate image handler for 'Windows animated cursor file'
15:29:33: Debug: Adding duplicate image handler for 'TGA file'
15:29:33: Debug: Adding duplicate image handler for 'XPM file'
15:29:50: Debug: Adding duplicate image handler for 'PNG file'
15:29:50: Debug: Adding duplicate image handler for 'JPEG file'
15:29:50: Debug: Adding duplicate image handler for 'TIFF file'
15:29:50: Debug: Adding duplicate image handler for 'GIF file'
15:29:50: Debug: Adding duplicate image handler for 'PNM file'
15:29:50: Debug: Adding duplicate image handler for 'PCX file'
15:29:50: Debug: Adding duplicate image handler for 'IFF file'
15:29:50: Debug: Adding duplicate image handler for 'Windows icon file'
15:29:50: Debug: Adding duplicate image handler for 'Windows cursor file'
15:29:50: Debug: Adding duplicate image handler for 'Windows animated cursor file'
15:29:50: Debug: Adding duplicate image handler for 'TGA file'
15:29:50: Debug: Adding duplicate image handler for 'XPM file'
15:30:07: Debug: Adding duplicate image handler for 'PNG file'
15:30:07: Debug: Adding duplicate image handler for 'JPEG file'
15:30:07: Debug: Adding duplicate image handler for 'TIFF file'
15:30:07: Debug: Adding duplicate image handler for 'GIF file'
15:30:07: Debug: Adding duplicate image handler for 'PNM file'
15:30:07: Debug: Adding duplicate image handler for 'PCX file'
15:30:07: Debug: Adding duplicate image handler for 'IFF file'
15:30:07: Debug: Adding duplicate image handler for 'Windows icon file'
15:30:07: Debug: Adding duplicate image handler for 'Windows cursor file'
15:30:07: Debug: Adding duplicate image handler for 'Windows animated cursor file'
15:30:07: Debug: Adding duplicate image handler for 'TGA file'
15:30:07: Debug: Adding duplicate image handler for 'XPM file'
15:30:24: Debug: Adding duplicate image handler for 'PNG file'
15:30:24: Debug: Adding duplicate image handler for 'JPEG file'
15:30:24: Debug: Adding duplicate image handler for 'TIFF file'
15:30:24: Debug: Adding duplicate image handler for 'GIF file'
15:30:24: Debug: Adding duplicate image handler for 'PNM file'
15:30:24: Debug: Adding duplicate image handler for 'PCX file'
15:30:24: Debug: Adding duplicate image handler for 'IFF file'
15:30:24: Debug: Adding duplicate image handler for 'Windows icon file'
15:30:24: Debug: Adding duplicate image handler for 'Windows cursor file'
15:30:24: Debug: Adding duplicate image handler for 'Windows animated cursor file'
15:30:24: Debug: Adding duplicate image handler for 'TGA file'
15:30:24: Debug: Adding duplicate image handler for 'XPM file'
15:30:40: Debug: Adding duplicate image handler for 'PNG file'
15:30:40: Debug: Adding duplicate image handler for 'JPEG file'
15:30:40: Debug: Adding duplicate image handler for 'TIFF file'
15:30:40: Debug: Adding duplicate image handler for 'GIF file'
15:30:40: Debug: Adding duplicate image handler for 'PNM file'
15:30:40: Debug: Adding duplicate image handler for 'PCX file'
15:30:40: Debug: Adding duplicate image handler for 'IFF file'
15:30:40: Debug: Adding duplicate image handler for 'Windows icon file'
15:30:40: Debug: Adding duplicate image handler for 'Windows cursor file'
15:30:40: Debug: Adding duplicate image handler for 'Windows animated cursor file'
15:30:40: Debug: Adding duplicate image handler for 'TGA file'
15:30:40: Debug: Adding duplicate image handler for 'XPM file'
15:30:57: Debug: Adding duplicate image handler for 'PNG file'
15:30:57: Debug: Adding duplicate image handler for 'JPEG file'
15:30:57: Debug: Adding duplicate image handler for 'TIFF file'
15:30:57: Debug: Adding duplicate image handler for 'GIF file'
15:30:57: Debug: Adding duplicate image handler for 'PNM file'
15:30:57: Debug: Adding duplicate image handler for 'PCX file'
15:30:57: Debug: Adding duplicate image handler for 'IFF file'
15:30:57: Debug: Adding duplicate image handler for 'Windows icon file'
15:30:57: Debug: Adding duplicate image handler for 'Windows cursor file'
15:30:57: Debug: Adding duplicate image handler for 'Windows animated cursor file'
15:30:57: Debug: Adding duplicate image handler for 'TGA file'
15:30:57: Debug: Adding duplicate image handler for 'XPM file'
15:31:14: Debug: Adding duplicate image handler for 'PNG file'
15:31:14: Debug: Adding duplicate image handler for 'JPEG file'
15:31:14: Debug: Adding duplicate image handler for 'TIFF file'
15:31:14: Debug: Adding duplicate image handler for 'GIF file'
15:31:14: Debug: Adding duplicate image handler for 'PNM file'
15:31:14: Debug: Adding duplicate image handler for 'PCX file'
15:31:14: Debug: Adding duplicate image handler for 'IFF file'
15:31:14: Debug: Adding duplicate image handler for 'Windows icon file'
15:31:14: Debug: Adding duplicate image handler for 'Windows cursor file'
15:31:14: Debug: Adding duplicate image handler for 'Windows animated cursor file'
15:31:14: Debug: Adding duplicate image handler for 'TGA file'
15:31:14: Debug: Adding duplicate image handler for 'XPM file'
15:31:32: Debug: Adding duplicate image handler for 'PNG file'
15:31:32: Debug: Adding duplicate image handler for 'JPEG file'
15:31:32: Debug: Adding duplicate image handler for 'TIFF file'
15:31:32: Debug: Adding duplicate image handler for 'GIF file'
15:31:32: Debug: Adding duplicate image handler for 'PNM file'
15:31:32: Debug: Adding duplicate image handler for 'PCX file'
15:31:32: Debug: Adding duplicate image handler for 'IFF file'
15:31:32: Debug: Adding duplicate image handler for 'Windows icon file'
15:31:32: Debug: Adding duplicate image handler for 'Windows cursor file'
15:31:32: Debug: Adding duplicate image handler for 'Windows animated cursor file'
15:31:32: Debug: Adding duplicate image handler for 'TGA file'
15:31:32: Debug: Adding duplicate image handler for 'XPM file'
15:31:48: Debug: Adding duplicate image handler for 'PNG file'
15:31:48: Debug: Adding duplicate image handler for 'JPEG file'
15:31:48: Debug: Adding duplicate image handler for 'TIFF file'
15:31:48: Debug: Adding duplicate image handler for 'GIF file'
15:31:48: Debug: Adding duplicate image handler for 'PNM file'
15:31:48: Debug: Adding duplicate image handler for 'PCX file'
15:31:48: Debug: Adding duplicate image handler for 'IFF file'
15:31:48: Debug: Adding duplicate image handler for 'Windows icon file'
15:31:48: Debug: Adding duplicate image handler for 'Windows cursor file'
15:31:48: Debug: Adding duplicate image handler for 'Windows animated cursor file'
15:31:48: Debug: Adding duplicate image handler for 'TGA file'
15:31:48: Debug: Adding duplicate image handler for 'XPM file'
