PASS C01 Every exported functional pin agrees with parts.py | 0 mismatches
PASS T01 Q9 and Q1 back-to-back: Q9 D=BAT_IN S=SW_COM, Q1 S=SW_COM D=VSW (reverse polarity blocked by Q9 body diode) 
PASS T02 BAT_IN reaches only J1.1, Q9 drain and TP1 | J1.1, Q9.2, TP1.1
PASS T03 Zener clamps D10/D4/D9: cathode SW_COM, anode on the gate of Q9/Q1/Q2 
PASS T04 Gate block as P01 R3: C5 GATE-VSW, C6 GATE-SW_COM, Q2 S=SW_COM D->R27->GATE, Q4 E=SW_COM C=OFF_G, R23 OFF_G-GND 
PASS T05 PWR switch in the UVLO top branch: SW_COM-R5-J14-R9-UV_DIV, R10 to GND (open = UV_DIV at 0 V = off) 
PASS T06 Filter C13 on UV_DIV before R12; hysteresis R11 from OK into UV_CMP; U2B + = UV_CMP, - = REF, out = OK 
PASS T07 PFAIL_N buffers OK: U2A + = OK x R7/(R6+R7), - = REF; pull-up to 3V3_IO; R37 to PFAIL_N at J16.1 and J12.3 
PASS T08 SAFE_N as P01: Q7 base fed only from J13.1 (P04 3V3, separate from local 3V3_IO); Q8 released by ENABLE 
PASS T09 C_H: charged only via R40 + D2 (K = HOLD_C), discharged only via D1 A2; D1 A1 = VSW, K = VLOG 
PASS T10 VMOTOR only from VSW through F1; nothing else on VMOTOR 
PASS T11 TSR inputs from VLOG through F2/F3 
PASS T12 AUX5 supply V_CTRL = SW_COM (D11) OR VLOG (D12) 
PASS T13 VBAT: J15 - R38 - VBAT_SENSE (D13 bidirectional TVS to GND) - J11.1; no GND wire from the car 
PASS T14 TVS on VSW with VWM >= 16.8 V (5KP18A: 18 V) 
PASS U01 Nominal UVLO matches spec 13.53 / 12.51 V within 0.05 V | 13.501 / 12.548 V
PASS U02 Z-03: no start at 12.6 V (3S full) in any corner (on_min > 12.6 V) | on_min 12.90 V
PASS U03 Rested 4S at 3.6 V/cell (14.4 V) always starts (on_max < 14.4 V) | on_max 14.08 V
PASS U04 Off threshold >= 11.6 V in all corners (2.9 V/cell, above the BMS cut-off 2.5..2.8 V/cell); on > off per corner is U05 | off 11.98..13.11 V
PASS U05 Hysteresis >= 0.7 V in all corners (D-05) | 0.84 V
PASS P01 PFAIL_N follows OK with >= 0.2 V margin both ways (U2A) | high 0.23 V, low 2.19 V
PASS P02 U2 inputs: REF inside the LM2903 CM range over temperature (one input in range) 
PASS P03 Z-09: PFAIL_N edge <= 100 us after OK/ENABLE change | 5.4 us
PASS S01 Q1 turn-off after ENABLE loss <= 1 ms in all declared cases (R23 = 22k) | max 239 us
PASS S02 Hot plug 25 V: VSG(Q1) step C5/(C5+C6+Ciss) <= 0.8 V (P01 R1 blocker rule) | 0.29 V
PASS S03 Z-07: capacitive inrush at the 220 uF budget <= 3.0 A (nominal) | 2.53 A
PASS S04 O-04: VSW slew 5..15 V/ms in all corners | 11.5, 14.7, 5.6
PASS S05 Start: Q1 peak <= 5 A and energy <= 50 mJ (P01 R3 accepted 137 mJ) | 3.69 A / 37 mJ, 4.40 A / 35 mJ, 2.31 A / 25 mJ
PASS S06 Z-06: VSW cap <= 100 uF and switched on-board C <= 120 uF (>= 100 uF left for P07 within 220 uF) | C3 47 uF, on-board 89 uF, P07 allowance 131 uF
PASS H01 Hold-up after PFAIL_N >= 10 ms at 6 W in the worst corner (firmware closes the file in <= 10 ms, spec section 9) | 11.1 ms
PASS L01 Z-13: Q1 and Q9 each <= 1 W and Tj <= 110 C at 5 A, 50 C ambient, no heatsink (62 K/W) | 0.37 W at 3.5 A, 0.75 W at 5 A
PASS L02 PWR wire shorted to GND: R5 <= 60 % of 0.5 W | 286 mW
PASS L03 R23 static loss (Q4 on, OFF_G at SW_COM) <= 10 % of 0.5 W | 13.0 mW
PASS L04 AUX5 regulates down to V_CTRL: LM2936 input >= 5.5 V at VLOG = 7 V | 5.89 V at 8.8 mA
PASS R01 Z-14: every part on the pack-side nets rated >= 25 V (clamps and wire terminations listed as exempt) 
SPEC Z-02 NIESPELNIONE | on 12.90..14.08 V, off 11.98..13.11 V
SPEC Z-08 NIESPELNIONE | worst 11.1 / 22.3 ms; nominal 16.8 / 33.5 ms
SPEC Z-01 NIESPELNIONE | 5KP18A on VSW: VBR min 20 V; a steady 25 V source drives the TVS into breakdown
NEG OK  null_control -> []
NEG OK  c5_220n_hotplug -> ['S02', 'S04', 'S05']
NEG OK  c6_100n_hotplug -> ['S02']
NEG OK  r23_220k_slow_off -> ['S01']
NEG OK  pwr_bypassed -> ['T05']
NEG OK  safe_from_local_3v3 -> ['T08']
NEG OK  r9_36k5_starts_on_3s -> ['U01', 'U02', 'U04', 'H01']
NEG OK  r11_4m64_no_hysteresis -> ['U01', 'U02', 'U05']
NEG OK  dch_reversed -> ['T09']
NEG OK  ch_1000u -> ['H01']
NEG OK  pfail_from_uv_cmp_literal_D06 -> ['T07']
NEG OK  qrev_swapped -> ['T01', 'T02']
NEG OK  vmotor_unswitched -> ['T10']
NEG OK  r5_100r -> ['U01', 'L02']
NEG OK  r7_47k_pfail_divider -> ['P01']
NEG OK  c3_220u -> ['S06']
NEG OK  c13_on_feedback -> ['T06']
NEG OK  r1_1k_aux_dropout -> ['L04']
NEG OK  r10_11k5_off_too_low -> ['U01', 'U02', 'U04', 'H01']
Electrical negative controls: 19 / 19

