2026-09-27 12:31:37.347 INFO   Freerouting v2.1.0 (build-date: 2025-04-12)
2026-09-27 12:31:45.478 WARN   No default constructor found for field: currentLocale
2026-09-27 12:31:45.480 INFO   Settings were loaded from freerouting.json
2026-09-27 12:31:47.838 INFO   New version available: v2.4.1
2026-09-27 12:31:47.993 INFO   [55DC49\D122F9] Job '55DC49\D122F9' started at 2026-09-27T10:31:47.992786300Z
2026-09-27 12:31:49.338 INFO   [55DC49\D122F9] Auto-router pass #1 on board '84e72bcbb8364c0da51d39a9414cb71b' was completed in 1,11 seconds with the score of 974,52 (2 unrouted), using 0,84 CPU seconds and 182 MB memory.
2026-09-27 12:31:49.463 INFO   [55DC49\D122F9] Auto-router pass #2 on board '5e05d8234f877e1d5248977392387835' was completed in 0,10 seconds with the score of 983,17 (1 unrouted), using 0,84 CPU seconds and 182 MB memory.
2026-09-27 12:31:49.583 INFO   [55DC49\D122F9] Auto-router pass #3 on board 'd5eed019f95d570d27ad5be10d8ca313' was completed in 0,10 seconds with the score of 990,81, using 0,84 CPU seconds and 182 MB memory.
2026-09-27 12:31:49.612 INFO   [55DC49\D122F9] Auto-router pass #4 on board 'e4081b89a2b141930825fc80793d214e' was completed in 0,00 seconds with the score of 990,81, using 0,84 CPU seconds and 182 MB memory.
{
  "host": "KiCad's Pcbnew,10.0.6",
  "unit": "mm",
  "board": {
    "bounding_box": {
      "x": 801.0,
      "y": 1.0,
      "width": -1.0,
      "height": -701.0
    },
    "size": {
      "x": 0.0,
      "y": 0.0,
      "width": 802.0,
      "height": 702.0
    }
  },
  "layers": {
    "total_count": 2,
    "signal_count": 2
  },
  "items": {
    "total_count": 248,
    "trace_count": 87,
    "via_count": 4,
    "conduction_area_count": 0,
    "drill_item_count": 57,
    "pin_count": 0,
    "component_count": 65,
    "other_count": 35
  },
  "components": {
    "total_count": 23
  },
  "pads": {
    "total_count": 57
  },
  "nets": {
    "total_count": 15,
    "class_count": 2
  },
  "connections": {
    "maximum_count": 133,
    "incomplete_count": 0
  },
  "traces": {
    "total_count": 87,
    "total_segment_count": 151,
    "total_length": 4050.8079,
    "total_weighted_length": 1.5061078E7,
    "average_length": 46.56101,
    "total_vertical_length": 1239.593,
    "total_horizontal_length": 984.247,
    "total_angled_length": 1518.1176
  },
  "bends": {
    "total_count": 64,
    "90_degree_count": 0,
    "45_degree_count": 64,
    "other_angle_count": 0
  },
  "vias": {
    "total_count": 4,
    "through_hole_count": 4,
    "blind_count": 0,
    "buried_count": 0
  },
  "clearance_violations": {
    "total_count": 0
  }
}
