OK  null_control -> 0 failing checks
OK  drc_short -> 1 failing checks
OK  ref_renamed -> 3 failing checks
OK  value_changed -> 2 failing checks
OK  copper_18um -> 1 failing checks
OK  small_ring -> 2 failing checks
OK  rules_relaxed -> 1 failing checks
OK  outline_arc_missing -> 2 failing checks
OK  mount_shift -> 2 failing checks
OK  zone_copper -> 2 failing checks
OK  jp12_off_edge -> 4 failing checks
OK  jp12_pinout -> 3 failing checks
OK  pin1_mark_missing -> 1 failing checks
OK  narrow_track -> 2 failing checks
OK  supply_03 -> 1 failing checks
OK  field_turned -> 3 failing checks
OK  field_drill -> 2 failing checks
OK  anchor_track -> 2 failing checks
OK  strip_blocked -> 5 failing checks
OK  label_missing -> 1 failing checks
OK  label_swap -> 1 failing checks
OK  label_swap_test -> 1 failing checks
OK  variant_missing -> 1 failing checks
OK  small_text -> 2 failing checks
OK  gnd_pour_removed -> 2 failing checks
OK  bottom_part -> 2 failing checks
OK  ref_on_part -> 2 failing checks
OK  ref_far -> 2 failing checks
OK  title_wrong -> 1 failing checks
29 / 29 negative controls (with the null control)

20:47:38: Debug: Adding duplicate image handler for 'PNG file'
20:47:38: Debug: Adding duplicate image handler for 'JPEG file'
20:47:38: Debug: Adding duplicate image handler for 'TIFF file'
20:47:38: Debug: Adding duplicate image handler for 'GIF file'
20:47:38: Debug: Adding duplicate image handler for 'PNM file'
20:47:38: Debug: Adding duplicate image handler for 'PCX file'
20:47:38: Debug: Adding duplicate image handler for 'IFF file'
20:47:38: Debug: Adding duplicate image handler for 'Windows icon file'
20:47:38: Debug: Adding duplicate image handler for 'Windows cursor file'
20:47:38: Debug: Adding duplicate image handler for 'Windows animated cursor file'
20:47:38: Debug: Adding duplicate image handler for 'TGA file'
20:47:38: Debug: Adding duplicate image handler for 'XPM file'
20:47:45: Debug: Adding duplicate image handler for 'PNG file'
20:47:45: Debug: Adding duplicate image handler for 'JPEG file'
20:47:45: Debug: Adding duplicate image handler for 'TIFF file'
20:47:45: Debug: Adding duplicate image handler for 'GIF file'
20:47:45: Debug: Adding duplicate image handler for 'PNM file'
20:47:45: Debug: Adding duplicate image handler for 'PCX file'
20:47:45: Debug: Adding duplicate image handler for 'IFF file'
20:47:45: Debug: Adding duplicate image handler for 'Windows icon file'
20:47:45: Debug: Adding duplicate image handler for 'Windows cursor file'
20:47:45: Debug: Adding duplicate image handler for 'Windows animated cursor file'
20:47:45: Debug: Adding duplicate image handler for 'TGA file'
20:47:45: Debug: Adding duplicate image handler for 'XPM file'
20:47:51: Debug: Adding duplicate image handler for 'PNG file'
20:47:51: Debug: Adding duplicate image handler for 'JPEG file'
20:47:51: Debug: Adding duplicate image handler for 'TIFF file'
20:47:51: Debug: Adding duplicate image handler for 'GIF file'
20:47:51: Debug: Adding duplicate image handler for 'PNM file'
20:47:51: Debug: Adding duplicate image handler for 'PCX file'
20:47:51: Debug: Adding duplicate image handler for 'IFF file'
20:47:51: Debug: Adding duplicate image handler for 'Windows icon file'
20:47:51: Debug: Adding duplicate image handler for 'Windows cursor file'
20:47:51: Debug: Adding duplicate image handler for 'Windows animated cursor file'
20:47:51: Debug: Adding duplicate image handler for 'TGA file'
20:47:51: Debug: Adding duplicate image handler for 'XPM file'
20:47:58: Debug: Adding duplicate image handler for 'PNG file'
20:47:58: Debug: Adding duplicate image handler for 'JPEG file'
20:47:58: Debug: Adding duplicate image handler for 'TIFF file'
20:47:58: Debug: Adding duplicate image handler for 'GIF file'
20:47:58: Debug: Adding duplicate image handler for 'PNM file'
20:47:58: Debug: Adding duplicate image handler for 'PCX file'
20:47:58: Debug: Adding duplicate image handler for 'IFF file'
20:47:58: Debug: Adding duplicate image handler for 'Windows icon file'
20:47:58: Debug: Adding duplicate image handler for 'Windows cursor file'
20:47:58: Debug: Adding duplicate image handler for 'Windows animated cursor file'
20:47:58: Debug: Adding duplicate image handler for 'TGA file'
20:47:58: Debug: Adding duplicate image handler for 'XPM file'
20:48:05: Debug: Adding duplicate image handler for 'PNG file'
20:48:05: Debug: Adding duplicate image handler for 'JPEG file'
20:48:05: Debug: Adding duplicate image handler for 'TIFF file'
20:48:05: Debug: Adding duplicate image handler for 'GIF file'
20:48:05: Debug: Adding duplicate image handler for 'PNM file'
20:48:05: Debug: Adding duplicate image handler for 'PCX file'
20:48:05: Debug: Adding duplicate image handler for 'IFF file'
20:48:05: Debug: Adding duplicate image handler for 'Windows icon file'
20:48:05: Debug: Adding duplicate image handler for 'Windows cursor file'
20:48:05: Debug: Adding duplicate image handler for 'Windows animated cursor file'
20:48:05: Debug: Adding duplicate image handler for 'TGA file'
20:48:05: Debug: Adding duplicate image handler for 'XPM file'
20:48:12: Debug: Adding duplicate image handler for 'PNG file'
20:48:12: Debug: Adding duplicate image handler for 'JPEG file'
20:48:12: Debug: Adding duplicate image handler for 'TIFF file'
20:48:12: Debug: Adding duplicate image handler for 'GIF file'
20:48:12: Debug: Adding duplicate image handler for 'PNM file'
20:48:12: Debug: Adding duplicate image handler for 'PCX file'
20:48:12: Debug: Adding duplicate image handler for 'IFF file'
20:48:12: Debug: Adding duplicate image handler for 'Windows icon file'
20:48:12: Debug: Adding duplicate image handler for 'Windows cursor file'
20:48:12: Debug: Adding duplicate image handler for 'Windows animated cursor file'
20:48:12: Debug: Adding duplicate image handler for 'TGA file'
20:48:12: Debug: Adding duplicate image handler for 'XPM file'
20:48:19: Debug: Adding duplicate image handler for 'PNG file'
20:48:19: Debug: Adding duplicate image handler for 'JPEG file'
20:48:19: Debug: Adding duplicate image handler for 'TIFF file'
20:48:19: Debug: Adding duplicate image handler for 'GIF file'
20:48:19: Debug: Adding duplicate image handler for 'PNM file'
20:48:19: Debug: Adding duplicate image handler for 'PCX file'
20:48:19: Debug: Adding duplicate image handler for 'IFF file'
20:48:19: Debug: Adding duplicate image handler for 'Windows icon file'
20:48:19: Debug: Adding duplicate image handler for 'Windows cursor file'
20:48:19: Debug: Adding duplicate image handler for 'Windows animated cursor file'
20:48:19: Debug: Adding duplicate image handler for 'TGA file'
20:48:19: Debug: Adding duplicate image handler for 'XPM file'
20:48:25: Debug: Adding duplicate image handler for 'PNG file'
20:48:25: Debug: Adding duplicate image handler for 'JPEG file'
20:48:25: Debug: Adding duplicate image handler for 'TIFF file'
20:48:25: Debug: Adding duplicate image handler for 'GIF file'
20:48:25: Debug: Adding duplicate image handler for 'PNM file'
20:48:25: Debug: Adding duplicate image handler for 'PCX file'
20:48:25: Debug: Adding duplicate image handler for 'IFF file'
20:48:25: Debug: Adding duplicate image handler for 'Windows icon file'
20:48:25: Debug: Adding duplicate image handler for 'Windows cursor file'
20:48:25: Debug: Adding duplicate image handler for 'Windows animated cursor file'
20:48:25: Debug: Adding duplicate image handler for 'TGA file'
20:48:25: Debug: Adding duplicate image handler for 'XPM file'
20:48:32: Debug: Adding duplicate image handler for 'PNG file'
20:48:32: Debug: Adding duplicate image handler for 'JPEG file'
20:48:32: Debug: Adding duplicate image handler for 'TIFF file'
20:48:32: Debug: Adding duplicate image handler for 'GIF file'
20:48:32: Debug: Adding duplicate image handler for 'PNM file'
20:48:32: Debug: Adding duplicate image handler for 'PCX file'
20:48:32: Debug: Adding duplicate image handler for 'IFF file'
20:48:32: Debug: Adding duplicate image handler for 'Windows icon file'
20:48:32: Debug: Adding duplicate image handler for 'Windows cursor file'
20:48:32: Debug: Adding duplicate image handler for 'Windows animated cursor file'
20:48:32: Debug: Adding duplicate image handler for 'TGA file'
20:48:32: Debug: Adding duplicate image handler for 'XPM file'
20:48:39: Debug: Adding duplicate image handler for 'PNG file'
20:48:39: Debug: Adding duplicate image handler for 'JPEG file'
20:48:39: Debug: Adding duplicate image handler for 'TIFF file'
20:48:39: Debug: Adding duplicate image handler for 'GIF file'
20:48:39: Debug: Adding duplicate image handler for 'PNM file'
20:48:39: Debug: Adding duplicate image handler for 'PCX file'
20:48:39: Debug: Adding duplicate image handler for 'IFF file'
20:48:39: Debug: Adding duplicate image handler for 'Windows icon file'
20:48:39: Debug: Adding duplicate image handler for 'Windows cursor file'
20:48:39: Debug: Adding duplicate image handler for 'Windows animated cursor file'
20:48:39: Debug: Adding duplicate image handler for 'TGA file'
20:48:39: Debug: Adding duplicate image handler for 'XPM file'
20:48:46: Debug: Adding duplicate image handler for 'PNG file'
20:48:46: Debug: Adding duplicate image handler for 'JPEG file'
20:48:46: Debug: Adding duplicate image handler for 'TIFF file'
20:48:46: Debug: Adding duplicate image handler for 'GIF file'
20:48:46: Debug: Adding duplicate image handler for 'PNM file'
20:48:46: Debug: Adding duplicate image handler for 'PCX file'
20:48:46: Debug: Adding duplicate image handler for 'IFF file'
20:48:46: Debug: Adding duplicate image handler for 'Windows icon file'
20:48:46: Debug: Adding duplicate image handler for 'Windows cursor file'
20:48:46: Debug: Adding duplicate image handler for 'Windows animated cursor file'
20:48:46: Debug: Adding duplicate image handler for 'TGA file'
20:48:46: Debug: Adding duplicate image handler for 'XPM file'
20:48:53: Debug: Adding duplicate image handler for 'PNG file'
20:48:53: Debug: Adding duplicate image handler for 'JPEG file'
20:48:53: Debug: Adding duplicate image handler for 'TIFF file'
20:48:53: Debug: Adding duplicate image handler for 'GIF file'
20:48:53: Debug: Adding duplicate image handler for 'PNM file'
20:48:53: Debug: Adding duplicate image handler for 'PCX file'
20:48:53: Debug: Adding duplicate image handler for 'IFF file'
20:48:53: Debug: Adding duplicate image handler for 'Windows icon file'
20:48:53: Debug: Adding duplicate image handler for 'Windows cursor file'
20:48:53: Debug: Adding duplicate image handler for 'Windows animated cursor file'
20:48:53: Debug: Adding duplicate image handler for 'TGA file'
20:48:53: Debug: Adding duplicate image handler for 'XPM file'
20:48:59: Debug: Adding duplicate image handler for 'PNG file'
20:48:59: Debug: Adding duplicate image handler for 'JPEG file'
20:48:59: Debug: Adding duplicate image handler for 'TIFF file'
20:48:59: Debug: Adding duplicate image handler for 'GIF file'
20:48:59: Debug: Adding duplicate image handler for 'PNM file'
20:48:59: Debug: Adding duplicate image handler for 'PCX file'
20:48:59: Debug: Adding duplicate image handler for 'IFF file'
20:48:59: Debug: Adding duplicate image handler for 'Windows icon file'
20:48:59: Debug: Adding duplicate image handler for 'Windows cursor file'
20:48:59: Debug: Adding duplicate image handler for 'Windows animated cursor file'
20:48:59: Debug: Adding duplicate image handler for 'TGA file'
20:48:59: Debug: Adding duplicate image handler for 'XPM file'
20:49:06: Debug: Adding duplicate image handler for 'PNG file'
20:49:06: Debug: Adding duplicate image handler for 'JPEG file'
20:49:06: Debug: Adding duplicate image handler for 'TIFF file'
20:49:06: Debug: Adding duplicate image handler for 'GIF file'
20:49:06: Debug: Adding duplicate image handler for 'PNM file'
20:49:06: Debug: Adding duplicate image handler for 'PCX file'
20:49:06: Debug: Adding duplicate image handler for 'IFF file'
20:49:06: Debug: Adding duplicate image handler for 'Windows icon file'
20:49:06: Debug: Adding duplicate image handler for 'Windows cursor file'
20:49:06: Debug: Adding duplicate image handler for 'Windows animated cursor file'
20:49:06: Debug: Adding duplicate image handler for 'TGA file'
20:49:06: Debug: Adding duplicate image handler for 'XPM file'
20:49:13: Debug: Adding duplicate image handler for 'PNG file'
20:49:13: Debug: Adding duplicate image handler for 'JPEG file'
20:49:13: Debug: Adding duplicate image handler for 'TIFF file'
20:49:13: Debug: Adding duplicate image handler for 'GIF file'
20:49:13: Debug: Adding duplicate image handler for 'PNM file'
20:49:13: Debug: Adding duplicate image handler for 'PCX file'
20:49:13: Debug: Adding duplicate image handler for 'IFF file'
20:49:13: Debug: Adding duplicate image handler for 'Windows icon file'
20:49:13: Debug: Adding duplicate image handler for 'Windows cursor file'
20:49:13: Debug: Adding duplicate image handler for 'Windows animated cursor file'
20:49:13: Debug: Adding duplicate image handler for 'TGA file'
20:49:13: Debug: Adding duplicate image handler for 'XPM file'
20:49:20: Debug: Adding duplicate image handler for 'PNG file'
20:49:20: Debug: Adding duplicate image handler for 'JPEG file'
20:49:20: Debug: Adding duplicate image handler for 'TIFF file'
20:49:20: Debug: Adding duplicate image handler for 'GIF file'
20:49:20: Debug: Adding duplicate image handler for 'PNM file'
20:49:20: Debug: Adding duplicate image handler for 'PCX file'
20:49:20: Debug: Adding duplicate image handler for 'IFF file'
20:49:20: Debug: Adding duplicate image handler for 'Windows icon file'
20:49:20: Debug: Adding duplicate image handler for 'Windows cursor file'
20:49:20: Debug: Adding duplicate image handler for 'Windows animated cursor file'
20:49:20: Debug: Adding duplicate image handler for 'TGA file'
20:49:20: Debug: Adding duplicate image handler for 'XPM file'
20:49:26: Debug: Adding duplicate image handler for 'PNG file'
20:49:26: Debug: Adding duplicate image handler for 'JPEG file'
20:49:26: Debug: Adding duplicate image handler for 'TIFF file'
20:49:26: Debug: Adding duplicate image handler for 'GIF file'
20:49:26: Debug: Adding duplicate image handler for 'PNM file'
20:49:26: Debug: Adding duplicate image handler for 'PCX file'
20:49:26: Debug: Adding duplicate image handler for 'IFF file'
20:49:26: Debug: Adding duplicate image handler for 'Windows icon file'
20:49:26: Debug: Adding duplicate image handler for 'Windows cursor file'
20:49:26: Debug: Adding duplicate image handler for 'Windows animated cursor file'
20:49:26: Debug: Adding duplicate image handler for 'TGA file'
20:49:26: Debug: Adding duplicate image handler for 'XPM file'
20:49:33: Debug: Adding duplicate image handler for 'PNG file'
20:49:33: Debug: Adding duplicate image handler for 'JPEG file'
20:49:33: Debug: Adding duplicate image handler for 'TIFF file'
20:49:33: Debug: Adding duplicate image handler for 'GIF file'
20:49:33: Debug: Adding duplicate image handler for 'PNM file'
20:49:33: Debug: Adding duplicate image handler for 'PCX file'
20:49:33: Debug: Adding duplicate image handler for 'IFF file'
20:49:33: Debug: Adding duplicate image handler for 'Windows icon file'
20:49:33: Debug: Adding duplicate image handler for 'Windows cursor file'
20:49:33: Debug: Adding duplicate image handler for 'Windows animated cursor file'
20:49:33: Debug: Adding duplicate image handler for 'TGA file'
20:49:33: Debug: Adding duplicate image handler for 'XPM file'
20:49:39: Debug: Adding duplicate image handler for 'PNG file'
20:49:39: Debug: Adding duplicate image handler for 'JPEG file'
20:49:39: Debug: Adding duplicate image handler for 'TIFF file'
20:49:39: Debug: Adding duplicate image handler for 'GIF file'
20:49:39: Debug: Adding duplicate image handler for 'PNM file'
20:49:39: Debug: Adding duplicate image handler for 'PCX file'
20:49:39: Debug: Adding duplicate image handler for 'IFF file'
20:49:39: Debug: Adding duplicate image handler for 'Windows icon file'
20:49:39: Debug: Adding duplicate image handler for 'Windows cursor file'
20:49:39: Debug: Adding duplicate image handler for 'Windows animated cursor file'
20:49:39: Debug: Adding duplicate image handler for 'TGA file'
20:49:39: Debug: Adding duplicate image handler for 'XPM file'
20:49:46: Debug: Adding duplicate image handler for 'PNG file'
20:49:46: Debug: Adding duplicate image handler for 'JPEG file'
20:49:46: Debug: Adding duplicate image handler for 'TIFF file'
20:49:46: Debug: Adding duplicate image handler for 'GIF file'
20:49:46: Debug: Adding duplicate image handler for 'PNM file'
20:49:46: Debug: Adding duplicate image handler for 'PCX file'
20:49:46: Debug: Adding duplicate image handler for 'IFF file'
20:49:46: Debug: Adding duplicate image handler for 'Windows icon file'
20:49:46: Debug: Adding duplicate image handler for 'Windows cursor file'
20:49:46: Debug: Adding duplicate image handler for 'Windows animated cursor file'
20:49:46: Debug: Adding duplicate image handler for 'TGA file'
20:49:46: Debug: Adding duplicate image handler for 'XPM file'
20:49:53: Debug: Adding duplicate image handler for 'PNG file'
20:49:53: Debug: Adding duplicate image handler for 'JPEG file'
20:49:53: Debug: Adding duplicate image handler for 'TIFF file'
20:49:53: Debug: Adding duplicate image handler for 'GIF file'
20:49:53: Debug: Adding duplicate image handler for 'PNM file'
20:49:53: Debug: Adding duplicate image handler for 'PCX file'
20:49:53: Debug: Adding duplicate image handler for 'IFF file'
20:49:53: Debug: Adding duplicate image handler for 'Windows icon file'
20:49:53: Debug: Adding duplicate image handler for 'Windows cursor file'
20:49:53: Debug: Adding duplicate image handler for 'Windows animated cursor file'
20:49:53: Debug: Adding duplicate image handler for 'TGA file'
20:49:53: Debug: Adding duplicate image handler for 'XPM file'
20:49:59: Debug: Adding duplicate image handler for 'PNG file'
20:49:59: Debug: Adding duplicate image handler for 'JPEG file'
20:49:59: Debug: Adding duplicate image handler for 'TIFF file'
20:49:59: Debug: Adding duplicate image handler for 'GIF file'
20:49:59: Debug: Adding duplicate image handler for 'PNM file'
20:49:59: Debug: Adding duplicate image handler for 'PCX file'
20:49:59: Debug: Adding duplicate image handler for 'IFF file'
20:49:59: Debug: Adding duplicate image handler for 'Windows icon file'
20:49:59: Debug: Adding duplicate image handler for 'Windows cursor file'
20:49:59: Debug: Adding duplicate image handler for 'Windows animated cursor file'
20:49:59: Debug: Adding duplicate image handler for 'TGA file'
20:49:59: Debug: Adding duplicate image handler for 'XPM file'
20:50:06: Debug: Adding duplicate image handler for 'PNG file'
20:50:06: Debug: Adding duplicate image handler for 'JPEG file'
20:50:06: Debug: Adding duplicate image handler for 'TIFF file'
20:50:06: Debug: Adding duplicate image handler for 'GIF file'
20:50:06: Debug: Adding duplicate image handler for 'PNM file'
20:50:06: Debug: Adding duplicate image handler for 'PCX file'
20:50:06: Debug: Adding duplicate image handler for 'IFF file'
20:50:06: Debug: Adding duplicate image handler for 'Windows icon file'
20:50:06: Debug: Adding duplicate image handler for 'Windows cursor file'
20:50:06: Debug: Adding duplicate image handler for 'Windows animated cursor file'
20:50:06: Debug: Adding duplicate image handler for 'TGA file'
20:50:06: Debug: Adding duplicate image handler for 'XPM file'
20:50:12: Debug: Adding duplicate image handler for 'PNG file'
20:50:12: Debug: Adding duplicate image handler for 'JPEG file'
20:50:12: Debug: Adding duplicate image handler for 'TIFF file'
20:50:12: Debug: Adding duplicate image handler for 'GIF file'
20:50:12: Debug: Adding duplicate image handler for 'PNM file'
20:50:12: Debug: Adding duplicate image handler for 'PCX file'
20:50:12: Debug: Adding duplicate image handler for 'IFF file'
20:50:12: Debug: Adding duplicate image handler for 'Windows icon file'
20:50:12: Debug: Adding duplicate image handler for 'Windows cursor file'
20:50:12: Debug: Adding duplicate image handler for 'Windows animated cursor file'
20:50:12: Debug: Adding duplicate image handler for 'TGA file'
20:50:12: Debug: Adding duplicate image handler for 'XPM file'
20:50:19: Debug: Adding duplicate image handler for 'PNG file'
20:50:19: Debug: Adding duplicate image handler for 'JPEG file'
20:50:19: Debug: Adding duplicate image handler for 'TIFF file'
20:50:19: Debug: Adding duplicate image handler for 'GIF file'
20:50:19: Debug: Adding duplicate image handler for 'PNM file'
20:50:19: Debug: Adding duplicate image handler for 'PCX file'
20:50:19: Debug: Adding duplicate image handler for 'IFF file'
20:50:19: Debug: Adding duplicate image handler for 'Windows icon file'
20:50:19: Debug: Adding duplicate image handler for 'Windows cursor file'
20:50:19: Debug: Adding duplicate image handler for 'Windows animated cursor file'
20:50:19: Debug: Adding duplicate image handler for 'TGA file'
20:50:19: Debug: Adding duplicate image handler for 'XPM file'
20:50:25: Debug: Adding duplicate image handler for 'PNG file'
20:50:25: Debug: Adding duplicate image handler for 'JPEG file'
20:50:25: Debug: Adding duplicate image handler for 'TIFF file'
20:50:25: Debug: Adding duplicate image handler for 'GIF file'
20:50:25: Debug: Adding duplicate image handler for 'PNM file'
20:50:25: Debug: Adding duplicate image handler for 'PCX file'
20:50:25: Debug: Adding duplicate image handler for 'IFF file'
20:50:25: Debug: Adding duplicate image handler for 'Windows icon file'
20:50:25: Debug: Adding duplicate image handler for 'Windows cursor file'
20:50:25: Debug: Adding duplicate image handler for 'Windows animated cursor file'
20:50:25: Debug: Adding duplicate image handler for 'TGA file'
20:50:25: Debug: Adding duplicate image handler for 'XPM file'
20:50:32: Debug: Adding duplicate image handler for 'PNG file'
20:50:32: Debug: Adding duplicate image handler for 'JPEG file'
20:50:32: Debug: Adding duplicate image handler for 'TIFF file'
20:50:32: Debug: Adding duplicate image handler for 'GIF file'
20:50:32: Debug: Adding duplicate image handler for 'PNM file'
20:50:32: Debug: Adding duplicate image handler for 'PCX file'
20:50:32: Debug: Adding duplicate image handler for 'IFF file'
20:50:32: Debug: Adding duplicate image handler for 'Windows icon file'
20:50:32: Debug: Adding duplicate image handler for 'Windows cursor file'
20:50:32: Debug: Adding duplicate image handler for 'Windows animated cursor file'
20:50:32: Debug: Adding duplicate image handler for 'TGA file'
20:50:32: Debug: Adding duplicate image handler for 'XPM file'
20:50:39: Debug: Adding duplicate image handler for 'PNG file'
20:50:39: Debug: Adding duplicate image handler for 'JPEG file'
20:50:39: Debug: Adding duplicate image handler for 'TIFF file'
20:50:39: Debug: Adding duplicate image handler for 'GIF file'
20:50:39: Debug: Adding duplicate image handler for 'PNM file'
20:50:39: Debug: Adding duplicate image handler for 'PCX file'
20:50:39: Debug: Adding duplicate image handler for 'IFF file'
20:50:39: Debug: Adding duplicate image handler for 'Windows icon file'
20:50:39: Debug: Adding duplicate image handler for 'Windows cursor file'
20:50:39: Debug: Adding duplicate image handler for 'Windows animated cursor file'
20:50:39: Debug: Adding duplicate image handler for 'TGA file'
20:50:39: Debug: Adding duplicate image handler for 'XPM file'
