> /usr/bin/python3 placement.py
5 placed; courtyards: {'J_P12': [0.94, -0.47, 35.05, 14.71], 'R1': [23.02, 16.45, 27.98, 18.75], 'J11': [2.48, 22.98, 20.93, 62.02], 'J8': [2.48, 62.48, 17.43, 77.03], 'J6': [2.48, 77.47, 17.43, 92.03]}
> /usr/bin/python3 build_board.py
Created P11 board: 5 footprints + 4 M3 holes; outline 36.0 x 100.0 ; rule areas: J11 support 1, J11 support 2, J8 support 1, J8 support 2, J6 support 1, J6 support 2
> /usr/bin/python3 set_stackup.py
2-layer stackup: Cu35/FR4 1.53/Cu35 (S1: 35 um); nominal 1.60 mm, mask separate.
> /usr/bin/python3 set_rules.py
Rules: clearance 0.25 / PWR 0.30, track 0.30 (Default) / P3V3 0.40 (PANEL_3V3, 3V3_IO) / PWR 0.60, vias 0.9/0.4 (ring 0.25); no DRC exclusions.
> /usr/bin/python3 route_critical.py
P11: DSN exported (no locked routes).
> /usr/bin/python3 prepare_routing.py
Rules: clearance 0.25 / PWR 0.30, track 0.30 (Default) / P3V3 0.40 (PANEL_3V3, 3V3_IO) / PWR 0.60, vias 0.9/0.4 (ring 0.25); no DRC exclusions.
DSN: 38 keepouts (rule areas + edge strips); pre-routed board frozen.
> /usr/bin/python3 import_routing.py
SES imported; GND planes filled; saved native board.
> /usr/bin/python3 set_rules.py
Rules: clearance 0.25 / PWR 0.30, track 0.30 (Default) / P3V3 0.40 (PANEL_3V3, 3V3_IO) / PWR 0.60, vias 0.9/0.4 (ring 0.25); no DRC exclusions.
> /usr/bin/python3 cleanup.py --tidy
tidy (unconnected 0 left for the planner):  removed 0 redundant free items [] ; dropped 0 tiny; joined 0 near-miss ends; 0 duplicate, 0 via-on-THT-pad and 0 dead-end items; solid zone connection: none
> /usr/bin/python3 set_rules.py
Rules: clearance 0.25 / PWR 0.30, track 0.30 (Default) / P3V3 0.40 (PANEL_3V3, 3V3_IO) / PWR 0.60, vias 0.9/0.4 (ring 0.25); no DRC exclusions.
> /usr/bin/python3 stitch.py
GND stitching: 59 grid vias, pour islands {'F.Cu': 5, 'B.Cu': 2} -> {'F.Cu': 5, 'B.Cu': 2} | rescue: 2 vias, pour mm2 {'F.Cu': 2449.4, 'B.Cu': 2872.3} -> {'F.Cu': 2582.3, 'B.Cu': 2872.3} islands {'F.Cu': 7, 'B.Cu': 2} | tied GND clusters: 0 | GND pads not joined to J_P12.1: none
> /usr/bin/python3 set_rules.py
Rules: clearance 0.25 / PWR 0.30, track 0.30 (Default) / P3V3 0.40 (PANEL_3V3, 3V3_IO) / PWR 0.60, vias 0.9/0.4 (ring 0.25); no DRC exclusions.
> /usr/bin/python3 complete_routes.py
> /usr/bin/python3 set_rules.py
Rules: clearance 0.25 / PWR 0.30, track 0.30 (Default) / P3V3 0.40 (PANEL_3V3, 3V3_IO) / PWR 0.60, vias 0.9/0.4 (ring 0.25); no DRC exclusions.
> /usr/bin/python3 stitch.py
GND stitching: 1 grid vias, pour islands {'F.Cu': 7, 'B.Cu': 2} -> {'F.Cu': 7, 'B.Cu': 2} | rescue: 0 vias, pour mm2 {'F.Cu': 2582.3, 'B.Cu': 2872.3} -> {'F.Cu': 2582.3, 'B.Cu': 2872.3} islands {'F.Cu': 7, 'B.Cu': 2} | tied GND clusters: 0 | GND pads not joined to J_P12.1: none
> /usr/bin/python3 set_rules.py
Rules: clearance 0.25 / PWR 0.30, track 0.30 (Default) / P3V3 0.40 (PANEL_3V3, 3V3_IO) / PWR 0.60, vias 0.9/0.4 (ring 0.25); no DRC exclusions.
> /usr/bin/kicad-cli pcb drc --format json --severity-all --schematic-parity --all-track-errors --refill-zones -o routing/postroute-drc.json eda/P11.kicad_pcb
routing/postroute-drc.json {'starved_thermal': 1, 'silk_edge_clearance': 5} unconnected 0 parity 0
> /usr/bin/python3 cleanup.py J11.15
 removed 0 redundant free items [] ; dropped 0 tiny; joined 0 near-miss ends; 0 duplicate, 0 via-on-THT-pad and 0 dead-end items; solid zone connection: ['J11.15']
> /usr/bin/python3 set_rules.py
Rules: clearance 0.25 / PWR 0.30, track 0.30 (Default) / P3V3 0.40 (PANEL_3V3, 3V3_IO) / PWR 0.60, vias 0.9/0.4 (ring 0.25); no DRC exclusions.
> /usr/bin/kicad-cli pcb drc --format json --severity-all --schematic-parity --all-track-errors --refill-zones -o routing/postclean-drc.json eda/P11.kicad_pcb
routing/postclean-drc.json {'silk_edge_clearance': 5} unconnected 0 parity 0

20:47:06: Debug: Adding duplicate image handler for 'PNG file'
20:47:06: Debug: Adding duplicate image handler for 'JPEG file'
20:47:06: Debug: Adding duplicate image handler for 'TIFF file'
20:47:06: Debug: Adding duplicate image handler for 'GIF file'
20:47:06: Debug: Adding duplicate image handler for 'PNM file'
20:47:06: Debug: Adding duplicate image handler for 'PCX file'
20:47:06: Debug: Adding duplicate image handler for 'IFF file'
20:47:06: Debug: Adding duplicate image handler for 'Windows icon file'
20:47:06: Debug: Adding duplicate image handler for 'Windows cursor file'
20:47:06: Debug: Adding duplicate image handler for 'Windows animated cursor file'
20:47:06: Debug: Adding duplicate image handler for 'TGA file'
20:47:06: Debug: Adding duplicate image handler for 'XPM file'
20:47:17: Debug: Adding duplicate image handler for 'PNG file'
20:47:17: Debug: Adding duplicate image handler for 'JPEG file'
20:47:17: Debug: Adding duplicate image handler for 'TIFF file'
20:47:17: Debug: Adding duplicate image handler for 'GIF file'
20:47:17: Debug: Adding duplicate image handler for 'PNM file'
20:47:17: Debug: Adding duplicate image handler for 'PCX file'
20:47:17: Debug: Adding duplicate image handler for 'IFF file'
20:47:17: Debug: Adding duplicate image handler for 'Windows icon file'
20:47:17: Debug: Adding duplicate image handler for 'Windows cursor file'
20:47:17: Debug: Adding duplicate image handler for 'Windows animated cursor file'
20:47:17: Debug: Adding duplicate image handler for 'TGA file'
20:47:17: Debug: Adding duplicate image handler for 'XPM file'
20:47:23: Debug: Adding duplicate image handler for 'PNG file'
20:47:23: Debug: Adding duplicate image handler for 'JPEG file'
20:47:23: Debug: Adding duplicate image handler for 'TIFF file'
20:47:23: Debug: Adding duplicate image handler for 'GIF file'
20:47:23: Debug: Adding duplicate image handler for 'PNM file'
20:47:23: Debug: Adding duplicate image handler for 'PCX file'
20:47:23: Debug: Adding duplicate image handler for 'IFF file'
20:47:23: Debug: Adding duplicate image handler for 'Windows icon file'
20:47:23: Debug: Adding duplicate image handler for 'Windows cursor file'
20:47:23: Debug: Adding duplicate image handler for 'Windows animated cursor file'
20:47:23: Debug: Adding duplicate image handler for 'TGA file'
20:47:23: Debug: Adding duplicate image handler for 'XPM file'
