2026-09-27 14:03:05.995 INFO   Freerouting v2.1.0 (build-date: 2025-04-12)
2026-09-27 14:03:06.118 WARN   No default constructor found for field: currentLocale
2026-09-27 14:03:06.120 INFO   Settings were loaded from freerouting.json
2026-09-27 14:03:08.319 INFO   [1C6E31\88F23D] Job '1C6E31\88F23D' started at 2026-09-27T12:03:08.319833200Z
2026-09-27 14:03:08.357 INFO   New version available: v2.4.1
2026-09-27 14:03:11.608 INFO   [1C6E31\88F23D] Auto-router pass #1 on board '840c27fcc0f4335ff07d0a5908d5caff' was completed in 2,80 seconds with the score of 961,05 (3 unrouted), using 5,70 CPU seconds and 676 MB memory.
2026-09-27 14:03:12.194 INFO   [1C6E31\88F23D] Auto-router pass #2 on board '6da2ce02bf02ec79980e34c6573f09a5' was completed in 0,51 seconds with the score of 965,75 (1 unrouted), using 5,70 CPU seconds and 676 MB memory.
2026-09-27 14:03:12.480 INFO   [1C6E31\88F23D] Auto-router pass #3 on board '03ee223093a52bb56c9ecf21d5f3fa75' was completed in 0,19 seconds with the score of 965,75 (1 unrouted), using 9,50 CPU seconds and 980 MB memory.
2026-09-27 14:03:12.843 INFO   [1C6E31\88F23D] Auto-router pass #4 on board '03ee223093a52bb56c9ecf21d5f3fa75' was completed in 0,35 seconds with the score of 965,75 (1 unrouted), using 9,50 CPU seconds and 980 MB memory.
2026-09-27 14:03:13.129 INFO   [1C6E31\88F23D] Auto-router pass #5 on board '03ee223093a52bb56c9ecf21d5f3fa75' was completed in 0,26 seconds with the score of 965,75 (1 unrouted), using 9,50 CPU seconds and 980 MB memory.
2026-09-27 14:03:13.383 INFO   [1C6E31\88F23D] Auto-router pass #6 on board '03ee223093a52bb56c9ecf21d5f3fa75' was completed in 0,22 seconds with the score of 965,75 (1 unrouted), using 14,27 CPU seconds and 1268 MB memory.
2026-09-27 14:03:13.578 INFO   [1C6E31\88F23D] Auto-router pass #7 on board '03ee223093a52bb56c9ecf21d5f3fa75' was completed in 0,17 seconds with the score of 965,75 (1 unrouted), using 14,27 CPU seconds and 1268 MB memory.
2026-09-27 14:03:13.893 INFO   [1C6E31\88F23D] Auto-router pass #8 on board '03ee223093a52bb56c9ecf21d5f3fa75' was completed in 0,30 seconds with the score of 965,75 (1 unrouted), using 14,27 CPU seconds and 1268 MB memory.
2026-09-27 14:03:14.075 INFO   [1C6E31\88F23D] Auto-router pass #9 on board '03ee223093a52bb56c9ecf21d5f3fa75' was completed in 0,16 seconds with the score of 965,75 (1 unrouted), using 14,27 CPU seconds and 1268 MB memory.
2026-09-27 14:03:14.240 INFO   [1C6E31\88F23D] Auto-router pass #10 on board '03ee223093a52bb56c9ecf21d5f3fa75' was completed in 0,14 seconds with the score of 965,75 (1 unrouted), using 14,27 CPU seconds and 1268 MB memory.
2026-09-27 14:03:14.399 INFO   [1C6E31\88F23D] Auto-router pass #11 on board '03ee223093a52bb56c9ecf21d5f3fa75' was completed in 0,14 seconds with the score of 965,75 (1 unrouted), using 19,98 CPU seconds and 1650 MB memory.
2026-09-27 14:03:14.617 INFO   [1C6E31\88F23D] Auto-router pass #12 on board '03ee223093a52bb56c9ecf21d5f3fa75' was completed in 0,20 seconds with the score of 965,75 (1 unrouted), using 19,98 CPU seconds and 1650 MB memory.
2026-09-27 14:03:14.786 INFO   [1C6E31\88F23D] Auto-router pass #13 on board '03ee223093a52bb56c9ecf21d5f3fa75' was completed in 0,15 seconds with the score of 965,75 (1 unrouted), using 19,98 CPU seconds and 1650 MB memory.
2026-09-27 14:03:14.952 INFO   [1C6E31\88F23D] Auto-router pass #14 on board '03ee223093a52bb56c9ecf21d5f3fa75' was completed in 0,15 seconds with the score of 965,75 (1 unrouted), using 19,98 CPU seconds and 1650 MB memory.
2026-09-27 14:03:15.131 INFO   [1C6E31\88F23D] Auto-router pass #15 on board '03ee223093a52bb56c9ecf21d5f3fa75' was completed in 0,16 seconds with the score of 965,75 (1 unrouted), using 19,98 CPU seconds and 1650 MB memory.
2026-09-27 14:03:15.328 INFO   [1C6E31\88F23D] Auto-router pass #16 on board '03ee223093a52bb56c9ecf21d5f3fa75' was completed in 0,18 seconds with the score of 965,75 (1 unrouted), using 19,98 CPU seconds and 1650 MB memory.
2026-09-27 14:03:15.504 INFO   [1C6E31\88F23D] Auto-router pass #17 on board '03ee223093a52bb56c9ecf21d5f3fa75' was completed in 0,16 seconds with the score of 965,75 (1 unrouted), using 26,70 CPU seconds and 2079 MB memory.
2026-09-27 14:03:15.665 INFO   [1C6E31\88F23D] Auto-router pass #18 on board '03ee223093a52bb56c9ecf21d5f3fa75' was completed in 0,15 seconds with the score of 965,75 (1 unrouted), using 26,70 CPU seconds and 2079 MB memory.
2026-09-27 14:03:15.838 INFO   [1C6E31\88F23D] Auto-router pass #19 on board '03ee223093a52bb56c9ecf21d5f3fa75' was completed in 0,16 seconds with the score of 965,75 (1 unrouted), using 26,70 CPU seconds and 2079 MB memory.
2026-09-27 14:03:16.051 INFO   [1C6E31\88F23D] Auto-router pass #20 on board '03ee223093a52bb56c9ecf21d5f3fa75' was completed in 0,20 seconds with the score of 965,75 (1 unrouted), using 26,70 CPU seconds and 2079 MB memory.
2026-09-27 14:03:16.202 INFO   [1C6E31\88F23D] Auto-router pass #21 on board '03ee223093a52bb56c9ecf21d5f3fa75' was completed in 0,13 seconds with the score of 965,75 (1 unrouted), using 26,70 CPU seconds and 2079 MB memory.
2026-09-27 14:03:16.375 INFO   [1C6E31\88F23D] Auto-router pass #22 on board '03ee223093a52bb56c9ecf21d5f3fa75' was completed in 0,16 seconds with the score of 965,75 (1 unrouted), using 26,70 CPU seconds and 2079 MB memory.
2026-09-27 14:03:16.609 INFO   [1C6E31\88F23D] Auto-router pass #23 on board '03ee223093a52bb56c9ecf21d5f3fa75' was completed in 0,21 seconds with the score of 965,75 (1 unrouted), using 34,41 CPU seconds and 2514 MB memory.
2026-09-27 14:03:16.878 INFO   [1C6E31\88F23D] Auto-router pass #24 on board '03ee223093a52bb56c9ecf21d5f3fa75' was completed in 0,24 seconds with the score of 965,75 (1 unrouted), using 34,41 CPU seconds and 2514 MB memory.
2026-09-27 14:03:17.162 INFO   [1C6E31\88F23D] Auto-router pass #25 on board '03ee223093a52bb56c9ecf21d5f3fa75' was completed in 0,26 seconds with the score of 965,75 (1 unrouted), using 34,41 CPU seconds and 2514 MB memory.
2026-09-27 14:03:17.407 INFO   [1C6E31\88F23D] Auto-router pass #26 on board '03ee223093a52bb56c9ecf21d5f3fa75' was completed in 0,21 seconds with the score of 965,75 (1 unrouted), using 34,41 CPU seconds and 2514 MB memory.
2026-09-27 14:03:17.643 INFO   [1C6E31\88F23D] Auto-router pass #27 on board '03ee223093a52bb56c9ecf21d5f3fa75' was completed in 0,21 seconds with the score of 965,75 (1 unrouted), using 43,08 CPU seconds and 2815 MB memory.
2026-09-27 14:03:17.875 INFO   [1C6E31\88F23D] Auto-router pass #28 on board '03ee223093a52bb56c9ecf21d5f3fa75' was completed in 0,22 seconds with the score of 965,75 (1 unrouted), using 43,08 CPU seconds and 2815 MB memory.
2026-09-27 14:03:18.074 INFO   [1C6E31\88F23D] Auto-router pass #29 on board '03ee223093a52bb56c9ecf21d5f3fa75' was completed in 0,18 seconds with the score of 965,75 (1 unrouted), using 43,08 CPU seconds and 2815 MB memory.
2026-09-27 14:03:18.273 INFO   [1C6E31\88F23D] Auto-router pass #30 on board '03ee223093a52bb56c9ecf21d5f3fa75' was completed in 0,17 seconds with the score of 965,75 (1 unrouted), using 43,08 CPU seconds and 2815 MB memory.
2026-09-27 14:03:18.485 INFO   [1C6E31\88F23D] Auto-router pass #31 on board '03ee223093a52bb56c9ecf21d5f3fa75' was completed in 0,20 seconds with the score of 965,75 (1 unrouted), using 52,69 CPU seconds and 3176 MB memory.
2026-09-27 14:03:18.736 INFO   [1C6E31\88F23D] Auto-router pass #32 on board '03ee223093a52bb56c9ecf21d5f3fa75' was completed in 0,22 seconds with the score of 965,75 (1 unrouted), using 52,69 CPU seconds and 3176 MB memory.
2026-09-27 14:03:18.981 INFO   [1C6E31\88F23D] Auto-router pass #33 on board '03ee223093a52bb56c9ecf21d5f3fa75' was completed in 0,22 seconds with the score of 965,75 (1 unrouted), using 52,69 CPU seconds and 3176 MB memory.
2026-09-27 14:03:19.219 INFO   [1C6E31\88F23D] Auto-router pass #34 on board '03ee223093a52bb56c9ecf21d5f3fa75' was completed in 0,21 seconds with the score of 965,75 (1 unrouted), using 52,69 CPU seconds and 3176 MB memory.
2026-09-27 14:03:19.395 INFO   [1C6E31\88F23D] Auto-router pass #35 on board '03ee223093a52bb56c9ecf21d5f3fa75' was completed in 0,16 seconds with the score of 965,75 (1 unrouted), using 52,69 CPU seconds and 3176 MB memory.
2026-09-27 14:03:19.646 INFO   [1C6E31\88F23D] Auto-router pass #36 on board '03ee223093a52bb56c9ecf21d5f3fa75' was completed in 0,23 seconds with the score of 965,75 (1 unrouted), using 63,25 CPU seconds and 3509 MB memory.
2026-09-27 14:03:19.889 INFO   [1C6E31\88F23D] Auto-router pass #37 on board '03ee223093a52bb56c9ecf21d5f3fa75' was completed in 0,22 seconds with the score of 965,75 (1 unrouted), using 63,25 CPU seconds and 3509 MB memory.
2026-09-27 14:03:20.181 INFO   [1C6E31\88F23D] Auto-router pass #38 on board '03ee223093a52bb56c9ecf21d5f3fa75' was completed in 0,26 seconds with the score of 965,75 (1 unrouted), using 63,25 CPU seconds and 3509 MB memory.
2026-09-27 14:03:20.418 INFO   [1C6E31\88F23D] Auto-router pass #39 on board '03ee223093a52bb56c9ecf21d5f3fa75' was completed in 0,20 seconds with the score of 965,75 (1 unrouted), using 63,25 CPU seconds and 3509 MB memory.
2026-09-27 14:03:20.646 INFO   [1C6E31\88F23D] Auto-router pass #40 on board '03ee223093a52bb56c9ecf21d5f3fa75' was completed in 0,21 seconds with the score of 965,75 (1 unrouted), using 74,78 CPU seconds and 3814 MB memory.
2026-09-27 14:03:20.883 INFO   [1C6E31\88F23D] Auto-router pass #41 on board '03ee223093a52bb56c9ecf21d5f3fa75' was completed in 0,22 seconds with the score of 965,75 (1 unrouted), using 74,78 CPU seconds and 3814 MB memory.
2026-09-27 14:03:21.141 INFO   [1C6E31\88F23D] Auto-router pass #42 on board '03ee223093a52bb56c9ecf21d5f3fa75' was completed in 0,23 seconds with the score of 965,75 (1 unrouted), using 74,78 CPU seconds and 3814 MB memory.
2026-09-27 14:03:21.327 INFO   [1C6E31\88F23D] Auto-router pass #43 on board '03ee223093a52bb56c9ecf21d5f3fa75' was completed in 0,17 seconds with the score of 965,75 (1 unrouted), using 74,78 CPU seconds and 3814 MB memory.
2026-09-27 14:03:21.561 INFO   [1C6E31\88F23D] Auto-router pass #44 on board '03ee223093a52bb56c9ecf21d5f3fa75' was completed in 0,21 seconds with the score of 965,75 (1 unrouted), using 87,31 CPU seconds and 4149 MB memory.
2026-09-27 14:03:21.705 INFO   [1C6E31\88F23D] Auto-router pass #45 on board '03ee223093a52bb56c9ecf21d5f3fa75' was completed in 0,13 seconds with the score of 965,75 (1 unrouted), using 87,31 CPU seconds and 4149 MB memory.
2026-09-27 14:03:21.862 INFO   [1C6E31\88F23D] Auto-router pass #46 on board '03ee223093a52bb56c9ecf21d5f3fa75' was completed in 0,14 seconds with the score of 965,75 (1 unrouted), using 87,31 CPU seconds and 4149 MB memory.
2026-09-27 14:03:22.023 INFO   [1C6E31\88F23D] Auto-router pass #47 on board '03ee223093a52bb56c9ecf21d5f3fa75' was completed in 0,14 seconds with the score of 965,75 (1 unrouted), using 87,31 CPU seconds and 4149 MB memory.
2026-09-27 14:03:22.221 INFO   [1C6E31\88F23D] Auto-router pass #48 on board '03ee223093a52bb56c9ecf21d5f3fa75' was completed in 0,18 seconds with the score of 965,75 (1 unrouted), using 87,31 CPU seconds and 4149 MB memory.
2026-09-27 14:03:22.383 INFO   [1C6E31\88F23D] Auto-router pass #49 on board '03ee223093a52bb56c9ecf21d5f3fa75' was completed in 0,15 seconds with the score of 965,75 (1 unrouted), using 87,31 CPU seconds and 4149 MB memory.
2026-09-27 14:03:22.553 INFO   [1C6E31\88F23D] Auto-router pass #50 on board '03ee223093a52bb56c9ecf21d5f3fa75' was completed in 0,15 seconds with the score of 965,75 (1 unrouted), using 100,81 CPU seconds and 4614 MB memory.
2026-09-27 14:03:22.751 INFO   [1C6E31\88F23D] Auto-router pass #51 on board '03ee223093a52bb56c9ecf21d5f3fa75' was completed in 0,18 seconds with the score of 965,75 (1 unrouted), using 100,81 CPU seconds and 4614 MB memory.
2026-09-27 14:03:23.089 INFO   [1C6E31\88F23D] Auto-router pass #52 on board '03ee223093a52bb56c9ecf21d5f3fa75' was completed in 0,32 seconds with the score of 965,75 (1 unrouted), using 100,81 CPU seconds and 4614 MB memory.
2026-09-27 14:03:23.408 INFO   [1C6E31\88F23D] Auto-router pass #53 on board '03ee223093a52bb56c9ecf21d5f3fa75' was completed in 0,29 seconds with the score of 965,75 (1 unrouted), using 100,81 CPU seconds and 4614 MB memory.
2026-09-27 14:03:23.665 INFO   [1C6E31\88F23D] Auto-router pass #54 on board '03ee223093a52bb56c9ecf21d5f3fa75' was completed in 0,22 seconds with the score of 965,75 (1 unrouted), using 115,31 CPU seconds and 4901 MB memory.
2026-09-27 14:03:23.947 INFO   [1C6E31\88F23D] Auto-router pass #55 on board '03ee223093a52bb56c9ecf21d5f3fa75' was completed in 0,26 seconds with the score of 965,75 (1 unrouted), using 115,31 CPU seconds and 4901 MB memory.
2026-09-27 14:03:24.227 INFO   [1C6E31\88F23D] Auto-router pass #56 on board '03ee223093a52bb56c9ecf21d5f3fa75' was completed in 0,25 seconds with the score of 965,75 (1 unrouted), using 115,31 CPU seconds and 4901 MB memory.
2026-09-27 14:03:24.473 INFO   [1C6E31\88F23D] Auto-router pass #57 on board '03ee223093a52bb56c9ecf21d5f3fa75' was completed in 0,21 seconds with the score of 965,75 (1 unrouted), using 115,31 CPU seconds and 4901 MB memory.
2026-09-27 14:03:24.695 INFO   [1C6E31\88F23D] Auto-router pass #58 on board '03ee223093a52bb56c9ecf21d5f3fa75' was completed in 0,19 seconds with the score of 965,75 (1 unrouted), using 130,75 CPU seconds and 5201 MB memory.
2026-09-27 14:03:24.924 INFO   [1C6E31\88F23D] Auto-router pass #59 on board '03ee223093a52bb56c9ecf21d5f3fa75' was completed in 0,21 seconds with the score of 965,75 (1 unrouted), using 130,75 CPU seconds and 5201 MB memory.
2026-09-27 14:03:25.229 INFO   [1C6E31\88F23D] Auto-router pass #60 on board '03ee223093a52bb56c9ecf21d5f3fa75' was completed in 0,30 seconds with the score of 965,75 (1 unrouted), using 130,75 CPU seconds and 5201 MB memory.
{
  "host": "KiCad's Pcbnew,10.0.6",
  "unit": "mm",
  "board": {
    "bounding_box": {
      "x": 1601.0,
      "y": 1.0,
      "width": -1.0,
      "height": -1201.0
    },
    "size": {
      "x": 0.0,
      "y": 0.0,
      "width": 1602.0,
      "height": 1202.0
    }
  },
  "layers": {
    "total_count": 2,
    "signal_count": 2
  },
  "items": {
    "total_count": 1563,
    "trace_count": 270,
    "via_count": 50,
    "conduction_area_count": 0,
    "drill_item_count": 430,
    "pin_count": 0,
    "component_count": 768,
    "other_count": 45
  },
  "components": {
    "total_count": 96
  },
  "pads": {
    "total_count": 430
  },
  "nets": {
    "total_count": 132,
    "class_count": 3
  },
  "connections": {
    "maximum_count": 495,
    "incomplete_count": 1
  },
  "traces": {
    "total_count": 270,
    "total_segment_count": 912,
    "total_length": 54902.465,
    "total_weighted_length": 2537558.5,
    "average_length": 203.34245,
    "total_vertical_length": 16747.385,
    "total_horizontal_length": 20793.607,
    "total_angled_length": 19114.438
  },
  "bends": {
    "total_count": 642,
    "90_degree_count": 40,
    "45_degree_count": 601,
    "other_angle_count": 1
  },
  "vias": {
    "total_count": 50,
    "through_hole_count": 50,
    "blind_count": 0,
    "buried_count": 0
  },
  "clearance_violations": {
    "total_count": 0
  }
}
