Wczytywanie...
Budowanie obrysu płytki

Tworzenie warstw
Tworzenie ścieżek i przelotek
Tworzenie wypełnionych stref
Budowanie warstw technicznych
Budowanie warstwy technicznej 11
Budowanie warstwy technicznej 9
Budowanie warstwy technicznej 15
Budowanie warstwy technicznej 13
Budowanie warstwy technicznej 7
Budowanie warstwy technicznej 5
Budowanie warstwy technicznej 3
Budowanie warstwy technicznej 1
Budowanie warstwy technicznej 17
Budowanie warstwy technicznej 19
Budowanie warstwy technicznej 21
Budowanie warstwy technicznej 23
Budowanie warstwy technicznej 39
Budowanie warstwy technicznej 41
Budowanie warstwy technicznej 43
Budowanie warstwy technicznej 45
Budowanie warstwy technicznej 47
Budowanie warstwy technicznej 49
Budowanie warstwy technicznej 51
Budowanie warstwy technicznej 53
Budowanie warstwy technicznej 55
Budowanie warstwy technicznej 57
Budowanie warstwy technicznej 59
Budowanie warstwy technicznej 61
Budowanie warstwy technicznej 63
Budowanie warstwy technicznej 65
Budowanie warstwy technicznej 67
Budowanie warstwy technicznej 69
Budowanie warstwy technicznej 71
Budowanie warstwy technicznej 73
Budowanie warstwy technicznej 75
Budowanie warstwy technicznej 77
Budowanie warstwy technicznej 79
Budowanie warstwy technicznej 81
Budowanie warstwy technicznej 83
Budowanie warstwy technicznej 85
Budowanie warstwy technicznej 87
Budowanie warstwy technicznej 89
Budowanie warstwy technicznej 91
Budowanie warstwy technicznej 93
Budowanie warstwy technicznej 95
Budowanie warstwy technicznej 97
Budowanie warstwy technicznej 99
Budowanie warstwy technicznej 101
Budowanie warstwy technicznej 103
Budowanie warstwy technicznej 105
Budowanie warstwy technicznej 107
Budowanie warstwy technicznej 109
Budowanie warstwy technicznej 111
Budowanie warstwy technicznej 113
Budowanie warstwy technicznej 115
Budowanie warstwy technicznej 117
Budowanie warstwy technicznej 119
Budowanie warstwy technicznej 121
Budowanie warstwy technicznej 123
Budowanie warstwy technicznej 125
Budowanie warstwy technicznej 127
Upraszczanie poligonów na warstwach miedzi
Obliczanie powierzchni pokrytej
Upraszczanie konturów otworów
Tworzenie BVH dla otworów i przelotek
Ładowanie raytraceingu: płytka
Ładowanie raytraceingu: warstwy
Ładowanie modeli 3D...
Czas przeładowania 0,161 s
Renderowanie: 24 %
Renderowanie: 56 %
Renderowanie: 100 %
Czas renderowania 2,303 s
Pomyślnie utworzono obraz z wyrenderowanym 3D

