OK  null_control -> 0 failing checks
OK  mount_shift -> 1 failing checks
OK  jbp_shift -> 4 failing checks
OK  sv_no_gnd_end -> 3 failing checks
OK  sv_pin_without_resistor -> 3 failing checks
OK  sv_resistor_far -> 2 failing checks
OK  label_missing -> 1 failing checks
OK  too_tall -> 1 failing checks
OK  j4_turned -> 5 failing checks
OK  anchor_track -> 2 failing checks
OK  k1_thermal -> 1 failing checks
OK  sensor_cut -> 2 failing checks
OK  sensor_narrow -> 1 failing checks
OK  supply_narrow -> 1 failing checks
OK  decap_far -> 2 failing checks
OK  driver_far -> 4 failing checks
OK  narrow_track -> 2 failing checks
OK  bottom_soic -> 5 failing checks
OK  gnd_pour_removed -> 4 failing checks
OK  ref_on_part -> 3 failing checks
OK  ref_far -> 3 failing checks
OK  label_swap -> 1 failing checks
OK  strip_part -> 5 failing checks
OK  mark_missing -> 1 failing checks
OK  small_text -> 2 failing checks
OK  zone_copper -> 2 failing checks
OK  title_wrong -> 1 failing checks
27 / 27 negative controls (with the null control)

15:04:28: Debug: Adding duplicate image handler for 'PNG file'
15:04:28: Debug: Adding duplicate image handler for 'JPEG file'
15:04:28: Debug: Adding duplicate image handler for 'TIFF file'
15:04:28: Debug: Adding duplicate image handler for 'GIF file'
15:04:28: Debug: Adding duplicate image handler for 'PNM file'
15:04:28: Debug: Adding duplicate image handler for 'PCX file'
15:04:28: Debug: Adding duplicate image handler for 'IFF file'
15:04:28: Debug: Adding duplicate image handler for 'Windows icon file'
15:04:28: Debug: Adding duplicate image handler for 'Windows cursor file'
15:04:28: Debug: Adding duplicate image handler for 'Windows animated cursor file'
15:04:28: Debug: Adding duplicate image handler for 'TGA file'
15:04:28: Debug: Adding duplicate image handler for 'XPM file'
15:04:36: Debug: Adding duplicate image handler for 'PNG file'
15:04:36: Debug: Adding duplicate image handler for 'JPEG file'
15:04:36: Debug: Adding duplicate image handler for 'TIFF file'
15:04:36: Debug: Adding duplicate image handler for 'GIF file'
15:04:36: Debug: Adding duplicate image handler for 'PNM file'
15:04:36: Debug: Adding duplicate image handler for 'PCX file'
15:04:36: Debug: Adding duplicate image handler for 'IFF file'
15:04:36: Debug: Adding duplicate image handler for 'Windows icon file'
15:04:36: Debug: Adding duplicate image handler for 'Windows cursor file'
15:04:36: Debug: Adding duplicate image handler for 'Windows animated cursor file'
15:04:36: Debug: Adding duplicate image handler for 'TGA file'
15:04:36: Debug: Adding duplicate image handler for 'XPM file'
15:04:44: Debug: Adding duplicate image handler for 'PNG file'
15:04:44: Debug: Adding duplicate image handler for 'JPEG file'
15:04:44: Debug: Adding duplicate image handler for 'TIFF file'
15:04:44: Debug: Adding duplicate image handler for 'GIF file'
15:04:44: Debug: Adding duplicate image handler for 'PNM file'
15:04:44: Debug: Adding duplicate image handler for 'PCX file'
15:04:44: Debug: Adding duplicate image handler for 'IFF file'
15:04:44: Debug: Adding duplicate image handler for 'Windows icon file'
15:04:44: Debug: Adding duplicate image handler for 'Windows cursor file'
15:04:44: Debug: Adding duplicate image handler for 'Windows animated cursor file'
15:04:44: Debug: Adding duplicate image handler for 'TGA file'
15:04:44: Debug: Adding duplicate image handler for 'XPM file'
15:04:53: Debug: Adding duplicate image handler for 'PNG file'
15:04:53: Debug: Adding duplicate image handler for 'JPEG file'
15:04:53: Debug: Adding duplicate image handler for 'TIFF file'
15:04:53: Debug: Adding duplicate image handler for 'GIF file'
15:04:53: Debug: Adding duplicate image handler for 'PNM file'
15:04:53: Debug: Adding duplicate image handler for 'PCX file'
15:04:53: Debug: Adding duplicate image handler for 'IFF file'
15:04:53: Debug: Adding duplicate image handler for 'Windows icon file'
15:04:53: Debug: Adding duplicate image handler for 'Windows cursor file'
15:04:53: Debug: Adding duplicate image handler for 'Windows animated cursor file'
15:04:53: Debug: Adding duplicate image handler for 'TGA file'
15:04:53: Debug: Adding duplicate image handler for 'XPM file'
15:05:01: Debug: Adding duplicate image handler for 'PNG file'
15:05:01: Debug: Adding duplicate image handler for 'JPEG file'
15:05:01: Debug: Adding duplicate image handler for 'TIFF file'
15:05:01: Debug: Adding duplicate image handler for 'GIF file'
15:05:01: Debug: Adding duplicate image handler for 'PNM file'
15:05:01: Debug: Adding duplicate image handler for 'PCX file'
15:05:01: Debug: Adding duplicate image handler for 'IFF file'
15:05:01: Debug: Adding duplicate image handler for 'Windows icon file'
15:05:01: Debug: Adding duplicate image handler for 'Windows cursor file'
15:05:01: Debug: Adding duplicate image handler for 'Windows animated cursor file'
15:05:01: Debug: Adding duplicate image handler for 'TGA file'
15:05:01: Debug: Adding duplicate image handler for 'XPM file'
15:05:10: Debug: Adding duplicate image handler for 'PNG file'
15:05:10: Debug: Adding duplicate image handler for 'JPEG file'
15:05:10: Debug: Adding duplicate image handler for 'TIFF file'
15:05:10: Debug: Adding duplicate image handler for 'GIF file'
15:05:10: Debug: Adding duplicate image handler for 'PNM file'
15:05:10: Debug: Adding duplicate image handler for 'PCX file'
15:05:10: Debug: Adding duplicate image handler for 'IFF file'
15:05:10: Debug: Adding duplicate image handler for 'Windows icon file'
15:05:10: Debug: Adding duplicate image handler for 'Windows cursor file'
15:05:10: Debug: Adding duplicate image handler for 'Windows animated cursor file'
15:05:10: Debug: Adding duplicate image handler for 'TGA file'
15:05:10: Debug: Adding duplicate image handler for 'XPM file'
15:05:18: Debug: Adding duplicate image handler for 'PNG file'
15:05:18: Debug: Adding duplicate image handler for 'JPEG file'
15:05:18: Debug: Adding duplicate image handler for 'TIFF file'
15:05:18: Debug: Adding duplicate image handler for 'GIF file'
15:05:18: Debug: Adding duplicate image handler for 'PNM file'
15:05:18: Debug: Adding duplicate image handler for 'PCX file'
15:05:18: Debug: Adding duplicate image handler for 'IFF file'
15:05:18: Debug: Adding duplicate image handler for 'Windows icon file'
15:05:18: Debug: Adding duplicate image handler for 'Windows cursor file'
15:05:18: Debug: Adding duplicate image handler for 'Windows animated cursor file'
15:05:18: Debug: Adding duplicate image handler for 'TGA file'
15:05:18: Debug: Adding duplicate image handler for 'XPM file'
15:05:26: Debug: Adding duplicate image handler for 'PNG file'
15:05:26: Debug: Adding duplicate image handler for 'JPEG file'
15:05:26: Debug: Adding duplicate image handler for 'TIFF file'
15:05:26: Debug: Adding duplicate image handler for 'GIF file'
15:05:26: Debug: Adding duplicate image handler for 'PNM file'
15:05:26: Debug: Adding duplicate image handler for 'PCX file'
15:05:26: Debug: Adding duplicate image handler for 'IFF file'
15:05:26: Debug: Adding duplicate image handler for 'Windows icon file'
15:05:26: Debug: Adding duplicate image handler for 'Windows cursor file'
15:05:26: Debug: Adding duplicate image handler for 'Windows animated cursor file'
15:05:26: Debug: Adding duplicate image handler for 'TGA file'
15:05:26: Debug: Adding duplicate image handler for 'XPM file'
15:05:34: Debug: Adding duplicate image handler for 'PNG file'
15:05:34: Debug: Adding duplicate image handler for 'JPEG file'
15:05:34: Debug: Adding duplicate image handler for 'TIFF file'
15:05:34: Debug: Adding duplicate image handler for 'GIF file'
15:05:34: Debug: Adding duplicate image handler for 'PNM file'
15:05:34: Debug: Adding duplicate image handler for 'PCX file'
15:05:34: Debug: Adding duplicate image handler for 'IFF file'
15:05:34: Debug: Adding duplicate image handler for 'Windows icon file'
15:05:34: Debug: Adding duplicate image handler for 'Windows cursor file'
15:05:34: Debug: Adding duplicate image handler for 'Windows animated cursor file'
15:05:34: Debug: Adding duplicate image handler for 'TGA file'
15:05:34: Debug: Adding duplicate image handler for 'XPM file'
15:05:42: Debug: Adding duplicate image handler for 'PNG file'
15:05:42: Debug: Adding duplicate image handler for 'JPEG file'
15:05:42: Debug: Adding duplicate image handler for 'TIFF file'
15:05:42: Debug: Adding duplicate image handler for 'GIF file'
15:05:42: Debug: Adding duplicate image handler for 'PNM file'
15:05:42: Debug: Adding duplicate image handler for 'PCX file'
15:05:42: Debug: Adding duplicate image handler for 'IFF file'
15:05:42: Debug: Adding duplicate image handler for 'Windows icon file'
15:05:42: Debug: Adding duplicate image handler for 'Windows cursor file'
15:05:42: Debug: Adding duplicate image handler for 'Windows animated cursor file'
15:05:42: Debug: Adding duplicate image handler for 'TGA file'
15:05:42: Debug: Adding duplicate image handler for 'XPM file'
15:05:51: Debug: Adding duplicate image handler for 'PNG file'
15:05:51: Debug: Adding duplicate image handler for 'JPEG file'
15:05:51: Debug: Adding duplicate image handler for 'TIFF file'
15:05:51: Debug: Adding duplicate image handler for 'GIF file'
15:05:51: Debug: Adding duplicate image handler for 'PNM file'
15:05:51: Debug: Adding duplicate image handler for 'PCX file'
15:05:51: Debug: Adding duplicate image handler for 'IFF file'
15:05:51: Debug: Adding duplicate image handler for 'Windows icon file'
15:05:51: Debug: Adding duplicate image handler for 'Windows cursor file'
15:05:51: Debug: Adding duplicate image handler for 'Windows animated cursor file'
15:05:51: Debug: Adding duplicate image handler for 'TGA file'
15:05:51: Debug: Adding duplicate image handler for 'XPM file'
15:05:59: Debug: Adding duplicate image handler for 'PNG file'
15:05:59: Debug: Adding duplicate image handler for 'JPEG file'
15:05:59: Debug: Adding duplicate image handler for 'TIFF file'
15:05:59: Debug: Adding duplicate image handler for 'GIF file'
15:05:59: Debug: Adding duplicate image handler for 'PNM file'
15:05:59: Debug: Adding duplicate image handler for 'PCX file'
15:05:59: Debug: Adding duplicate image handler for 'IFF file'
15:05:59: Debug: Adding duplicate image handler for 'Windows icon file'
15:05:59: Debug: Adding duplicate image handler for 'Windows cursor file'
15:05:59: Debug: Adding duplicate image handler for 'Windows animated cursor file'
15:05:59: Debug: Adding duplicate image handler for 'TGA file'
15:05:59: Debug: Adding duplicate image handler for 'XPM file'
15:06:07: Debug: Adding duplicate image handler for 'PNG file'
15:06:07: Debug: Adding duplicate image handler for 'JPEG file'
15:06:07: Debug: Adding duplicate image handler for 'TIFF file'
15:06:07: Debug: Adding duplicate image handler for 'GIF file'
15:06:07: Debug: Adding duplicate image handler for 'PNM file'
15:06:07: Debug: Adding duplicate image handler for 'PCX file'
15:06:07: Debug: Adding duplicate image handler for 'IFF file'
15:06:07: Debug: Adding duplicate image handler for 'Windows icon file'
15:06:07: Debug: Adding duplicate image handler for 'Windows cursor file'
15:06:07: Debug: Adding duplicate image handler for 'Windows animated cursor file'
15:06:07: Debug: Adding duplicate image handler for 'TGA file'
15:06:07: Debug: Adding duplicate image handler for 'XPM file'
15:06:16: Debug: Adding duplicate image handler for 'PNG file'
15:06:16: Debug: Adding duplicate image handler for 'JPEG file'
15:06:16: Debug: Adding duplicate image handler for 'TIFF file'
15:06:16: Debug: Adding duplicate image handler for 'GIF file'
15:06:16: Debug: Adding duplicate image handler for 'PNM file'
15:06:16: Debug: Adding duplicate image handler for 'PCX file'
15:06:16: Debug: Adding duplicate image handler for 'IFF file'
15:06:16: Debug: Adding duplicate image handler for 'Windows icon file'
15:06:16: Debug: Adding duplicate image handler for 'Windows cursor file'
15:06:16: Debug: Adding duplicate image handler for 'Windows animated cursor file'
15:06:16: Debug: Adding duplicate image handler for 'TGA file'
15:06:16: Debug: Adding duplicate image handler for 'XPM file'
15:06:24: Debug: Adding duplicate image handler for 'PNG file'
15:06:24: Debug: Adding duplicate image handler for 'JPEG file'
15:06:24: Debug: Adding duplicate image handler for 'TIFF file'
15:06:24: Debug: Adding duplicate image handler for 'GIF file'
15:06:24: Debug: Adding duplicate image handler for 'PNM file'
15:06:24: Debug: Adding duplicate image handler for 'PCX file'
15:06:24: Debug: Adding duplicate image handler for 'IFF file'
15:06:24: Debug: Adding duplicate image handler for 'Windows icon file'
15:06:24: Debug: Adding duplicate image handler for 'Windows cursor file'
15:06:24: Debug: Adding duplicate image handler for 'Windows animated cursor file'
15:06:24: Debug: Adding duplicate image handler for 'TGA file'
15:06:24: Debug: Adding duplicate image handler for 'XPM file'
15:06:33: Debug: Adding duplicate image handler for 'PNG file'
15:06:33: Debug: Adding duplicate image handler for 'JPEG file'
15:06:33: Debug: Adding duplicate image handler for 'TIFF file'
15:06:33: Debug: Adding duplicate image handler for 'GIF file'
15:06:33: Debug: Adding duplicate image handler for 'PNM file'
15:06:33: Debug: Adding duplicate image handler for 'PCX file'
15:06:33: Debug: Adding duplicate image handler for 'IFF file'
15:06:33: Debug: Adding duplicate image handler for 'Windows icon file'
15:06:33: Debug: Adding duplicate image handler for 'Windows cursor file'
15:06:33: Debug: Adding duplicate image handler for 'Windows animated cursor file'
15:06:33: Debug: Adding duplicate image handler for 'TGA file'
15:06:33: Debug: Adding duplicate image handler for 'XPM file'
15:06:41: Debug: Adding duplicate image handler for 'PNG file'
15:06:41: Debug: Adding duplicate image handler for 'JPEG file'
15:06:41: Debug: Adding duplicate image handler for 'TIFF file'
15:06:41: Debug: Adding duplicate image handler for 'GIF file'
15:06:41: Debug: Adding duplicate image handler for 'PNM file'
15:06:41: Debug: Adding duplicate image handler for 'PCX file'
15:06:41: Debug: Adding duplicate image handler for 'IFF file'
15:06:41: Debug: Adding duplicate image handler for 'Windows icon file'
15:06:41: Debug: Adding duplicate image handler for 'Windows cursor file'
15:06:41: Debug: Adding duplicate image handler for 'Windows animated cursor file'
15:06:41: Debug: Adding duplicate image handler for 'TGA file'
15:06:41: Debug: Adding duplicate image handler for 'XPM file'
15:06:50: Debug: Adding duplicate image handler for 'PNG file'
15:06:50: Debug: Adding duplicate image handler for 'JPEG file'
15:06:50: Debug: Adding duplicate image handler for 'TIFF file'
15:06:50: Debug: Adding duplicate image handler for 'GIF file'
15:06:50: Debug: Adding duplicate image handler for 'PNM file'
15:06:50: Debug: Adding duplicate image handler for 'PCX file'
15:06:50: Debug: Adding duplicate image handler for 'IFF file'
15:06:50: Debug: Adding duplicate image handler for 'Windows icon file'
15:06:50: Debug: Adding duplicate image handler for 'Windows cursor file'
15:06:50: Debug: Adding duplicate image handler for 'Windows animated cursor file'
15:06:50: Debug: Adding duplicate image handler for 'TGA file'
15:06:50: Debug: Adding duplicate image handler for 'XPM file'
15:06:58: Debug: Adding duplicate image handler for 'PNG file'
15:06:58: Debug: Adding duplicate image handler for 'JPEG file'
15:06:58: Debug: Adding duplicate image handler for 'TIFF file'
15:06:58: Debug: Adding duplicate image handler for 'GIF file'
15:06:58: Debug: Adding duplicate image handler for 'PNM file'
15:06:58: Debug: Adding duplicate image handler for 'PCX file'
15:06:58: Debug: Adding duplicate image handler for 'IFF file'
15:06:58: Debug: Adding duplicate image handler for 'Windows icon file'
15:06:58: Debug: Adding duplicate image handler for 'Windows cursor file'
15:06:58: Debug: Adding duplicate image handler for 'Windows animated cursor file'
15:06:58: Debug: Adding duplicate image handler for 'TGA file'
15:06:58: Debug: Adding duplicate image handler for 'XPM file'
15:07:07: Debug: Adding duplicate image handler for 'PNG file'
15:07:07: Debug: Adding duplicate image handler for 'JPEG file'
15:07:07: Debug: Adding duplicate image handler for 'TIFF file'
15:07:07: Debug: Adding duplicate image handler for 'GIF file'
15:07:07: Debug: Adding duplicate image handler for 'PNM file'
15:07:07: Debug: Adding duplicate image handler for 'PCX file'
15:07:07: Debug: Adding duplicate image handler for 'IFF file'
15:07:07: Debug: Adding duplicate image handler for 'Windows icon file'
15:07:07: Debug: Adding duplicate image handler for 'Windows cursor file'
15:07:07: Debug: Adding duplicate image handler for 'Windows animated cursor file'
15:07:07: Debug: Adding duplicate image handler for 'TGA file'
15:07:07: Debug: Adding duplicate image handler for 'XPM file'
15:07:15: Debug: Adding duplicate image handler for 'PNG file'
15:07:15: Debug: Adding duplicate image handler for 'JPEG file'
15:07:15: Debug: Adding duplicate image handler for 'TIFF file'
15:07:15: Debug: Adding duplicate image handler for 'GIF file'
15:07:15: Debug: Adding duplicate image handler for 'PNM file'
15:07:15: Debug: Adding duplicate image handler for 'PCX file'
15:07:15: Debug: Adding duplicate image handler for 'IFF file'
15:07:15: Debug: Adding duplicate image handler for 'Windows icon file'
15:07:15: Debug: Adding duplicate image handler for 'Windows cursor file'
15:07:15: Debug: Adding duplicate image handler for 'Windows animated cursor file'
15:07:15: Debug: Adding duplicate image handler for 'TGA file'
15:07:15: Debug: Adding duplicate image handler for 'XPM file'
15:07:24: Debug: Adding duplicate image handler for 'PNG file'
15:07:24: Debug: Adding duplicate image handler for 'JPEG file'
15:07:24: Debug: Adding duplicate image handler for 'TIFF file'
15:07:24: Debug: Adding duplicate image handler for 'GIF file'
15:07:24: Debug: Adding duplicate image handler for 'PNM file'
15:07:24: Debug: Adding duplicate image handler for 'PCX file'
15:07:24: Debug: Adding duplicate image handler for 'IFF file'
15:07:24: Debug: Adding duplicate image handler for 'Windows icon file'
15:07:24: Debug: Adding duplicate image handler for 'Windows cursor file'
15:07:24: Debug: Adding duplicate image handler for 'Windows animated cursor file'
15:07:24: Debug: Adding duplicate image handler for 'TGA file'
15:07:24: Debug: Adding duplicate image handler for 'XPM file'
15:07:32: Debug: Adding duplicate image handler for 'PNG file'
15:07:32: Debug: Adding duplicate image handler for 'JPEG file'
15:07:32: Debug: Adding duplicate image handler for 'TIFF file'
15:07:32: Debug: Adding duplicate image handler for 'GIF file'
15:07:32: Debug: Adding duplicate image handler for 'PNM file'
15:07:32: Debug: Adding duplicate image handler for 'PCX file'
15:07:32: Debug: Adding duplicate image handler for 'IFF file'
15:07:32: Debug: Adding duplicate image handler for 'Windows icon file'
15:07:32: Debug: Adding duplicate image handler for 'Windows cursor file'
15:07:32: Debug: Adding duplicate image handler for 'Windows animated cursor file'
15:07:32: Debug: Adding duplicate image handler for 'TGA file'
15:07:32: Debug: Adding duplicate image handler for 'XPM file'
15:07:40: Debug: Adding duplicate image handler for 'PNG file'
15:07:40: Debug: Adding duplicate image handler for 'JPEG file'
15:07:40: Debug: Adding duplicate image handler for 'TIFF file'
15:07:40: Debug: Adding duplicate image handler for 'GIF file'
15:07:40: Debug: Adding duplicate image handler for 'PNM file'
15:07:40: Debug: Adding duplicate image handler for 'PCX file'
15:07:40: Debug: Adding duplicate image handler for 'IFF file'
15:07:40: Debug: Adding duplicate image handler for 'Windows icon file'
15:07:40: Debug: Adding duplicate image handler for 'Windows cursor file'
15:07:40: Debug: Adding duplicate image handler for 'Windows animated cursor file'
15:07:40: Debug: Adding duplicate image handler for 'TGA file'
15:07:40: Debug: Adding duplicate image handler for 'XPM file'
15:07:48: Debug: Adding duplicate image handler for 'PNG file'
15:07:48: Debug: Adding duplicate image handler for 'JPEG file'
15:07:48: Debug: Adding duplicate image handler for 'TIFF file'
15:07:48: Debug: Adding duplicate image handler for 'GIF file'
15:07:48: Debug: Adding duplicate image handler for 'PNM file'
15:07:48: Debug: Adding duplicate image handler for 'PCX file'
15:07:48: Debug: Adding duplicate image handler for 'IFF file'
15:07:48: Debug: Adding duplicate image handler for 'Windows icon file'
15:07:48: Debug: Adding duplicate image handler for 'Windows cursor file'
15:07:48: Debug: Adding duplicate image handler for 'Windows animated cursor file'
15:07:48: Debug: Adding duplicate image handler for 'TGA file'
15:07:48: Debug: Adding duplicate image handler for 'XPM file'
15:07:56: Debug: Adding duplicate image handler for 'PNG file'
15:07:56: Debug: Adding duplicate image handler for 'JPEG file'
15:07:56: Debug: Adding duplicate image handler for 'TIFF file'
15:07:56: Debug: Adding duplicate image handler for 'GIF file'
15:07:56: Debug: Adding duplicate image handler for 'PNM file'
15:07:56: Debug: Adding duplicate image handler for 'PCX file'
15:07:56: Debug: Adding duplicate image handler for 'IFF file'
15:07:56: Debug: Adding duplicate image handler for 'Windows icon file'
15:07:56: Debug: Adding duplicate image handler for 'Windows cursor file'
15:07:56: Debug: Adding duplicate image handler for 'Windows animated cursor file'
15:07:56: Debug: Adding duplicate image handler for 'TGA file'
15:07:56: Debug: Adding duplicate image handler for 'XPM file'
