OK  null_control -> 0 failing checks
OK  mount_shift -> 1 failing checks
OK  jbp_shift -> 4 failing checks
OK  sv_no_gnd_end -> 3 failing checks
OK  sv_pin_without_resistor -> 3 failing checks
OK  sv_resistor_far -> 3 failing checks
OK  label_missing -> 1 failing checks
OK  label_swap -> 1 failing checks
OK  too_tall -> 1 failing checks
OK  narrow_track -> 1 failing checks
OK  pwr_thin -> 1 failing checks
OK  bottom_soic -> 4 failing checks
OK  dru_present -> 1 failing checks
OK  force_pour_missing -> 3 failing checks
OK  force_thermal -> 2 failing checks
OK  force_narrow -> 1 failing checks
OK  via_in_shunt_pad -> 3 failing checks
OK  under_shunt -> 3 failing checks
OK  kelvin_via -> 3 failing checks
OK  foreign_in_kelvin -> 3 failing checks
OK  anchor_track -> 2 failing checks
OK  part_on_cable -> 4 failing checks
OK  tail_turned -> 8 failing checks
OK  column_swap -> 4 failing checks
OK  analog_near_power -> 3 failing checks
OK  c5_far -> 3 failing checks
OK  decap_far -> 4 failing checks
OK  gnd_pour_removed -> 2 failing checks
OK  ref_on_part -> 3 failing checks
OK  ref_far -> 2 failing checks
OK  strip_part -> 3 failing checks
OK  mark_missing -> 1 failing checks
OK  zone_copper -> 2 failing checks
OK  title_wrong -> 1 failing checks
OK  silk_small -> 2 failing checks
OK  return_cut -> 2 failing checks
OK  stack_inner_1oz -> 1 failing checks
OK  in1_gnd_removed -> 4 failing checks
OK  pgnd_in1_to_gnd -> 4 failing checks
OK  signal_on_in1 -> 2 failing checks
OK  in2_zone_missing -> 1 failing checks
41 / 41 negative controls (with the null control)

08:54:02: Debug: Adding duplicate image handler for 'PNG file'
08:54:02: Debug: Adding duplicate image handler for 'JPEG file'
08:54:02: Debug: Adding duplicate image handler for 'TIFF file'
08:54:02: Debug: Adding duplicate image handler for 'GIF file'
08:54:02: Debug: Adding duplicate image handler for 'PNM file'
08:54:02: Debug: Adding duplicate image handler for 'PCX file'
08:54:02: Debug: Adding duplicate image handler for 'IFF file'
08:54:02: Debug: Adding duplicate image handler for 'Windows icon file'
08:54:02: Debug: Adding duplicate image handler for 'Windows cursor file'
08:54:02: Debug: Adding duplicate image handler for 'Windows animated cursor file'
08:54:02: Debug: Adding duplicate image handler for 'TGA file'
08:54:02: Debug: Adding duplicate image handler for 'XPM file'
08:54:18: Debug: Adding duplicate image handler for 'PNG file'
08:54:18: Debug: Adding duplicate image handler for 'JPEG file'
08:54:18: Debug: Adding duplicate image handler for 'TIFF file'
08:54:18: Debug: Adding duplicate image handler for 'GIF file'
08:54:18: Debug: Adding duplicate image handler for 'PNM file'
08:54:18: Debug: Adding duplicate image handler for 'PCX file'
08:54:18: Debug: Adding duplicate image handler for 'IFF file'
08:54:18: Debug: Adding duplicate image handler for 'Windows icon file'
08:54:18: Debug: Adding duplicate image handler for 'Windows cursor file'
08:54:18: Debug: Adding duplicate image handler for 'Windows animated cursor file'
08:54:18: Debug: Adding duplicate image handler for 'TGA file'
08:54:18: Debug: Adding duplicate image handler for 'XPM file'
08:54:35: Debug: Adding duplicate image handler for 'PNG file'
08:54:35: Debug: Adding duplicate image handler for 'JPEG file'
08:54:35: Debug: Adding duplicate image handler for 'TIFF file'
08:54:35: Debug: Adding duplicate image handler for 'GIF file'
08:54:35: Debug: Adding duplicate image handler for 'PNM file'
08:54:35: Debug: Adding duplicate image handler for 'PCX file'
08:54:35: Debug: Adding duplicate image handler for 'IFF file'
08:54:35: Debug: Adding duplicate image handler for 'Windows icon file'
08:54:35: Debug: Adding duplicate image handler for 'Windows cursor file'
08:54:35: Debug: Adding duplicate image handler for 'Windows animated cursor file'
08:54:35: Debug: Adding duplicate image handler for 'TGA file'
08:54:35: Debug: Adding duplicate image handler for 'XPM file'
08:54:52: Debug: Adding duplicate image handler for 'PNG file'
08:54:52: Debug: Adding duplicate image handler for 'JPEG file'
08:54:52: Debug: Adding duplicate image handler for 'TIFF file'
08:54:52: Debug: Adding duplicate image handler for 'GIF file'
08:54:52: Debug: Adding duplicate image handler for 'PNM file'
08:54:52: Debug: Adding duplicate image handler for 'PCX file'
08:54:52: Debug: Adding duplicate image handler for 'IFF file'
08:54:52: Debug: Adding duplicate image handler for 'Windows icon file'
08:54:52: Debug: Adding duplicate image handler for 'Windows cursor file'
08:54:52: Debug: Adding duplicate image handler for 'Windows animated cursor file'
08:54:52: Debug: Adding duplicate image handler for 'TGA file'
08:54:52: Debug: Adding duplicate image handler for 'XPM file'
08:55:09: Debug: Adding duplicate image handler for 'PNG file'
08:55:09: Debug: Adding duplicate image handler for 'JPEG file'
08:55:09: Debug: Adding duplicate image handler for 'TIFF file'
08:55:09: Debug: Adding duplicate image handler for 'GIF file'
08:55:09: Debug: Adding duplicate image handler for 'PNM file'
08:55:09: Debug: Adding duplicate image handler for 'PCX file'
08:55:09: Debug: Adding duplicate image handler for 'IFF file'
08:55:09: Debug: Adding duplicate image handler for 'Windows icon file'
08:55:09: Debug: Adding duplicate image handler for 'Windows cursor file'
08:55:09: Debug: Adding duplicate image handler for 'Windows animated cursor file'
08:55:09: Debug: Adding duplicate image handler for 'TGA file'
08:55:09: Debug: Adding duplicate image handler for 'XPM file'
08:55:26: Debug: Adding duplicate image handler for 'PNG file'
08:55:26: Debug: Adding duplicate image handler for 'JPEG file'
08:55:26: Debug: Adding duplicate image handler for 'TIFF file'
08:55:26: Debug: Adding duplicate image handler for 'GIF file'
08:55:26: Debug: Adding duplicate image handler for 'PNM file'
08:55:26: Debug: Adding duplicate image handler for 'PCX file'
08:55:26: Debug: Adding duplicate image handler for 'IFF file'
08:55:26: Debug: Adding duplicate image handler for 'Windows icon file'
08:55:26: Debug: Adding duplicate image handler for 'Windows cursor file'
08:55:26: Debug: Adding duplicate image handler for 'Windows animated cursor file'
08:55:26: Debug: Adding duplicate image handler for 'TGA file'
08:55:26: Debug: Adding duplicate image handler for 'XPM file'
08:55:44: Debug: Adding duplicate image handler for 'PNG file'
08:55:44: Debug: Adding duplicate image handler for 'JPEG file'
08:55:44: Debug: Adding duplicate image handler for 'TIFF file'
08:55:44: Debug: Adding duplicate image handler for 'GIF file'
08:55:44: Debug: Adding duplicate image handler for 'PNM file'
08:55:44: Debug: Adding duplicate image handler for 'PCX file'
08:55:44: Debug: Adding duplicate image handler for 'IFF file'
08:55:44: Debug: Adding duplicate image handler for 'Windows icon file'
08:55:44: Debug: Adding duplicate image handler for 'Windows cursor file'
08:55:44: Debug: Adding duplicate image handler for 'Windows animated cursor file'
08:55:44: Debug: Adding duplicate image handler for 'TGA file'
08:55:44: Debug: Adding duplicate image handler for 'XPM file'
08:56:01: Debug: Adding duplicate image handler for 'PNG file'
08:56:01: Debug: Adding duplicate image handler for 'JPEG file'
08:56:01: Debug: Adding duplicate image handler for 'TIFF file'
08:56:01: Debug: Adding duplicate image handler for 'GIF file'
08:56:01: Debug: Adding duplicate image handler for 'PNM file'
08:56:01: Debug: Adding duplicate image handler for 'PCX file'
08:56:01: Debug: Adding duplicate image handler for 'IFF file'
08:56:01: Debug: Adding duplicate image handler for 'Windows icon file'
08:56:01: Debug: Adding duplicate image handler for 'Windows cursor file'
08:56:01: Debug: Adding duplicate image handler for 'Windows animated cursor file'
08:56:01: Debug: Adding duplicate image handler for 'TGA file'
08:56:01: Debug: Adding duplicate image handler for 'XPM file'
08:56:18: Debug: Adding duplicate image handler for 'PNG file'
08:56:18: Debug: Adding duplicate image handler for 'JPEG file'
08:56:18: Debug: Adding duplicate image handler for 'TIFF file'
08:56:18: Debug: Adding duplicate image handler for 'GIF file'
08:56:18: Debug: Adding duplicate image handler for 'PNM file'
08:56:18: Debug: Adding duplicate image handler for 'PCX file'
08:56:18: Debug: Adding duplicate image handler for 'IFF file'
08:56:18: Debug: Adding duplicate image handler for 'Windows icon file'
08:56:18: Debug: Adding duplicate image handler for 'Windows cursor file'
08:56:18: Debug: Adding duplicate image handler for 'Windows animated cursor file'
08:56:18: Debug: Adding duplicate image handler for 'TGA file'
08:56:18: Debug: Adding duplicate image handler for 'XPM file'
08:56:35: Debug: Adding duplicate image handler for 'PNG file'
08:56:35: Debug: Adding duplicate image handler for 'JPEG file'
08:56:35: Debug: Adding duplicate image handler for 'TIFF file'
08:56:35: Debug: Adding duplicate image handler for 'GIF file'
08:56:35: Debug: Adding duplicate image handler for 'PNM file'
08:56:35: Debug: Adding duplicate image handler for 'PCX file'
08:56:35: Debug: Adding duplicate image handler for 'IFF file'
08:56:35: Debug: Adding duplicate image handler for 'Windows icon file'
08:56:35: Debug: Adding duplicate image handler for 'Windows cursor file'
08:56:35: Debug: Adding duplicate image handler for 'Windows animated cursor file'
08:56:35: Debug: Adding duplicate image handler for 'TGA file'
08:56:35: Debug: Adding duplicate image handler for 'XPM file'
08:56:52: Debug: Adding duplicate image handler for 'PNG file'
08:56:52: Debug: Adding duplicate image handler for 'JPEG file'
08:56:52: Debug: Adding duplicate image handler for 'TIFF file'
08:56:52: Debug: Adding duplicate image handler for 'GIF file'
08:56:52: Debug: Adding duplicate image handler for 'PNM file'
08:56:52: Debug: Adding duplicate image handler for 'PCX file'
08:56:52: Debug: Adding duplicate image handler for 'IFF file'
08:56:52: Debug: Adding duplicate image handler for 'Windows icon file'
08:56:52: Debug: Adding duplicate image handler for 'Windows cursor file'
08:56:52: Debug: Adding duplicate image handler for 'Windows animated cursor file'
08:56:52: Debug: Adding duplicate image handler for 'TGA file'
08:56:52: Debug: Adding duplicate image handler for 'XPM file'
08:57:09: Debug: Adding duplicate image handler for 'PNG file'
08:57:09: Debug: Adding duplicate image handler for 'JPEG file'
08:57:09: Debug: Adding duplicate image handler for 'TIFF file'
08:57:09: Debug: Adding duplicate image handler for 'GIF file'
08:57:09: Debug: Adding duplicate image handler for 'PNM file'
08:57:09: Debug: Adding duplicate image handler for 'PCX file'
08:57:09: Debug: Adding duplicate image handler for 'IFF file'
08:57:09: Debug: Adding duplicate image handler for 'Windows icon file'
08:57:09: Debug: Adding duplicate image handler for 'Windows cursor file'
08:57:09: Debug: Adding duplicate image handler for 'Windows animated cursor file'
08:57:09: Debug: Adding duplicate image handler for 'TGA file'
08:57:09: Debug: Adding duplicate image handler for 'XPM file'
08:57:26: Debug: Adding duplicate image handler for 'PNG file'
08:57:26: Debug: Adding duplicate image handler for 'JPEG file'
08:57:26: Debug: Adding duplicate image handler for 'TIFF file'
08:57:26: Debug: Adding duplicate image handler for 'GIF file'
08:57:26: Debug: Adding duplicate image handler for 'PNM file'
08:57:26: Debug: Adding duplicate image handler for 'PCX file'
08:57:26: Debug: Adding duplicate image handler for 'IFF file'
08:57:26: Debug: Adding duplicate image handler for 'Windows icon file'
08:57:26: Debug: Adding duplicate image handler for 'Windows cursor file'
08:57:26: Debug: Adding duplicate image handler for 'Windows animated cursor file'
08:57:26: Debug: Adding duplicate image handler for 'TGA file'
08:57:26: Debug: Adding duplicate image handler for 'XPM file'
08:57:43: Debug: Adding duplicate image handler for 'PNG file'
08:57:43: Debug: Adding duplicate image handler for 'JPEG file'
08:57:43: Debug: Adding duplicate image handler for 'TIFF file'
08:57:43: Debug: Adding duplicate image handler for 'GIF file'
08:57:43: Debug: Adding duplicate image handler for 'PNM file'
08:57:43: Debug: Adding duplicate image handler for 'PCX file'
08:57:43: Debug: Adding duplicate image handler for 'IFF file'
08:57:43: Debug: Adding duplicate image handler for 'Windows icon file'
08:57:43: Debug: Adding duplicate image handler for 'Windows cursor file'
08:57:43: Debug: Adding duplicate image handler for 'Windows animated cursor file'
08:57:43: Debug: Adding duplicate image handler for 'TGA file'
08:57:43: Debug: Adding duplicate image handler for 'XPM file'
08:58:00: Debug: Adding duplicate image handler for 'PNG file'
08:58:00: Debug: Adding duplicate image handler for 'JPEG file'
08:58:00: Debug: Adding duplicate image handler for 'TIFF file'
08:58:00: Debug: Adding duplicate image handler for 'GIF file'
08:58:00: Debug: Adding duplicate image handler for 'PNM file'
08:58:00: Debug: Adding duplicate image handler for 'PCX file'
08:58:00: Debug: Adding duplicate image handler for 'IFF file'
08:58:00: Debug: Adding duplicate image handler for 'Windows icon file'
08:58:00: Debug: Adding duplicate image handler for 'Windows cursor file'
08:58:00: Debug: Adding duplicate image handler for 'Windows animated cursor file'
08:58:00: Debug: Adding duplicate image handler for 'TGA file'
08:58:00: Debug: Adding duplicate image handler for 'XPM file'
08:58:17: Debug: Adding duplicate image handler for 'PNG file'
08:58:17: Debug: Adding duplicate image handler for 'JPEG file'
08:58:17: Debug: Adding duplicate image handler for 'TIFF file'
08:58:17: Debug: Adding duplicate image handler for 'GIF file'
08:58:17: Debug: Adding duplicate image handler for 'PNM file'
08:58:17: Debug: Adding duplicate image handler for 'PCX file'
08:58:17: Debug: Adding duplicate image handler for 'IFF file'
08:58:17: Debug: Adding duplicate image handler for 'Windows icon file'
08:58:17: Debug: Adding duplicate image handler for 'Windows cursor file'
08:58:17: Debug: Adding duplicate image handler for 'Windows animated cursor file'
08:58:17: Debug: Adding duplicate image handler for 'TGA file'
08:58:17: Debug: Adding duplicate image handler for 'XPM file'
08:58:34: Debug: Adding duplicate image handler for 'PNG file'
08:58:34: Debug: Adding duplicate image handler for 'JPEG file'
08:58:34: Debug: Adding duplicate image handler for 'TIFF file'
08:58:34: Debug: Adding duplicate image handler for 'GIF file'
08:58:34: Debug: Adding duplicate image handler for 'PNM file'
08:58:34: Debug: Adding duplicate image handler for 'PCX file'
08:58:34: Debug: Adding duplicate image handler for 'IFF file'
08:58:34: Debug: Adding duplicate image handler for 'Windows icon file'
08:58:34: Debug: Adding duplicate image handler for 'Windows cursor file'
08:58:34: Debug: Adding duplicate image handler for 'Windows animated cursor file'
08:58:34: Debug: Adding duplicate image handler for 'TGA file'
08:58:34: Debug: Adding duplicate image handler for 'XPM file'
08:58:51: Debug: Adding duplicate image handler for 'PNG file'
08:58:51: Debug: Adding duplicate image handler for 'JPEG file'
08:58:51: Debug: Adding duplicate image handler for 'TIFF file'
08:58:51: Debug: Adding duplicate image handler for 'GIF file'
08:58:51: Debug: Adding duplicate image handler for 'PNM file'
08:58:51: Debug: Adding duplicate image handler for 'PCX file'
08:58:51: Debug: Adding duplicate image handler for 'IFF file'
08:58:51: Debug: Adding duplicate image handler for 'Windows icon file'
08:58:51: Debug: Adding duplicate image handler for 'Windows cursor file'
08:58:51: Debug: Adding duplicate image handler for 'Windows animated cursor file'
08:58:51: Debug: Adding duplicate image handler for 'TGA file'
08:58:51: Debug: Adding duplicate image handler for 'XPM file'
08:59:08: Debug: Adding duplicate image handler for 'PNG file'
08:59:08: Debug: Adding duplicate image handler for 'JPEG file'
08:59:08: Debug: Adding duplicate image handler for 'TIFF file'
08:59:08: Debug: Adding duplicate image handler for 'GIF file'
08:59:08: Debug: Adding duplicate image handler for 'PNM file'
08:59:08: Debug: Adding duplicate image handler for 'PCX file'
08:59:08: Debug: Adding duplicate image handler for 'IFF file'
08:59:08: Debug: Adding duplicate image handler for 'Windows icon file'
08:59:08: Debug: Adding duplicate image handler for 'Windows cursor file'
08:59:08: Debug: Adding duplicate image handler for 'Windows animated cursor file'
08:59:08: Debug: Adding duplicate image handler for 'TGA file'
08:59:08: Debug: Adding duplicate image handler for 'XPM file'
08:59:25: Debug: Adding duplicate image handler for 'PNG file'
08:59:25: Debug: Adding duplicate image handler for 'JPEG file'
08:59:25: Debug: Adding duplicate image handler for 'TIFF file'
08:59:25: Debug: Adding duplicate image handler for 'GIF file'
08:59:25: Debug: Adding duplicate image handler for 'PNM file'
08:59:25: Debug: Adding duplicate image handler for 'PCX file'
08:59:25: Debug: Adding duplicate image handler for 'IFF file'
08:59:25: Debug: Adding duplicate image handler for 'Windows icon file'
08:59:25: Debug: Adding duplicate image handler for 'Windows cursor file'
08:59:25: Debug: Adding duplicate image handler for 'Windows animated cursor file'
08:59:25: Debug: Adding duplicate image handler for 'TGA file'
08:59:25: Debug: Adding duplicate image handler for 'XPM file'
08:59:42: Debug: Adding duplicate image handler for 'PNG file'
08:59:42: Debug: Adding duplicate image handler for 'JPEG file'
08:59:42: Debug: Adding duplicate image handler for 'TIFF file'
08:59:42: Debug: Adding duplicate image handler for 'GIF file'
08:59:42: Debug: Adding duplicate image handler for 'PNM file'
08:59:42: Debug: Adding duplicate image handler for 'PCX file'
08:59:42: Debug: Adding duplicate image handler for 'IFF file'
08:59:42: Debug: Adding duplicate image handler for 'Windows icon file'
08:59:42: Debug: Adding duplicate image handler for 'Windows cursor file'
08:59:42: Debug: Adding duplicate image handler for 'Windows animated cursor file'
08:59:42: Debug: Adding duplicate image handler for 'TGA file'
08:59:42: Debug: Adding duplicate image handler for 'XPM file'
08:59:59: Debug: Adding duplicate image handler for 'PNG file'
08:59:59: Debug: Adding duplicate image handler for 'JPEG file'
08:59:59: Debug: Adding duplicate image handler for 'TIFF file'
08:59:59: Debug: Adding duplicate image handler for 'GIF file'
08:59:59: Debug: Adding duplicate image handler for 'PNM file'
08:59:59: Debug: Adding duplicate image handler for 'PCX file'
08:59:59: Debug: Adding duplicate image handler for 'IFF file'
08:59:59: Debug: Adding duplicate image handler for 'Windows icon file'
08:59:59: Debug: Adding duplicate image handler for 'Windows cursor file'
08:59:59: Debug: Adding duplicate image handler for 'Windows animated cursor file'
08:59:59: Debug: Adding duplicate image handler for 'TGA file'
08:59:59: Debug: Adding duplicate image handler for 'XPM file'
09:00:18: Debug: Adding duplicate image handler for 'PNG file'
09:00:18: Debug: Adding duplicate image handler for 'JPEG file'
09:00:18: Debug: Adding duplicate image handler for 'TIFF file'
09:00:18: Debug: Adding duplicate image handler for 'GIF file'
09:00:18: Debug: Adding duplicate image handler for 'PNM file'
09:00:18: Debug: Adding duplicate image handler for 'PCX file'
09:00:18: Debug: Adding duplicate image handler for 'IFF file'
09:00:18: Debug: Adding duplicate image handler for 'Windows icon file'
09:00:18: Debug: Adding duplicate image handler for 'Windows cursor file'
09:00:18: Debug: Adding duplicate image handler for 'Windows animated cursor file'
09:00:18: Debug: Adding duplicate image handler for 'TGA file'
09:00:18: Debug: Adding duplicate image handler for 'XPM file'
09:00:35: Debug: Adding duplicate image handler for 'PNG file'
09:00:35: Debug: Adding duplicate image handler for 'JPEG file'
09:00:35: Debug: Adding duplicate image handler for 'TIFF file'
09:00:35: Debug: Adding duplicate image handler for 'GIF file'
09:00:35: Debug: Adding duplicate image handler for 'PNM file'
09:00:35: Debug: Adding duplicate image handler for 'PCX file'
09:00:35: Debug: Adding duplicate image handler for 'IFF file'
09:00:35: Debug: Adding duplicate image handler for 'Windows icon file'
09:00:35: Debug: Adding duplicate image handler for 'Windows cursor file'
09:00:35: Debug: Adding duplicate image handler for 'Windows animated cursor file'
09:00:35: Debug: Adding duplicate image handler for 'TGA file'
09:00:35: Debug: Adding duplicate image handler for 'XPM file'
09:00:52: Debug: Adding duplicate image handler for 'PNG file'
09:00:52: Debug: Adding duplicate image handler for 'JPEG file'
09:00:52: Debug: Adding duplicate image handler for 'TIFF file'
09:00:52: Debug: Adding duplicate image handler for 'GIF file'
09:00:52: Debug: Adding duplicate image handler for 'PNM file'
09:00:52: Debug: Adding duplicate image handler for 'PCX file'
09:00:52: Debug: Adding duplicate image handler for 'IFF file'
09:00:52: Debug: Adding duplicate image handler for 'Windows icon file'
09:00:52: Debug: Adding duplicate image handler for 'Windows cursor file'
09:00:52: Debug: Adding duplicate image handler for 'Windows animated cursor file'
09:00:52: Debug: Adding duplicate image handler for 'TGA file'
09:00:52: Debug: Adding duplicate image handler for 'XPM file'
09:01:08: Debug: Adding duplicate image handler for 'PNG file'
09:01:08: Debug: Adding duplicate image handler for 'JPEG file'
09:01:08: Debug: Adding duplicate image handler for 'TIFF file'
09:01:08: Debug: Adding duplicate image handler for 'GIF file'
09:01:08: Debug: Adding duplicate image handler for 'PNM file'
09:01:08: Debug: Adding duplicate image handler for 'PCX file'
09:01:08: Debug: Adding duplicate image handler for 'IFF file'
09:01:08: Debug: Adding duplicate image handler for 'Windows icon file'
09:01:08: Debug: Adding duplicate image handler for 'Windows cursor file'
09:01:08: Debug: Adding duplicate image handler for 'Windows animated cursor file'
09:01:08: Debug: Adding duplicate image handler for 'TGA file'
09:01:08: Debug: Adding duplicate image handler for 'XPM file'
09:01:25: Debug: Adding duplicate image handler for 'PNG file'
09:01:25: Debug: Adding duplicate image handler for 'JPEG file'
09:01:25: Debug: Adding duplicate image handler for 'TIFF file'
09:01:25: Debug: Adding duplicate image handler for 'GIF file'
09:01:25: Debug: Adding duplicate image handler for 'PNM file'
09:01:25: Debug: Adding duplicate image handler for 'PCX file'
09:01:25: Debug: Adding duplicate image handler for 'IFF file'
09:01:25: Debug: Adding duplicate image handler for 'Windows icon file'
09:01:25: Debug: Adding duplicate image handler for 'Windows cursor file'
09:01:25: Debug: Adding duplicate image handler for 'Windows animated cursor file'
09:01:25: Debug: Adding duplicate image handler for 'TGA file'
09:01:25: Debug: Adding duplicate image handler for 'XPM file'
09:01:42: Debug: Adding duplicate image handler for 'PNG file'
09:01:42: Debug: Adding duplicate image handler for 'JPEG file'
09:01:42: Debug: Adding duplicate image handler for 'TIFF file'
09:01:42: Debug: Adding duplicate image handler for 'GIF file'
09:01:42: Debug: Adding duplicate image handler for 'PNM file'
09:01:42: Debug: Adding duplicate image handler for 'PCX file'
09:01:42: Debug: Adding duplicate image handler for 'IFF file'
09:01:42: Debug: Adding duplicate image handler for 'Windows icon file'
09:01:42: Debug: Adding duplicate image handler for 'Windows cursor file'
09:01:42: Debug: Adding duplicate image handler for 'Windows animated cursor file'
09:01:42: Debug: Adding duplicate image handler for 'TGA file'
09:01:42: Debug: Adding duplicate image handler for 'XPM file'
09:01:59: Debug: Adding duplicate image handler for 'PNG file'
09:01:59: Debug: Adding duplicate image handler for 'JPEG file'
09:01:59: Debug: Adding duplicate image handler for 'TIFF file'
09:01:59: Debug: Adding duplicate image handler for 'GIF file'
09:01:59: Debug: Adding duplicate image handler for 'PNM file'
09:01:59: Debug: Adding duplicate image handler for 'PCX file'
09:01:59: Debug: Adding duplicate image handler for 'IFF file'
09:01:59: Debug: Adding duplicate image handler for 'Windows icon file'
09:01:59: Debug: Adding duplicate image handler for 'Windows cursor file'
09:01:59: Debug: Adding duplicate image handler for 'Windows animated cursor file'
09:01:59: Debug: Adding duplicate image handler for 'TGA file'
09:01:59: Debug: Adding duplicate image handler for 'XPM file'
09:02:15: Debug: Adding duplicate image handler for 'PNG file'
09:02:15: Debug: Adding duplicate image handler for 'JPEG file'
09:02:15: Debug: Adding duplicate image handler for 'TIFF file'
09:02:15: Debug: Adding duplicate image handler for 'GIF file'
09:02:15: Debug: Adding duplicate image handler for 'PNM file'
09:02:15: Debug: Adding duplicate image handler for 'PCX file'
09:02:15: Debug: Adding duplicate image handler for 'IFF file'
09:02:15: Debug: Adding duplicate image handler for 'Windows icon file'
09:02:15: Debug: Adding duplicate image handler for 'Windows cursor file'
09:02:15: Debug: Adding duplicate image handler for 'Windows animated cursor file'
09:02:15: Debug: Adding duplicate image handler for 'TGA file'
09:02:15: Debug: Adding duplicate image handler for 'XPM file'
09:02:32: Debug: Adding duplicate image handler for 'PNG file'
09:02:32: Debug: Adding duplicate image handler for 'JPEG file'
09:02:32: Debug: Adding duplicate image handler for 'TIFF file'
09:02:32: Debug: Adding duplicate image handler for 'GIF file'
09:02:32: Debug: Adding duplicate image handler for 'PNM file'
09:02:32: Debug: Adding duplicate image handler for 'PCX file'
09:02:32: Debug: Adding duplicate image handler for 'IFF file'
09:02:32: Debug: Adding duplicate image handler for 'Windows icon file'
09:02:32: Debug: Adding duplicate image handler for 'Windows cursor file'
09:02:32: Debug: Adding duplicate image handler for 'Windows animated cursor file'
09:02:32: Debug: Adding duplicate image handler for 'TGA file'
09:02:32: Debug: Adding duplicate image handler for 'XPM file'
09:02:49: Debug: Adding duplicate image handler for 'PNG file'
09:02:49: Debug: Adding duplicate image handler for 'JPEG file'
09:02:49: Debug: Adding duplicate image handler for 'TIFF file'
09:02:49: Debug: Adding duplicate image handler for 'GIF file'
09:02:49: Debug: Adding duplicate image handler for 'PNM file'
09:02:49: Debug: Adding duplicate image handler for 'PCX file'
09:02:49: Debug: Adding duplicate image handler for 'IFF file'
09:02:49: Debug: Adding duplicate image handler for 'Windows icon file'
09:02:49: Debug: Adding duplicate image handler for 'Windows cursor file'
09:02:49: Debug: Adding duplicate image handler for 'Windows animated cursor file'
09:02:49: Debug: Adding duplicate image handler for 'TGA file'
09:02:49: Debug: Adding duplicate image handler for 'XPM file'
09:03:06: Debug: Adding duplicate image handler for 'PNG file'
09:03:06: Debug: Adding duplicate image handler for 'JPEG file'
09:03:06: Debug: Adding duplicate image handler for 'TIFF file'
09:03:06: Debug: Adding duplicate image handler for 'GIF file'
09:03:06: Debug: Adding duplicate image handler for 'PNM file'
09:03:06: Debug: Adding duplicate image handler for 'PCX file'
09:03:06: Debug: Adding duplicate image handler for 'IFF file'
09:03:06: Debug: Adding duplicate image handler for 'Windows icon file'
09:03:06: Debug: Adding duplicate image handler for 'Windows cursor file'
09:03:06: Debug: Adding duplicate image handler for 'Windows animated cursor file'
09:03:06: Debug: Adding duplicate image handler for 'TGA file'
09:03:06: Debug: Adding duplicate image handler for 'XPM file'
09:03:24: Debug: Adding duplicate image handler for 'PNG file'
09:03:24: Debug: Adding duplicate image handler for 'JPEG file'
09:03:24: Debug: Adding duplicate image handler for 'TIFF file'
09:03:24: Debug: Adding duplicate image handler for 'GIF file'
09:03:24: Debug: Adding duplicate image handler for 'PNM file'
09:03:24: Debug: Adding duplicate image handler for 'PCX file'
09:03:24: Debug: Adding duplicate image handler for 'IFF file'
09:03:24: Debug: Adding duplicate image handler for 'Windows icon file'
09:03:24: Debug: Adding duplicate image handler for 'Windows cursor file'
09:03:24: Debug: Adding duplicate image handler for 'Windows animated cursor file'
09:03:24: Debug: Adding duplicate image handler for 'TGA file'
09:03:24: Debug: Adding duplicate image handler for 'XPM file'
09:03:41: Debug: Adding duplicate image handler for 'PNG file'
09:03:41: Debug: Adding duplicate image handler for 'JPEG file'
09:03:41: Debug: Adding duplicate image handler for 'TIFF file'
09:03:41: Debug: Adding duplicate image handler for 'GIF file'
09:03:41: Debug: Adding duplicate image handler for 'PNM file'
09:03:41: Debug: Adding duplicate image handler for 'PCX file'
09:03:41: Debug: Adding duplicate image handler for 'IFF file'
09:03:41: Debug: Adding duplicate image handler for 'Windows icon file'
09:03:41: Debug: Adding duplicate image handler for 'Windows cursor file'
09:03:41: Debug: Adding duplicate image handler for 'Windows animated cursor file'
09:03:41: Debug: Adding duplicate image handler for 'TGA file'
09:03:41: Debug: Adding duplicate image handler for 'XPM file'
09:03:57: Debug: Adding duplicate image handler for 'PNG file'
09:03:57: Debug: Adding duplicate image handler for 'JPEG file'
09:03:57: Debug: Adding duplicate image handler for 'TIFF file'
09:03:57: Debug: Adding duplicate image handler for 'GIF file'
09:03:57: Debug: Adding duplicate image handler for 'PNM file'
09:03:57: Debug: Adding duplicate image handler for 'PCX file'
09:03:57: Debug: Adding duplicate image handler for 'IFF file'
09:03:57: Debug: Adding duplicate image handler for 'Windows icon file'
09:03:57: Debug: Adding duplicate image handler for 'Windows cursor file'
09:03:57: Debug: Adding duplicate image handler for 'Windows animated cursor file'
09:03:57: Debug: Adding duplicate image handler for 'TGA file'
09:03:57: Debug: Adding duplicate image handler for 'XPM file'
09:04:14: Debug: Adding duplicate image handler for 'PNG file'
09:04:14: Debug: Adding duplicate image handler for 'JPEG file'
09:04:14: Debug: Adding duplicate image handler for 'TIFF file'
09:04:14: Debug: Adding duplicate image handler for 'GIF file'
09:04:14: Debug: Adding duplicate image handler for 'PNM file'
09:04:14: Debug: Adding duplicate image handler for 'PCX file'
09:04:14: Debug: Adding duplicate image handler for 'IFF file'
09:04:14: Debug: Adding duplicate image handler for 'Windows icon file'
09:04:14: Debug: Adding duplicate image handler for 'Windows cursor file'
09:04:14: Debug: Adding duplicate image handler for 'Windows animated cursor file'
09:04:14: Debug: Adding duplicate image handler for 'TGA file'
09:04:14: Debug: Adding duplicate image handler for 'XPM file'
09:04:30: Debug: Adding duplicate image handler for 'PNG file'
09:04:30: Debug: Adding duplicate image handler for 'JPEG file'
09:04:30: Debug: Adding duplicate image handler for 'TIFF file'
09:04:30: Debug: Adding duplicate image handler for 'GIF file'
09:04:30: Debug: Adding duplicate image handler for 'PNM file'
09:04:30: Debug: Adding duplicate image handler for 'PCX file'
09:04:30: Debug: Adding duplicate image handler for 'IFF file'
09:04:30: Debug: Adding duplicate image handler for 'Windows icon file'
09:04:30: Debug: Adding duplicate image handler for 'Windows cursor file'
09:04:30: Debug: Adding duplicate image handler for 'Windows animated cursor file'
09:04:30: Debug: Adding duplicate image handler for 'TGA file'
09:04:30: Debug: Adding duplicate image handler for 'XPM file'
09:04:46: Debug: Adding duplicate image handler for 'PNG file'
09:04:46: Debug: Adding duplicate image handler for 'JPEG file'
09:04:46: Debug: Adding duplicate image handler for 'TIFF file'
09:04:46: Debug: Adding duplicate image handler for 'GIF file'
09:04:46: Debug: Adding duplicate image handler for 'PNM file'
09:04:46: Debug: Adding duplicate image handler for 'PCX file'
09:04:46: Debug: Adding duplicate image handler for 'IFF file'
09:04:46: Debug: Adding duplicate image handler for 'Windows icon file'
09:04:46: Debug: Adding duplicate image handler for 'Windows cursor file'
09:04:46: Debug: Adding duplicate image handler for 'Windows animated cursor file'
09:04:46: Debug: Adding duplicate image handler for 'TGA file'
09:04:46: Debug: Adding duplicate image handler for 'XPM file'
09:05:03: Debug: Adding duplicate image handler for 'PNG file'
09:05:03: Debug: Adding duplicate image handler for 'JPEG file'
09:05:03: Debug: Adding duplicate image handler for 'TIFF file'
09:05:03: Debug: Adding duplicate image handler for 'GIF file'
09:05:03: Debug: Adding duplicate image handler for 'PNM file'
09:05:03: Debug: Adding duplicate image handler for 'PCX file'
09:05:03: Debug: Adding duplicate image handler for 'IFF file'
09:05:03: Debug: Adding duplicate image handler for 'Windows icon file'
09:05:03: Debug: Adding duplicate image handler for 'Windows cursor file'
09:05:03: Debug: Adding duplicate image handler for 'Windows animated cursor file'
09:05:03: Debug: Adding duplicate image handler for 'TGA file'
09:05:03: Debug: Adding duplicate image handler for 'XPM file'
