2026-09-25 19:11:31.961 INFO   Freerouting v2.1.0 (build-date: 2025-04-12)
2026-09-25 19:11:32.061 WARN   No default constructor found for field: currentLocale
2026-09-25 19:11:32.061 INFO   Settings were loaded from freerouting.json
2026-09-25 19:11:33.893 INFO   [180223\2BFB65] Job '180223\2BFB65' started at 2026-09-25T17:11:33.893240Z
2026-09-25 19:11:34.079 INFO   New version available: v2.4.1
2026-09-25 19:11:43.153 INFO   [180223\2BFB65] Auto-router pass #1 on board 'fe416dfc31169911310745942c90d0e2' was completed in 9,05 seconds with the score of 888,54 (28 unrouted), using 43,88 CPU seconds and 4152 MB memory.
2026-09-25 19:11:47.090 INFO   [180223\2BFB65] Auto-router pass #2 on board '4ed5d5ee0b889e9db121f29cf5bcfffb' was completed in 3,86 seconds with the score of 946,56 (9 unrouted), using 88,69 CPU seconds and 5968 MB memory.
2026-09-25 19:11:48.526 INFO   [180223\2BFB65] Auto-router pass #3 on board 'fd6c0d7cab905f81feff001b86e2f7c6' was completed in 1,38 seconds with the score of 957,86 (4 unrouted), using 102,31 CPU seconds and 6401 MB memory.
2026-09-25 19:11:49.328 INFO   [180223\2BFB65] Auto-router pass #4 on board 'dab533cfd4b6014fa3e59c5e3fca84ca' was completed in 0,76 seconds with the score of 964,91 (1 unrouted), using 116,94 CPU seconds and 6824 MB memory.
2026-09-25 19:11:49.530 INFO   [180223\2BFB65] Auto-router pass #5 on board '84e4097ac72df8ebb786d216e8dd6919' was completed in 0,15 seconds with the score of 967,38, using 116,94 CPU seconds and 6824 MB memory.
2026-09-25 19:11:49.576 INFO   [180223\2BFB65] Auto-router pass #6 on board '2c313e0edf1e25712a85484a16e54b2b' was completed in 0,01 seconds with the score of 967,38, using 116,94 CPU seconds and 6824 MB memory.
{
  "host": "KiCad's Pcbnew,10.0.6",
  "unit": "mm",
  "board": {
    "bounding_box": {
      "x": 1601.0,
      "y": 1.0,
      "width": -1.0,
      "height": -1201.0
    },
    "size": {
      "x": 0.0,
      "y": 0.0,
      "width": 1602.0,
      "height": 1202.0
    }
  },
  "layers": {
    "total_count": 2,
    "signal_count": 2
  },
  "items": {
    "total_count": 1204,
    "trace_count": 255,
    "via_count": 32,
    "conduction_area_count": 0,
    "drill_item_count": 347,
    "pin_count": 0,
    "component_count": 533,
    "other_count": 37
  },
  "components": {
    "total_count": 59
  },
  "pads": {
    "total_count": 347
  },
  "nets": {
    "total_count": 119,
    "class_count": 3
  },
  "connections": {
    "maximum_count": 415,
    "incomplete_count": 0
  },
  "traces": {
    "total_count": 255,
    "total_segment_count": 715,
    "total_length": 47941.19,
    "total_weighted_length": 1.9699797E8,
    "average_length": 188.00467,
    "total_vertical_length": 13701.754,
    "total_horizontal_length": 15887.48,
    "total_angled_length": 12031.314
  },
  "bends": {
    "total_count": 460,
    "90_degree_count": 4,
    "45_degree_count": 456,
    "other_angle_count": 0
  },
  "vias": {
    "total_count": 32,
    "through_hole_count": 32,
    "blind_count": 0,
    "buried_count": 0
  },
  "clearance_violations": {
    "total_count": 0
  }
}
