OK  null_control -> 0 failing checks
OK  mount_shift -> 1 failing checks
OK  jbp_shift -> 4 failing checks
OK  sv_no_gnd_end -> 3 failing checks
OK  sv_pin_without_resistor -> 3 failing checks
OK  too_tall -> 1 failing checks
OK  usb_far -> 4 failing checks
OK  sd_far -> 2 failing checks
OK  antenna_track -> 2 failing checks
OK  spine_neck -> 1 failing checks
OK  decap_far -> 4 failing checks
OK  term_far -> 3 failing checks
OK  r43_far -> 5 failing checks
OK  supout_long -> 2 failing checks
OK  label_missing -> 1 failing checks
OK  ref_on_part -> 3 failing checks
OK  spine_long -> 2 failing checks
OK  ref_far -> 2 failing checks
OK  label_swap -> 1 failing checks
OK  gnd_label_missing -> 1 failing checks
OK  strip_part -> 5 failing checks
OK  zone_copper -> 2 failing checks
OK  r70_1k -> 4 failing checks
OK  title_wrong -> 1 failing checks
OK  lib_pad_changed -> 1 failing checks
25 / 25 negative controls (with the null control)

15:11:32: Debug: Adding duplicate image handler for 'PNG file'
15:11:32: Debug: Adding duplicate image handler for 'JPEG file'
15:11:32: Debug: Adding duplicate image handler for 'TIFF file'
15:11:32: Debug: Adding duplicate image handler for 'GIF file'
15:11:32: Debug: Adding duplicate image handler for 'PNM file'
15:11:32: Debug: Adding duplicate image handler for 'PCX file'
15:11:32: Debug: Adding duplicate image handler for 'IFF file'
15:11:32: Debug: Adding duplicate image handler for 'Windows icon file'
15:11:32: Debug: Adding duplicate image handler for 'Windows cursor file'
15:11:32: Debug: Adding duplicate image handler for 'Windows animated cursor file'
15:11:32: Debug: Adding duplicate image handler for 'TGA file'
15:11:32: Debug: Adding duplicate image handler for 'XPM file'
15:11:44: Debug: Adding duplicate image handler for 'PNG file'
15:11:44: Debug: Adding duplicate image handler for 'JPEG file'
15:11:44: Debug: Adding duplicate image handler for 'TIFF file'
15:11:44: Debug: Adding duplicate image handler for 'GIF file'
15:11:44: Debug: Adding duplicate image handler for 'PNM file'
15:11:44: Debug: Adding duplicate image handler for 'PCX file'
15:11:44: Debug: Adding duplicate image handler for 'IFF file'
15:11:44: Debug: Adding duplicate image handler for 'Windows icon file'
15:11:44: Debug: Adding duplicate image handler for 'Windows cursor file'
15:11:44: Debug: Adding duplicate image handler for 'Windows animated cursor file'
15:11:44: Debug: Adding duplicate image handler for 'TGA file'
15:11:44: Debug: Adding duplicate image handler for 'XPM file'
15:11:56: Debug: Adding duplicate image handler for 'PNG file'
15:11:56: Debug: Adding duplicate image handler for 'JPEG file'
15:11:56: Debug: Adding duplicate image handler for 'TIFF file'
15:11:56: Debug: Adding duplicate image handler for 'GIF file'
15:11:56: Debug: Adding duplicate image handler for 'PNM file'
15:11:56: Debug: Adding duplicate image handler for 'PCX file'
15:11:56: Debug: Adding duplicate image handler for 'IFF file'
15:11:56: Debug: Adding duplicate image handler for 'Windows icon file'
15:11:56: Debug: Adding duplicate image handler for 'Windows cursor file'
15:11:56: Debug: Adding duplicate image handler for 'Windows animated cursor file'
15:11:56: Debug: Adding duplicate image handler for 'TGA file'
15:11:56: Debug: Adding duplicate image handler for 'XPM file'
15:12:08: Debug: Adding duplicate image handler for 'PNG file'
15:12:08: Debug: Adding duplicate image handler for 'JPEG file'
15:12:08: Debug: Adding duplicate image handler for 'TIFF file'
15:12:08: Debug: Adding duplicate image handler for 'GIF file'
15:12:08: Debug: Adding duplicate image handler for 'PNM file'
15:12:08: Debug: Adding duplicate image handler for 'PCX file'
15:12:08: Debug: Adding duplicate image handler for 'IFF file'
15:12:08: Debug: Adding duplicate image handler for 'Windows icon file'
15:12:08: Debug: Adding duplicate image handler for 'Windows cursor file'
15:12:08: Debug: Adding duplicate image handler for 'Windows animated cursor file'
15:12:08: Debug: Adding duplicate image handler for 'TGA file'
15:12:08: Debug: Adding duplicate image handler for 'XPM file'
15:12:19: Debug: Adding duplicate image handler for 'PNG file'
15:12:19: Debug: Adding duplicate image handler for 'JPEG file'
15:12:19: Debug: Adding duplicate image handler for 'TIFF file'
15:12:19: Debug: Adding duplicate image handler for 'GIF file'
15:12:19: Debug: Adding duplicate image handler for 'PNM file'
15:12:19: Debug: Adding duplicate image handler for 'PCX file'
15:12:19: Debug: Adding duplicate image handler for 'IFF file'
15:12:19: Debug: Adding duplicate image handler for 'Windows icon file'
15:12:19: Debug: Adding duplicate image handler for 'Windows cursor file'
15:12:19: Debug: Adding duplicate image handler for 'Windows animated cursor file'
15:12:19: Debug: Adding duplicate image handler for 'TGA file'
15:12:19: Debug: Adding duplicate image handler for 'XPM file'
15:12:31: Debug: Adding duplicate image handler for 'PNG file'
15:12:31: Debug: Adding duplicate image handler for 'JPEG file'
15:12:31: Debug: Adding duplicate image handler for 'TIFF file'
15:12:31: Debug: Adding duplicate image handler for 'GIF file'
15:12:31: Debug: Adding duplicate image handler for 'PNM file'
15:12:31: Debug: Adding duplicate image handler for 'PCX file'
15:12:31: Debug: Adding duplicate image handler for 'IFF file'
15:12:31: Debug: Adding duplicate image handler for 'Windows icon file'
15:12:31: Debug: Adding duplicate image handler for 'Windows cursor file'
15:12:31: Debug: Adding duplicate image handler for 'Windows animated cursor file'
15:12:31: Debug: Adding duplicate image handler for 'TGA file'
15:12:31: Debug: Adding duplicate image handler for 'XPM file'
15:12:43: Debug: Adding duplicate image handler for 'PNG file'
15:12:43: Debug: Adding duplicate image handler for 'JPEG file'
15:12:43: Debug: Adding duplicate image handler for 'TIFF file'
15:12:43: Debug: Adding duplicate image handler for 'GIF file'
15:12:43: Debug: Adding duplicate image handler for 'PNM file'
15:12:43: Debug: Adding duplicate image handler for 'PCX file'
15:12:43: Debug: Adding duplicate image handler for 'IFF file'
15:12:43: Debug: Adding duplicate image handler for 'Windows icon file'
15:12:43: Debug: Adding duplicate image handler for 'Windows cursor file'
15:12:43: Debug: Adding duplicate image handler for 'Windows animated cursor file'
15:12:43: Debug: Adding duplicate image handler for 'TGA file'
15:12:43: Debug: Adding duplicate image handler for 'XPM file'
15:12:54: Debug: Adding duplicate image handler for 'PNG file'
15:12:54: Debug: Adding duplicate image handler for 'JPEG file'
15:12:54: Debug: Adding duplicate image handler for 'TIFF file'
15:12:54: Debug: Adding duplicate image handler for 'GIF file'
15:12:54: Debug: Adding duplicate image handler for 'PNM file'
15:12:54: Debug: Adding duplicate image handler for 'PCX file'
15:12:54: Debug: Adding duplicate image handler for 'IFF file'
15:12:54: Debug: Adding duplicate image handler for 'Windows icon file'
15:12:54: Debug: Adding duplicate image handler for 'Windows cursor file'
15:12:54: Debug: Adding duplicate image handler for 'Windows animated cursor file'
15:12:54: Debug: Adding duplicate image handler for 'TGA file'
15:12:54: Debug: Adding duplicate image handler for 'XPM file'
15:13:06: Debug: Adding duplicate image handler for 'PNG file'
15:13:06: Debug: Adding duplicate image handler for 'JPEG file'
15:13:06: Debug: Adding duplicate image handler for 'TIFF file'
15:13:06: Debug: Adding duplicate image handler for 'GIF file'
15:13:06: Debug: Adding duplicate image handler for 'PNM file'
15:13:06: Debug: Adding duplicate image handler for 'PCX file'
15:13:06: Debug: Adding duplicate image handler for 'IFF file'
15:13:06: Debug: Adding duplicate image handler for 'Windows icon file'
15:13:06: Debug: Adding duplicate image handler for 'Windows cursor file'
15:13:06: Debug: Adding duplicate image handler for 'Windows animated cursor file'
15:13:06: Debug: Adding duplicate image handler for 'TGA file'
15:13:06: Debug: Adding duplicate image handler for 'XPM file'
15:13:18: Debug: Adding duplicate image handler for 'PNG file'
15:13:18: Debug: Adding duplicate image handler for 'JPEG file'
15:13:18: Debug: Adding duplicate image handler for 'TIFF file'
15:13:18: Debug: Adding duplicate image handler for 'GIF file'
15:13:18: Debug: Adding duplicate image handler for 'PNM file'
15:13:18: Debug: Adding duplicate image handler for 'PCX file'
15:13:18: Debug: Adding duplicate image handler for 'IFF file'
15:13:18: Debug: Adding duplicate image handler for 'Windows icon file'
15:13:18: Debug: Adding duplicate image handler for 'Windows cursor file'
15:13:18: Debug: Adding duplicate image handler for 'Windows animated cursor file'
15:13:18: Debug: Adding duplicate image handler for 'TGA file'
15:13:18: Debug: Adding duplicate image handler for 'XPM file'
15:13:30: Debug: Adding duplicate image handler for 'PNG file'
15:13:30: Debug: Adding duplicate image handler for 'JPEG file'
15:13:30: Debug: Adding duplicate image handler for 'TIFF file'
15:13:30: Debug: Adding duplicate image handler for 'GIF file'
15:13:30: Debug: Adding duplicate image handler for 'PNM file'
15:13:30: Debug: Adding duplicate image handler for 'PCX file'
15:13:30: Debug: Adding duplicate image handler for 'IFF file'
15:13:30: Debug: Adding duplicate image handler for 'Windows icon file'
15:13:30: Debug: Adding duplicate image handler for 'Windows cursor file'
15:13:30: Debug: Adding duplicate image handler for 'Windows animated cursor file'
15:13:30: Debug: Adding duplicate image handler for 'TGA file'
15:13:30: Debug: Adding duplicate image handler for 'XPM file'
15:13:41: Debug: Adding duplicate image handler for 'PNG file'
15:13:41: Debug: Adding duplicate image handler for 'JPEG file'
15:13:41: Debug: Adding duplicate image handler for 'TIFF file'
15:13:41: Debug: Adding duplicate image handler for 'GIF file'
15:13:41: Debug: Adding duplicate image handler for 'PNM file'
15:13:41: Debug: Adding duplicate image handler for 'PCX file'
15:13:41: Debug: Adding duplicate image handler for 'IFF file'
15:13:41: Debug: Adding duplicate image handler for 'Windows icon file'
15:13:41: Debug: Adding duplicate image handler for 'Windows cursor file'
15:13:41: Debug: Adding duplicate image handler for 'Windows animated cursor file'
15:13:41: Debug: Adding duplicate image handler for 'TGA file'
15:13:41: Debug: Adding duplicate image handler for 'XPM file'
15:13:53: Debug: Adding duplicate image handler for 'PNG file'
15:13:53: Debug: Adding duplicate image handler for 'JPEG file'
15:13:53: Debug: Adding duplicate image handler for 'TIFF file'
15:13:53: Debug: Adding duplicate image handler for 'GIF file'
15:13:53: Debug: Adding duplicate image handler for 'PNM file'
15:13:53: Debug: Adding duplicate image handler for 'PCX file'
15:13:53: Debug: Adding duplicate image handler for 'IFF file'
15:13:53: Debug: Adding duplicate image handler for 'Windows icon file'
15:13:53: Debug: Adding duplicate image handler for 'Windows cursor file'
15:13:53: Debug: Adding duplicate image handler for 'Windows animated cursor file'
15:13:53: Debug: Adding duplicate image handler for 'TGA file'
15:13:53: Debug: Adding duplicate image handler for 'XPM file'
15:14:05: Debug: Adding duplicate image handler for 'PNG file'
15:14:05: Debug: Adding duplicate image handler for 'JPEG file'
15:14:05: Debug: Adding duplicate image handler for 'TIFF file'
15:14:05: Debug: Adding duplicate image handler for 'GIF file'
15:14:05: Debug: Adding duplicate image handler for 'PNM file'
15:14:05: Debug: Adding duplicate image handler for 'PCX file'
15:14:05: Debug: Adding duplicate image handler for 'IFF file'
15:14:05: Debug: Adding duplicate image handler for 'Windows icon file'
15:14:05: Debug: Adding duplicate image handler for 'Windows cursor file'
15:14:05: Debug: Adding duplicate image handler for 'Windows animated cursor file'
15:14:05: Debug: Adding duplicate image handler for 'TGA file'
15:14:05: Debug: Adding duplicate image handler for 'XPM file'
15:14:17: Debug: Adding duplicate image handler for 'PNG file'
15:14:17: Debug: Adding duplicate image handler for 'JPEG file'
15:14:17: Debug: Adding duplicate image handler for 'TIFF file'
15:14:17: Debug: Adding duplicate image handler for 'GIF file'
15:14:17: Debug: Adding duplicate image handler for 'PNM file'
15:14:17: Debug: Adding duplicate image handler for 'PCX file'
15:14:17: Debug: Adding duplicate image handler for 'IFF file'
15:14:17: Debug: Adding duplicate image handler for 'Windows icon file'
15:14:17: Debug: Adding duplicate image handler for 'Windows cursor file'
15:14:17: Debug: Adding duplicate image handler for 'Windows animated cursor file'
15:14:17: Debug: Adding duplicate image handler for 'TGA file'
15:14:17: Debug: Adding duplicate image handler for 'XPM file'
15:14:29: Debug: Adding duplicate image handler for 'PNG file'
15:14:29: Debug: Adding duplicate image handler for 'JPEG file'
15:14:29: Debug: Adding duplicate image handler for 'TIFF file'
15:14:29: Debug: Adding duplicate image handler for 'GIF file'
15:14:29: Debug: Adding duplicate image handler for 'PNM file'
15:14:29: Debug: Adding duplicate image handler for 'PCX file'
15:14:29: Debug: Adding duplicate image handler for 'IFF file'
15:14:29: Debug: Adding duplicate image handler for 'Windows icon file'
15:14:29: Debug: Adding duplicate image handler for 'Windows cursor file'
15:14:29: Debug: Adding duplicate image handler for 'Windows animated cursor file'
15:14:29: Debug: Adding duplicate image handler for 'TGA file'
15:14:29: Debug: Adding duplicate image handler for 'XPM file'
15:14:41: Debug: Adding duplicate image handler for 'PNG file'
15:14:41: Debug: Adding duplicate image handler for 'JPEG file'
15:14:41: Debug: Adding duplicate image handler for 'TIFF file'
15:14:41: Debug: Adding duplicate image handler for 'GIF file'
15:14:41: Debug: Adding duplicate image handler for 'PNM file'
15:14:41: Debug: Adding duplicate image handler for 'PCX file'
15:14:41: Debug: Adding duplicate image handler for 'IFF file'
15:14:41: Debug: Adding duplicate image handler for 'Windows icon file'
15:14:41: Debug: Adding duplicate image handler for 'Windows cursor file'
15:14:41: Debug: Adding duplicate image handler for 'Windows animated cursor file'
15:14:41: Debug: Adding duplicate image handler for 'TGA file'
15:14:41: Debug: Adding duplicate image handler for 'XPM file'
15:14:53: Debug: Adding duplicate image handler for 'PNG file'
15:14:53: Debug: Adding duplicate image handler for 'JPEG file'
15:14:53: Debug: Adding duplicate image handler for 'TIFF file'
15:14:53: Debug: Adding duplicate image handler for 'GIF file'
15:14:53: Debug: Adding duplicate image handler for 'PNM file'
15:14:53: Debug: Adding duplicate image handler for 'PCX file'
15:14:53: Debug: Adding duplicate image handler for 'IFF file'
15:14:53: Debug: Adding duplicate image handler for 'Windows icon file'
15:14:53: Debug: Adding duplicate image handler for 'Windows cursor file'
15:14:53: Debug: Adding duplicate image handler for 'Windows animated cursor file'
15:14:53: Debug: Adding duplicate image handler for 'TGA file'
15:14:53: Debug: Adding duplicate image handler for 'XPM file'
15:15:05: Debug: Adding duplicate image handler for 'PNG file'
15:15:05: Debug: Adding duplicate image handler for 'JPEG file'
15:15:05: Debug: Adding duplicate image handler for 'TIFF file'
15:15:05: Debug: Adding duplicate image handler for 'GIF file'
15:15:05: Debug: Adding duplicate image handler for 'PNM file'
15:15:05: Debug: Adding duplicate image handler for 'PCX file'
15:15:05: Debug: Adding duplicate image handler for 'IFF file'
15:15:05: Debug: Adding duplicate image handler for 'Windows icon file'
15:15:05: Debug: Adding duplicate image handler for 'Windows cursor file'
15:15:05: Debug: Adding duplicate image handler for 'Windows animated cursor file'
15:15:05: Debug: Adding duplicate image handler for 'TGA file'
15:15:05: Debug: Adding duplicate image handler for 'XPM file'
15:15:17: Debug: Adding duplicate image handler for 'PNG file'
15:15:17: Debug: Adding duplicate image handler for 'JPEG file'
15:15:17: Debug: Adding duplicate image handler for 'TIFF file'
15:15:17: Debug: Adding duplicate image handler for 'GIF file'
15:15:17: Debug: Adding duplicate image handler for 'PNM file'
15:15:17: Debug: Adding duplicate image handler for 'PCX file'
15:15:17: Debug: Adding duplicate image handler for 'IFF file'
15:15:17: Debug: Adding duplicate image handler for 'Windows icon file'
15:15:17: Debug: Adding duplicate image handler for 'Windows cursor file'
15:15:17: Debug: Adding duplicate image handler for 'Windows animated cursor file'
15:15:17: Debug: Adding duplicate image handler for 'TGA file'
15:15:17: Debug: Adding duplicate image handler for 'XPM file'
15:15:29: Debug: Adding duplicate image handler for 'PNG file'
15:15:29: Debug: Adding duplicate image handler for 'JPEG file'
15:15:29: Debug: Adding duplicate image handler for 'TIFF file'
15:15:29: Debug: Adding duplicate image handler for 'GIF file'
15:15:29: Debug: Adding duplicate image handler for 'PNM file'
15:15:29: Debug: Adding duplicate image handler for 'PCX file'
15:15:29: Debug: Adding duplicate image handler for 'IFF file'
15:15:29: Debug: Adding duplicate image handler for 'Windows icon file'
15:15:29: Debug: Adding duplicate image handler for 'Windows cursor file'
15:15:29: Debug: Adding duplicate image handler for 'Windows animated cursor file'
15:15:29: Debug: Adding duplicate image handler for 'TGA file'
15:15:29: Debug: Adding duplicate image handler for 'XPM file'
15:15:40: Debug: Adding duplicate image handler for 'PNG file'
15:15:40: Debug: Adding duplicate image handler for 'JPEG file'
15:15:40: Debug: Adding duplicate image handler for 'TIFF file'
15:15:40: Debug: Adding duplicate image handler for 'GIF file'
15:15:40: Debug: Adding duplicate image handler for 'PNM file'
15:15:40: Debug: Adding duplicate image handler for 'PCX file'
15:15:40: Debug: Adding duplicate image handler for 'IFF file'
15:15:40: Debug: Adding duplicate image handler for 'Windows icon file'
15:15:40: Debug: Adding duplicate image handler for 'Windows cursor file'
15:15:40: Debug: Adding duplicate image handler for 'Windows animated cursor file'
15:15:40: Debug: Adding duplicate image handler for 'TGA file'
15:15:40: Debug: Adding duplicate image handler for 'XPM file'
15:15:52: Debug: Adding duplicate image handler for 'PNG file'
15:15:52: Debug: Adding duplicate image handler for 'JPEG file'
15:15:52: Debug: Adding duplicate image handler for 'TIFF file'
15:15:52: Debug: Adding duplicate image handler for 'GIF file'
15:15:52: Debug: Adding duplicate image handler for 'PNM file'
15:15:52: Debug: Adding duplicate image handler for 'PCX file'
15:15:52: Debug: Adding duplicate image handler for 'IFF file'
15:15:52: Debug: Adding duplicate image handler for 'Windows icon file'
15:15:52: Debug: Adding duplicate image handler for 'Windows cursor file'
15:15:52: Debug: Adding duplicate image handler for 'Windows animated cursor file'
15:15:52: Debug: Adding duplicate image handler for 'TGA file'
15:15:52: Debug: Adding duplicate image handler for 'XPM file'
15:16:04: Debug: Adding duplicate image handler for 'PNG file'
15:16:04: Debug: Adding duplicate image handler for 'JPEG file'
15:16:04: Debug: Adding duplicate image handler for 'TIFF file'
15:16:04: Debug: Adding duplicate image handler for 'GIF file'
15:16:04: Debug: Adding duplicate image handler for 'PNM file'
15:16:04: Debug: Adding duplicate image handler for 'PCX file'
15:16:04: Debug: Adding duplicate image handler for 'IFF file'
15:16:04: Debug: Adding duplicate image handler for 'Windows icon file'
15:16:04: Debug: Adding duplicate image handler for 'Windows cursor file'
15:16:04: Debug: Adding duplicate image handler for 'Windows animated cursor file'
15:16:04: Debug: Adding duplicate image handler for 'TGA file'
15:16:04: Debug: Adding duplicate image handler for 'XPM file'
