OK  null_control -> 0 failing checks
OK  mount_shift -> 1 failing checks
OK  jbp_shift -> 3 failing checks
OK  sv_no_gnd_end -> 3 failing checks
OK  sv_pin_without_resistor -> 3 failing checks
OK  too_tall -> 1 failing checks
OK  neck_5a -> 3 failing checks
OK  decap_far -> 3 failing checks
OK  tab_foreign -> 2 failing checks
OK  corridor_track -> 3 failing checks
OK  hold_far -> 3 failing checks
OK  label_missing -> 1 failing checks
12 / 12 negative controls (with the null control)

Adding duplicate image handler for 'PNG file'
Adding duplicate image handler for 'JPEG file'
Adding duplicate image handler for 'TIFF file'
Adding duplicate image handler for 'GIF file'
Adding duplicate image handler for 'PNM file'
Adding duplicate image handler for 'PCX file'
Adding duplicate image handler for 'IFF file'
Adding duplicate image handler for 'Windows icon file'
Adding duplicate image handler for 'Windows cursor file'
Adding duplicate image handler for 'Windows animated cursor file'
Adding duplicate image handler for 'TGA file'
Adding duplicate image handler for 'XPM file'
Adding duplicate image handler for 'WebP file'
Adding duplicate image handler for 'PNG file'
Adding duplicate image handler for 'JPEG file'
Adding duplicate image handler for 'TIFF file'
Adding duplicate image handler for 'GIF file'
Adding duplicate image handler for 'PNM file'
Adding duplicate image handler for 'PCX file'
Adding duplicate image handler for 'IFF file'
Adding duplicate image handler for 'Windows icon file'
Adding duplicate image handler for 'Windows cursor file'
Adding duplicate image handler for 'Windows animated cursor file'
Adding duplicate image handler for 'TGA file'
Adding duplicate image handler for 'XPM file'
Adding duplicate image handler for 'WebP file'
Adding duplicate image handler for 'PNG file'
Adding duplicate image handler for 'JPEG file'
Adding duplicate image handler for 'TIFF file'
Adding duplicate image handler for 'GIF file'
Adding duplicate image handler for 'PNM file'
Adding duplicate image handler for 'PCX file'
Adding duplicate image handler for 'IFF file'
Adding duplicate image handler for 'Windows icon file'
Adding duplicate image handler for 'Windows cursor file'
Adding duplicate image handler for 'Windows animated cursor file'
Adding duplicate image handler for 'TGA file'
Adding duplicate image handler for 'XPM file'
Adding duplicate image handler for 'WebP file'
Adding duplicate image handler for 'PNG file'
Adding duplicate image handler for 'JPEG file'
Adding duplicate image handler for 'TIFF file'
Adding duplicate image handler for 'GIF file'
Adding duplicate image handler for 'PNM file'
Adding duplicate image handler for 'PCX file'
Adding duplicate image handler for 'IFF file'
Adding duplicate image handler for 'Windows icon file'
Adding duplicate image handler for 'Windows cursor file'
Adding duplicate image handler for 'Windows animated cursor file'
Adding duplicate image handler for 'TGA file'
Adding duplicate image handler for 'XPM file'
Adding duplicate image handler for 'WebP file'
Adding duplicate image handler for 'PNG file'
Adding duplicate image handler for 'JPEG file'
Adding duplicate image handler for 'TIFF file'
Adding duplicate image handler for 'GIF file'
Adding duplicate image handler for 'PNM file'
Adding duplicate image handler for 'PCX file'
Adding duplicate image handler for 'IFF file'
Adding duplicate image handler for 'Windows icon file'
Adding duplicate image handler for 'Windows cursor file'
Adding duplicate image handler for 'Windows animated cursor file'
Adding duplicate image handler for 'TGA file'
Adding duplicate image handler for 'XPM file'
Adding duplicate image handler for 'WebP file'
Adding duplicate image handler for 'PNG file'
Adding duplicate image handler for 'JPEG file'
Adding duplicate image handler for 'TIFF file'
Adding duplicate image handler for 'GIF file'
Adding duplicate image handler for 'PNM file'
Adding duplicate image handler for 'PCX file'
Adding duplicate image handler for 'IFF file'
Adding duplicate image handler for 'Windows icon file'
Adding duplicate image handler for 'Windows cursor file'
Adding duplicate image handler for 'Windows animated cursor file'
Adding duplicate image handler for 'TGA file'
Adding duplicate image handler for 'XPM file'
Adding duplicate image handler for 'WebP file'
Adding duplicate image handler for 'PNG file'
Adding duplicate image handler for 'JPEG file'
Adding duplicate image handler for 'TIFF file'
Adding duplicate image handler for 'GIF file'
Adding duplicate image handler for 'PNM file'
Adding duplicate image handler for 'PCX file'
Adding duplicate image handler for 'IFF file'
Adding duplicate image handler for 'Windows icon file'
Adding duplicate image handler for 'Windows cursor file'
Adding duplicate image handler for 'Windows animated cursor file'
Adding duplicate image handler for 'TGA file'
Adding duplicate image handler for 'XPM file'
Adding duplicate image handler for 'WebP file'
Adding duplicate image handler for 'PNG file'
Adding duplicate image handler for 'JPEG file'
Adding duplicate image handler for 'TIFF file'
Adding duplicate image handler for 'GIF file'
Adding duplicate image handler for 'PNM file'
Adding duplicate image handler for 'PCX file'
Adding duplicate image handler for 'IFF file'
Adding duplicate image handler for 'Windows icon file'
Adding duplicate image handler for 'Windows cursor file'
Adding duplicate image handler for 'Windows animated cursor file'
Adding duplicate image handler for 'TGA file'
Adding duplicate image handler for 'XPM file'
Adding duplicate image handler for 'WebP file'
Adding duplicate image handler for 'PNG file'
Adding duplicate image handler for 'JPEG file'
Adding duplicate image handler for 'TIFF file'
Adding duplicate image handler for 'GIF file'
Adding duplicate image handler for 'PNM file'
Adding duplicate image handler for 'PCX file'
Adding duplicate image handler for 'IFF file'
Adding duplicate image handler for 'Windows icon file'
Adding duplicate image handler for 'Windows cursor file'
Adding duplicate image handler for 'Windows animated cursor file'
Adding duplicate image handler for 'TGA file'
Adding duplicate image handler for 'XPM file'
Adding duplicate image handler for 'WebP file'
Adding duplicate image handler for 'PNG file'
Adding duplicate image handler for 'JPEG file'
Adding duplicate image handler for 'TIFF file'
Adding duplicate image handler for 'GIF file'
Adding duplicate image handler for 'PNM file'
Adding duplicate image handler for 'PCX file'
Adding duplicate image handler for 'IFF file'
Adding duplicate image handler for 'Windows icon file'
Adding duplicate image handler for 'Windows cursor file'
Adding duplicate image handler for 'Windows animated cursor file'
Adding duplicate image handler for 'TGA file'
Adding duplicate image handler for 'XPM file'
Adding duplicate image handler for 'WebP file'
Adding duplicate image handler for 'PNG file'
Adding duplicate image handler for 'JPEG file'
Adding duplicate image handler for 'TIFF file'
Adding duplicate image handler for 'GIF file'
Adding duplicate image handler for 'PNM file'
Adding duplicate image handler for 'PCX file'
Adding duplicate image handler for 'IFF file'
Adding duplicate image handler for 'Windows icon file'
Adding duplicate image handler for 'Windows cursor file'
Adding duplicate image handler for 'Windows animated cursor file'
Adding duplicate image handler for 'TGA file'
Adding duplicate image handler for 'XPM file'
Adding duplicate image handler for 'WebP file'
