[
  {
    "check": "Only four added parts",
    "pass": true
  },
  {
    "check": "Only explicitly approved pin changes",
    "pass": true
  },
  {
    "check": "Only approved value changes",
    "pass": true
  },
  {
    "check": "Only R8/R11/TP3 moved from R1",
    "pass": true
  }
]

Adding duplicate image handler for 'PNG file'
Adding duplicate image handler for 'JPEG file'
Adding duplicate image handler for 'TIFF file'
Adding duplicate image handler for 'GIF file'
Adding duplicate image handler for 'PNM file'
Adding duplicate image handler for 'PCX file'
Adding duplicate image handler for 'IFF file'
Adding duplicate image handler for 'Windows icon file'
Adding duplicate image handler for 'Windows cursor file'
Adding duplicate image handler for 'Windows animated cursor file'
Adding duplicate image handler for 'TGA file'
Adding duplicate image handler for 'XPM file'
Adding duplicate image handler for 'WebP file'
