OK  null_control -> 0 failing checks
OK  mount_shift -> 1 failing checks
OK  jbp_shift -> 2 failing checks
OK  sv_no_gnd_end -> 3 failing checks
OK  sv_pin_without_resistor -> 3 failing checks
OK  sv_resistor_far -> 2 failing checks
OK  label_missing -> 1 failing checks
OK  too_tall -> 1 failing checks
OK  obd_turned -> 5 failing checks
OK  anchor_track -> 2 failing checks
OK  cable_blocked -> 3 failing checks
OK  d1_far -> 3 failing checks
OK  decap_far -> 3 failing checks
OK  driver_far -> 4 failing checks
OK  narrow_track -> 2 failing checks
OK  bottom_soic -> 3 failing checks
OK  gnd_pour_removed -> 2 failing checks
OK  ref_on_part -> 3 failing checks
OK  ref_far -> 2 failing checks
OK  label_swap -> 1 failing checks
OK  strip_part -> 2 failing checks
OK  mark_missing -> 1 failing checks
OK  can_bypass -> 2 failing checks
OK  j3_close -> 2 failing checks
OK  zone_copper -> 2 failing checks
OK  title_wrong -> 1 failing checks
26 / 26 negative controls (with the null control)

15:03:18: Debug: Adding duplicate image handler for 'PNG file'
15:03:18: Debug: Adding duplicate image handler for 'JPEG file'
15:03:18: Debug: Adding duplicate image handler for 'TIFF file'
15:03:18: Debug: Adding duplicate image handler for 'GIF file'
15:03:18: Debug: Adding duplicate image handler for 'PNM file'
15:03:18: Debug: Adding duplicate image handler for 'PCX file'
15:03:18: Debug: Adding duplicate image handler for 'IFF file'
15:03:18: Debug: Adding duplicate image handler for 'Windows icon file'
15:03:18: Debug: Adding duplicate image handler for 'Windows cursor file'
15:03:18: Debug: Adding duplicate image handler for 'Windows animated cursor file'
15:03:18: Debug: Adding duplicate image handler for 'TGA file'
15:03:18: Debug: Adding duplicate image handler for 'XPM file'
15:03:24: Debug: Adding duplicate image handler for 'PNG file'
15:03:24: Debug: Adding duplicate image handler for 'JPEG file'
15:03:24: Debug: Adding duplicate image handler for 'TIFF file'
15:03:24: Debug: Adding duplicate image handler for 'GIF file'
15:03:24: Debug: Adding duplicate image handler for 'PNM file'
15:03:24: Debug: Adding duplicate image handler for 'PCX file'
15:03:24: Debug: Adding duplicate image handler for 'IFF file'
15:03:24: Debug: Adding duplicate image handler for 'Windows icon file'
15:03:24: Debug: Adding duplicate image handler for 'Windows cursor file'
15:03:24: Debug: Adding duplicate image handler for 'Windows animated cursor file'
15:03:24: Debug: Adding duplicate image handler for 'TGA file'
15:03:24: Debug: Adding duplicate image handler for 'XPM file'
15:03:31: Debug: Adding duplicate image handler for 'PNG file'
15:03:31: Debug: Adding duplicate image handler for 'JPEG file'
15:03:31: Debug: Adding duplicate image handler for 'TIFF file'
15:03:31: Debug: Adding duplicate image handler for 'GIF file'
15:03:31: Debug: Adding duplicate image handler for 'PNM file'
15:03:31: Debug: Adding duplicate image handler for 'PCX file'
15:03:31: Debug: Adding duplicate image handler for 'IFF file'
15:03:31: Debug: Adding duplicate image handler for 'Windows icon file'
15:03:31: Debug: Adding duplicate image handler for 'Windows cursor file'
15:03:31: Debug: Adding duplicate image handler for 'Windows animated cursor file'
15:03:31: Debug: Adding duplicate image handler for 'TGA file'
15:03:31: Debug: Adding duplicate image handler for 'XPM file'
15:03:37: Debug: Adding duplicate image handler for 'PNG file'
15:03:37: Debug: Adding duplicate image handler for 'JPEG file'
15:03:37: Debug: Adding duplicate image handler for 'TIFF file'
15:03:37: Debug: Adding duplicate image handler for 'GIF file'
15:03:37: Debug: Adding duplicate image handler for 'PNM file'
15:03:37: Debug: Adding duplicate image handler for 'PCX file'
15:03:37: Debug: Adding duplicate image handler for 'IFF file'
15:03:37: Debug: Adding duplicate image handler for 'Windows icon file'
15:03:37: Debug: Adding duplicate image handler for 'Windows cursor file'
15:03:37: Debug: Adding duplicate image handler for 'Windows animated cursor file'
15:03:37: Debug: Adding duplicate image handler for 'TGA file'
15:03:37: Debug: Adding duplicate image handler for 'XPM file'
15:03:44: Debug: Adding duplicate image handler for 'PNG file'
15:03:44: Debug: Adding duplicate image handler for 'JPEG file'
15:03:44: Debug: Adding duplicate image handler for 'TIFF file'
15:03:44: Debug: Adding duplicate image handler for 'GIF file'
15:03:44: Debug: Adding duplicate image handler for 'PNM file'
15:03:44: Debug: Adding duplicate image handler for 'PCX file'
15:03:44: Debug: Adding duplicate image handler for 'IFF file'
15:03:44: Debug: Adding duplicate image handler for 'Windows icon file'
15:03:44: Debug: Adding duplicate image handler for 'Windows cursor file'
15:03:44: Debug: Adding duplicate image handler for 'Windows animated cursor file'
15:03:44: Debug: Adding duplicate image handler for 'TGA file'
15:03:44: Debug: Adding duplicate image handler for 'XPM file'
15:03:50: Debug: Adding duplicate image handler for 'PNG file'
15:03:50: Debug: Adding duplicate image handler for 'JPEG file'
15:03:50: Debug: Adding duplicate image handler for 'TIFF file'
15:03:50: Debug: Adding duplicate image handler for 'GIF file'
15:03:50: Debug: Adding duplicate image handler for 'PNM file'
15:03:50: Debug: Adding duplicate image handler for 'PCX file'
15:03:50: Debug: Adding duplicate image handler for 'IFF file'
15:03:50: Debug: Adding duplicate image handler for 'Windows icon file'
15:03:50: Debug: Adding duplicate image handler for 'Windows cursor file'
15:03:50: Debug: Adding duplicate image handler for 'Windows animated cursor file'
15:03:50: Debug: Adding duplicate image handler for 'TGA file'
15:03:50: Debug: Adding duplicate image handler for 'XPM file'
15:03:57: Debug: Adding duplicate image handler for 'PNG file'
15:03:57: Debug: Adding duplicate image handler for 'JPEG file'
15:03:57: Debug: Adding duplicate image handler for 'TIFF file'
15:03:57: Debug: Adding duplicate image handler for 'GIF file'
15:03:57: Debug: Adding duplicate image handler for 'PNM file'
15:03:57: Debug: Adding duplicate image handler for 'PCX file'
15:03:57: Debug: Adding duplicate image handler for 'IFF file'
15:03:57: Debug: Adding duplicate image handler for 'Windows icon file'
15:03:57: Debug: Adding duplicate image handler for 'Windows cursor file'
15:03:57: Debug: Adding duplicate image handler for 'Windows animated cursor file'
15:03:57: Debug: Adding duplicate image handler for 'TGA file'
15:03:57: Debug: Adding duplicate image handler for 'XPM file'
15:04:03: Debug: Adding duplicate image handler for 'PNG file'
15:04:03: Debug: Adding duplicate image handler for 'JPEG file'
15:04:03: Debug: Adding duplicate image handler for 'TIFF file'
15:04:03: Debug: Adding duplicate image handler for 'GIF file'
15:04:03: Debug: Adding duplicate image handler for 'PNM file'
15:04:03: Debug: Adding duplicate image handler for 'PCX file'
15:04:03: Debug: Adding duplicate image handler for 'IFF file'
15:04:03: Debug: Adding duplicate image handler for 'Windows icon file'
15:04:03: Debug: Adding duplicate image handler for 'Windows cursor file'
15:04:03: Debug: Adding duplicate image handler for 'Windows animated cursor file'
15:04:03: Debug: Adding duplicate image handler for 'TGA file'
15:04:03: Debug: Adding duplicate image handler for 'XPM file'
15:04:10: Debug: Adding duplicate image handler for 'PNG file'
15:04:10: Debug: Adding duplicate image handler for 'JPEG file'
15:04:10: Debug: Adding duplicate image handler for 'TIFF file'
15:04:10: Debug: Adding duplicate image handler for 'GIF file'
15:04:10: Debug: Adding duplicate image handler for 'PNM file'
15:04:10: Debug: Adding duplicate image handler for 'PCX file'
15:04:10: Debug: Adding duplicate image handler for 'IFF file'
15:04:10: Debug: Adding duplicate image handler for 'Windows icon file'
15:04:10: Debug: Adding duplicate image handler for 'Windows cursor file'
15:04:10: Debug: Adding duplicate image handler for 'Windows animated cursor file'
15:04:10: Debug: Adding duplicate image handler for 'TGA file'
15:04:10: Debug: Adding duplicate image handler for 'XPM file'
15:04:17: Debug: Adding duplicate image handler for 'PNG file'
15:04:17: Debug: Adding duplicate image handler for 'JPEG file'
15:04:17: Debug: Adding duplicate image handler for 'TIFF file'
15:04:17: Debug: Adding duplicate image handler for 'GIF file'
15:04:17: Debug: Adding duplicate image handler for 'PNM file'
15:04:17: Debug: Adding duplicate image handler for 'PCX file'
15:04:17: Debug: Adding duplicate image handler for 'IFF file'
15:04:17: Debug: Adding duplicate image handler for 'Windows icon file'
15:04:17: Debug: Adding duplicate image handler for 'Windows cursor file'
15:04:17: Debug: Adding duplicate image handler for 'Windows animated cursor file'
15:04:17: Debug: Adding duplicate image handler for 'TGA file'
15:04:17: Debug: Adding duplicate image handler for 'XPM file'
15:04:23: Debug: Adding duplicate image handler for 'PNG file'
15:04:23: Debug: Adding duplicate image handler for 'JPEG file'
15:04:23: Debug: Adding duplicate image handler for 'TIFF file'
15:04:23: Debug: Adding duplicate image handler for 'GIF file'
15:04:23: Debug: Adding duplicate image handler for 'PNM file'
15:04:23: Debug: Adding duplicate image handler for 'PCX file'
15:04:23: Debug: Adding duplicate image handler for 'IFF file'
15:04:23: Debug: Adding duplicate image handler for 'Windows icon file'
15:04:23: Debug: Adding duplicate image handler for 'Windows cursor file'
15:04:23: Debug: Adding duplicate image handler for 'Windows animated cursor file'
15:04:23: Debug: Adding duplicate image handler for 'TGA file'
15:04:23: Debug: Adding duplicate image handler for 'XPM file'
15:04:30: Debug: Adding duplicate image handler for 'PNG file'
15:04:30: Debug: Adding duplicate image handler for 'JPEG file'
15:04:30: Debug: Adding duplicate image handler for 'TIFF file'
15:04:30: Debug: Adding duplicate image handler for 'GIF file'
15:04:30: Debug: Adding duplicate image handler for 'PNM file'
15:04:30: Debug: Adding duplicate image handler for 'PCX file'
15:04:30: Debug: Adding duplicate image handler for 'IFF file'
15:04:30: Debug: Adding duplicate image handler for 'Windows icon file'
15:04:30: Debug: Adding duplicate image handler for 'Windows cursor file'
15:04:30: Debug: Adding duplicate image handler for 'Windows animated cursor file'
15:04:30: Debug: Adding duplicate image handler for 'TGA file'
15:04:30: Debug: Adding duplicate image handler for 'XPM file'
15:04:37: Debug: Adding duplicate image handler for 'PNG file'
15:04:37: Debug: Adding duplicate image handler for 'JPEG file'
15:04:37: Debug: Adding duplicate image handler for 'TIFF file'
15:04:37: Debug: Adding duplicate image handler for 'GIF file'
15:04:37: Debug: Adding duplicate image handler for 'PNM file'
15:04:37: Debug: Adding duplicate image handler for 'PCX file'
15:04:37: Debug: Adding duplicate image handler for 'IFF file'
15:04:37: Debug: Adding duplicate image handler for 'Windows icon file'
15:04:37: Debug: Adding duplicate image handler for 'Windows cursor file'
15:04:37: Debug: Adding duplicate image handler for 'Windows animated cursor file'
15:04:37: Debug: Adding duplicate image handler for 'TGA file'
15:04:37: Debug: Adding duplicate image handler for 'XPM file'
15:04:43: Debug: Adding duplicate image handler for 'PNG file'
15:04:43: Debug: Adding duplicate image handler for 'JPEG file'
15:04:43: Debug: Adding duplicate image handler for 'TIFF file'
15:04:43: Debug: Adding duplicate image handler for 'GIF file'
15:04:43: Debug: Adding duplicate image handler for 'PNM file'
15:04:43: Debug: Adding duplicate image handler for 'PCX file'
15:04:43: Debug: Adding duplicate image handler for 'IFF file'
15:04:43: Debug: Adding duplicate image handler for 'Windows icon file'
15:04:43: Debug: Adding duplicate image handler for 'Windows cursor file'
15:04:43: Debug: Adding duplicate image handler for 'Windows animated cursor file'
15:04:43: Debug: Adding duplicate image handler for 'TGA file'
15:04:43: Debug: Adding duplicate image handler for 'XPM file'
15:04:50: Debug: Adding duplicate image handler for 'PNG file'
15:04:50: Debug: Adding duplicate image handler for 'JPEG file'
15:04:50: Debug: Adding duplicate image handler for 'TIFF file'
15:04:50: Debug: Adding duplicate image handler for 'GIF file'
15:04:50: Debug: Adding duplicate image handler for 'PNM file'
15:04:50: Debug: Adding duplicate image handler for 'PCX file'
15:04:50: Debug: Adding duplicate image handler for 'IFF file'
15:04:50: Debug: Adding duplicate image handler for 'Windows icon file'
15:04:50: Debug: Adding duplicate image handler for 'Windows cursor file'
15:04:50: Debug: Adding duplicate image handler for 'Windows animated cursor file'
15:04:50: Debug: Adding duplicate image handler for 'TGA file'
15:04:50: Debug: Adding duplicate image handler for 'XPM file'
15:04:56: Debug: Adding duplicate image handler for 'PNG file'
15:04:56: Debug: Adding duplicate image handler for 'JPEG file'
15:04:56: Debug: Adding duplicate image handler for 'TIFF file'
15:04:56: Debug: Adding duplicate image handler for 'GIF file'
15:04:56: Debug: Adding duplicate image handler for 'PNM file'
15:04:56: Debug: Adding duplicate image handler for 'PCX file'
15:04:56: Debug: Adding duplicate image handler for 'IFF file'
15:04:56: Debug: Adding duplicate image handler for 'Windows icon file'
15:04:56: Debug: Adding duplicate image handler for 'Windows cursor file'
15:04:56: Debug: Adding duplicate image handler for 'Windows animated cursor file'
15:04:56: Debug: Adding duplicate image handler for 'TGA file'
15:04:56: Debug: Adding duplicate image handler for 'XPM file'
15:05:03: Debug: Adding duplicate image handler for 'PNG file'
15:05:03: Debug: Adding duplicate image handler for 'JPEG file'
15:05:03: Debug: Adding duplicate image handler for 'TIFF file'
15:05:03: Debug: Adding duplicate image handler for 'GIF file'
15:05:03: Debug: Adding duplicate image handler for 'PNM file'
15:05:03: Debug: Adding duplicate image handler for 'PCX file'
15:05:03: Debug: Adding duplicate image handler for 'IFF file'
15:05:03: Debug: Adding duplicate image handler for 'Windows icon file'
15:05:03: Debug: Adding duplicate image handler for 'Windows cursor file'
15:05:03: Debug: Adding duplicate image handler for 'Windows animated cursor file'
15:05:03: Debug: Adding duplicate image handler for 'TGA file'
15:05:03: Debug: Adding duplicate image handler for 'XPM file'
15:05:09: Debug: Adding duplicate image handler for 'PNG file'
15:05:09: Debug: Adding duplicate image handler for 'JPEG file'
15:05:09: Debug: Adding duplicate image handler for 'TIFF file'
15:05:09: Debug: Adding duplicate image handler for 'GIF file'
15:05:09: Debug: Adding duplicate image handler for 'PNM file'
15:05:09: Debug: Adding duplicate image handler for 'PCX file'
15:05:09: Debug: Adding duplicate image handler for 'IFF file'
15:05:09: Debug: Adding duplicate image handler for 'Windows icon file'
15:05:09: Debug: Adding duplicate image handler for 'Windows cursor file'
15:05:09: Debug: Adding duplicate image handler for 'Windows animated cursor file'
15:05:09: Debug: Adding duplicate image handler for 'TGA file'
15:05:09: Debug: Adding duplicate image handler for 'XPM file'
15:05:15: Debug: Adding duplicate image handler for 'PNG file'
15:05:15: Debug: Adding duplicate image handler for 'JPEG file'
15:05:15: Debug: Adding duplicate image handler for 'TIFF file'
15:05:15: Debug: Adding duplicate image handler for 'GIF file'
15:05:15: Debug: Adding duplicate image handler for 'PNM file'
15:05:15: Debug: Adding duplicate image handler for 'PCX file'
15:05:15: Debug: Adding duplicate image handler for 'IFF file'
15:05:15: Debug: Adding duplicate image handler for 'Windows icon file'
15:05:15: Debug: Adding duplicate image handler for 'Windows cursor file'
15:05:15: Debug: Adding duplicate image handler for 'Windows animated cursor file'
15:05:15: Debug: Adding duplicate image handler for 'TGA file'
15:05:15: Debug: Adding duplicate image handler for 'XPM file'
15:05:22: Debug: Adding duplicate image handler for 'PNG file'
15:05:22: Debug: Adding duplicate image handler for 'JPEG file'
15:05:22: Debug: Adding duplicate image handler for 'TIFF file'
15:05:22: Debug: Adding duplicate image handler for 'GIF file'
15:05:22: Debug: Adding duplicate image handler for 'PNM file'
15:05:22: Debug: Adding duplicate image handler for 'PCX file'
15:05:22: Debug: Adding duplicate image handler for 'IFF file'
15:05:22: Debug: Adding duplicate image handler for 'Windows icon file'
15:05:22: Debug: Adding duplicate image handler for 'Windows cursor file'
15:05:22: Debug: Adding duplicate image handler for 'Windows animated cursor file'
15:05:22: Debug: Adding duplicate image handler for 'TGA file'
15:05:22: Debug: Adding duplicate image handler for 'XPM file'
15:05:28: Debug: Adding duplicate image handler for 'PNG file'
15:05:28: Debug: Adding duplicate image handler for 'JPEG file'
15:05:28: Debug: Adding duplicate image handler for 'TIFF file'
15:05:28: Debug: Adding duplicate image handler for 'GIF file'
15:05:28: Debug: Adding duplicate image handler for 'PNM file'
15:05:28: Debug: Adding duplicate image handler for 'PCX file'
15:05:28: Debug: Adding duplicate image handler for 'IFF file'
15:05:28: Debug: Adding duplicate image handler for 'Windows icon file'
15:05:28: Debug: Adding duplicate image handler for 'Windows cursor file'
15:05:28: Debug: Adding duplicate image handler for 'Windows animated cursor file'
15:05:28: Debug: Adding duplicate image handler for 'TGA file'
15:05:28: Debug: Adding duplicate image handler for 'XPM file'
15:05:35: Debug: Adding duplicate image handler for 'PNG file'
15:05:35: Debug: Adding duplicate image handler for 'JPEG file'
15:05:35: Debug: Adding duplicate image handler for 'TIFF file'
15:05:35: Debug: Adding duplicate image handler for 'GIF file'
15:05:35: Debug: Adding duplicate image handler for 'PNM file'
15:05:35: Debug: Adding duplicate image handler for 'PCX file'
15:05:35: Debug: Adding duplicate image handler for 'IFF file'
15:05:35: Debug: Adding duplicate image handler for 'Windows icon file'
15:05:35: Debug: Adding duplicate image handler for 'Windows cursor file'
15:05:35: Debug: Adding duplicate image handler for 'Windows animated cursor file'
15:05:35: Debug: Adding duplicate image handler for 'TGA file'
15:05:35: Debug: Adding duplicate image handler for 'XPM file'
15:05:41: Debug: Adding duplicate image handler for 'PNG file'
15:05:41: Debug: Adding duplicate image handler for 'JPEG file'
15:05:41: Debug: Adding duplicate image handler for 'TIFF file'
15:05:41: Debug: Adding duplicate image handler for 'GIF file'
15:05:41: Debug: Adding duplicate image handler for 'PNM file'
15:05:41: Debug: Adding duplicate image handler for 'PCX file'
15:05:41: Debug: Adding duplicate image handler for 'IFF file'
15:05:41: Debug: Adding duplicate image handler for 'Windows icon file'
15:05:41: Debug: Adding duplicate image handler for 'Windows cursor file'
15:05:41: Debug: Adding duplicate image handler for 'Windows animated cursor file'
15:05:41: Debug: Adding duplicate image handler for 'TGA file'
15:05:41: Debug: Adding duplicate image handler for 'XPM file'
15:05:47: Debug: Adding duplicate image handler for 'PNG file'
15:05:47: Debug: Adding duplicate image handler for 'JPEG file'
15:05:47: Debug: Adding duplicate image handler for 'TIFF file'
15:05:47: Debug: Adding duplicate image handler for 'GIF file'
15:05:47: Debug: Adding duplicate image handler for 'PNM file'
15:05:47: Debug: Adding duplicate image handler for 'PCX file'
15:05:47: Debug: Adding duplicate image handler for 'IFF file'
15:05:47: Debug: Adding duplicate image handler for 'Windows icon file'
15:05:47: Debug: Adding duplicate image handler for 'Windows cursor file'
15:05:47: Debug: Adding duplicate image handler for 'Windows animated cursor file'
15:05:47: Debug: Adding duplicate image handler for 'TGA file'
15:05:47: Debug: Adding duplicate image handler for 'XPM file'
15:05:54: Debug: Adding duplicate image handler for 'PNG file'
15:05:54: Debug: Adding duplicate image handler for 'JPEG file'
15:05:54: Debug: Adding duplicate image handler for 'TIFF file'
15:05:54: Debug: Adding duplicate image handler for 'GIF file'
15:05:54: Debug: Adding duplicate image handler for 'PNM file'
15:05:54: Debug: Adding duplicate image handler for 'PCX file'
15:05:54: Debug: Adding duplicate image handler for 'IFF file'
15:05:54: Debug: Adding duplicate image handler for 'Windows icon file'
15:05:54: Debug: Adding duplicate image handler for 'Windows cursor file'
15:05:54: Debug: Adding duplicate image handler for 'Windows animated cursor file'
15:05:54: Debug: Adding duplicate image handler for 'TGA file'
15:05:54: Debug: Adding duplicate image handler for 'XPM file'
