2026-10-01T07:33:53.011938661Z main ERROR Could not determine local host name java.net.UnknownHostException: 03e36b94d8da: 03e36b94d8da: Temporary failure in name resolution
	at java.base/java.net.InetAddress.getLocalHost(InetAddress.java:1936)
	at org.apache.logging.log4j.core.util.NetUtils.getHostname(NetUtils.java:71)
	at org.apache.logging.log4j.core.util.NetUtils.getLocalHostname(NetUtils.java:56)
	at org.apache.logging.log4j.core.LoggerContext.lambda$setConfiguration$2(LoggerContext.java:667)
	at java.base/java.util.concurrent.ConcurrentHashMap.computeIfAbsent(ConcurrentHashMap.java:1708)
	at org.apache.logging.log4j.core.LoggerContext.setConfiguration(LoggerContext.java:667)
	at org.apache.logging.log4j.core.LoggerContext.reconfigure(LoggerContext.java:762)
	at org.apache.logging.log4j.core.LoggerContext.reconfigure(LoggerContext.java:784)
	at org.apache.logging.log4j.core.LoggerContext.start(LoggerContext.java:300)
	at org.apache.logging.log4j.core.impl.Log4jContextFactory.getContext(Log4jContextFactory.java:153)
	at org.apache.logging.log4j.core.impl.Log4jContextFactory.getContext(Log4jContextFactory.java:46)
	at org.apache.logging.log4j.LogManager.getContext(LogManager.java:138)
	at org.apache.logging.log4j.LogManager.getLogger(LogManager.java:555)
	at app.freerouting.logger.FRLogger.traceEntry(FRLogger.java:96)
	at app.freerouting.Freerouting.main(Freerouting.java:51)
Caused by: java.net.UnknownHostException: 03e36b94d8da: Temporary failure in name resolution
	at java.base/java.net.Inet6AddressImpl.lookupAllHostAddr(Native Method)
	at java.base/java.net.Inet6AddressImpl.lookupAllHostAddr(Inet6AddressImpl.java:52)
	at java.base/java.net.InetAddress$PlatformResolver.lookupByName(InetAddress.java:1211)
	at java.base/java.net.InetAddress.getAddressesFromNameService(InetAddress.java:1828)
	at java.base/java.net.InetAddress$NameServiceAddresses.get(InetAddress.java:1139)
	at java.base/java.net.InetAddress.getAllByName0(InetAddress.java:1818)
	at java.base/java.net.InetAddress.getLocalHost(InetAddress.java:1931)
	... 14 more

2026-10-01T07:33:53.097110574Z main ERROR Could not determine local host name java.net.UnknownHostException: 03e36b94d8da: 03e36b94d8da: Temporary failure in name resolution
	at java.base/java.net.InetAddress.getLocalHost(InetAddress.java:1936)
	at org.apache.logging.log4j.core.util.NetUtils.getHostname(NetUtils.java:71)
	at org.apache.logging.log4j.core.util.NetUtils.getLocalHostname(NetUtils.java:56)
	at org.apache.logging.log4j.core.LoggerContext.lambda$setConfiguration$2(LoggerContext.java:667)
	at java.base/java.util.concurrent.ConcurrentHashMap.computeIfAbsent(ConcurrentHashMap.java:1708)
	at org.apache.logging.log4j.core.LoggerContext.setConfiguration(LoggerContext.java:667)
	at org.apache.logging.log4j.core.LoggerContext.reconfigure(LoggerContext.java:762)
	at org.apache.logging.log4j.core.LoggerContext.reconfigure(LoggerContext.java:784)
	at org.apache.logging.log4j.core.LoggerContext.start(LoggerContext.java:300)
	at org.apache.logging.log4j.core.impl.Log4jContextFactory.getContext(Log4jContextFactory.java:257)
	at org.apache.logging.log4j.core.impl.Log4jContextFactory.getContext(Log4jContextFactory.java:46)
	at org.apache.logging.log4j.LogManager.getContext(LogManager.java:118)
	at app.freerouting.logger.FRLogger.changeFileLogLocation(FRLogger.java:379)
	at app.freerouting.settings.GlobalSettings.setUserDataPath(GlobalSettings.java:110)
	at app.freerouting.Freerouting.main(Freerouting.java:92)
Caused by: java.net.UnknownHostException: 03e36b94d8da: Temporary failure in name resolution
	at java.base/java.net.Inet6AddressImpl.lookupAllHostAddr(Native Method)
	at java.base/java.net.Inet6AddressImpl.lookupAllHostAddr(Inet6AddressImpl.java:52)
	at java.base/java.net.InetAddress$PlatformResolver.lookupByName(InetAddress.java:1211)
	at java.base/java.net.InetAddress.getAddressesFromNameService(InetAddress.java:1828)
	at java.base/java.net.InetAddress$NameServiceAddresses.get(InetAddress.java:1139)
	at java.base/java.net.InetAddress.getAllByName0(InetAddress.java:1818)
	at java.base/java.net.InetAddress.getLocalHost(InetAddress.java:1931)
	... 14 more

2026-10-01 09:33:53.152 INFO   Freerouting v2.1.0 (build-date: 2025-04-12)
java.util.concurrent.CompletionException: java.net.ConnectException
	at java.base/java.util.concurrent.CompletableFuture.encodeRelay(CompletableFuture.java:368)
	at java.base/java.util.concurrent.CompletableFuture.uniComposeStage(CompletableFuture.java:1189)
	at java.base/java.util.concurrent.CompletableFuture.thenCompose(CompletableFuture.java:2341)
	at java.net.http/jdk.internal.net.http.MultiExchange.responseAsyncImpl(MultiExchange.java:481)
	at java.net.http/jdk.internal.net.http.MultiExchange.lambda$responseAsyncImpl$7(MultiExchange.java:477)
	at java.base/java.util.concurrent.CompletableFuture.uniHandle(CompletableFuture.java:934)
	at java.base/java.util.concurrent.CompletableFuture.uniHandleStage(CompletableFuture.java:950)
	at java.base/java.util.concurrent.CompletableFuture.handle(CompletableFuture.java:2372)
	at java.net.http/jdk.internal.net.http.MultiExchange.responseAsyncImpl(MultiExchange.java:467)
	at java.net.http/jdk.internal.net.http.MultiExchange.lambda$responseAsync0$2(MultiExchange.java:355)
	at java.base/java.util.concurrent.CompletableFuture$UniCompose.tryFire(CompletableFuture.java:1150)
	at java.base/java.util.concurrent.CompletableFuture.postComplete(CompletableFuture.java:510)
	at java.base/java.util.concurrent.CompletableFuture$AsyncSupply.run(CompletableFuture.java:1773)
	at java.base/java.util.concurrent.ThreadPoolExecutor.runWorker(ThreadPoolExecutor.java:1144)
	at java.base/java.util.concurrent.ThreadPoolExecutor$Worker.run(ThreadPoolExecutor.java:642)
	at java.base/java.lang.Thread.run(Thread.java:1583)
Caused by: java.net.ConnectException
	at java.net.http/jdk.internal.net.http.common.Utils.toConnectException(Utils.java:1065)
	at java.net.http/jdk.internal.net.http.PlainHttpConnection.connectAsync(PlainHttpConnection.java:227)
	at java.net.http/jdk.internal.net.http.AsyncSSLConnection.connectAsync(AsyncSSLConnection.java:56)
	at java.net.http/jdk.internal.net.http.Http2Connection.createAsync(Http2Connection.java:529)
	at java.net.http/jdk.internal.net.http.Http2ClientImpl.getConnectionFor(Http2ClientImpl.java:140)
	at java.net.http/jdk.internal.net.http.ExchangeImpl.get(ExchangeImpl.java:98)
	at java.net.http/jdk.internal.net.http.Exchange.establishExchange(Exchange.java:391)
	at java.net.http/jdk.internal.net.http.Exchange.responseAsyncImpl0(Exchange.java:584)
	at java.net.http/jdk.internal.net.http.Exchange.responseAsyncImpl(Exchange.java:428)
	at java.net.http/jdk.internal.net.http.Exchange.responseAsync(Exchange.java:420)
	at java.net.http/jdk.internal.net.http.MultiExchange.responseAsyncImpl(MultiExchange.java:435)
	... 12 more
Caused by: java.nio.channels.UnresolvedAddressException
	at java.base/sun.nio.ch.Net.checkAddress(Net.java:147)
	at java.base/sun.nio.ch.Net.checkAddress(Net.java:155)
	at java.base/sun.nio.ch.SocketChannelImpl.checkRemote(SocketChannelImpl.java:842)
	at java.base/sun.nio.ch.SocketChannelImpl.connect(SocketChannelImpl.java:865)
	at java.net.http/jdk.internal.net.http.PlainHttpConnection.lambda$connectAsync$1(PlainHttpConnection.java:210)
	at java.base/java.security.AccessController.doPrivileged(AccessController.java:571)
	at java.net.http/jdk.internal.net.http.PlainHttpConnection.connectAsync(PlainHttpConnection.java:212)
	... 21 more
2026-10-01 09:33:54.907 INFO   [725B4B\647BD1] Job '725B4B\647BD1' started at 2026-10-01T07:33:54.907078576Z
2026-10-01 09:34:04.016 INFO   [725B4B\647BD1] Auto-router pass #1 on board 'dc532a12786d94aa6bc15556587358a6' was completed in 8,79 seconds with the score of 903,59 (22 unrouted), using 27,53 CPU seconds and 2963 MB memory.
2026-10-01 09:34:10.210 INFO   [725B4B\647BD1] Auto-router pass #2 on board '6cd85ad9bb7d65f4e0551fcd26901cbe' was completed in 6,10 seconds with the score of 949,51 (13 unrouted), using 74,63 CPU seconds and 5041 MB memory.
2026-10-01 09:34:20.006 INFO   [725B4B\647BD1] Auto-router pass #3 on board '68df137b191d2b43b842bf4698d80e20' was completed in 9,71 seconds with the score of 956,78 (8 unrouted), using 206,57 CPU seconds and 8090 MB memory.
2026-10-01 09:34:25.993 INFO   [725B4B\647BD1] Auto-router pass #4 on board '634ba48d3d9ac5179a498c2f9da43816' was completed in 5,95 seconds with the score of 966,19 (5 unrouted), using 318,83 CPU seconds and 9995 MB memory.
2026-10-01 09:34:27.427 INFO   [725B4B\647BD1] Auto-router pass #5 on board 'f6a368839e36a36b9c9bb616aa2b6291' was completed in 1,40 seconds with the score of 968,92 (4 unrouted), using 339,78 CPU seconds and 10359 MB memory.
2026-10-01 09:34:28.122 INFO   [725B4B\647BD1] Auto-router pass #6 on board 'dc033efdd627973c220e2a22ae651151' was completed in 0,62 seconds with the score of 975,09 (2 unrouted), using 361,39 CPU seconds and 10766 MB memory.
2026-10-01 09:34:28.419 INFO   [725B4B\647BD1] Auto-router pass #7 on board '84c1a93bb91f0ffaa56ae8c45577e3b6' was completed in 0,27 seconds with the score of 978,24 (1 unrouted), using 361,39 CPU seconds and 10766 MB memory.
2026-10-01 09:34:29.642 INFO   [725B4B\647BD1] Auto-router pass #8 on board '611acc3249ac7ef522bea1ed471ae431' was completed in 1,19 seconds with the score of 978,29 (1 unrouted), using 383,65 CPU seconds and 11145 MB memory.
2026-10-01 09:34:29.904 INFO   [725B4B\647BD1] Auto-router pass #9 on board '7f4a64dc57afb0bd427acd21393461cc' was completed in 0,20 seconds with the score of 981,27, using 383,65 CPU seconds and 11145 MB memory.
2026-10-01 09:34:29.941 INFO   [725B4B\647BD1] Auto-router pass #10 on board 'b67b208a6fee1f085b67bd685312a0f2' was completed in 0,01 seconds with the score of 981,27, using 406,55 CPU seconds and 11493 MB memory.
{
  "host": "KiCad's Pcbnew,10.0.6",
  "unit": "mm",
  "board": {
    "bounding_box": {
      "x": 531.0,
      "y": 1.0,
      "width": -1.0,
      "height": -1001.0
    },
    "size": {
      "x": 0.0,
      "y": 0.0,
      "width": 532.0,
      "height": 1002.0
    }
  },
  "layers": {
    "total_count": 2,
    "signal_count": 2
  },
  "items": {
    "total_count": 836,
    "trace_count": 169,
    "via_count": 38,
    "conduction_area_count": 1,
    "drill_item_count": 171,
    "pin_count": 0,
    "component_count": 432,
    "other_count": 25
  },
  "components": {
    "total_count": 50
  },
  "pads": {
    "total_count": 171
  },
  "nets": {
    "total_count": 49,
    "class_count": 2
  },
  "connections": {
    "maximum_count": 330,
    "incomplete_count": 0
  },
  "traces": {
    "total_count": 169,
    "total_segment_count": 457,
    "total_length": 19938.299,
    "total_weighted_length": 7.577152E7,
    "average_length": 117.978096,
    "total_vertical_length": 10325.702,
    "total_horizontal_length": 5372.814,
    "total_angled_length": 4099.355
  },
  "bends": {
    "total_count": 288,
    "90_degree_count": 1,
    "45_degree_count": 287,
    "other_angle_count": 0
  },
  "vias": {
    "total_count": 38,
    "through_hole_count": 38,
    "blind_count": 0,
    "buried_count": 0
  },
  "clearance_violations": {
    "total_count": 0
  }
}
