> /usr/bin/python3 build_board.py
Created P04 board: 100 footprints + 12 M3 holes; outline 160.0 x 100.0 ; rule areas: 
> /usr/bin/python3 set_stackup.py
2-layer stackup: Cu35/FR4 1.53/Cu35 (S1: 35 um); nominal 1.60 mm, mask separate.
> /usr/bin/python3 set_rules.py
Rules: clearance 0.25, track 0.30 (Default) / PWR 0.40 (3V3_IO, P04_3V3, PANEL_3V3, 5V_SYS), vias 0.9/0.4 (ring 0.25); no custom rules, no DRC exclusions.
> /usr/bin/python3 route_critical.py
locked: escapes {'J_BP1.2': 9.98, 'J_BP2.10': 36.32, 'J_BP2.14': 29.78, 'J_BP3.8': 25.08, 'J_BP3.10': 30.32} | SUP_N_OUT {'b_cu_mm': 6.14, 'f_cu_mm': 4.15, 'vias': 1} | watchdog {'WD_RC_mm': 9.9, 'WD_C_mm': 6.62} | decoupling 14 locked, left to router: []
> /usr/bin/python3 fanout_gnd.py
GND fan-out: 3 SOIC bars, 7 stubs, 19 vias; failed: none; longest stubs: [('C15.2', 1.63), ('C13.2', 1.5), ('C16.2', 1.5), ('C17.2', 1.5), ('C11.2', 1.3)]; DSN exported again.
> /usr/bin/python3 prepare_routing.py
Rules: clearance 0.25, track 0.30 (Default) / PWR 0.40 (3V3_IO, P04_3V3, PANEL_3V3, 5V_SYS), vias 0.9/0.4 (ring 0.25); no custom rules, no DRC exclusions.
DSN: 36 keepouts (rule areas + edge strips); 0 nets with their own clearance; pre-routed board frozen.
> /usr/bin/python3 import_routing.py
SES imported; GND planes filled; saved native board.
> /usr/bin/python3 set_rules.py
Rules: clearance 0.25, track 0.30 (Default) / PWR 0.40 (3V3_IO, P04_3V3, PANEL_3V3, 5V_SYS), vias 0.9/0.4 (ring 0.25); no custom rules, no DRC exclusions.
> /usr/bin/python3 cleanup.py --tidy
tidy (unconnected 4 left for the planner):  removed 2 redundant free items ['3V3_IO'] ; dropped 10 tiny; joined 2 near-miss ends; 1 duplicate, 0 via-on-THT-pad and 0 dead-end items; solid zone connection: none
> /usr/bin/python3 set_rules.py
Rules: clearance 0.25, track 0.30 (Default) / PWR 0.40 (3V3_IO, P04_3V3, PANEL_3V3, 5V_SYS), vias 0.9/0.4 (ring 0.25); no custom rules, no DRC exclusions.
> /usr/bin/python3 stitch.py
GND stitching: 38 grid vias, pour islands {'F.Cu': 23, 'B.Cu': 23} -> {'F.Cu': 23, 'B.Cu': 23} | rescue: 9 vias, pour mm2 {'F.Cu': 10597.5, 'B.Cu': 11562.7} -> {'F.Cu': 11480.7, 'B.Cu': 11689.9} islands {'F.Cu': 29, 'B.Cu': 26} | tied GND clusters: 2 | GND pads not joined to J_BP2.1: none | targeted vias: 0 new, 0 without a legal spot
> /usr/bin/python3 set_rules.py
Rules: clearance 0.25, track 0.30 (Default) / PWR 0.40 (3V3_IO, P04_3V3, PANEL_3V3, 5V_SYS), vias 0.9/0.4 (ring 0.25); no custom rules, no DRC exclusions.
> /usr/bin/python3 complete_routes.py
> /usr/bin/python3 complete_routes.py --ties
> /usr/bin/python3 set_rules.py
Rules: clearance 0.25, track 0.30 (Default) / PWR 0.40 (3V3_IO, P04_3V3, PANEL_3V3, 5V_SYS), vias 0.9/0.4 (ring 0.25); no custom rules, no DRC exclusions.
> /usr/bin/python3 stitch.py --targeted
GND stitching: 3 grid vias, pour islands {'F.Cu': 29, 'B.Cu': 30} -> {'F.Cu': 29, 'B.Cu': 30} | rescue: 1 vias, pour mm2 {'F.Cu': 11391.9, 'B.Cu': 11577.1} -> {'F.Cu': 11391.9, 'B.Cu': 11596.6} islands {'F.Cu': 29, 'B.Cu': 31} | tied GND clusters: 0 | GND pads not joined to J_BP2.1: none | targeted vias: 5 new, 2 without a legal spot
> /usr/bin/python3 set_rules.py
Rules: clearance 0.25, track 0.30 (Default) / PWR 0.40 (3V3_IO, P04_3V3, PANEL_3V3, 5V_SYS), vias 0.9/0.4 (ring 0.25); no custom rules, no DRC exclusions.
> /usr/bin/kicad-cli pcb drc --format json --severity-all --schematic-parity --all-track-errors --refill-zones -o routing/postroute-drc.json eda/P04.kicad_pcb
routing/postroute-drc.json {'starved_thermal': 10, 'track_dangling': 1, 'silk_edge_clearance': 93, 'silk_over_copper': 52, 'silk_overlap': 35} unconnected 0 parity 0
> /usr/bin/python3 cleanup.py C18.2 J_BP2.15 J_BP2.19 J_BP2.5 J_BP3.1 J_BP3.11 J_SV1.3 J_SV2.7 U3.13 U4.7
 removed 0 redundant free items [] ; dropped 0 tiny; joined 0 near-miss ends; 0 duplicate, 0 via-on-THT-pad and 0 dead-end items; solid zone connection: ['C18.2', 'J_BP2.15', 'J_BP2.19', 'J_BP2.5', 'J_BP3.1', 'J_BP3.11', 'J_SV1.3', 'J_SV2.7', 'U3.13', 'U4.7']
> /usr/bin/kicad-cli pcb drc --format json --severity-all --schematic-parity --all-track-errors --refill-zones -o routing/postroute-drc.json eda/P04.kicad_pcb
routing/postroute-drc.json {'track_dangling': 1, 'silk_edge_clearance': 93, 'silk_over_copper': 52, 'silk_overlap': 35} unconnected 0 parity 0
> /usr/bin/python3 set_rules.py
Rules: clearance 0.25, track 0.30 (Default) / PWR 0.40 (3V3_IO, P04_3V3, PANEL_3V3, 5V_SYS), vias 0.9/0.4 (ring 0.25); no custom rules, no DRC exclusions.
> /usr/bin/kicad-cli pcb drc --format json --severity-all --schematic-parity --all-track-errors --refill-zones -o routing/postclean-drc.json eda/P04.kicad_pcb
routing/postclean-drc.json {'track_dangling': 1, 'silk_edge_clearance': 93, 'silk_over_copper': 52, 'silk_overlap': 35} unconnected 0 parity 0
> /usr/bin/python3 trim_stubs.py
trimmed: 1 unused track pieces removed, 0 shortened; unconnected 0 -> 0
> /usr/bin/python3 set_rules.py
Rules: clearance 0.25, track 0.30 (Default) / PWR 0.40 (3V3_IO, P04_3V3, PANEL_3V3, 5V_SYS), vias 0.9/0.4 (ring 0.25); no custom rules, no DRC exclusions.
> /usr/bin/kicad-cli pcb drc --format json --severity-all --schematic-parity --all-track-errors --refill-zones -o routing/postclean-drc.json eda/P04.kicad_pcb
routing/postclean-drc.json {'silk_edge_clearance': 93, 'silk_over_copper': 52, 'silk_overlap': 35} unconnected 0 parity 0

17:46:32: Debug: Adding duplicate image handler for 'PNG file'
17:46:32: Debug: Adding duplicate image handler for 'JPEG file'
17:46:32: Debug: Adding duplicate image handler for 'TIFF file'
17:46:32: Debug: Adding duplicate image handler for 'GIF file'
17:46:32: Debug: Adding duplicate image handler for 'PNM file'
17:46:32: Debug: Adding duplicate image handler for 'PCX file'
17:46:32: Debug: Adding duplicate image handler for 'IFF file'
17:46:32: Debug: Adding duplicate image handler for 'Windows icon file'
17:46:32: Debug: Adding duplicate image handler for 'Windows cursor file'
17:46:32: Debug: Adding duplicate image handler for 'Windows animated cursor file'
17:46:32: Debug: Adding duplicate image handler for 'TGA file'
17:46:32: Debug: Adding duplicate image handler for 'XPM file'
17:47:43: Debug: Adding duplicate image handler for 'PNG file'
17:47:43: Debug: Adding duplicate image handler for 'JPEG file'
17:47:43: Debug: Adding duplicate image handler for 'TIFF file'
17:47:43: Debug: Adding duplicate image handler for 'GIF file'
17:47:43: Debug: Adding duplicate image handler for 'PNM file'
17:47:43: Debug: Adding duplicate image handler for 'PCX file'
17:47:43: Debug: Adding duplicate image handler for 'IFF file'
17:47:43: Debug: Adding duplicate image handler for 'Windows icon file'
17:47:43: Debug: Adding duplicate image handler for 'Windows cursor file'
17:47:43: Debug: Adding duplicate image handler for 'Windows animated cursor file'
17:47:43: Debug: Adding duplicate image handler for 'TGA file'
17:47:43: Debug: Adding duplicate image handler for 'XPM file'
17:48:00: Debug: Adding duplicate image handler for 'PNG file'
17:48:00: Debug: Adding duplicate image handler for 'JPEG file'
17:48:00: Debug: Adding duplicate image handler for 'TIFF file'
17:48:00: Debug: Adding duplicate image handler for 'GIF file'
17:48:00: Debug: Adding duplicate image handler for 'PNM file'
17:48:00: Debug: Adding duplicate image handler for 'PCX file'
17:48:00: Debug: Adding duplicate image handler for 'IFF file'
17:48:00: Debug: Adding duplicate image handler for 'Windows icon file'
17:48:00: Debug: Adding duplicate image handler for 'Windows cursor file'
17:48:00: Debug: Adding duplicate image handler for 'Windows animated cursor file'
17:48:00: Debug: Adding duplicate image handler for 'TGA file'
17:48:00: Debug: Adding duplicate image handler for 'XPM file'
17:48:01: Debug: Adding duplicate image handler for 'PNG file'
17:48:01: Debug: Adding duplicate image handler for 'JPEG file'
17:48:01: Debug: Adding duplicate image handler for 'TIFF file'
17:48:01: Debug: Adding duplicate image handler for 'GIF file'
17:48:01: Debug: Adding duplicate image handler for 'PNM file'
17:48:01: Debug: Adding duplicate image handler for 'PCX file'
17:48:01: Debug: Adding duplicate image handler for 'IFF file'
17:48:01: Debug: Adding duplicate image handler for 'Windows icon file'
17:48:01: Debug: Adding duplicate image handler for 'Windows cursor file'
17:48:01: Debug: Adding duplicate image handler for 'Windows animated cursor file'
17:48:01: Debug: Adding duplicate image handler for 'TGA file'
17:48:01: Debug: Adding duplicate image handler for 'XPM file'
17:48:10: Debug: Adding duplicate image handler for 'PNG file'
17:48:10: Debug: Adding duplicate image handler for 'JPEG file'
17:48:10: Debug: Adding duplicate image handler for 'TIFF file'
17:48:10: Debug: Adding duplicate image handler for 'GIF file'
17:48:10: Debug: Adding duplicate image handler for 'PNM file'
17:48:10: Debug: Adding duplicate image handler for 'PCX file'
17:48:10: Debug: Adding duplicate image handler for 'IFF file'
17:48:10: Debug: Adding duplicate image handler for 'Windows icon file'
17:48:10: Debug: Adding duplicate image handler for 'Windows cursor file'
17:48:10: Debug: Adding duplicate image handler for 'Windows animated cursor file'
17:48:10: Debug: Adding duplicate image handler for 'TGA file'
17:48:10: Debug: Adding duplicate image handler for 'XPM file'
