2026-10-06T05:49:51.009226189Z main ERROR Could not determine local host name java.net.UnknownHostException: 094f0d15f2f7: 094f0d15f2f7: Temporary failure in name resolution
	at java.base/java.net.InetAddress.getLocalHost(InetAddress.java:1936)
	at org.apache.logging.log4j.core.util.NetUtils.getHostname(NetUtils.java:71)
	at org.apache.logging.log4j.core.util.NetUtils.getLocalHostname(NetUtils.java:56)
	at org.apache.logging.log4j.core.LoggerContext.lambda$setConfiguration$2(LoggerContext.java:667)
	at java.base/java.util.concurrent.ConcurrentHashMap.computeIfAbsent(ConcurrentHashMap.java:1708)
	at org.apache.logging.log4j.core.LoggerContext.setConfiguration(LoggerContext.java:667)
	at org.apache.logging.log4j.core.LoggerContext.reconfigure(LoggerContext.java:762)
	at org.apache.logging.log4j.core.LoggerContext.reconfigure(LoggerContext.java:784)
	at org.apache.logging.log4j.core.LoggerContext.start(LoggerContext.java:300)
	at org.apache.logging.log4j.core.impl.Log4jContextFactory.getContext(Log4jContextFactory.java:153)
	at org.apache.logging.log4j.core.impl.Log4jContextFactory.getContext(Log4jContextFactory.java:46)
	at org.apache.logging.log4j.LogManager.getContext(LogManager.java:138)
	at org.apache.logging.log4j.LogManager.getLogger(LogManager.java:555)
	at app.freerouting.logger.FRLogger.traceEntry(FRLogger.java:96)
	at app.freerouting.Freerouting.main(Freerouting.java:51)
Caused by: java.net.UnknownHostException: 094f0d15f2f7: Temporary failure in name resolution
	at java.base/java.net.Inet6AddressImpl.lookupAllHostAddr(Native Method)
	at java.base/java.net.Inet6AddressImpl.lookupAllHostAddr(Inet6AddressImpl.java:52)
	at java.base/java.net.InetAddress$PlatformResolver.lookupByName(InetAddress.java:1211)
	at java.base/java.net.InetAddress.getAddressesFromNameService(InetAddress.java:1828)
	at java.base/java.net.InetAddress$NameServiceAddresses.get(InetAddress.java:1139)
	at java.base/java.net.InetAddress.getAllByName0(InetAddress.java:1818)
	at java.base/java.net.InetAddress.getLocalHost(InetAddress.java:1931)
	... 14 more

2026-10-06T05:49:51.085730867Z main ERROR Could not determine local host name java.net.UnknownHostException: 094f0d15f2f7: 094f0d15f2f7: Temporary failure in name resolution
	at java.base/java.net.InetAddress.getLocalHost(InetAddress.java:1936)
	at org.apache.logging.log4j.core.util.NetUtils.getHostname(NetUtils.java:71)
	at org.apache.logging.log4j.core.util.NetUtils.getLocalHostname(NetUtils.java:56)
	at org.apache.logging.log4j.core.LoggerContext.lambda$setConfiguration$2(LoggerContext.java:667)
	at java.base/java.util.concurrent.ConcurrentHashMap.computeIfAbsent(ConcurrentHashMap.java:1708)
	at org.apache.logging.log4j.core.LoggerContext.setConfiguration(LoggerContext.java:667)
	at org.apache.logging.log4j.core.LoggerContext.reconfigure(LoggerContext.java:762)
	at org.apache.logging.log4j.core.LoggerContext.reconfigure(LoggerContext.java:784)
	at org.apache.logging.log4j.core.LoggerContext.start(LoggerContext.java:300)
	at org.apache.logging.log4j.core.impl.Log4jContextFactory.getContext(Log4jContextFactory.java:257)
	at org.apache.logging.log4j.core.impl.Log4jContextFactory.getContext(Log4jContextFactory.java:46)
	at org.apache.logging.log4j.LogManager.getContext(LogManager.java:118)
	at app.freerouting.logger.FRLogger.changeFileLogLocation(FRLogger.java:379)
	at app.freerouting.settings.GlobalSettings.setUserDataPath(GlobalSettings.java:110)
	at app.freerouting.Freerouting.main(Freerouting.java:92)
Caused by: java.net.UnknownHostException: 094f0d15f2f7: Temporary failure in name resolution
	at java.base/java.net.Inet6AddressImpl.lookupAllHostAddr(Native Method)
	at java.base/java.net.Inet6AddressImpl.lookupAllHostAddr(Inet6AddressImpl.java:52)
	at java.base/java.net.InetAddress$PlatformResolver.lookupByName(InetAddress.java:1211)
	at java.base/java.net.InetAddress.getAddressesFromNameService(InetAddress.java:1828)
	at java.base/java.net.InetAddress$NameServiceAddresses.get(InetAddress.java:1139)
	at java.base/java.net.InetAddress.getAllByName0(InetAddress.java:1818)
	at java.base/java.net.InetAddress.getLocalHost(InetAddress.java:1931)
	... 14 more

2026-10-06 07:49:51.143 INFO   Freerouting v2.1.0 (build-date: 2025-04-12)
2026-10-06 07:49:51.204 WARN   No default constructor found for field: currentLocale
2026-10-06 07:49:51.204 INFO   Settings were loaded from freerouting.json
java.util.concurrent.CompletionException: java.net.ConnectException
	at java.base/java.util.concurrent.CompletableFuture.encodeRelay(CompletableFuture.java:368)
	at java.base/java.util.concurrent.CompletableFuture.uniComposeStage(CompletableFuture.java:1189)
	at java.base/java.util.concurrent.CompletableFuture.thenCompose(CompletableFuture.java:2341)
	at java.net.http/jdk.internal.net.http.MultiExchange.responseAsyncImpl(MultiExchange.java:481)
	at java.net.http/jdk.internal.net.http.MultiExchange.lambda$responseAsyncImpl$7(MultiExchange.java:477)
	at java.base/java.util.concurrent.CompletableFuture.uniHandle(CompletableFuture.java:934)
	at java.base/java.util.concurrent.CompletableFuture.uniHandleStage(CompletableFuture.java:950)
	at java.base/java.util.concurrent.CompletableFuture.handle(CompletableFuture.java:2372)
	at java.net.http/jdk.internal.net.http.MultiExchange.responseAsyncImpl(MultiExchange.java:467)
	at java.net.http/jdk.internal.net.http.MultiExchange.lambda$responseAsync0$2(MultiExchange.java:355)
	at java.base/java.util.concurrent.CompletableFuture$UniCompose.tryFire(CompletableFuture.java:1150)
	at java.base/java.util.concurrent.CompletableFuture.postComplete(CompletableFuture.java:510)
	at java.base/java.util.concurrent.CompletableFuture$AsyncSupply.run(CompletableFuture.java:1773)
	at java.base/java.util.concurrent.ThreadPoolExecutor.runWorker(ThreadPoolExecutor.java:1144)
	at java.base/java.util.concurrent.ThreadPoolExecutor$Worker.run(ThreadPoolExecutor.java:642)
	at java.base/java.lang.Thread.run(Thread.java:1583)
Caused by: java.net.ConnectException
	at java.net.http/jdk.internal.net.http.common.Utils.toConnectException(Utils.java:1065)
	at java.net.http/jdk.internal.net.http.PlainHttpConnection.connectAsync(PlainHttpConnection.java:227)
	at java.net.http/jdk.internal.net.http.AsyncSSLConnection.connectAsync(AsyncSSLConnection.java:56)
	at java.net.http/jdk.internal.net.http.Http2Connection.createAsync(Http2Connection.java:529)
	at java.net.http/jdk.internal.net.http.Http2ClientImpl.getConnectionFor(Http2ClientImpl.java:140)
	at java.net.http/jdk.internal.net.http.ExchangeImpl.get(ExchangeImpl.java:98)
	at java.net.http/jdk.internal.net.http.Exchange.establishExchange(Exchange.java:391)
	at java.net.http/jdk.internal.net.http.Exchange.responseAsyncImpl0(Exchange.java:584)
	at java.net.http/jdk.internal.net.http.Exchange.responseAsyncImpl(Exchange.java:428)
	at java.net.http/jdk.internal.net.http.Exchange.responseAsync(Exchange.java:420)
	at java.net.http/jdk.internal.net.http.MultiExchange.responseAsyncImpl(MultiExchange.java:435)
	... 12 more
Caused by: java.nio.channels.UnresolvedAddressException
	at java.base/sun.nio.ch.Net.checkAddress(Net.java:147)
	at java.base/sun.nio.ch.Net.checkAddress(Net.java:155)
	at java.base/sun.nio.ch.SocketChannelImpl.checkRemote(SocketChannelImpl.java:842)
	at java.base/sun.nio.ch.SocketChannelImpl.connect(SocketChannelImpl.java:865)
	at java.net.http/jdk.internal.net.http.PlainHttpConnection.lambda$connectAsync$1(PlainHttpConnection.java:210)
	at java.base/java.security.AccessController.doPrivileged(AccessController.java:571)
	at java.net.http/jdk.internal.net.http.PlainHttpConnection.connectAsync(PlainHttpConnection.java:212)
	... 21 more
2026-10-06 07:49:52.932 INFO   [469047\AAF3A5] Job '469047\AAF3A5' started at 2026-10-06T05:49:52.932436774Z
2026-10-06 07:50:07.206 WARN   border_intersections: intersection_count (2) is too big!
2026-10-06 07:50:38.428 INFO   [469047\AAF3A5] Auto-router pass #1 on board '84c63f78958c5ab887d8743fde8bd956' was completed in 45,12 seconds with the score of 792,77 (158 unrouted), using 716,03 CPU seconds and 18107 MB memory.
2026-10-06 07:51:03.796 INFO   [469047\AAF3A5] Auto-router pass #2 on board '418ff59bb54f24cd69646846d1d8ced0' was completed in 25,26 seconds with the score of 843,91 (128 unrouted), using 1843,29 CPU seconds and 31207 MB memory.
2026-10-06 07:51:28.599 INFO   [469047\AAF3A5] Auto-router pass #3 on board 'f0cd1ed2ff55e5b7621902dc5de5b70a' was completed in 24,70 seconds with the score of 864,81 (114 unrouted), using 3545,89 CPU seconds and 43982 MB memory.
2026-10-06 07:52:19.109 INFO   [469047\AAF3A5] Auto-router pass #4 on board 'dc692d080d5c08572c4bf820f1ff8145' was completed in 50,41 seconds with the score of 874,37 (110 unrouted), using 8769,51 CPU seconds and 69335 MB memory.
2026-10-06 07:52:46.241 INFO   [469047\AAF3A5] Auto-router pass #5 on board '1101179f77a900bc2420ae082a79fb32' was completed in 27,05 seconds with the score of 875,66 (107 unrouted), using 12536,29 CPU seconds and 82985 MB memory.
2026-10-06 07:53:10.284 INFO   [469047\AAF3A5] Auto-router pass #6 on board 'af4fb623d7f3f71fbe0882ae1f8a2621' was completed in 23,97 seconds with the score of 874,97 (108 unrouted), using 16464,25 CPU seconds and 95395 MB memory.
2026-10-06 07:53:34.806 INFO   [469047\AAF3A5] Auto-router pass #7 on board '9ec4bfc7cfc45ba1cc16ecbc28f26c11' was completed in 24,44 seconds with the score of 893,55 (96 unrouted), using 20953,01 CPU seconds and 108440 MB memory.
2026-10-06 07:54:21.506 INFO   [469047\AAF3A5] Restoring an earlier board that has the score of 893,55 (96 unrouted).
2026-10-06 07:54:21.506 INFO   [469047\AAF3A5] Auto-router pass #8 on board '53791eede7763cb47d74c91055216c9b' was completed in 46,63 seconds with the score of 891,13 (97 unrouted), using 31357,91 CPU seconds and 133412 MB memory.
2026-10-06 07:54:41.512 INFO   [469047\AAF3A5] Auto-router pass #9 on board '53791eede7763cb47d74c91055216c9b' was completed in 19,98 seconds with the score of 892,91 (97 unrouted), using 36426,73 CPU seconds and 144739 MB memory.
2026-10-06 07:54:59.369 INFO   [469047\AAF3A5] Auto-router pass #10 on board '4968f0ea888fb46640cee51beb5f2fde' was completed in 17,80 seconds with the score of 895,55 (94 unrouted), using 41320,04 CPU seconds and 155338 MB memory.
2026-10-06 07:55:17.234 INFO   [469047\AAF3A5] Auto-router pass #11 on board 'b57cda3a77bb345bd39310dee83e0ac0' was completed in 17,79 seconds with the score of 903,55 (89 unrouted), using 46525,91 CPU seconds and 165664 MB memory.
2026-10-06 07:55:46.735 INFO   [469047\AAF3A5] Restoring an earlier board that has the score of 903,55 (89 unrouted).
2026-10-06 07:55:46.735 INFO   [469047\AAF3A5] Auto-router pass #12 on board '321bf7066b471f7417b4498d0c9bf1dc' was completed in 29,43 seconds with the score of 902,15 (89 unrouted), using 55571,20 CPU seconds and 181839 MB memory.
2026-10-06 07:55:59.861 INFO   [469047\AAF3A5] Auto-router pass #13 on board '321bf7066b471f7417b4498d0c9bf1dc' was completed in 13,11 seconds with the score of 902,20 (90 unrouted), using 59887,95 CPU seconds and 189845 MB memory.
2026-10-06 07:56:14.224 INFO   [469047\AAF3A5] Auto-router pass #14 on board '562d2177f91dc55c849812782abf3585' was completed in 14,30 seconds with the score of 906,80 (87 unrouted), using 65072,65 CPU seconds and 198696 MB memory.
2026-10-06 07:56:26.142 INFO   [469047\AAF3A5] Auto-router pass #15 on board '61a6e740d59ec1b5ae642c34d0e6a2ba' was completed in 11,84 seconds with the score of 910,79 (84 unrouted), using 69378,93 CPU seconds and 206197 MB memory.
2026-10-06 07:56:51.206 INFO   [469047\AAF3A5] Restoring an earlier board that has the score of 910,79 (84 unrouted).
2026-10-06 07:56:51.206 INFO   [469047\AAF3A5] Auto-router pass #16 on board '684a90ceb5f2e3c22e21d1a8dc4d295b' was completed in 25,00 seconds with the score of 910,49 (84 unrouted), using 78793,82 CPU seconds and 220613 MB memory.
2026-10-06 07:57:02.738 INFO   [469047\AAF3A5] Auto-router pass #17 on board '684a90ceb5f2e3c22e21d1a8dc4d295b' was completed in 11,51 seconds with the score of 911,86 (83 unrouted), using 83125,52 CPU seconds and 227329 MB memory.
2026-10-06 07:57:12.865 INFO   [469047\AAF3A5] Auto-router pass #18 on board '010068f5547ea851ddb6edc9cedd281b' was completed in 10,06 seconds with the score of 911,06 (84 unrouted), using 87165,68 CPU seconds and 233572 MB memory.
2026-10-06 07:57:26.724 INFO   [469047\AAF3A5] Auto-router pass #19 on board '78180bea0e93a91d6218f0f4cd92c391' was completed in 13,80 seconds with the score of 910,91 (84 unrouted), using 92986,20 CPU seconds and 241880 MB memory.
2026-10-06 07:57:47.412 INFO   [469047\AAF3A5] Auto-router pass #20 on board 'a1fe45a3a25b6a0e9f8a713669aebb19' was completed in 20,62 seconds with the score of 914,41 (81 unrouted), using 102073,83 CPU seconds and 254404 MB memory.
2026-10-06 07:57:59.675 INFO   [469047\AAF3A5] Auto-router pass #21 on board '15bb798570574c1a0938e3df77443435' was completed in 12,18 seconds with the score of 917,14 (80 unrouted), using 107458,44 CPU seconds and 261311 MB memory.
2026-10-06 07:58:09.968 INFO   [469047\AAF3A5] Auto-router pass #22 on board '134540acf57a73012d92eb7f2edfd90f' was completed in 10,23 seconds with the score of 918,42 (79 unrouted), using 112052,96 CPU seconds and 267225 MB memory.
2026-10-06 07:58:20.774 INFO   [469047\AAF3A5] Auto-router pass #23 on board '543e02d28573c9013ed35083488bac2a' was completed in 10,74 seconds with the score of 916,37 (81 unrouted), using 117220,04 CPU seconds and 273556 MB memory.
2026-10-06 07:58:44.273 INFO   [469047\AAF3A5] Restoring an earlier board that has the score of 918,42 (79 unrouted).
2026-10-06 07:58:44.274 INFO   [469047\AAF3A5] Auto-router pass #24 on board 'b2c2385df041a86519bdfc16e702ff5f' was completed in 23,43 seconds with the score of 915,88 (81 unrouted), using 128901,53 CPU seconds and 287600 MB memory.
2026-10-06 07:58:53.845 INFO   [469047\AAF3A5] Auto-router pass #25 on board '543e02d28573c9013ed35083488bac2a' was completed in 9,55 seconds with the score of 916,16 (80 unrouted), using 133426,53 CPU seconds and 293031 MB memory.
2026-10-06 07:59:01.512 INFO   [469047\AAF3A5] Auto-router pass #26 on board '82d9a17e3f74d4eb018b3de46d1fb6a8' was completed in 7,59 seconds with the score of 918,34 (79 unrouted), using 137515,45 CPU seconds and 298228 MB memory.
2026-10-06 07:59:10.344 INFO   [469047\AAF3A5] Auto-router pass #27 on board 'f4df15c9b68ee265788673178dc059e8' was completed in 8,75 seconds with the score of 913,14 (83 unrouted), using 142189,95 CPU seconds and 303662 MB memory.
2026-10-06 07:59:32.717 INFO   [469047\AAF3A5] Restoring an earlier board that has the score of 918,42 (79 unrouted).
2026-10-06 07:59:32.717 INFO   [469047\AAF3A5] Auto-router pass #28 on board 'f096c0b926143f51f7255b70af914205' was completed in 22,27 seconds with the score of 917,74 (80 unrouted), using 153940,00 CPU seconds and 316420 MB memory.
2026-10-06 07:59:41.566 INFO   [469047\AAF3A5] Auto-router pass #29 on board '543e02d28573c9013ed35083488bac2a' was completed in 8,82 seconds with the score of 914,75 (82 unrouted), using 158879,86 CPU seconds and 322030 MB memory.
2026-10-06 07:59:49.716 INFO   [469047\AAF3A5] Auto-router pass #30 on board 'f0661328df1f6be3822c698b63f0c9f0' was completed in 8,09 seconds with the score of 918,31 (79 unrouted), using 163337,17 CPU seconds and 327152 MB memory.
{
  "host": "KiCad's Pcbnew,10.0.6",
  "unit": "mm",
  "board": {
    "bounding_box": {
      "x": 1066.0,
      "y": 1.0,
      "width": -1.0,
      "height": -1001.0
    },
    "size": {
      "x": 0.0,
      "y": 0.0,
      "width": 1067.0,
      "height": 1002.0
    }
  },
  "layers": {
    "total_count": 2,
    "signal_count": 2
  },
  "items": {
    "total_count": 2477,
    "trace_count": 571,
    "via_count": 295,
    "conduction_area_count": 1,
    "drill_item_count": 451,
    "pin_count": 0,
    "component_count": 1071,
    "other_count": 88
  },
  "components": {
    "total_count": 140
  },
  "pads": {
    "total_count": 451
  },
  "nets": {
    "total_count": 101,
    "class_count": 3
  },
  "connections": {
    "maximum_count": 1179,
    "incomplete_count": 79
  },
  "traces": {
    "total_count": 571,
    "total_segment_count": 1611,
    "total_length": 44101.766,
    "total_weighted_length": 1.7049509E8,
    "average_length": 77.236015,
    "total_vertical_length": 13921.54,
    "total_horizontal_length": 14318.198,
    "total_angled_length": 16146.502
  },
  "bends": {
    "total_count": 1040,
    "90_degree_count": 5,
    "45_degree_count": 1035,
    "other_angle_count": 0
  },
  "vias": {
    "total_count": 295,
    "through_hole_count": 295,
    "blind_count": 0,
    "buried_count": 0
  },
  "clearance_violations": {
    "total_count": 0
  }
}
