2026-10-01T14:25:45.145887559Z main ERROR Could not determine local host name java.net.UnknownHostException: f0ee91b44813: f0ee91b44813: Temporary failure in name resolution
	at java.base/java.net.InetAddress.getLocalHost(InetAddress.java:1936)
	at org.apache.logging.log4j.core.util.NetUtils.getHostname(NetUtils.java:71)
	at org.apache.logging.log4j.core.util.NetUtils.getLocalHostname(NetUtils.java:56)
	at org.apache.logging.log4j.core.LoggerContext.lambda$setConfiguration$2(LoggerContext.java:667)
	at java.base/java.util.concurrent.ConcurrentHashMap.computeIfAbsent(ConcurrentHashMap.java:1708)
	at org.apache.logging.log4j.core.LoggerContext.setConfiguration(LoggerContext.java:667)
	at org.apache.logging.log4j.core.LoggerContext.reconfigure(LoggerContext.java:762)
	at org.apache.logging.log4j.core.LoggerContext.reconfigure(LoggerContext.java:784)
	at org.apache.logging.log4j.core.LoggerContext.start(LoggerContext.java:300)
	at org.apache.logging.log4j.core.impl.Log4jContextFactory.getContext(Log4jContextFactory.java:153)
	at org.apache.logging.log4j.core.impl.Log4jContextFactory.getContext(Log4jContextFactory.java:46)
	at org.apache.logging.log4j.LogManager.getContext(LogManager.java:138)
	at org.apache.logging.log4j.LogManager.getLogger(LogManager.java:555)
	at app.freerouting.logger.FRLogger.traceEntry(FRLogger.java:96)
	at app.freerouting.Freerouting.main(Freerouting.java:51)
Caused by: java.net.UnknownHostException: f0ee91b44813: Temporary failure in name resolution
	at java.base/java.net.Inet6AddressImpl.lookupAllHostAddr(Native Method)
	at java.base/java.net.Inet6AddressImpl.lookupAllHostAddr(Inet6AddressImpl.java:52)
	at java.base/java.net.InetAddress$PlatformResolver.lookupByName(InetAddress.java:1211)
	at java.base/java.net.InetAddress.getAddressesFromNameService(InetAddress.java:1828)
	at java.base/java.net.InetAddress$NameServiceAddresses.get(InetAddress.java:1139)
	at java.base/java.net.InetAddress.getAllByName0(InetAddress.java:1818)
	at java.base/java.net.InetAddress.getLocalHost(InetAddress.java:1931)
	... 14 more

2026-10-01T14:25:45.215573139Z main ERROR Could not determine local host name java.net.UnknownHostException: f0ee91b44813: f0ee91b44813: Temporary failure in name resolution
	at java.base/java.net.InetAddress.getLocalHost(InetAddress.java:1936)
	at org.apache.logging.log4j.core.util.NetUtils.getHostname(NetUtils.java:71)
	at org.apache.logging.log4j.core.util.NetUtils.getLocalHostname(NetUtils.java:56)
	at org.apache.logging.log4j.core.LoggerContext.lambda$setConfiguration$2(LoggerContext.java:667)
	at java.base/java.util.concurrent.ConcurrentHashMap.computeIfAbsent(ConcurrentHashMap.java:1708)
	at org.apache.logging.log4j.core.LoggerContext.setConfiguration(LoggerContext.java:667)
	at org.apache.logging.log4j.core.LoggerContext.reconfigure(LoggerContext.java:762)
	at org.apache.logging.log4j.core.LoggerContext.reconfigure(LoggerContext.java:784)
	at org.apache.logging.log4j.core.LoggerContext.start(LoggerContext.java:300)
	at org.apache.logging.log4j.core.impl.Log4jContextFactory.getContext(Log4jContextFactory.java:257)
	at org.apache.logging.log4j.core.impl.Log4jContextFactory.getContext(Log4jContextFactory.java:46)
	at org.apache.logging.log4j.LogManager.getContext(LogManager.java:118)
	at app.freerouting.logger.FRLogger.changeFileLogLocation(FRLogger.java:379)
	at app.freerouting.settings.GlobalSettings.setUserDataPath(GlobalSettings.java:110)
	at app.freerouting.Freerouting.main(Freerouting.java:92)
Caused by: java.net.UnknownHostException: f0ee91b44813: Temporary failure in name resolution
	at java.base/java.net.Inet6AddressImpl.lookupAllHostAddr(Native Method)
	at java.base/java.net.Inet6AddressImpl.lookupAllHostAddr(Inet6AddressImpl.java:52)
	at java.base/java.net.InetAddress$PlatformResolver.lookupByName(InetAddress.java:1211)
	at java.base/java.net.InetAddress.getAddressesFromNameService(InetAddress.java:1828)
	at java.base/java.net.InetAddress$NameServiceAddresses.get(InetAddress.java:1139)
	at java.base/java.net.InetAddress.getAllByName0(InetAddress.java:1818)
	at java.base/java.net.InetAddress.getLocalHost(InetAddress.java:1931)
	... 14 more

2026-10-01 16:25:45.261 INFO   Freerouting v2.1.0 (build-date: 2025-04-12)
2026-10-01 16:25:45.338 WARN   No default constructor found for field: currentLocale
2026-10-01 16:25:45.339 INFO   Settings were loaded from freerouting.json
java.util.concurrent.CompletionException: java.net.ConnectException
	at java.base/java.util.concurrent.CompletableFuture.encodeRelay(CompletableFuture.java:368)
	at java.base/java.util.concurrent.CompletableFuture.uniComposeStage(CompletableFuture.java:1189)
	at java.base/java.util.concurrent.CompletableFuture.thenCompose(CompletableFuture.java:2341)
	at java.net.http/jdk.internal.net.http.MultiExchange.responseAsyncImpl(MultiExchange.java:481)
	at java.net.http/jdk.internal.net.http.MultiExchange.lambda$responseAsyncImpl$7(MultiExchange.java:477)
	at java.base/java.util.concurrent.CompletableFuture.uniHandle(CompletableFuture.java:934)
	at java.base/java.util.concurrent.CompletableFuture.uniHandleStage(CompletableFuture.java:950)
	at java.base/java.util.concurrent.CompletableFuture.handle(CompletableFuture.java:2372)
	at java.net.http/jdk.internal.net.http.MultiExchange.responseAsyncImpl(MultiExchange.java:467)
	at java.net.http/jdk.internal.net.http.MultiExchange.lambda$responseAsync0$2(MultiExchange.java:355)
	at java.base/java.util.concurrent.CompletableFuture$UniCompose.tryFire(CompletableFuture.java:1150)
	at java.base/java.util.concurrent.CompletableFuture.postComplete(CompletableFuture.java:510)
	at java.base/java.util.concurrent.CompletableFuture$AsyncSupply.run(CompletableFuture.java:1773)
	at java.base/java.util.concurrent.ThreadPoolExecutor.runWorker(ThreadPoolExecutor.java:1144)
	at java.base/java.util.concurrent.ThreadPoolExecutor$Worker.run(ThreadPoolExecutor.java:642)
	at java.base/java.lang.Thread.run(Thread.java:1583)
Caused by: java.net.ConnectException
	at java.net.http/jdk.internal.net.http.common.Utils.toConnectException(Utils.java:1065)
	at java.net.http/jdk.internal.net.http.PlainHttpConnection.connectAsync(PlainHttpConnection.java:227)
	at java.net.http/jdk.internal.net.http.AsyncSSLConnection.connectAsync(AsyncSSLConnection.java:56)
	at java.net.http/jdk.internal.net.http.Http2Connection.createAsync(Http2Connection.java:529)
	at java.net.http/jdk.internal.net.http.Http2ClientImpl.getConnectionFor(Http2ClientImpl.java:140)
	at java.net.http/jdk.internal.net.http.ExchangeImpl.get(ExchangeImpl.java:98)
	at java.net.http/jdk.internal.net.http.Exchange.establishExchange(Exchange.java:391)
	at java.net.http/jdk.internal.net.http.Exchange.responseAsyncImpl0(Exchange.java:584)
	at java.net.http/jdk.internal.net.http.Exchange.responseAsyncImpl(Exchange.java:428)
	at java.net.http/jdk.internal.net.http.Exchange.responseAsync(Exchange.java:420)
	at java.net.http/jdk.internal.net.http.MultiExchange.responseAsyncImpl(MultiExchange.java:435)
	... 12 more
Caused by: java.nio.channels.UnresolvedAddressException
	at java.base/sun.nio.ch.Net.checkAddress(Net.java:147)
	at java.base/sun.nio.ch.Net.checkAddress(Net.java:155)
	at java.base/sun.nio.ch.SocketChannelImpl.checkRemote(SocketChannelImpl.java:842)
	at java.base/sun.nio.ch.SocketChannelImpl.connect(SocketChannelImpl.java:865)
	at java.net.http/jdk.internal.net.http.PlainHttpConnection.lambda$connectAsync$1(PlainHttpConnection.java:210)
	at java.base/java.security.AccessController.doPrivileged(AccessController.java:571)
	at java.net.http/jdk.internal.net.http.PlainHttpConnection.connectAsync(PlainHttpConnection.java:212)
	... 21 more
2026-10-01 16:25:47.109 INFO   [1656E6\07FF5E] Job '1656E6\07FF5E' started at 2026-10-01T14:25:47.109251046Z
2026-10-01 16:26:18.709 WARN   border_intersections: intersection_count (2) is too big!
2026-10-01 16:26:23.908 INFO   [1656E6\07FF5E] Auto-router pass #1 on board 'b4274220ee0d49194eff7eac97abbc53' was completed in 36,31 seconds with the score of 924,59 (56 unrouted), using 433,15 CPU seconds and 12889 MB memory.
2026-10-01 16:26:40.270 INFO   [1656E6\07FF5E] Auto-router pass #2 on board 'e06d205f4474824e90e42012e13b3604' was completed in 16,24 seconds with the score of 937,26 (45 unrouted), using 967,14 CPU seconds and 20838 MB memory.
2026-10-01 16:26:53.364 INFO   [1656E6\07FF5E] Auto-router pass #3 on board 'ea89cad2f6b474a0bf992592fc3c3859' was completed in 12,97 seconds with the score of 958,52 (27 unrouted), using 1548,14 CPU seconds and 27280 MB memory.
2026-10-01 16:27:22.677 INFO   [1656E6\07FF5E] Auto-router pass #4 on board '65b01dde50560177ba549675bf119ffe' was completed in 29,23 seconds with the score of 967,03 (19 unrouted), using 3351,28 CPU seconds and 41336 MB memory.
2026-10-01 16:27:33.838 INFO   [1656E6\07FF5E] Auto-router pass #5 on board '0ff3dd8a5d812addde899977991cf098' was completed in 11,09 seconds with the score of 972,26 (15 unrouted), using 4234,85 CPU seconds and 46825 MB memory.
2026-10-01 16:27:46.968 INFO   [1656E6\07FF5E] Auto-router pass #6 on board '027183b48a7c960a1e386e23f6281df2' was completed in 13,04 seconds with the score of 974,89 (11 unrouted), using 5426,40 CPU seconds and 52577 MB memory.
2026-10-01 16:27:51.803 INFO   [1656E6\07FF5E] Auto-router pass #7 on board '556b05025086f2e0460007d6f41db0e6' was completed in 4,75 seconds with the score of 974,63 (11 unrouted), using 5927,47 CPU seconds and 55110 MB memory.
2026-10-01 16:28:08.768 INFO   [1656E6\07FF5E] Auto-router pass #8 on board '3aec964bbc644614064c5f5fcf56e9a2' was completed in 16,86 seconds with the score of 975,97 (9 unrouted), using 7807,08 CPU seconds and 64849 MB memory.
2026-10-01 16:28:11.671 INFO   [1656E6\07FF5E] Auto-router pass #9 on board '221e7a7286a61785c843df2435558a1c' was completed in 2,82 seconds with the score of 978,45 (7 unrouted), using 8166,96 CPU seconds and 66481 MB memory.
2026-10-01 16:28:14.269 INFO   [1656E6\07FF5E] Auto-router pass #10 on board '0cdacd89882d36409ccafa6d07da3de2' was completed in 2,52 seconds with the score of 978,34 (7 unrouted), using 8535,01 CPU seconds and 67925 MB memory.
2026-10-01 16:28:15.675 INFO   [1656E6\07FF5E] Auto-router pass #11 on board '0a64d1845eaa6eb001b5e07bc1fd64f4' was completed in 1,33 seconds with the score of 978,14 (7 unrouted), using 8659,55 CPU seconds and 68518 MB memory.
2026-10-01 16:28:17.271 INFO   [1656E6\07FF5E] Auto-router pass #12 on board '4f0927e687da36385e7db54c804d45cb' was completed in 1,53 seconds with the score of 980,15 (5 unrouted), using 8911,46 CPU seconds and 69600 MB memory.
2026-10-01 16:28:18.064 INFO   [1656E6\07FF5E] Auto-router pass #13 on board 'f8944d968ee4b3ce673e2d09b551b775' was completed in 0,72 seconds with the score of 980,15 (5 unrouted), using 8911,46 CPU seconds and 69600 MB memory.
2026-10-01 16:28:18.640 INFO   [1656E6\07FF5E] Auto-router pass #14 on board 'f8944d968ee4b3ce673e2d09b551b775' was completed in 0,54 seconds with the score of 980,15 (5 unrouted), using 9038,68 CPU seconds and 70083 MB memory.
2026-10-01 16:28:19.221 INFO   [1656E6\07FF5E] Auto-router pass #15 on board 'f8944d968ee4b3ce673e2d09b551b775' was completed in 0,55 seconds with the score of 980,15 (5 unrouted), using 9166,87 CPU seconds and 70687 MB memory.
2026-10-01 16:28:19.951 INFO   [1656E6\07FF5E] Restoring an earlier board that has the score of 980,15 (5 unrouted).
2026-10-01 16:28:19.951 INFO   [1656E6\07FF5E] Auto-router pass #16 on board 'f8944d968ee4b3ce673e2d09b551b775' was completed in 0,70 seconds with the score of 980,15 (5 unrouted), using 9166,87 CPU seconds and 70687 MB memory.
2026-10-01 16:28:22.158 INFO   [1656E6\07FF5E] Auto-router pass #17 on board 'f8944d968ee4b3ce673e2d09b551b775' was completed in 2,18 seconds with the score of 980,15 (5 unrouted), using 9426,13 CPU seconds and 71741 MB memory.
2026-10-01 16:28:22.643 INFO   [1656E6\07FF5E] Auto-router pass #18 on board 'f8944d968ee4b3ce673e2d09b551b775' was completed in 0,46 seconds with the score of 980,15 (5 unrouted), using 9557,12 CPU seconds and 72327 MB memory.
2026-10-01 16:28:23.151 INFO   [1656E6\07FF5E] Auto-router pass #19 on board 'f8944d968ee4b3ce673e2d09b551b775' was completed in 0,48 seconds with the score of 980,15 (5 unrouted), using 9557,12 CPU seconds and 72327 MB memory.
2026-10-01 16:28:28.532 INFO   [1656E6\07FF5E] Auto-router pass #20 on board 'f8944d968ee4b3ce673e2d09b551b775' was completed in 5,36 seconds with the score of 981,17 (4 unrouted), using 10362,82 CPU seconds and 76078 MB memory.
2026-10-01 16:28:29.038 INFO   [1656E6\07FF5E] Auto-router pass #21 on board '970fb44d6b7f60f32acb67226dbee1e6' was completed in 0,44 seconds with the score of 981,17 (4 unrouted), using 10362,82 CPU seconds and 76078 MB memory.
2026-10-01 16:28:29.474 INFO   [1656E6\07FF5E] Auto-router pass #22 on board '970fb44d6b7f60f32acb67226dbee1e6' was completed in 0,41 seconds with the score of 981,17 (4 unrouted), using 10500,37 CPU seconds and 76750 MB memory.
2026-10-01 16:28:29.918 INFO   [1656E6\07FF5E] Auto-router pass #23 on board '970fb44d6b7f60f32acb67226dbee1e6' was completed in 0,41 seconds with the score of 981,17 (4 unrouted), using 10500,37 CPU seconds and 76750 MB memory.
2026-10-01 16:28:30.484 INFO   [1656E6\07FF5E] Restoring an earlier board that has the score of 981,17 (4 unrouted).
2026-10-01 16:28:30.484 INFO   [1656E6\07FF5E] Auto-router pass #24 on board '970fb44d6b7f60f32acb67226dbee1e6' was completed in 0,54 seconds with the score of 981,17 (4 unrouted), using 10638,87 CPU seconds and 77438 MB memory.
2026-10-01 16:28:32.554 INFO   [1656E6\07FF5E] Auto-router pass #25 on board '970fb44d6b7f60f32acb67226dbee1e6' was completed in 2,05 seconds with the score of 981,17 (4 unrouted), using 10918,63 CPU seconds and 78531 MB memory.
2026-10-01 16:28:33.040 INFO   [1656E6\07FF5E] Auto-router pass #26 on board '970fb44d6b7f60f32acb67226dbee1e6' was completed in 0,43 seconds with the score of 981,17 (4 unrouted), using 10918,63 CPU seconds and 78531 MB memory.
2026-10-01 16:28:33.539 INFO   [1656E6\07FF5E] Auto-router pass #27 on board '970fb44d6b7f60f32acb67226dbee1e6' was completed in 0,47 seconds with the score of 981,17 (4 unrouted), using 11059,88 CPU seconds and 79149 MB memory.
2026-10-01 16:28:38.775 INFO   [1656E6\07FF5E] Restoring an earlier board that has the score of 981,17 (4 unrouted).
2026-10-01 16:28:38.775 INFO   [1656E6\07FF5E] Auto-router pass #28 on board '970fb44d6b7f60f32acb67226dbee1e6' was completed in 5,21 seconds with the score of 981,17 (4 unrouted), using 11779,95 CPU seconds and 82109 MB memory.
2026-10-01 16:28:40.874 INFO   [1656E6\07FF5E] Auto-router pass #29 on board '970fb44d6b7f60f32acb67226dbee1e6' was completed in 2,06 seconds with the score of 981,17 (4 unrouted), using 12074,43 CPU seconds and 83131 MB memory.
2026-10-01 16:28:41.464 INFO   [1656E6\07FF5E] Auto-router pass #30 on board '970fb44d6b7f60f32acb67226dbee1e6' was completed in 0,56 seconds with the score of 981,17 (4 unrouted), using 12223,02 CPU seconds and 83695 MB memory.
2026-10-01 16:28:41.937 INFO   [1656E6\07FF5E] Auto-router pass #31 on board '970fb44d6b7f60f32acb67226dbee1e6' was completed in 0,45 seconds with the score of 981,17 (4 unrouted), using 12223,02 CPU seconds and 83695 MB memory.
2026-10-01 16:28:47.181 INFO   [1656E6\07FF5E] Restoring an earlier board that has the score of 981,17 (4 unrouted).
2026-10-01 16:28:47.182 INFO   [1656E6\07FF5E] Auto-router pass #32 on board '970fb44d6b7f60f32acb67226dbee1e6' was completed in 5,22 seconds with the score of 981,17 (4 unrouted), using 12979,81 CPU seconds and 86640 MB memory.
2026-10-01 16:28:49.268 INFO   [1656E6\07FF5E] Auto-router pass #33 on board '970fb44d6b7f60f32acb67226dbee1e6' was completed in 2,06 seconds with the score of 981,17 (4 unrouted), using 13445,03 CPU seconds and 88286 MB memory.
2026-10-01 16:28:49.790 INFO   [1656E6\07FF5E] Auto-router pass #34 on board '970fb44d6b7f60f32acb67226dbee1e6' was completed in 0,50 seconds with the score of 981,17 (4 unrouted), using 13445,03 CPU seconds and 88286 MB memory.
2026-10-01 16:28:50.236 INFO   [1656E6\07FF5E] Auto-router pass #35 on board '970fb44d6b7f60f32acb67226dbee1e6' was completed in 0,42 seconds with the score of 981,17 (4 unrouted), using 13601,93 CPU seconds and 88914 MB memory.
2026-10-01 16:28:55.737 INFO   [1656E6\07FF5E] Restoring an earlier board that has the score of 981,17 (4 unrouted).
2026-10-01 16:28:55.737 INFO   [1656E6\07FF5E] Auto-router pass #36 on board '970fb44d6b7f60f32acb67226dbee1e6' was completed in 5,47 seconds with the score of 981,17 (4 unrouted), using 14400,42 CPU seconds and 91720 MB memory.
2026-10-01 16:28:58.003 INFO   [1656E6\07FF5E] Auto-router pass #37 on board '970fb44d6b7f60f32acb67226dbee1e6' was completed in 2,24 seconds with the score of 981,17 (4 unrouted), using 14726,27 CPU seconds and 92670 MB memory.
2026-10-01 16:28:58.525 INFO   [1656E6\07FF5E] Auto-router pass #38 on board '970fb44d6b7f60f32acb67226dbee1e6' was completed in 0,50 seconds with the score of 981,17 (4 unrouted), using 14890,53 CPU seconds and 93235 MB memory.
2026-10-01 16:28:58.984 INFO   [1656E6\07FF5E] Auto-router pass #39 on board '970fb44d6b7f60f32acb67226dbee1e6' was completed in 0,43 seconds with the score of 981,17 (4 unrouted), using 14890,53 CPU seconds and 93235 MB memory.
2026-10-01 16:29:04.110 INFO   [1656E6\07FF5E] Restoring an earlier board that has the score of 980,15 (5 unrouted).
2026-10-01 16:29:04.110 INFO   [1656E6\07FF5E] Auto-router pass #40 on board '970fb44d6b7f60f32acb67226dbee1e6' was completed in 5,10 seconds with the score of 981,17 (4 unrouted), using 15725,90 CPU seconds and 96264 MB memory.
{
  "host": "KiCad's Pcbnew,10.0.6",
  "unit": "mm",
  "board": {
    "bounding_box": {
      "x": 1066.0,
      "y": 1.0,
      "width": -1.0,
      "height": -1001.0
    },
    "size": {
      "x": 0.0,
      "y": 0.0,
      "width": 1067.0,
      "height": 1002.0
    }
  },
  "layers": {
    "total_count": 2,
    "signal_count": 2
  },
  "items": {
    "total_count": 2313,
    "trace_count": 526,
    "via_count": 145,
    "conduction_area_count": 1,
    "drill_item_count": 468,
    "pin_count": 0,
    "component_count": 1119,
    "other_count": 54
  },
  "components": {
    "total_count": 127
  },
  "pads": {
    "total_count": 468
  },
  "nets": {
    "total_count": 111,
    "class_count": 4
  },
  "connections": {
    "maximum_count": 1000,
    "incomplete_count": 5
  },
  "traces": {
    "total_count": 526,
    "total_segment_count": 1280,
    "total_length": 44612.223,
    "total_weighted_length": 1.5969755E8,
    "average_length": 84.81412,
    "total_vertical_length": 18252.863,
    "total_horizontal_length": 13867.823,
    "total_angled_length": 14077.448
  },
  "bends": {
    "total_count": 754,
    "90_degree_count": 22,
    "45_degree_count": 718,
    "other_angle_count": 14
  },
  "vias": {
    "total_count": 145,
    "through_hole_count": 145,
    "blind_count": 0,
    "buried_count": 0
  },
  "clearance_violations": {
    "total_count": 0
  }
}
