OK  null_control -> 0 failing checks
OK  mount_shift -> 1 failing checks
OK  jbp_shift -> 2 failing checks
OK  sv_no_gnd_end -> 3 failing checks
OK  sv_pin_without_resistor -> 3 failing checks
OK  sv_resistor_far -> 2 failing checks
OK  label_missing -> 1 failing checks
OK  label_swap -> 1 failing checks
OK  too_tall -> 1 failing checks
OK  refcap_far -> 4 failing checks
OK  regcap_far -> 3 failing checks
OK  refcap_via -> 2 failing checks
OK  dout_under -> 2 failing checks
OK  u1_gnd_thermal -> 2 failing checks
OK  foreign_in_u1 -> 2 failing checks
OK  fine_rule_everywhere -> 1 failing checks
OK  narrow_track -> 2 failing checks
OK  bottom_soic -> 4 failing checks
OK  sw1_inside -> 4 failing checks
OK  taps_turned -> 4 failing checks
OK  decap_far -> 2 failing checks
OK  driver_far -> 4 failing checks
OK  diode_far -> 3 failing checks
OK  filter_far -> 4 failing checks
OK  gnd_pour_removed -> 2 failing checks
OK  ref_on_part -> 3 failing checks
OK  ref_far -> 2 failing checks
OK  strip_part -> 2 failing checks
OK  mark_missing -> 1 failing checks
OK  zone_copper -> 2 failing checks
OK  title_wrong -> 1 failing checks
31 / 31 negative controls (with the null control)

16:41:40: Debug: Adding duplicate image handler for 'PNG file'
16:41:40: Debug: Adding duplicate image handler for 'JPEG file'
16:41:40: Debug: Adding duplicate image handler for 'TIFF file'
16:41:40: Debug: Adding duplicate image handler for 'GIF file'
16:41:40: Debug: Adding duplicate image handler for 'PNM file'
16:41:40: Debug: Adding duplicate image handler for 'PCX file'
16:41:40: Debug: Adding duplicate image handler for 'IFF file'
16:41:40: Debug: Adding duplicate image handler for 'Windows icon file'
16:41:40: Debug: Adding duplicate image handler for 'Windows cursor file'
16:41:40: Debug: Adding duplicate image handler for 'Windows animated cursor file'
16:41:40: Debug: Adding duplicate image handler for 'TGA file'
16:41:40: Debug: Adding duplicate image handler for 'XPM file'
16:41:50: Debug: Adding duplicate image handler for 'PNG file'
16:41:50: Debug: Adding duplicate image handler for 'JPEG file'
16:41:50: Debug: Adding duplicate image handler for 'TIFF file'
16:41:50: Debug: Adding duplicate image handler for 'GIF file'
16:41:50: Debug: Adding duplicate image handler for 'PNM file'
16:41:50: Debug: Adding duplicate image handler for 'PCX file'
16:41:50: Debug: Adding duplicate image handler for 'IFF file'
16:41:50: Debug: Adding duplicate image handler for 'Windows icon file'
16:41:50: Debug: Adding duplicate image handler for 'Windows cursor file'
16:41:50: Debug: Adding duplicate image handler for 'Windows animated cursor file'
16:41:50: Debug: Adding duplicate image handler for 'TGA file'
16:41:50: Debug: Adding duplicate image handler for 'XPM file'
16:42:00: Debug: Adding duplicate image handler for 'PNG file'
16:42:00: Debug: Adding duplicate image handler for 'JPEG file'
16:42:00: Debug: Adding duplicate image handler for 'TIFF file'
16:42:00: Debug: Adding duplicate image handler for 'GIF file'
16:42:00: Debug: Adding duplicate image handler for 'PNM file'
16:42:00: Debug: Adding duplicate image handler for 'PCX file'
16:42:00: Debug: Adding duplicate image handler for 'IFF file'
16:42:00: Debug: Adding duplicate image handler for 'Windows icon file'
16:42:00: Debug: Adding duplicate image handler for 'Windows cursor file'
16:42:00: Debug: Adding duplicate image handler for 'Windows animated cursor file'
16:42:00: Debug: Adding duplicate image handler for 'TGA file'
16:42:00: Debug: Adding duplicate image handler for 'XPM file'
16:42:10: Debug: Adding duplicate image handler for 'PNG file'
16:42:10: Debug: Adding duplicate image handler for 'JPEG file'
16:42:10: Debug: Adding duplicate image handler for 'TIFF file'
16:42:10: Debug: Adding duplicate image handler for 'GIF file'
16:42:10: Debug: Adding duplicate image handler for 'PNM file'
16:42:10: Debug: Adding duplicate image handler for 'PCX file'
16:42:10: Debug: Adding duplicate image handler for 'IFF file'
16:42:10: Debug: Adding duplicate image handler for 'Windows icon file'
16:42:10: Debug: Adding duplicate image handler for 'Windows cursor file'
16:42:10: Debug: Adding duplicate image handler for 'Windows animated cursor file'
16:42:10: Debug: Adding duplicate image handler for 'TGA file'
16:42:10: Debug: Adding duplicate image handler for 'XPM file'
16:42:20: Debug: Adding duplicate image handler for 'PNG file'
16:42:20: Debug: Adding duplicate image handler for 'JPEG file'
16:42:20: Debug: Adding duplicate image handler for 'TIFF file'
16:42:20: Debug: Adding duplicate image handler for 'GIF file'
16:42:20: Debug: Adding duplicate image handler for 'PNM file'
16:42:20: Debug: Adding duplicate image handler for 'PCX file'
16:42:20: Debug: Adding duplicate image handler for 'IFF file'
16:42:20: Debug: Adding duplicate image handler for 'Windows icon file'
16:42:20: Debug: Adding duplicate image handler for 'Windows cursor file'
16:42:20: Debug: Adding duplicate image handler for 'Windows animated cursor file'
16:42:20: Debug: Adding duplicate image handler for 'TGA file'
16:42:20: Debug: Adding duplicate image handler for 'XPM file'
16:42:30: Debug: Adding duplicate image handler for 'PNG file'
16:42:30: Debug: Adding duplicate image handler for 'JPEG file'
16:42:30: Debug: Adding duplicate image handler for 'TIFF file'
16:42:30: Debug: Adding duplicate image handler for 'GIF file'
16:42:30: Debug: Adding duplicate image handler for 'PNM file'
16:42:30: Debug: Adding duplicate image handler for 'PCX file'
16:42:30: Debug: Adding duplicate image handler for 'IFF file'
16:42:30: Debug: Adding duplicate image handler for 'Windows icon file'
16:42:30: Debug: Adding duplicate image handler for 'Windows cursor file'
16:42:30: Debug: Adding duplicate image handler for 'Windows animated cursor file'
16:42:30: Debug: Adding duplicate image handler for 'TGA file'
16:42:30: Debug: Adding duplicate image handler for 'XPM file'
16:42:40: Debug: Adding duplicate image handler for 'PNG file'
16:42:40: Debug: Adding duplicate image handler for 'JPEG file'
16:42:40: Debug: Adding duplicate image handler for 'TIFF file'
16:42:40: Debug: Adding duplicate image handler for 'GIF file'
16:42:40: Debug: Adding duplicate image handler for 'PNM file'
16:42:40: Debug: Adding duplicate image handler for 'PCX file'
16:42:40: Debug: Adding duplicate image handler for 'IFF file'
16:42:40: Debug: Adding duplicate image handler for 'Windows icon file'
16:42:40: Debug: Adding duplicate image handler for 'Windows cursor file'
16:42:40: Debug: Adding duplicate image handler for 'Windows animated cursor file'
16:42:40: Debug: Adding duplicate image handler for 'TGA file'
16:42:40: Debug: Adding duplicate image handler for 'XPM file'
16:42:50: Debug: Adding duplicate image handler for 'PNG file'
16:42:50: Debug: Adding duplicate image handler for 'JPEG file'
16:42:50: Debug: Adding duplicate image handler for 'TIFF file'
16:42:50: Debug: Adding duplicate image handler for 'GIF file'
16:42:50: Debug: Adding duplicate image handler for 'PNM file'
16:42:50: Debug: Adding duplicate image handler for 'PCX file'
16:42:50: Debug: Adding duplicate image handler for 'IFF file'
16:42:50: Debug: Adding duplicate image handler for 'Windows icon file'
16:42:50: Debug: Adding duplicate image handler for 'Windows cursor file'
16:42:50: Debug: Adding duplicate image handler for 'Windows animated cursor file'
16:42:50: Debug: Adding duplicate image handler for 'TGA file'
16:42:50: Debug: Adding duplicate image handler for 'XPM file'
16:43:00: Debug: Adding duplicate image handler for 'PNG file'
16:43:00: Debug: Adding duplicate image handler for 'JPEG file'
16:43:00: Debug: Adding duplicate image handler for 'TIFF file'
16:43:00: Debug: Adding duplicate image handler for 'GIF file'
16:43:00: Debug: Adding duplicate image handler for 'PNM file'
16:43:00: Debug: Adding duplicate image handler for 'PCX file'
16:43:00: Debug: Adding duplicate image handler for 'IFF file'
16:43:00: Debug: Adding duplicate image handler for 'Windows icon file'
16:43:00: Debug: Adding duplicate image handler for 'Windows cursor file'
16:43:00: Debug: Adding duplicate image handler for 'Windows animated cursor file'
16:43:00: Debug: Adding duplicate image handler for 'TGA file'
16:43:00: Debug: Adding duplicate image handler for 'XPM file'
16:43:10: Debug: Adding duplicate image handler for 'PNG file'
16:43:10: Debug: Adding duplicate image handler for 'JPEG file'
16:43:10: Debug: Adding duplicate image handler for 'TIFF file'
16:43:10: Debug: Adding duplicate image handler for 'GIF file'
16:43:10: Debug: Adding duplicate image handler for 'PNM file'
16:43:10: Debug: Adding duplicate image handler for 'PCX file'
16:43:10: Debug: Adding duplicate image handler for 'IFF file'
16:43:10: Debug: Adding duplicate image handler for 'Windows icon file'
16:43:10: Debug: Adding duplicate image handler for 'Windows cursor file'
16:43:10: Debug: Adding duplicate image handler for 'Windows animated cursor file'
16:43:10: Debug: Adding duplicate image handler for 'TGA file'
16:43:10: Debug: Adding duplicate image handler for 'XPM file'
16:43:20: Debug: Adding duplicate image handler for 'PNG file'
16:43:20: Debug: Adding duplicate image handler for 'JPEG file'
16:43:20: Debug: Adding duplicate image handler for 'TIFF file'
16:43:20: Debug: Adding duplicate image handler for 'GIF file'
16:43:20: Debug: Adding duplicate image handler for 'PNM file'
16:43:20: Debug: Adding duplicate image handler for 'PCX file'
16:43:20: Debug: Adding duplicate image handler for 'IFF file'
16:43:20: Debug: Adding duplicate image handler for 'Windows icon file'
16:43:20: Debug: Adding duplicate image handler for 'Windows cursor file'
16:43:20: Debug: Adding duplicate image handler for 'Windows animated cursor file'
16:43:20: Debug: Adding duplicate image handler for 'TGA file'
16:43:20: Debug: Adding duplicate image handler for 'XPM file'
16:43:30: Debug: Adding duplicate image handler for 'PNG file'
16:43:30: Debug: Adding duplicate image handler for 'JPEG file'
16:43:30: Debug: Adding duplicate image handler for 'TIFF file'
16:43:30: Debug: Adding duplicate image handler for 'GIF file'
16:43:30: Debug: Adding duplicate image handler for 'PNM file'
16:43:30: Debug: Adding duplicate image handler for 'PCX file'
16:43:30: Debug: Adding duplicate image handler for 'IFF file'
16:43:30: Debug: Adding duplicate image handler for 'Windows icon file'
16:43:30: Debug: Adding duplicate image handler for 'Windows cursor file'
16:43:30: Debug: Adding duplicate image handler for 'Windows animated cursor file'
16:43:30: Debug: Adding duplicate image handler for 'TGA file'
16:43:30: Debug: Adding duplicate image handler for 'XPM file'
16:43:40: Debug: Adding duplicate image handler for 'PNG file'
16:43:40: Debug: Adding duplicate image handler for 'JPEG file'
16:43:40: Debug: Adding duplicate image handler for 'TIFF file'
16:43:40: Debug: Adding duplicate image handler for 'GIF file'
16:43:40: Debug: Adding duplicate image handler for 'PNM file'
16:43:40: Debug: Adding duplicate image handler for 'PCX file'
16:43:40: Debug: Adding duplicate image handler for 'IFF file'
16:43:40: Debug: Adding duplicate image handler for 'Windows icon file'
16:43:40: Debug: Adding duplicate image handler for 'Windows cursor file'
16:43:40: Debug: Adding duplicate image handler for 'Windows animated cursor file'
16:43:40: Debug: Adding duplicate image handler for 'TGA file'
16:43:40: Debug: Adding duplicate image handler for 'XPM file'
16:43:50: Debug: Adding duplicate image handler for 'PNG file'
16:43:50: Debug: Adding duplicate image handler for 'JPEG file'
16:43:50: Debug: Adding duplicate image handler for 'TIFF file'
16:43:50: Debug: Adding duplicate image handler for 'GIF file'
16:43:50: Debug: Adding duplicate image handler for 'PNM file'
16:43:50: Debug: Adding duplicate image handler for 'PCX file'
16:43:50: Debug: Adding duplicate image handler for 'IFF file'
16:43:50: Debug: Adding duplicate image handler for 'Windows icon file'
16:43:50: Debug: Adding duplicate image handler for 'Windows cursor file'
16:43:50: Debug: Adding duplicate image handler for 'Windows animated cursor file'
16:43:50: Debug: Adding duplicate image handler for 'TGA file'
16:43:50: Debug: Adding duplicate image handler for 'XPM file'
16:43:59: Debug: Adding duplicate image handler for 'PNG file'
16:43:59: Debug: Adding duplicate image handler for 'JPEG file'
16:43:59: Debug: Adding duplicate image handler for 'TIFF file'
16:43:59: Debug: Adding duplicate image handler for 'GIF file'
16:43:59: Debug: Adding duplicate image handler for 'PNM file'
16:43:59: Debug: Adding duplicate image handler for 'PCX file'
16:43:59: Debug: Adding duplicate image handler for 'IFF file'
16:43:59: Debug: Adding duplicate image handler for 'Windows icon file'
16:43:59: Debug: Adding duplicate image handler for 'Windows cursor file'
16:43:59: Debug: Adding duplicate image handler for 'Windows animated cursor file'
16:43:59: Debug: Adding duplicate image handler for 'TGA file'
16:43:59: Debug: Adding duplicate image handler for 'XPM file'
16:44:10: Debug: Adding duplicate image handler for 'PNG file'
16:44:10: Debug: Adding duplicate image handler for 'JPEG file'
16:44:10: Debug: Adding duplicate image handler for 'TIFF file'
16:44:10: Debug: Adding duplicate image handler for 'GIF file'
16:44:10: Debug: Adding duplicate image handler for 'PNM file'
16:44:10: Debug: Adding duplicate image handler for 'PCX file'
16:44:10: Debug: Adding duplicate image handler for 'IFF file'
16:44:10: Debug: Adding duplicate image handler for 'Windows icon file'
16:44:10: Debug: Adding duplicate image handler for 'Windows cursor file'
16:44:10: Debug: Adding duplicate image handler for 'Windows animated cursor file'
16:44:10: Debug: Adding duplicate image handler for 'TGA file'
16:44:10: Debug: Adding duplicate image handler for 'XPM file'
16:44:20: Debug: Adding duplicate image handler for 'PNG file'
16:44:20: Debug: Adding duplicate image handler for 'JPEG file'
16:44:20: Debug: Adding duplicate image handler for 'TIFF file'
16:44:20: Debug: Adding duplicate image handler for 'GIF file'
16:44:20: Debug: Adding duplicate image handler for 'PNM file'
16:44:20: Debug: Adding duplicate image handler for 'PCX file'
16:44:20: Debug: Adding duplicate image handler for 'IFF file'
16:44:20: Debug: Adding duplicate image handler for 'Windows icon file'
16:44:20: Debug: Adding duplicate image handler for 'Windows cursor file'
16:44:20: Debug: Adding duplicate image handler for 'Windows animated cursor file'
16:44:20: Debug: Adding duplicate image handler for 'TGA file'
16:44:20: Debug: Adding duplicate image handler for 'XPM file'
16:44:30: Debug: Adding duplicate image handler for 'PNG file'
16:44:30: Debug: Adding duplicate image handler for 'JPEG file'
16:44:30: Debug: Adding duplicate image handler for 'TIFF file'
16:44:30: Debug: Adding duplicate image handler for 'GIF file'
16:44:30: Debug: Adding duplicate image handler for 'PNM file'
16:44:30: Debug: Adding duplicate image handler for 'PCX file'
16:44:30: Debug: Adding duplicate image handler for 'IFF file'
16:44:30: Debug: Adding duplicate image handler for 'Windows icon file'
16:44:30: Debug: Adding duplicate image handler for 'Windows cursor file'
16:44:30: Debug: Adding duplicate image handler for 'Windows animated cursor file'
16:44:30: Debug: Adding duplicate image handler for 'TGA file'
16:44:30: Debug: Adding duplicate image handler for 'XPM file'
16:44:40: Debug: Adding duplicate image handler for 'PNG file'
16:44:40: Debug: Adding duplicate image handler for 'JPEG file'
16:44:40: Debug: Adding duplicate image handler for 'TIFF file'
16:44:40: Debug: Adding duplicate image handler for 'GIF file'
16:44:40: Debug: Adding duplicate image handler for 'PNM file'
16:44:40: Debug: Adding duplicate image handler for 'PCX file'
16:44:40: Debug: Adding duplicate image handler for 'IFF file'
16:44:40: Debug: Adding duplicate image handler for 'Windows icon file'
16:44:40: Debug: Adding duplicate image handler for 'Windows cursor file'
16:44:40: Debug: Adding duplicate image handler for 'Windows animated cursor file'
16:44:40: Debug: Adding duplicate image handler for 'TGA file'
16:44:40: Debug: Adding duplicate image handler for 'XPM file'
16:44:50: Debug: Adding duplicate image handler for 'PNG file'
16:44:50: Debug: Adding duplicate image handler for 'JPEG file'
16:44:50: Debug: Adding duplicate image handler for 'TIFF file'
16:44:50: Debug: Adding duplicate image handler for 'GIF file'
16:44:50: Debug: Adding duplicate image handler for 'PNM file'
16:44:50: Debug: Adding duplicate image handler for 'PCX file'
16:44:50: Debug: Adding duplicate image handler for 'IFF file'
16:44:50: Debug: Adding duplicate image handler for 'Windows icon file'
16:44:50: Debug: Adding duplicate image handler for 'Windows cursor file'
16:44:50: Debug: Adding duplicate image handler for 'Windows animated cursor file'
16:44:50: Debug: Adding duplicate image handler for 'TGA file'
16:44:50: Debug: Adding duplicate image handler for 'XPM file'
16:45:00: Debug: Adding duplicate image handler for 'PNG file'
16:45:00: Debug: Adding duplicate image handler for 'JPEG file'
16:45:00: Debug: Adding duplicate image handler for 'TIFF file'
16:45:00: Debug: Adding duplicate image handler for 'GIF file'
16:45:00: Debug: Adding duplicate image handler for 'PNM file'
16:45:00: Debug: Adding duplicate image handler for 'PCX file'
16:45:00: Debug: Adding duplicate image handler for 'IFF file'
16:45:00: Debug: Adding duplicate image handler for 'Windows icon file'
16:45:00: Debug: Adding duplicate image handler for 'Windows cursor file'
16:45:00: Debug: Adding duplicate image handler for 'Windows animated cursor file'
16:45:00: Debug: Adding duplicate image handler for 'TGA file'
16:45:00: Debug: Adding duplicate image handler for 'XPM file'
16:45:10: Debug: Adding duplicate image handler for 'PNG file'
16:45:10: Debug: Adding duplicate image handler for 'JPEG file'
16:45:10: Debug: Adding duplicate image handler for 'TIFF file'
16:45:10: Debug: Adding duplicate image handler for 'GIF file'
16:45:10: Debug: Adding duplicate image handler for 'PNM file'
16:45:10: Debug: Adding duplicate image handler for 'PCX file'
16:45:10: Debug: Adding duplicate image handler for 'IFF file'
16:45:10: Debug: Adding duplicate image handler for 'Windows icon file'
16:45:10: Debug: Adding duplicate image handler for 'Windows cursor file'
16:45:10: Debug: Adding duplicate image handler for 'Windows animated cursor file'
16:45:10: Debug: Adding duplicate image handler for 'TGA file'
16:45:10: Debug: Adding duplicate image handler for 'XPM file'
16:45:20: Debug: Adding duplicate image handler for 'PNG file'
16:45:20: Debug: Adding duplicate image handler for 'JPEG file'
16:45:20: Debug: Adding duplicate image handler for 'TIFF file'
16:45:20: Debug: Adding duplicate image handler for 'GIF file'
16:45:20: Debug: Adding duplicate image handler for 'PNM file'
16:45:20: Debug: Adding duplicate image handler for 'PCX file'
16:45:20: Debug: Adding duplicate image handler for 'IFF file'
16:45:20: Debug: Adding duplicate image handler for 'Windows icon file'
16:45:20: Debug: Adding duplicate image handler for 'Windows cursor file'
16:45:20: Debug: Adding duplicate image handler for 'Windows animated cursor file'
16:45:20: Debug: Adding duplicate image handler for 'TGA file'
16:45:20: Debug: Adding duplicate image handler for 'XPM file'
16:45:30: Debug: Adding duplicate image handler for 'PNG file'
16:45:30: Debug: Adding duplicate image handler for 'JPEG file'
16:45:30: Debug: Adding duplicate image handler for 'TIFF file'
16:45:30: Debug: Adding duplicate image handler for 'GIF file'
16:45:30: Debug: Adding duplicate image handler for 'PNM file'
16:45:30: Debug: Adding duplicate image handler for 'PCX file'
16:45:30: Debug: Adding duplicate image handler for 'IFF file'
16:45:30: Debug: Adding duplicate image handler for 'Windows icon file'
16:45:30: Debug: Adding duplicate image handler for 'Windows cursor file'
16:45:30: Debug: Adding duplicate image handler for 'Windows animated cursor file'
16:45:30: Debug: Adding duplicate image handler for 'TGA file'
16:45:30: Debug: Adding duplicate image handler for 'XPM file'
16:45:40: Debug: Adding duplicate image handler for 'PNG file'
16:45:40: Debug: Adding duplicate image handler for 'JPEG file'
16:45:40: Debug: Adding duplicate image handler for 'TIFF file'
16:45:40: Debug: Adding duplicate image handler for 'GIF file'
16:45:40: Debug: Adding duplicate image handler for 'PNM file'
16:45:40: Debug: Adding duplicate image handler for 'PCX file'
16:45:40: Debug: Adding duplicate image handler for 'IFF file'
16:45:40: Debug: Adding duplicate image handler for 'Windows icon file'
16:45:40: Debug: Adding duplicate image handler for 'Windows cursor file'
16:45:40: Debug: Adding duplicate image handler for 'Windows animated cursor file'
16:45:40: Debug: Adding duplicate image handler for 'TGA file'
16:45:40: Debug: Adding duplicate image handler for 'XPM file'
16:45:50: Debug: Adding duplicate image handler for 'PNG file'
16:45:50: Debug: Adding duplicate image handler for 'JPEG file'
16:45:50: Debug: Adding duplicate image handler for 'TIFF file'
16:45:50: Debug: Adding duplicate image handler for 'GIF file'
16:45:50: Debug: Adding duplicate image handler for 'PNM file'
16:45:50: Debug: Adding duplicate image handler for 'PCX file'
16:45:50: Debug: Adding duplicate image handler for 'IFF file'
16:45:50: Debug: Adding duplicate image handler for 'Windows icon file'
16:45:50: Debug: Adding duplicate image handler for 'Windows cursor file'
16:45:50: Debug: Adding duplicate image handler for 'Windows animated cursor file'
16:45:50: Debug: Adding duplicate image handler for 'TGA file'
16:45:50: Debug: Adding duplicate image handler for 'XPM file'
16:46:00: Debug: Adding duplicate image handler for 'PNG file'
16:46:00: Debug: Adding duplicate image handler for 'JPEG file'
16:46:00: Debug: Adding duplicate image handler for 'TIFF file'
16:46:00: Debug: Adding duplicate image handler for 'GIF file'
16:46:00: Debug: Adding duplicate image handler for 'PNM file'
16:46:00: Debug: Adding duplicate image handler for 'PCX file'
16:46:00: Debug: Adding duplicate image handler for 'IFF file'
16:46:00: Debug: Adding duplicate image handler for 'Windows icon file'
16:46:00: Debug: Adding duplicate image handler for 'Windows cursor file'
16:46:00: Debug: Adding duplicate image handler for 'Windows animated cursor file'
16:46:00: Debug: Adding duplicate image handler for 'TGA file'
16:46:00: Debug: Adding duplicate image handler for 'XPM file'
16:46:09: Debug: Adding duplicate image handler for 'PNG file'
16:46:09: Debug: Adding duplicate image handler for 'JPEG file'
16:46:09: Debug: Adding duplicate image handler for 'TIFF file'
16:46:09: Debug: Adding duplicate image handler for 'GIF file'
16:46:09: Debug: Adding duplicate image handler for 'PNM file'
16:46:09: Debug: Adding duplicate image handler for 'PCX file'
16:46:09: Debug: Adding duplicate image handler for 'IFF file'
16:46:09: Debug: Adding duplicate image handler for 'Windows icon file'
16:46:09: Debug: Adding duplicate image handler for 'Windows cursor file'
16:46:09: Debug: Adding duplicate image handler for 'Windows animated cursor file'
16:46:09: Debug: Adding duplicate image handler for 'TGA file'
16:46:09: Debug: Adding duplicate image handler for 'XPM file'
16:46:19: Debug: Adding duplicate image handler for 'PNG file'
16:46:19: Debug: Adding duplicate image handler for 'JPEG file'
16:46:19: Debug: Adding duplicate image handler for 'TIFF file'
16:46:19: Debug: Adding duplicate image handler for 'GIF file'
16:46:19: Debug: Adding duplicate image handler for 'PNM file'
16:46:19: Debug: Adding duplicate image handler for 'PCX file'
16:46:19: Debug: Adding duplicate image handler for 'IFF file'
16:46:19: Debug: Adding duplicate image handler for 'Windows icon file'
16:46:19: Debug: Adding duplicate image handler for 'Windows cursor file'
16:46:19: Debug: Adding duplicate image handler for 'Windows animated cursor file'
16:46:19: Debug: Adding duplicate image handler for 'TGA file'
16:46:19: Debug: Adding duplicate image handler for 'XPM file'
16:46:29: Debug: Adding duplicate image handler for 'PNG file'
16:46:29: Debug: Adding duplicate image handler for 'JPEG file'
16:46:29: Debug: Adding duplicate image handler for 'TIFF file'
16:46:29: Debug: Adding duplicate image handler for 'GIF file'
16:46:29: Debug: Adding duplicate image handler for 'PNM file'
16:46:29: Debug: Adding duplicate image handler for 'PCX file'
16:46:29: Debug: Adding duplicate image handler for 'IFF file'
16:46:29: Debug: Adding duplicate image handler for 'Windows icon file'
16:46:29: Debug: Adding duplicate image handler for 'Windows cursor file'
16:46:29: Debug: Adding duplicate image handler for 'Windows animated cursor file'
16:46:29: Debug: Adding duplicate image handler for 'TGA file'
16:46:29: Debug: Adding duplicate image handler for 'XPM file'
