> /usr/bin/python3 placement.py
placement: 20 parts
> /usr/bin/python3 build_board.py
Created P12 board: 20 footprints + 8 M3 holes; outline 160.0 x 136.0 ; rule areas: 
> /usr/bin/python3 set_stackup.py
2-layer stackup: Cu35/FR4 1.53/Cu35 (S1: 35 um); nominal 1.60 mm, mask separate.
> /usr/bin/python3 set_rules.py
Rules: clearance 0.25 / PWR 0.30, track 0.30 (Default) / P3V3 0.50 (3V3_IO) / PWR 1.00 (5V_SYS), vias 0.9/0.4 (ring 0.25); no DRC exclusions.
> /usr/bin/python3 export_dsn.py
P12: DSN exported.
> /usr/bin/python3 prepare_routing.py
Rules: clearance 0.25 / PWR 0.30, track 0.30 (Default) / P3V3 0.50 (3V3_IO) / PWR 1.00 (5V_SYS), vias 0.9/0.4 (ring 0.25); no DRC exclusions.
DSN: 26 keepouts (rule areas + edge strips); pre-routed board frozen.
> /usr/bin/python3 import_routing.py
SES imported; GND planes filled; saved native board.
> /usr/bin/python3 set_rules.py
Rules: clearance 0.25 / PWR 0.30, track 0.30 (Default) / P3V3 0.50 (3V3_IO) / PWR 1.00 (5V_SYS), vias 0.9/0.4 (ring 0.25); no DRC exclusions.
> /usr/bin/python3 cleanup.py --tidy
tidy (unconnected 2 left for the planner):  removed 0 redundant free items [] ; dropped 0 tiny; joined 0 near-miss ends; 0 duplicate, 0 via-on-THT-pad and 0 dead-end items; solid zone connection: none
> /usr/bin/python3 set_rules.py
Rules: clearance 0.25 / PWR 0.30, track 0.30 (Default) / P3V3 0.50 (3V3_IO) / PWR 1.00 (5V_SYS), vias 0.9/0.4 (ring 0.25); no DRC exclusions.
> /usr/bin/python3 stitch.py
GND stitching: 96 grid vias, pour islands {'F.Cu': 30, 'B.Cu': 15} -> {'F.Cu': 30, 'B.Cu': 15} | rescue: 6 vias, pour mm2 {'F.Cu': 15816.6, 'B.Cu': 18003.5} -> {'F.Cu': 16264.1, 'B.Cu': 18241.5} islands {'F.Cu': 35, 'B.Cu': 16} | tied GND clusters: 0 | GND pads not joined to J1.1: ['J8.3']
> /usr/bin/python3 set_rules.py
Rules: clearance 0.25 / PWR 0.30, track 0.30 (Default) / P3V3 0.50 (3V3_IO) / PWR 1.00 (5V_SYS), vias 0.9/0.4 (ring 0.25); no DRC exclusions.
> /usr/bin/python3 complete_routes.py
> /usr/bin/python3 set_rules.py
Rules: clearance 0.25 / PWR 0.30, track 0.30 (Default) / P3V3 0.50 (3V3_IO) / PWR 1.00 (5V_SYS), vias 0.9/0.4 (ring 0.25); no DRC exclusions.
> /usr/bin/python3 stitch.py
GND stitching: 2 grid vias, pour islands {'F.Cu': 36, 'B.Cu': 16} -> {'F.Cu': 36, 'B.Cu': 16} | rescue: 0 vias, pour mm2 {'F.Cu': 16290.8, 'B.Cu': 18241.5} -> {'F.Cu': 16290.8, 'B.Cu': 18241.5} islands {'F.Cu': 36, 'B.Cu': 16} | tied GND clusters: 0 | GND pads not joined to J1.1: none
> /usr/bin/python3 set_rules.py
Rules: clearance 0.25 / PWR 0.30, track 0.30 (Default) / P3V3 0.50 (3V3_IO) / PWR 1.00 (5V_SYS), vias 0.9/0.4 (ring 0.25); no DRC exclusions.
> /usr/bin/kicad-cli pcb drc --format json --severity-all --schematic-parity --all-track-errors --refill-zones -o routing/postroute-drc.json eda/P12.kicad_pcb
routing/postroute-drc.json {'starved_thermal': 6} unconnected 0 parity 0
> /usr/bin/python3 cleanup.py J13.13 J13.15 J15.7 J2.1 J8.1 J9.3
 removed 0 redundant free items [] ; dropped 0 tiny; joined 0 near-miss ends; 0 duplicate, 0 via-on-THT-pad and 0 dead-end items; solid zone connection: ['J13.13', 'J13.15', 'J15.7', 'J2.1', 'J8.1', 'J9.3']
> /usr/bin/python3 set_rules.py
Rules: clearance 0.25 / PWR 0.30, track 0.30 (Default) / P3V3 0.50 (3V3_IO) / PWR 1.00 (5V_SYS), vias 0.9/0.4 (ring 0.25); no DRC exclusions.
> /usr/bin/kicad-cli pcb drc --format json --severity-all --schematic-parity --all-track-errors --refill-zones -o routing/postclean-drc.json eda/P12.kicad_pcb
routing/postclean-drc.json {} unconnected 0 parity 0

22:30:15: Debug: Adding duplicate image handler for 'PNG file'
22:30:15: Debug: Adding duplicate image handler for 'JPEG file'
22:30:15: Debug: Adding duplicate image handler for 'TIFF file'
22:30:15: Debug: Adding duplicate image handler for 'GIF file'
22:30:15: Debug: Adding duplicate image handler for 'PNM file'
22:30:15: Debug: Adding duplicate image handler for 'PCX file'
22:30:15: Debug: Adding duplicate image handler for 'IFF file'
22:30:15: Debug: Adding duplicate image handler for 'Windows icon file'
22:30:15: Debug: Adding duplicate image handler for 'Windows cursor file'
22:30:15: Debug: Adding duplicate image handler for 'Windows animated cursor file'
22:30:15: Debug: Adding duplicate image handler for 'TGA file'
22:30:15: Debug: Adding duplicate image handler for 'XPM file'
22:31:15: Debug: Adding duplicate image handler for 'PNG file'
22:31:15: Debug: Adding duplicate image handler for 'JPEG file'
22:31:15: Debug: Adding duplicate image handler for 'TIFF file'
22:31:15: Debug: Adding duplicate image handler for 'GIF file'
22:31:15: Debug: Adding duplicate image handler for 'PNM file'
22:31:15: Debug: Adding duplicate image handler for 'PCX file'
22:31:15: Debug: Adding duplicate image handler for 'IFF file'
22:31:15: Debug: Adding duplicate image handler for 'Windows icon file'
22:31:15: Debug: Adding duplicate image handler for 'Windows cursor file'
22:31:15: Debug: Adding duplicate image handler for 'Windows animated cursor file'
22:31:15: Debug: Adding duplicate image handler for 'TGA file'
22:31:15: Debug: Adding duplicate image handler for 'XPM file'
22:31:23: Debug: Adding duplicate image handler for 'PNG file'
22:31:23: Debug: Adding duplicate image handler for 'JPEG file'
22:31:23: Debug: Adding duplicate image handler for 'TIFF file'
22:31:23: Debug: Adding duplicate image handler for 'GIF file'
22:31:23: Debug: Adding duplicate image handler for 'PNM file'
22:31:23: Debug: Adding duplicate image handler for 'PCX file'
22:31:23: Debug: Adding duplicate image handler for 'IFF file'
22:31:23: Debug: Adding duplicate image handler for 'Windows icon file'
22:31:23: Debug: Adding duplicate image handler for 'Windows cursor file'
22:31:23: Debug: Adding duplicate image handler for 'Windows animated cursor file'
22:31:23: Debug: Adding duplicate image handler for 'TGA file'
22:31:23: Debug: Adding duplicate image handler for 'XPM file'
