OK  null_control -> 0 failing checks
OK  conn_shift -> 4 failing checks
OK  conn_low -> 3 failing checks
OK  conn_turned -> 4 failing checks
OK  rows_swapped -> 5 failing checks
OK  hole_shift -> 1 failing checks
OK  zone_copper -> 2 failing checks
OK  v5_narrow -> 1 failing checks
OK  v3_narrow -> 1 failing checks
OK  pin_in_pin -> 2 failing checks
OK  pad_net -> 4 failing checks
OK  wrong_type -> 3 failing checks
OK  gnd_pour_removed -> 2 failing checks
OK  label_missing -> 1 failing checks
OK  label_swap -> 1 failing checks
OK  pin1_missing -> 1 failing checks
OK  small_text -> 2 failing checks
OK  label_on_body -> 3 failing checks
OK  back_text_on_hole -> 1 failing checks
OK  title_wrong -> 1 failing checks
OK  conn_shift_P04 -> 4 failing checks
OK  conn_high_P07 -> 4 failing checks
OK  pad_net_P07 -> 4 failing checks
OK  hole_shift_top -> 1 failing checks
OK  v5_narrow_top -> 1 failing checks
25 / 25 negative controls (with the null control)

22:31:42: Debug: Adding duplicate image handler for 'PNG file'
22:31:42: Debug: Adding duplicate image handler for 'JPEG file'
22:31:42: Debug: Adding duplicate image handler for 'TIFF file'
22:31:42: Debug: Adding duplicate image handler for 'GIF file'
22:31:42: Debug: Adding duplicate image handler for 'PNM file'
22:31:42: Debug: Adding duplicate image handler for 'PCX file'
22:31:42: Debug: Adding duplicate image handler for 'IFF file'
22:31:42: Debug: Adding duplicate image handler for 'Windows icon file'
22:31:42: Debug: Adding duplicate image handler for 'Windows cursor file'
22:31:42: Debug: Adding duplicate image handler for 'Windows animated cursor file'
22:31:42: Debug: Adding duplicate image handler for 'TGA file'
22:31:42: Debug: Adding duplicate image handler for 'XPM file'
22:31:52: Debug: Adding duplicate image handler for 'PNG file'
22:31:52: Debug: Adding duplicate image handler for 'JPEG file'
22:31:52: Debug: Adding duplicate image handler for 'TIFF file'
22:31:52: Debug: Adding duplicate image handler for 'GIF file'
22:31:52: Debug: Adding duplicate image handler for 'PNM file'
22:31:52: Debug: Adding duplicate image handler for 'PCX file'
22:31:52: Debug: Adding duplicate image handler for 'IFF file'
22:31:52: Debug: Adding duplicate image handler for 'Windows icon file'
22:31:52: Debug: Adding duplicate image handler for 'Windows cursor file'
22:31:52: Debug: Adding duplicate image handler for 'Windows animated cursor file'
22:31:52: Debug: Adding duplicate image handler for 'TGA file'
22:31:52: Debug: Adding duplicate image handler for 'XPM file'
22:32:01: Debug: Adding duplicate image handler for 'PNG file'
22:32:01: Debug: Adding duplicate image handler for 'JPEG file'
22:32:01: Debug: Adding duplicate image handler for 'TIFF file'
22:32:01: Debug: Adding duplicate image handler for 'GIF file'
22:32:01: Debug: Adding duplicate image handler for 'PNM file'
22:32:01: Debug: Adding duplicate image handler for 'PCX file'
22:32:01: Debug: Adding duplicate image handler for 'IFF file'
22:32:01: Debug: Adding duplicate image handler for 'Windows icon file'
22:32:01: Debug: Adding duplicate image handler for 'Windows cursor file'
22:32:01: Debug: Adding duplicate image handler for 'Windows animated cursor file'
22:32:01: Debug: Adding duplicate image handler for 'TGA file'
22:32:01: Debug: Adding duplicate image handler for 'XPM file'
22:32:11: Debug: Adding duplicate image handler for 'PNG file'
22:32:11: Debug: Adding duplicate image handler for 'JPEG file'
22:32:11: Debug: Adding duplicate image handler for 'TIFF file'
22:32:11: Debug: Adding duplicate image handler for 'GIF file'
22:32:11: Debug: Adding duplicate image handler for 'PNM file'
22:32:11: Debug: Adding duplicate image handler for 'PCX file'
22:32:11: Debug: Adding duplicate image handler for 'IFF file'
22:32:11: Debug: Adding duplicate image handler for 'Windows icon file'
22:32:11: Debug: Adding duplicate image handler for 'Windows cursor file'
22:32:11: Debug: Adding duplicate image handler for 'Windows animated cursor file'
22:32:11: Debug: Adding duplicate image handler for 'TGA file'
22:32:11: Debug: Adding duplicate image handler for 'XPM file'
22:32:20: Debug: Adding duplicate image handler for 'PNG file'
22:32:20: Debug: Adding duplicate image handler for 'JPEG file'
22:32:20: Debug: Adding duplicate image handler for 'TIFF file'
22:32:20: Debug: Adding duplicate image handler for 'GIF file'
22:32:20: Debug: Adding duplicate image handler for 'PNM file'
22:32:20: Debug: Adding duplicate image handler for 'PCX file'
22:32:20: Debug: Adding duplicate image handler for 'IFF file'
22:32:20: Debug: Adding duplicate image handler for 'Windows icon file'
22:32:20: Debug: Adding duplicate image handler for 'Windows cursor file'
22:32:20: Debug: Adding duplicate image handler for 'Windows animated cursor file'
22:32:20: Debug: Adding duplicate image handler for 'TGA file'
22:32:20: Debug: Adding duplicate image handler for 'XPM file'
22:32:30: Debug: Adding duplicate image handler for 'PNG file'
22:32:30: Debug: Adding duplicate image handler for 'JPEG file'
22:32:30: Debug: Adding duplicate image handler for 'TIFF file'
22:32:30: Debug: Adding duplicate image handler for 'GIF file'
22:32:30: Debug: Adding duplicate image handler for 'PNM file'
22:32:30: Debug: Adding duplicate image handler for 'PCX file'
22:32:30: Debug: Adding duplicate image handler for 'IFF file'
22:32:30: Debug: Adding duplicate image handler for 'Windows icon file'
22:32:30: Debug: Adding duplicate image handler for 'Windows cursor file'
22:32:30: Debug: Adding duplicate image handler for 'Windows animated cursor file'
22:32:30: Debug: Adding duplicate image handler for 'TGA file'
22:32:30: Debug: Adding duplicate image handler for 'XPM file'
22:32:39: Debug: Adding duplicate image handler for 'PNG file'
22:32:39: Debug: Adding duplicate image handler for 'JPEG file'
22:32:39: Debug: Adding duplicate image handler for 'TIFF file'
22:32:39: Debug: Adding duplicate image handler for 'GIF file'
22:32:39: Debug: Adding duplicate image handler for 'PNM file'
22:32:39: Debug: Adding duplicate image handler for 'PCX file'
22:32:39: Debug: Adding duplicate image handler for 'IFF file'
22:32:39: Debug: Adding duplicate image handler for 'Windows icon file'
22:32:39: Debug: Adding duplicate image handler for 'Windows cursor file'
22:32:39: Debug: Adding duplicate image handler for 'Windows animated cursor file'
22:32:39: Debug: Adding duplicate image handler for 'TGA file'
22:32:39: Debug: Adding duplicate image handler for 'XPM file'
22:32:49: Debug: Adding duplicate image handler for 'PNG file'
22:32:49: Debug: Adding duplicate image handler for 'JPEG file'
22:32:49: Debug: Adding duplicate image handler for 'TIFF file'
22:32:49: Debug: Adding duplicate image handler for 'GIF file'
22:32:49: Debug: Adding duplicate image handler for 'PNM file'
22:32:49: Debug: Adding duplicate image handler for 'PCX file'
22:32:49: Debug: Adding duplicate image handler for 'IFF file'
22:32:49: Debug: Adding duplicate image handler for 'Windows icon file'
22:32:49: Debug: Adding duplicate image handler for 'Windows cursor file'
22:32:49: Debug: Adding duplicate image handler for 'Windows animated cursor file'
22:32:49: Debug: Adding duplicate image handler for 'TGA file'
22:32:49: Debug: Adding duplicate image handler for 'XPM file'
22:32:58: Debug: Adding duplicate image handler for 'PNG file'
22:32:58: Debug: Adding duplicate image handler for 'JPEG file'
22:32:58: Debug: Adding duplicate image handler for 'TIFF file'
22:32:58: Debug: Adding duplicate image handler for 'GIF file'
22:32:58: Debug: Adding duplicate image handler for 'PNM file'
22:32:58: Debug: Adding duplicate image handler for 'PCX file'
22:32:58: Debug: Adding duplicate image handler for 'IFF file'
22:32:58: Debug: Adding duplicate image handler for 'Windows icon file'
22:32:58: Debug: Adding duplicate image handler for 'Windows cursor file'
22:32:58: Debug: Adding duplicate image handler for 'Windows animated cursor file'
22:32:58: Debug: Adding duplicate image handler for 'TGA file'
22:32:58: Debug: Adding duplicate image handler for 'XPM file'
22:33:08: Debug: Adding duplicate image handler for 'PNG file'
22:33:08: Debug: Adding duplicate image handler for 'JPEG file'
22:33:08: Debug: Adding duplicate image handler for 'TIFF file'
22:33:08: Debug: Adding duplicate image handler for 'GIF file'
22:33:08: Debug: Adding duplicate image handler for 'PNM file'
22:33:08: Debug: Adding duplicate image handler for 'PCX file'
22:33:08: Debug: Adding duplicate image handler for 'IFF file'
22:33:08: Debug: Adding duplicate image handler for 'Windows icon file'
22:33:08: Debug: Adding duplicate image handler for 'Windows cursor file'
22:33:08: Debug: Adding duplicate image handler for 'Windows animated cursor file'
22:33:08: Debug: Adding duplicate image handler for 'TGA file'
22:33:08: Debug: Adding duplicate image handler for 'XPM file'
22:33:18: Debug: Adding duplicate image handler for 'PNG file'
22:33:18: Debug: Adding duplicate image handler for 'JPEG file'
22:33:18: Debug: Adding duplicate image handler for 'TIFF file'
22:33:18: Debug: Adding duplicate image handler for 'GIF file'
22:33:18: Debug: Adding duplicate image handler for 'PNM file'
22:33:18: Debug: Adding duplicate image handler for 'PCX file'
22:33:18: Debug: Adding duplicate image handler for 'IFF file'
22:33:18: Debug: Adding duplicate image handler for 'Windows icon file'
22:33:18: Debug: Adding duplicate image handler for 'Windows cursor file'
22:33:18: Debug: Adding duplicate image handler for 'Windows animated cursor file'
22:33:18: Debug: Adding duplicate image handler for 'TGA file'
22:33:18: Debug: Adding duplicate image handler for 'XPM file'
22:33:28: Debug: Adding duplicate image handler for 'PNG file'
22:33:28: Debug: Adding duplicate image handler for 'JPEG file'
22:33:28: Debug: Adding duplicate image handler for 'TIFF file'
22:33:28: Debug: Adding duplicate image handler for 'GIF file'
22:33:28: Debug: Adding duplicate image handler for 'PNM file'
22:33:28: Debug: Adding duplicate image handler for 'PCX file'
22:33:28: Debug: Adding duplicate image handler for 'IFF file'
22:33:28: Debug: Adding duplicate image handler for 'Windows icon file'
22:33:28: Debug: Adding duplicate image handler for 'Windows cursor file'
22:33:28: Debug: Adding duplicate image handler for 'Windows animated cursor file'
22:33:28: Debug: Adding duplicate image handler for 'TGA file'
22:33:28: Debug: Adding duplicate image handler for 'XPM file'
22:33:37: Debug: Adding duplicate image handler for 'PNG file'
22:33:37: Debug: Adding duplicate image handler for 'JPEG file'
22:33:37: Debug: Adding duplicate image handler for 'TIFF file'
22:33:37: Debug: Adding duplicate image handler for 'GIF file'
22:33:37: Debug: Adding duplicate image handler for 'PNM file'
22:33:37: Debug: Adding duplicate image handler for 'PCX file'
22:33:37: Debug: Adding duplicate image handler for 'IFF file'
22:33:37: Debug: Adding duplicate image handler for 'Windows icon file'
22:33:37: Debug: Adding duplicate image handler for 'Windows cursor file'
22:33:37: Debug: Adding duplicate image handler for 'Windows animated cursor file'
22:33:37: Debug: Adding duplicate image handler for 'TGA file'
22:33:37: Debug: Adding duplicate image handler for 'XPM file'
22:33:47: Debug: Adding duplicate image handler for 'PNG file'
22:33:47: Debug: Adding duplicate image handler for 'JPEG file'
22:33:47: Debug: Adding duplicate image handler for 'TIFF file'
22:33:47: Debug: Adding duplicate image handler for 'GIF file'
22:33:47: Debug: Adding duplicate image handler for 'PNM file'
22:33:47: Debug: Adding duplicate image handler for 'PCX file'
22:33:47: Debug: Adding duplicate image handler for 'IFF file'
22:33:47: Debug: Adding duplicate image handler for 'Windows icon file'
22:33:47: Debug: Adding duplicate image handler for 'Windows cursor file'
22:33:47: Debug: Adding duplicate image handler for 'Windows animated cursor file'
22:33:47: Debug: Adding duplicate image handler for 'TGA file'
22:33:47: Debug: Adding duplicate image handler for 'XPM file'
22:33:57: Debug: Adding duplicate image handler for 'PNG file'
22:33:57: Debug: Adding duplicate image handler for 'JPEG file'
22:33:57: Debug: Adding duplicate image handler for 'TIFF file'
22:33:57: Debug: Adding duplicate image handler for 'GIF file'
22:33:57: Debug: Adding duplicate image handler for 'PNM file'
22:33:57: Debug: Adding duplicate image handler for 'PCX file'
22:33:57: Debug: Adding duplicate image handler for 'IFF file'
22:33:57: Debug: Adding duplicate image handler for 'Windows icon file'
22:33:57: Debug: Adding duplicate image handler for 'Windows cursor file'
22:33:57: Debug: Adding duplicate image handler for 'Windows animated cursor file'
22:33:57: Debug: Adding duplicate image handler for 'TGA file'
22:33:57: Debug: Adding duplicate image handler for 'XPM file'
22:34:06: Debug: Adding duplicate image handler for 'PNG file'
22:34:06: Debug: Adding duplicate image handler for 'JPEG file'
22:34:06: Debug: Adding duplicate image handler for 'TIFF file'
22:34:06: Debug: Adding duplicate image handler for 'GIF file'
22:34:06: Debug: Adding duplicate image handler for 'PNM file'
22:34:06: Debug: Adding duplicate image handler for 'PCX file'
22:34:06: Debug: Adding duplicate image handler for 'IFF file'
22:34:06: Debug: Adding duplicate image handler for 'Windows icon file'
22:34:06: Debug: Adding duplicate image handler for 'Windows cursor file'
22:34:06: Debug: Adding duplicate image handler for 'Windows animated cursor file'
22:34:06: Debug: Adding duplicate image handler for 'TGA file'
22:34:06: Debug: Adding duplicate image handler for 'XPM file'
22:34:16: Debug: Adding duplicate image handler for 'PNG file'
22:34:16: Debug: Adding duplicate image handler for 'JPEG file'
22:34:16: Debug: Adding duplicate image handler for 'TIFF file'
22:34:16: Debug: Adding duplicate image handler for 'GIF file'
22:34:16: Debug: Adding duplicate image handler for 'PNM file'
22:34:16: Debug: Adding duplicate image handler for 'PCX file'
22:34:16: Debug: Adding duplicate image handler for 'IFF file'
22:34:16: Debug: Adding duplicate image handler for 'Windows icon file'
22:34:16: Debug: Adding duplicate image handler for 'Windows cursor file'
22:34:16: Debug: Adding duplicate image handler for 'Windows animated cursor file'
22:34:16: Debug: Adding duplicate image handler for 'TGA file'
22:34:16: Debug: Adding duplicate image handler for 'XPM file'
22:34:26: Debug: Adding duplicate image handler for 'PNG file'
22:34:26: Debug: Adding duplicate image handler for 'JPEG file'
22:34:26: Debug: Adding duplicate image handler for 'TIFF file'
22:34:26: Debug: Adding duplicate image handler for 'GIF file'
22:34:26: Debug: Adding duplicate image handler for 'PNM file'
22:34:26: Debug: Adding duplicate image handler for 'PCX file'
22:34:26: Debug: Adding duplicate image handler for 'IFF file'
22:34:26: Debug: Adding duplicate image handler for 'Windows icon file'
22:34:26: Debug: Adding duplicate image handler for 'Windows cursor file'
22:34:26: Debug: Adding duplicate image handler for 'Windows animated cursor file'
22:34:26: Debug: Adding duplicate image handler for 'TGA file'
22:34:26: Debug: Adding duplicate image handler for 'XPM file'
22:34:35: Debug: Adding duplicate image handler for 'PNG file'
22:34:35: Debug: Adding duplicate image handler for 'JPEG file'
22:34:35: Debug: Adding duplicate image handler for 'TIFF file'
22:34:35: Debug: Adding duplicate image handler for 'GIF file'
22:34:35: Debug: Adding duplicate image handler for 'PNM file'
22:34:35: Debug: Adding duplicate image handler for 'PCX file'
22:34:35: Debug: Adding duplicate image handler for 'IFF file'
22:34:35: Debug: Adding duplicate image handler for 'Windows icon file'
22:34:35: Debug: Adding duplicate image handler for 'Windows cursor file'
22:34:35: Debug: Adding duplicate image handler for 'Windows animated cursor file'
22:34:35: Debug: Adding duplicate image handler for 'TGA file'
22:34:35: Debug: Adding duplicate image handler for 'XPM file'
22:34:44: Debug: Adding duplicate image handler for 'PNG file'
22:34:44: Debug: Adding duplicate image handler for 'JPEG file'
22:34:44: Debug: Adding duplicate image handler for 'TIFF file'
22:34:44: Debug: Adding duplicate image handler for 'GIF file'
22:34:44: Debug: Adding duplicate image handler for 'PNM file'
22:34:44: Debug: Adding duplicate image handler for 'PCX file'
22:34:44: Debug: Adding duplicate image handler for 'IFF file'
22:34:44: Debug: Adding duplicate image handler for 'Windows icon file'
22:34:44: Debug: Adding duplicate image handler for 'Windows cursor file'
22:34:44: Debug: Adding duplicate image handler for 'Windows animated cursor file'
22:34:44: Debug: Adding duplicate image handler for 'TGA file'
22:34:44: Debug: Adding duplicate image handler for 'XPM file'
22:34:54: Debug: Adding duplicate image handler for 'PNG file'
22:34:54: Debug: Adding duplicate image handler for 'JPEG file'
22:34:54: Debug: Adding duplicate image handler for 'TIFF file'
22:34:54: Debug: Adding duplicate image handler for 'GIF file'
22:34:54: Debug: Adding duplicate image handler for 'PNM file'
22:34:54: Debug: Adding duplicate image handler for 'PCX file'
22:34:54: Debug: Adding duplicate image handler for 'IFF file'
22:34:54: Debug: Adding duplicate image handler for 'Windows icon file'
22:34:54: Debug: Adding duplicate image handler for 'Windows cursor file'
22:34:54: Debug: Adding duplicate image handler for 'Windows animated cursor file'
22:34:54: Debug: Adding duplicate image handler for 'TGA file'
22:34:54: Debug: Adding duplicate image handler for 'XPM file'
22:35:03: Debug: Adding duplicate image handler for 'PNG file'
22:35:03: Debug: Adding duplicate image handler for 'JPEG file'
22:35:03: Debug: Adding duplicate image handler for 'TIFF file'
22:35:03: Debug: Adding duplicate image handler for 'GIF file'
22:35:03: Debug: Adding duplicate image handler for 'PNM file'
22:35:03: Debug: Adding duplicate image handler for 'PCX file'
22:35:03: Debug: Adding duplicate image handler for 'IFF file'
22:35:03: Debug: Adding duplicate image handler for 'Windows icon file'
22:35:03: Debug: Adding duplicate image handler for 'Windows cursor file'
22:35:03: Debug: Adding duplicate image handler for 'Windows animated cursor file'
22:35:03: Debug: Adding duplicate image handler for 'TGA file'
22:35:03: Debug: Adding duplicate image handler for 'XPM file'
22:35:13: Debug: Adding duplicate image handler for 'PNG file'
22:35:13: Debug: Adding duplicate image handler for 'JPEG file'
22:35:13: Debug: Adding duplicate image handler for 'TIFF file'
22:35:13: Debug: Adding duplicate image handler for 'GIF file'
22:35:13: Debug: Adding duplicate image handler for 'PNM file'
22:35:13: Debug: Adding duplicate image handler for 'PCX file'
22:35:13: Debug: Adding duplicate image handler for 'IFF file'
22:35:13: Debug: Adding duplicate image handler for 'Windows icon file'
22:35:13: Debug: Adding duplicate image handler for 'Windows cursor file'
22:35:13: Debug: Adding duplicate image handler for 'Windows animated cursor file'
22:35:13: Debug: Adding duplicate image handler for 'TGA file'
22:35:13: Debug: Adding duplicate image handler for 'XPM file'
22:35:22: Debug: Adding duplicate image handler for 'PNG file'
22:35:22: Debug: Adding duplicate image handler for 'JPEG file'
22:35:22: Debug: Adding duplicate image handler for 'TIFF file'
22:35:22: Debug: Adding duplicate image handler for 'GIF file'
22:35:22: Debug: Adding duplicate image handler for 'PNM file'
22:35:22: Debug: Adding duplicate image handler for 'PCX file'
22:35:22: Debug: Adding duplicate image handler for 'IFF file'
22:35:22: Debug: Adding duplicate image handler for 'Windows icon file'
22:35:22: Debug: Adding duplicate image handler for 'Windows cursor file'
22:35:22: Debug: Adding duplicate image handler for 'Windows animated cursor file'
22:35:22: Debug: Adding duplicate image handler for 'TGA file'
22:35:22: Debug: Adding duplicate image handler for 'XPM file'
