2026-09-26 10:50:04.829 INFO   Freerouting v2.1.0 (build-date: 2025-04-12)
2026-09-26 10:50:04.990 WARN   No default constructor found for field: currentLocale
2026-09-26 10:50:04.991 INFO   Settings were loaded from freerouting.json
2026-09-26 10:50:07.542 INFO   New version available: v2.4.1
2026-09-26 10:50:08.018 INFO   [122C7D\88F1A7] Job '122C7D\88F1A7' started at 2026-09-26T08:50:08.017594700Z
2026-09-26 10:50:25.413 INFO   [122C7D\88F1A7] Auto-router pass #1 on board 'bfb575bcf059a8e486bf052df95166b8' was completed in 16,98 seconds with the score of 898,84 (28 unrouted), using 123,36 CPU seconds and 4923 MB memory.
2026-09-26 10:50:33.076 INFO   [122C7D\88F1A7] Auto-router pass #2 on board '97c9e0314e30ba399139878aa4cd0dac' was completed in 7,58 seconds with the score of 937,39 (14 unrouted), using 247,97 CPU seconds and 7158 MB memory.
2026-09-26 10:50:38.487 INFO   [122C7D\88F1A7] Auto-router pass #3 on board '9d81a18984a4558ca80587008768b42b' was completed in 5,33 seconds with the score of 958,39 (5 unrouted), using 390,89 CPU seconds and 9210 MB memory.
2026-09-26 10:50:46.928 INFO   [122C7D\88F1A7] Auto-router pass #4 on board 'f68aaa5a1e3e5e40f932b3d6c268d89b' was completed in 8,38 seconds with the score of 963,99 (3 unrouted), using 632,39 CPU seconds and 11130 MB memory.
2026-09-26 10:50:48.165 INFO   [122C7D\88F1A7] Auto-router pass #5 on board '2d069ac311317bf6a185f10bf50a3a29' was completed in 1,12 seconds with the score of 965,71 (2 unrouted), using 666,69 CPU seconds and 11399 MB memory.
2026-09-26 10:50:49.062 INFO   [122C7D\88F1A7] Auto-router pass #6 on board '4e42f67116a8f32a9bf1f61c055b4957' was completed in 0,81 seconds with the score of 969,85, using 701,83 CPU seconds and 11709 MB memory.
2026-09-26 10:50:49.177 INFO   [122C7D\88F1A7] Auto-router pass #7 on board '327c5a4a06892ca84b80a601844ccad5' was completed in 0,03 seconds with the score of 969,85, using 701,83 CPU seconds and 11709 MB memory.
{
  "host": "KiCad's Pcbnew,10.0.6",
  "unit": "mm",
  "board": {
    "bounding_box": {
      "x": 1601.0,
      "y": 1.0,
      "width": -1.0,
      "height": -1201.0
    },
    "size": {
      "x": 0.0,
      "y": 0.0,
      "width": 1602.0,
      "height": 1202.0
    }
  },
  "layers": {
    "total_count": 2,
    "signal_count": 2
  },
  "items": {
    "total_count": 1554,
    "trace_count": 297,
    "via_count": 30,
    "conduction_area_count": 0,
    "drill_item_count": 349,
    "pin_count": 0,
    "component_count": 839,
    "other_count": 39
  },
  "components": {
    "total_count": 99
  },
  "pads": {
    "total_count": 349
  },
  "nets": {
    "total_count": 92,
    "class_count": 2
  },
  "connections": {
    "maximum_count": 486,
    "incomplete_count": 0
  },
  "traces": {
    "total_count": 297,
    "total_segment_count": 836,
    "total_length": 51718.848,
    "total_weighted_length": 2.0290829E8,
    "average_length": 174.13753,
    "total_vertical_length": 13755.302,
    "total_horizontal_length": 17134.031,
    "total_angled_length": 15826.682
  },
  "bends": {
    "total_count": 539,
    "90_degree_count": 1,
    "45_degree_count": 538,
    "other_angle_count": 0
  },
  "vias": {
    "total_count": 30,
    "through_hole_count": 30,
    "blind_count": 0,
    "buried_count": 0
  },
  "clearance_violations": {
    "total_count": 0
  }
}
