2026-09-27 13:10:00.091 INFO   Freerouting v2.1.0 (build-date: 2025-04-12)
2026-09-27 13:10:08.207 WARN   No default constructor found for field: currentLocale
2026-09-27 13:10:08.209 INFO   Settings were loaded from freerouting.json
2026-09-27 13:10:10.236 INFO   [641B89\C7995E] Job '641B89\C7995E' started at 2026-09-27T11:10:10.235522700Z
2026-09-27 13:10:10.254 INFO   New version available: v2.4.1
2026-09-27 13:10:12.693 INFO   [641B89\C7995E] Auto-router pass #1 on board 'a20163c91ee918845fa2cb12d97ca380' was completed in 2,24 seconds with the score of 863,79 (12 unrouted), using 2,72 CPU seconds and 656 MB memory.
2026-09-27 13:10:13.675 INFO   [641B89\C7995E] Auto-router pass #2 on board 'f54a3f4a064d7914c797b1ef719098bf' was completed in 0,95 seconds with the score of 874,06 (11 unrouted), using 5,55 CPU seconds and 1110 MB memory.
2026-09-27 13:10:14.461 INFO   [641B89\C7995E] Auto-router pass #3 on board '55d12e9c892424bd4c43d54c60652407' was completed in 0,76 seconds with the score of 874,15 (11 unrouted), using 9,31 CPU seconds and 1603 MB memory.
2026-09-27 13:10:18.410 INFO   [641B89\C7995E] Auto-router pass #4 on board 'cb47db7a693b83bf81a8d045f96ed0a0' was completed in 3,92 seconds with the score of 942,34 (2 unrouted), using 34,06 CPU seconds and 2767 MB memory.
2026-09-27 13:10:18.886 INFO   [641B89\C7995E] Auto-router pass #5 on board '197537f57c4d9a5ab9ab003cf4222975' was completed in 0,45 seconds with the score of 942,34 (2 unrouted), using 34,06 CPU seconds and 2767 MB memory.
2026-09-27 13:10:19.385 INFO   [641B89\C7995E] Auto-router pass #6 on board 'a249ec95b17dca5ed220043491d10118' was completed in 0,45 seconds with the score of 942,34 (2 unrouted), using 42,61 CPU seconds and 3154 MB memory.
2026-09-27 13:10:19.873 INFO   [641B89\C7995E] Auto-router pass #7 on board 'c14140bf55b7f72e50c7fac7c6ec48b2' was completed in 0,46 seconds with the score of 942,34 (2 unrouted), using 42,61 CPU seconds and 3154 MB memory.
2026-09-27 13:10:21.435 INFO   [641B89\C7995E] Restoring an earlier board that has the score of 942,34 (2 unrouted).
2026-09-27 13:10:21.435 INFO   [641B89\C7995E] Auto-router pass #8 on board '0201f417dca23ca9e6527c395a0b0a93' was completed in 1,53 seconds with the score of 942,34 (2 unrouted), using 62,42 CPU seconds and 3713 MB memory.
2026-09-27 13:10:21.915 INFO   [641B89\C7995E] Auto-router pass #9 on board '197537f57c4d9a5ab9ab003cf4222975' was completed in 0,47 seconds with the score of 942,34 (2 unrouted), using 62,42 CPU seconds and 3713 MB memory.
2026-09-27 13:10:22.379 INFO   [641B89\C7995E] Auto-router pass #10 on board 'be13ee05599f6b4e3a7f3e4160ad74a4' was completed in 0,43 seconds with the score of 942,34 (2 unrouted), using 73,69 CPU seconds and 4032 MB memory.
2026-09-27 13:10:22.837 INFO   [641B89\C7995E] Auto-router pass #11 on board '6d859a90b20a3f80bece5ee2825e8eb9' was completed in 0,43 seconds with the score of 942,34 (2 unrouted), using 73,69 CPU seconds and 4032 MB memory.
2026-09-27 13:10:23.586 INFO   [641B89\C7995E] Auto-router pass #12 on board '135ffe87229307ef8803da9183993377' was completed in 0,72 seconds with the score of 950,41 (1 unrouted), using 85,86 CPU seconds and 4381 MB memory.
2026-09-27 13:10:23.703 INFO   [641B89\C7995E] Auto-router pass #13 on board 'cb3f6a0e43b91e11e0e252f7b42e9b90' was completed in 0,10 seconds with the score of 950,80 (1 unrouted), using 85,86 CPU seconds and 4381 MB memory.
2026-09-27 13:10:23.982 INFO   [641B89\C7995E] Auto-router pass #14 on board 'ef054c6374779f9713a5106f9c832862' was completed in 0,25 seconds with the score of 950,80 (1 unrouted), using 85,86 CPU seconds and 4381 MB memory.
2026-09-27 13:10:24.219 INFO   [641B89\C7995E] Auto-router pass #15 on board 'ef054c6374779f9713a5106f9c832862' was completed in 0,23 seconds with the score of 950,80 (1 unrouted), using 85,86 CPU seconds and 4381 MB memory.
2026-09-27 13:10:24.959 INFO   [641B89\C7995E] Restoring an earlier board that has the score of 950,80 (1 unrouted).
2026-09-27 13:10:24.961 INFO   [641B89\C7995E] Auto-router pass #16 on board 'ef054c6374779f9713a5106f9c832862' was completed in 0,74 seconds with the score of 950,80 (1 unrouted), using 98,98 CPU seconds and 4784 MB memory.
2026-09-27 13:10:25.141 INFO   [641B89\C7995E] Auto-router pass #17 on board 'ef054c6374779f9713a5106f9c832862' was completed in 0,17 seconds with the score of 950,80 (1 unrouted), using 98,98 CPU seconds and 4784 MB memory.
2026-09-27 13:10:25.304 INFO   [641B89\C7995E] Auto-router pass #18 on board 'ef054c6374779f9713a5106f9c832862' was completed in 0,16 seconds with the score of 950,80 (1 unrouted), using 98,98 CPU seconds and 4784 MB memory.
2026-09-27 13:10:25.439 INFO   [641B89\C7995E] Auto-router pass #19 on board 'ef054c6374779f9713a5106f9c832862' was completed in 0,13 seconds with the score of 950,80 (1 unrouted), using 113,06 CPU seconds and 5171 MB memory.
2026-09-27 13:10:25.861 INFO   [641B89\C7995E] Restoring an earlier board that has the score of 950,80 (1 unrouted).
2026-09-27 13:10:25.862 INFO   [641B89\C7995E] Auto-router pass #20 on board 'ef054c6374779f9713a5106f9c832862' was completed in 0,42 seconds with the score of 950,80 (1 unrouted), using 113,06 CPU seconds and 5171 MB memory.
2026-09-27 13:10:25.995 INFO   [641B89\C7995E] Auto-router pass #21 on board 'ef054c6374779f9713a5106f9c832862' was completed in 0,13 seconds with the score of 950,80 (1 unrouted), using 113,06 CPU seconds and 5171 MB memory.
2026-09-27 13:10:26.124 INFO   [641B89\C7995E] Auto-router pass #22 on board 'ef054c6374779f9713a5106f9c832862' was completed in 0,12 seconds with the score of 950,80 (1 unrouted), using 113,06 CPU seconds and 5171 MB memory.
2026-09-27 13:10:26.254 INFO   [641B89\C7995E] Auto-router pass #23 on board 'ef054c6374779f9713a5106f9c832862' was completed in 0,12 seconds with the score of 950,80 (1 unrouted), using 113,06 CPU seconds and 5171 MB memory.
2026-09-27 13:10:26.791 INFO   [641B89\C7995E] Restoring an earlier board that has the score of 950,80 (1 unrouted).
2026-09-27 13:10:26.792 INFO   [641B89\C7995E] Auto-router pass #24 on board 'ef054c6374779f9713a5106f9c832862' was completed in 0,53 seconds with the score of 950,80 (1 unrouted), using 128,12 CPU seconds and 5620 MB memory.
2026-09-27 13:10:26.936 INFO   [641B89\C7995E] Auto-router pass #25 on board 'ef054c6374779f9713a5106f9c832862' was completed in 0,14 seconds with the score of 950,80 (1 unrouted), using 128,12 CPU seconds and 5620 MB memory.
2026-09-27 13:10:27.182 INFO   [641B89\C7995E] Auto-router pass #26 on board 'ef054c6374779f9713a5106f9c832862' was completed in 0,24 seconds with the score of 950,80 (1 unrouted), using 128,12 CPU seconds and 5620 MB memory.
2026-09-27 13:10:27.347 INFO   [641B89\C7995E] Auto-router pass #27 on board 'ef054c6374779f9713a5106f9c832862' was completed in 0,16 seconds with the score of 950,80 (1 unrouted), using 128,12 CPU seconds and 5620 MB memory.
2026-09-27 13:10:27.851 INFO   [641B89\C7995E] Restoring an earlier board that has the score of 950,80 (1 unrouted).
2026-09-27 13:10:27.852 INFO   [641B89\C7995E] Auto-router pass #28 on board 'ef054c6374779f9713a5106f9c832862' was completed in 0,50 seconds with the score of 950,80 (1 unrouted), using 144,16 CPU seconds and 6084 MB memory.
2026-09-27 13:10:27.998 INFO   [641B89\C7995E] Auto-router pass #29 on board 'ef054c6374779f9713a5106f9c832862' was completed in 0,14 seconds with the score of 950,80 (1 unrouted), using 144,16 CPU seconds and 6084 MB memory.
2026-09-27 13:10:28.150 INFO   [641B89\C7995E] Auto-router pass #30 on board 'ef054c6374779f9713a5106f9c832862' was completed in 0,14 seconds with the score of 950,80 (1 unrouted), using 144,16 CPU seconds and 6084 MB memory.
2026-09-27 13:10:28.316 INFO   [641B89\C7995E] Auto-router pass #31 on board 'ef054c6374779f9713a5106f9c832862' was completed in 0,16 seconds with the score of 950,80 (1 unrouted), using 144,16 CPU seconds and 6084 MB memory.
2026-09-27 13:10:29.081 INFO   [641B89\C7995E] Restoring an earlier board that has the score of 950,41 (1 unrouted).
2026-09-27 13:10:29.083 INFO   [641B89\C7995E] Auto-router pass #32 on board 'ef054c6374779f9713a5106f9c832862' was completed in 0,76 seconds with the score of 950,80 (1 unrouted), using 161,17 CPU seconds and 6523 MB memory.
2026-09-27 13:10:29.210 INFO   [641B89\C7995E] Auto-router pass #33 on board 'cb3f6a0e43b91e11e0e252f7b42e9b90' was completed in 0,12 seconds with the score of 950,80 (1 unrouted), using 161,17 CPU seconds and 6523 MB memory.
2026-09-27 13:10:29.343 INFO   [641B89\C7995E] Auto-router pass #34 on board 'ef054c6374779f9713a5106f9c832862' was completed in 0,13 seconds with the score of 950,80 (1 unrouted), using 161,17 CPU seconds and 6523 MB memory.
2026-09-27 13:10:29.472 INFO   [641B89\C7995E] Auto-router pass #35 on board 'ef054c6374779f9713a5106f9c832862' was completed in 0,13 seconds with the score of 950,80 (1 unrouted), using 179,16 CPU seconds and 6875 MB memory.
2026-09-27 13:10:30.027 INFO   [641B89\C7995E] Restoring an earlier board that has the score of 950,41 (1 unrouted).
2026-09-27 13:10:30.029 INFO   [641B89\C7995E] Auto-router pass #36 on board 'ef054c6374779f9713a5106f9c832862' was completed in 0,55 seconds with the score of 950,80 (1 unrouted), using 179,16 CPU seconds and 6875 MB memory.
2026-09-27 13:10:30.133 INFO   [641B89\C7995E] Auto-router pass #37 on board 'cb3f6a0e43b91e11e0e252f7b42e9b90' was completed in 0,10 seconds with the score of 950,80 (1 unrouted), using 179,16 CPU seconds and 6875 MB memory.
2026-09-27 13:10:30.382 INFO   [641B89\C7995E] Auto-router pass #38 on board 'ef054c6374779f9713a5106f9c832862' was completed in 0,24 seconds with the score of 950,80 (1 unrouted), using 179,16 CPU seconds and 6875 MB memory.
2026-09-27 13:10:30.544 INFO   [641B89\C7995E] Auto-router pass #39 on board 'ef054c6374779f9713a5106f9c832862' was completed in 0,15 seconds with the score of 950,80 (1 unrouted), using 198,11 CPU seconds and 7273 MB memory.
2026-09-27 13:10:31.047 INFO   [641B89\C7995E] Restoring an earlier board that has the score of 950,41 (1 unrouted).
2026-09-27 13:10:31.047 INFO   [641B89\C7995E] Auto-router pass #40 on board 'ef054c6374779f9713a5106f9c832862' was completed in 0,49 seconds with the score of 950,80 (1 unrouted), using 198,11 CPU seconds and 7273 MB memory.
2026-09-27 13:10:31.150 INFO   [641B89\C7995E] Auto-router pass #41 on board 'cb3f6a0e43b91e11e0e252f7b42e9b90' was completed in 0,10 seconds with the score of 950,80 (1 unrouted), using 198,11 CPU seconds and 7273 MB memory.
2026-09-27 13:10:31.343 INFO   [641B89\C7995E] Auto-router pass #42 on board 'ef054c6374779f9713a5106f9c832862' was completed in 0,19 seconds with the score of 950,80 (1 unrouted), using 198,11 CPU seconds and 7273 MB memory.
2026-09-27 13:10:31.477 INFO   [641B89\C7995E] Auto-router pass #43 on board 'ef054c6374779f9713a5106f9c832862' was completed in 0,13 seconds with the score of 950,80 (1 unrouted), using 218,03 CPU seconds and 7669 MB memory.
2026-09-27 13:10:32.140 INFO   [641B89\C7995E] Restoring an earlier board that has the score of 950,41 (1 unrouted).
2026-09-27 13:10:32.142 INFO   [641B89\C7995E] Auto-router pass #44 on board 'ef054c6374779f9713a5106f9c832862' was completed in 0,66 seconds with the score of 950,80 (1 unrouted), using 218,03 CPU seconds and 7669 MB memory.
2026-09-27 13:10:32.237 INFO   [641B89\C7995E] Auto-router pass #45 on board 'cb3f6a0e43b91e11e0e252f7b42e9b90' was completed in 0,09 seconds with the score of 950,80 (1 unrouted), using 218,03 CPU seconds and 7669 MB memory.
2026-09-27 13:10:32.338 INFO   [641B89\C7995E] Auto-router pass #46 on board 'ef054c6374779f9713a5106f9c832862' was completed in 0,10 seconds with the score of 950,80 (1 unrouted), using 218,03 CPU seconds and 7669 MB memory.
2026-09-27 13:10:32.439 INFO   [641B89\C7995E] Auto-router pass #47 on board 'ef054c6374779f9713a5106f9c832862' was completed in 0,10 seconds with the score of 950,80 (1 unrouted), using 218,03 CPU seconds and 7669 MB memory.
2026-09-27 13:10:32.701 INFO   [641B89\C7995E] Restoring an earlier board that has the score of 942,34 (2 unrouted).
2026-09-27 13:10:32.701 INFO   [641B89\C7995E] Auto-router pass #48 on board 'ef054c6374779f9713a5106f9c832862' was completed in 0,26 seconds with the score of 950,80 (1 unrouted), using 238,95 CPU seconds and 8098 MB memory.
2026-09-27 13:10:32.918 INFO   [641B89\C7995E] Auto-router pass #49 on board '197537f57c4d9a5ab9ab003cf4222975' was completed in 0,21 seconds with the score of 942,34 (2 unrouted), using 238,95 CPU seconds and 8098 MB memory.
2026-09-27 13:10:33.288 INFO   [641B89\C7995E] Auto-router pass #50 on board '359f98074994841c02f1997c59ae72a6' was completed in 0,36 seconds with the score of 942,34 (2 unrouted), using 238,95 CPU seconds and 8098 MB memory.
2026-09-27 13:10:33.562 INFO   [641B89\C7995E] Auto-router pass #51 on board '90bd77a38fb346b17c899b3934fe923b' was completed in 0,26 seconds with the score of 942,34 (2 unrouted), using 260,88 CPU seconds and 8668 MB memory.
2026-09-27 13:10:34.189 INFO   [641B89\C7995E] Restoring an earlier board that has the score of 942,34 (2 unrouted).
2026-09-27 13:10:34.189 INFO   [641B89\C7995E] Auto-router pass #52 on board 'a8560c6b46a40b12a3dbaf5577b85996' was completed in 0,61 seconds with the score of 942,34 (2 unrouted), using 260,88 CPU seconds and 8668 MB memory.
2026-09-27 13:10:34.507 INFO   [641B89\C7995E] Auto-router pass #53 on board '197537f57c4d9a5ab9ab003cf4222975' was completed in 0,31 seconds with the score of 942,34 (2 unrouted), using 283,78 CPU seconds and 9117 MB memory.
2026-09-27 13:10:34.802 INFO   [641B89\C7995E] Auto-router pass #54 on board '25ea55685c84931179b15888f3bce2d6' was completed in 0,28 seconds with the score of 942,34 (2 unrouted), using 283,78 CPU seconds and 9117 MB memory.
2026-09-27 13:10:35.067 INFO   [641B89\C7995E] Auto-router pass #55 on board '4e5ef1835c8a5a40cd67446746094391' was completed in 0,25 seconds with the score of 942,34 (2 unrouted), using 283,78 CPU seconds and 9117 MB memory.
2026-09-27 13:10:35.715 INFO   [641B89\C7995E] Restoring an earlier board that has the score of 942,34 (2 unrouted).
2026-09-27 13:10:35.716 INFO   [641B89\C7995E] Auto-router pass #56 on board 'd38600917bf44b4f84cbf6dd59806265' was completed in 0,64 seconds with the score of 950,41 (1 unrouted), using 307,67 CPU seconds and 9576 MB memory.
2026-09-27 13:10:35.973 INFO   [641B89\C7995E] Auto-router pass #57 on board '197537f57c4d9a5ab9ab003cf4222975' was completed in 0,25 seconds with the score of 942,34 (2 unrouted), using 307,67 CPU seconds and 9576 MB memory.
2026-09-27 13:10:36.201 INFO   [641B89\C7995E] Auto-router pass #58 on board 'cba5b4fcbe1739751ccac059695cb702' was completed in 0,22 seconds with the score of 942,34 (2 unrouted), using 307,67 CPU seconds and 9576 MB memory.
2026-09-27 13:10:36.568 INFO   [641B89\C7995E] Auto-router pass #59 on board 'ca06e10d03d45d86f41f5ad1fa1576de' was completed in 0,34 seconds with the score of 942,34 (2 unrouted), using 332,58 CPU seconds and 10096 MB memory.
2026-09-27 13:10:37.059 INFO   [641B89\C7995E] Restoring an earlier board that has the score of 942,34 (2 unrouted).
2026-09-27 13:10:37.060 INFO   [641B89\C7995E] Auto-router pass #60 on board '1a72fcffe4b3d5a61cc37c361e866539' was completed in 0,48 seconds with the score of 950,48 (1 unrouted), using 332,58 CPU seconds and 10096 MB memory.
2026-09-27 13:10:37.378 INFO   [641B89\C7995E] Auto-router pass #61 on board 'a249ec95b17dca5ed220043491d10118' was completed in 0,31 seconds with the score of 942,34 (2 unrouted), using 332,58 CPU seconds and 10096 MB memory.
2026-09-27 13:10:37.721 INFO   [641B89\C7995E] Auto-router pass #62 on board '579f54f7bd808155f3ee985f1052e078' was completed in 0,32 seconds with the score of 942,34 (2 unrouted), using 358,44 CPU seconds and 10572 MB memory.
2026-09-27 13:10:38.075 INFO   [641B89\C7995E] Auto-router pass #63 on board '55bede237b5e2b6be7c14002e8b099a8' was completed in 0,34 seconds with the score of 942,34 (2 unrouted), using 358,44 CPU seconds and 10572 MB memory.
2026-09-27 13:10:38.989 INFO   [641B89\C7995E] Auto-router pass #64 on board 'cde38c9515ce25b9e02aad2cbda7274b' was completed in 0,90 seconds with the score of 950,80 (1 unrouted), using 385,22 CPU seconds and 11022 MB memory.
2026-09-27 13:10:39.175 INFO   [641B89\C7995E] Auto-router pass #65 on board '9e70d868dfda7172ddca4e049168d056' was completed in 0,17 seconds with the score of 950,80 (1 unrouted), using 385,22 CPU seconds and 11022 MB memory.
2026-09-27 13:10:39.369 INFO   [641B89\C7995E] Auto-router pass #66 on board '9e70d868dfda7172ddca4e049168d056' was completed in 0,19 seconds with the score of 950,80 (1 unrouted), using 385,22 CPU seconds and 11022 MB memory.
2026-09-27 13:10:39.545 INFO   [641B89\C7995E] Auto-router pass #67 on board '9e70d868dfda7172ddca4e049168d056' was completed in 0,17 seconds with the score of 950,80 (1 unrouted), using 385,22 CPU seconds and 11022 MB memory.
2026-09-27 13:10:39.869 INFO   [641B89\C7995E] Restoring an earlier board that has the score of 950,80 (1 unrouted).
2026-09-27 13:10:39.870 INFO   [641B89\C7995E] Auto-router pass #68 on board '9e70d868dfda7172ddca4e049168d056' was completed in 0,32 seconds with the score of 950,80 (1 unrouted), using 412,97 CPU seconds and 11521 MB memory.
2026-09-27 13:10:40.043 INFO   [641B89\C7995E] Auto-router pass #69 on board '9e70d868dfda7172ddca4e049168d056' was completed in 0,17 seconds with the score of 950,80 (1 unrouted), using 412,97 CPU seconds and 11521 MB memory.
2026-09-27 13:10:40.235 INFO   [641B89\C7995E] Auto-router pass #70 on board '9e70d868dfda7172ddca4e049168d056' was completed in 0,19 seconds with the score of 950,80 (1 unrouted), using 412,97 CPU seconds and 11521 MB memory.
2026-09-27 13:10:40.458 INFO   [641B89\C7995E] Auto-router pass #71 on board '9e70d868dfda7172ddca4e049168d056' was completed in 0,22 seconds with the score of 950,80 (1 unrouted), using 412,97 CPU seconds and 11521 MB memory.
2026-09-27 13:10:40.858 INFO   [641B89\C7995E] Restoring an earlier board that has the score of 950,80 (1 unrouted).
2026-09-27 13:10:40.859 INFO   [641B89\C7995E] Auto-router pass #72 on board '9e70d868dfda7172ddca4e049168d056' was completed in 0,40 seconds with the score of 950,80 (1 unrouted), using 441,70 CPU seconds and 12008 MB memory.
2026-09-27 13:10:41.009 INFO   [641B89\C7995E] Auto-router pass #73 on board '9e70d868dfda7172ddca4e049168d056' was completed in 0,14 seconds with the score of 950,80 (1 unrouted), using 441,70 CPU seconds and 12008 MB memory.
2026-09-27 13:10:41.214 INFO   [641B89\C7995E] Auto-router pass #74 on board '9e70d868dfda7172ddca4e049168d056' was completed in 0,19 seconds with the score of 950,80 (1 unrouted), using 441,70 CPU seconds and 12008 MB memory.
2026-09-27 13:10:41.363 INFO   [641B89\C7995E] Auto-router pass #75 on board '9e70d868dfda7172ddca4e049168d056' was completed in 0,14 seconds with the score of 950,80 (1 unrouted), using 441,70 CPU seconds and 12008 MB memory.
2026-09-27 13:10:41.774 INFO   [641B89\C7995E] Restoring an earlier board that has the score of 950,80 (1 unrouted).
2026-09-27 13:10:41.774 INFO   [641B89\C7995E] Auto-router pass #76 on board '9e70d868dfda7172ddca4e049168d056' was completed in 0,40 seconds with the score of 950,80 (1 unrouted), using 471,41 CPU seconds and 12429 MB memory.
2026-09-27 13:10:42.061 INFO   [641B89\C7995E] Auto-router pass #77 on board '9e70d868dfda7172ddca4e049168d056' was completed in 0,28 seconds with the score of 950,80 (1 unrouted), using 471,41 CPU seconds and 12429 MB memory.
2026-09-27 13:10:42.322 INFO   [641B89\C7995E] Auto-router pass #78 on board '9e70d868dfda7172ddca4e049168d056' was completed in 0,25 seconds with the score of 950,80 (1 unrouted), using 471,41 CPU seconds and 12429 MB memory.
2026-09-27 13:10:42.605 INFO   [641B89\C7995E] Auto-router pass #79 on board '9e70d868dfda7172ddca4e049168d056' was completed in 0,28 seconds with the score of 950,80 (1 unrouted), using 502,05 CPU seconds and 12820 MB memory.
2026-09-27 13:10:43.130 INFO   [641B89\C7995E] Restoring an earlier board that has the score of 950,80 (1 unrouted).
2026-09-27 13:10:43.130 INFO   [641B89\C7995E] Auto-router pass #80 on board '9e70d868dfda7172ddca4e049168d056' was completed in 0,52 seconds with the score of 950,80 (1 unrouted), using 502,05 CPU seconds and 12820 MB memory.
2026-09-27 13:10:43.251 INFO   [641B89\C7995E] Auto-router pass #81 on board '9e70d868dfda7172ddca4e049168d056' was completed in 0,12 seconds with the score of 950,80 (1 unrouted), using 502,05 CPU seconds and 12820 MB memory.
2026-09-27 13:10:43.448 INFO   [641B89\C7995E] Auto-router pass #82 on board '9e70d868dfda7172ddca4e049168d056' was completed in 0,19 seconds with the score of 950,80 (1 unrouted), using 502,05 CPU seconds and 12820 MB memory.
2026-09-27 13:10:43.609 INFO   [641B89\C7995E] Auto-router pass #83 on board '9e70d868dfda7172ddca4e049168d056' was completed in 0,15 seconds with the score of 950,80 (1 unrouted), using 533,62 CPU seconds and 13271 MB memory.
2026-09-27 13:10:44.028 INFO   [641B89\C7995E] Restoring an earlier board that has the score of 942,34 (2 unrouted).
2026-09-27 13:10:44.029 INFO   [641B89\C7995E] Auto-router pass #84 on board '9e70d868dfda7172ddca4e049168d056' was completed in 0,41 seconds with the score of 950,80 (1 unrouted), using 533,62 CPU seconds and 13271 MB memory.
2026-09-27 13:10:44.338 INFO   [641B89\C7995E] Auto-router pass #85 on board 'a249ec95b17dca5ed220043491d10118' was completed in 0,30 seconds with the score of 942,34 (2 unrouted), using 533,62 CPU seconds and 13271 MB memory.
2026-09-27 13:10:44.716 INFO   [641B89\C7995E] Auto-router pass #86 on board '1767c6fb26e24febf5fc49e865cadf41' was completed in 0,36 seconds with the score of 942,34 (2 unrouted), using 566,19 CPU seconds and 13744 MB memory.
2026-09-27 13:10:45.159 INFO   [641B89\C7995E] Auto-router pass #87 on board 'cbb3e49659dd5834d9b961ed9de0f6a1' was completed in 0,41 seconds with the score of 942,34 (2 unrouted), using 566,19 CPU seconds and 13744 MB memory.
2026-09-27 13:10:46.087 INFO   [641B89\C7995E] Auto-router pass #88 on board '29ff6878bc33ea309ea7808247287e9d' was completed in 0,90 seconds with the score of 950,87 (1 unrouted), using 599,70 CPU seconds and 14035 MB memory.
2026-09-27 13:10:46.332 INFO   [641B89\C7995E] Auto-router pass #89 on board 'c072c56e05eaf334fd5a331d9f125f34' was completed in 0,23 seconds with the score of 950,87 (1 unrouted), using 599,70 CPU seconds and 14035 MB memory.
2026-09-27 13:10:46.545 INFO   [641B89\C7995E] Auto-router pass #90 on board 'c072c56e05eaf334fd5a331d9f125f34' was completed in 0,20 seconds with the score of 950,87 (1 unrouted), using 599,70 CPU seconds and 14035 MB memory.
2026-09-27 13:10:46.725 INFO   [641B89\C7995E] Auto-router pass #91 on board 'c072c56e05eaf334fd5a331d9f125f34' was completed in 0,17 seconds with the score of 950,87 (1 unrouted), using 634,20 CPU seconds and 14452 MB memory.
2026-09-27 13:10:47.368 INFO   [641B89\C7995E] Restoring an earlier board that has the score of 950,87 (1 unrouted).
2026-09-27 13:10:47.369 INFO   [641B89\C7995E] Auto-router pass #92 on board 'c072c56e05eaf334fd5a331d9f125f34' was completed in 0,64 seconds with the score of 950,87 (1 unrouted), using 634,20 CPU seconds and 14452 MB memory.
2026-09-27 13:10:47.556 INFO   [641B89\C7995E] Auto-router pass #93 on board 'c072c56e05eaf334fd5a331d9f125f34' was completed in 0,18 seconds with the score of 950,87 (1 unrouted), using 634,20 CPU seconds and 14452 MB memory.
2026-09-27 13:10:47.695 INFO   [641B89\C7995E] Auto-router pass #94 on board 'c072c56e05eaf334fd5a331d9f125f34' was completed in 0,14 seconds with the score of 950,87 (1 unrouted), using 669,69 CPU seconds and 14885 MB memory.
2026-09-27 13:10:47.817 INFO   [641B89\C7995E] Auto-router pass #95 on board 'c072c56e05eaf334fd5a331d9f125f34' was completed in 0,12 seconds with the score of 950,87 (1 unrouted), using 669,69 CPU seconds and 14885 MB memory.
2026-09-27 13:10:48.207 INFO   [641B89\C7995E] Restoring an earlier board that has the score of 950,87 (1 unrouted).
2026-09-27 13:10:48.208 INFO   [641B89\C7995E] Auto-router pass #96 on board 'c072c56e05eaf334fd5a331d9f125f34' was completed in 0,38 seconds with the score of 950,87 (1 unrouted), using 669,69 CPU seconds and 14885 MB memory.
2026-09-27 13:10:48.324 INFO   [641B89\C7995E] Auto-router pass #97 on board 'c072c56e05eaf334fd5a331d9f125f34' was completed in 0,11 seconds with the score of 950,87 (1 unrouted), using 669,69 CPU seconds and 14885 MB memory.
2026-09-27 13:10:48.533 INFO   [641B89\C7995E] Auto-router pass #98 on board 'c072c56e05eaf334fd5a331d9f125f34' was completed in 0,20 seconds with the score of 950,87 (1 unrouted), using 669,69 CPU seconds and 14885 MB memory.
2026-09-27 13:10:48.666 INFO   [641B89\C7995E] Auto-router pass #99 on board 'c072c56e05eaf334fd5a331d9f125f34' was completed in 0,13 seconds with the score of 950,87 (1 unrouted), using 706,17 CPU seconds and 15360 MB memory.
2026-09-27 13:10:49.255 INFO   [641B89\C7995E] Restoring an earlier board that has the score of 950,87 (1 unrouted).
2026-09-27 13:10:49.257 INFO   [641B89\C7995E] Auto-router pass #100 on board 'c072c56e05eaf334fd5a331d9f125f34' was completed in 0,58 seconds with the score of 950,87 (1 unrouted), using 706,17 CPU seconds and 15360 MB memory.
2026-09-27 13:10:49.477 INFO   [641B89\C7995E] Auto-router pass #101 on board 'c072c56e05eaf334fd5a331d9f125f34' was completed in 0,21 seconds with the score of 950,87 (1 unrouted), using 706,17 CPU seconds and 15360 MB memory.
2026-09-27 13:10:49.657 INFO   [641B89\C7995E] Auto-router pass #102 on board 'c072c56e05eaf334fd5a331d9f125f34' was completed in 0,17 seconds with the score of 950,87 (1 unrouted), using 743,64 CPU seconds and 15800 MB memory.
2026-09-27 13:10:49.812 INFO   [641B89\C7995E] Auto-router pass #103 on board 'c072c56e05eaf334fd5a331d9f125f34' was completed in 0,15 seconds with the score of 950,87 (1 unrouted), using 743,64 CPU seconds and 15800 MB memory.
2026-09-27 13:10:50.190 INFO   [641B89\C7995E] Restoring an earlier board that has the score of 950,87 (1 unrouted).
2026-09-27 13:10:50.190 INFO   [641B89\C7995E] Auto-router pass #104 on board 'c072c56e05eaf334fd5a331d9f125f34' was completed in 0,37 seconds with the score of 950,87 (1 unrouted), using 743,64 CPU seconds and 15800 MB memory.
2026-09-27 13:10:50.400 INFO   [641B89\C7995E] Auto-router pass #105 on board 'c072c56e05eaf334fd5a331d9f125f34' was completed in 0,20 seconds with the score of 950,87 (1 unrouted), using 743,64 CPU seconds and 15800 MB memory.
2026-09-27 13:10:50.589 INFO   [641B89\C7995E] Auto-router pass #106 on board 'c072c56e05eaf334fd5a331d9f125f34' was completed in 0,18 seconds with the score of 950,87 (1 unrouted), using 743,64 CPU seconds and 15800 MB memory.
2026-09-27 13:10:50.812 INFO   [641B89\C7995E] Auto-router pass #107 on board 'c072c56e05eaf334fd5a331d9f125f34' was completed in 0,22 seconds with the score of 950,87 (1 unrouted), using 782,11 CPU seconds and 16308 MB memory.
2026-09-27 13:10:51.143 INFO   [641B89\C7995E] Restoring an earlier board that has the score of 942,34 (2 unrouted).
2026-09-27 13:10:51.143 INFO   [641B89\C7995E] Auto-router pass #108 on board 'c072c56e05eaf334fd5a331d9f125f34' was completed in 0,32 seconds with the score of 950,87 (1 unrouted), using 782,11 CPU seconds and 16308 MB memory.
2026-09-27 13:10:51.535 INFO   [641B89\C7995E] Auto-router pass #109 on board 'a249ec95b17dca5ed220043491d10118' was completed in 0,39 seconds with the score of 942,34 (2 unrouted), using 782,11 CPU seconds and 16308 MB memory.
2026-09-27 13:10:51.943 INFO   [641B89\C7995E] Auto-router pass #110 on board '23fcaae0102b7062505f5c62bc804136' was completed in 0,40 seconds with the score of 942,34 (2 unrouted), using 821,56 CPU seconds and 16758 MB memory.
2026-09-27 13:10:52.237 INFO   [641B89\C7995E] Auto-router pass #111 on board 'ae1bd5e0b116ae81ed35af3f3ea0a81b' was completed in 0,28 seconds with the score of 942,34 (2 unrouted), using 821,56 CPU seconds and 16758 MB memory.
2026-09-27 13:10:53.070 INFO   [641B89\C7995E] Restoring an earlier board that has the score of 942,34 (2 unrouted).
2026-09-27 13:10:53.070 INFO   [641B89\C7995E] Auto-router pass #112 on board '5f529287f946256931870ca9fc527093' was completed in 0,81 seconds with the score of 950,80 (1 unrouted), using 862,02 CPU seconds and 17194 MB memory.
2026-09-27 13:10:53.336 INFO   [641B89\C7995E] Auto-router pass #113 on board 'a249ec95b17dca5ed220043491d10118' was completed in 0,26 seconds with the score of 942,34 (2 unrouted), using 862,02 CPU seconds and 17194 MB memory.
2026-09-27 13:10:53.633 INFO   [641B89\C7995E] Auto-router pass #114 on board '1767c6fb26e24febf5fc49e865cadf41' was completed in 0,29 seconds with the score of 942,34 (2 unrouted), using 862,02 CPU seconds and 17194 MB memory.
2026-09-27 13:10:53.945 INFO   [641B89\C7995E] Auto-router pass #115 on board '44697dc4468b10773577d55d39f0a370' was completed in 0,30 seconds with the score of 942,34 (2 unrouted), using 903,38 CPU seconds and 17714 MB memory.
2026-09-27 13:10:54.883 INFO   [641B89\C7995E] Restoring an earlier board that has the score of 942,34 (2 unrouted).
2026-09-27 13:10:54.885 INFO   [641B89\C7995E] Auto-router pass #116 on board 'cc3de7c3d0f399b72cedd1850de81081' was completed in 0,93 seconds with the score of 950,80 (1 unrouted), using 945,75 CPU seconds and 18132 MB memory.
2026-09-27 13:10:55.312 INFO   [641B89\C7995E] Auto-router pass #117 on board 'be13ee05599f6b4e3a7f3e4160ad74a4' was completed in 0,42 seconds with the score of 934,69 (3 unrouted), using 945,75 CPU seconds and 18132 MB memory.
2026-09-27 13:10:55.777 INFO   [641B89\C7995E] Auto-router pass #118 on board '7cf470748d2d4e841fe8e3de70689da0' was completed in 0,45 seconds with the score of 934,74 (3 unrouted), using 989,11 CPU seconds and 18580 MB memory.
2026-09-27 13:10:56.441 INFO   [641B89\C7995E] Auto-router pass #119 on board 'eaf5a4132f08d28b854febfb21816b9d' was completed in 0,64 seconds with the score of 934,74 (3 unrouted), using 989,11 CPU seconds and 18580 MB memory.
2026-09-27 13:10:57.768 INFO   [641B89\C7995E] Restoring an earlier board that has the score of 942,34 (2 unrouted).
2026-09-27 13:10:57.768 INFO   [641B89\C7995E] Auto-router pass #120 on board 'c008095e79ecdf9def804281063eccb6' was completed in 1,32 seconds with the score of 949,68 (1 unrouted), using 1078,75 CPU seconds and 19355 MB memory.
2026-09-27 13:10:57.987 INFO   [641B89\C7995E] Auto-router pass #121 on board 'be13ee05599f6b4e3a7f3e4160ad74a4' was completed in 0,22 seconds with the score of 934,69 (3 unrouted), using 1078,75 CPU seconds and 19355 MB memory.
2026-09-27 13:10:58.216 INFO   [641B89\C7995E] Auto-router pass #122 on board '7cf470748d2d4e841fe8e3de70689da0' was completed in 0,23 seconds with the score of 942,00 (2 unrouted), using 1078,75 CPU seconds and 19355 MB memory.
2026-09-27 13:10:58.358 INFO   [641B89\C7995E] Auto-router pass #123 on board '76b31c43dcaad70538b8d2ed9695a75d' was completed in 0,13 seconds with the score of 934,69 (3 unrouted), using 1078,75 CPU seconds and 19355 MB memory.
2026-09-27 13:10:59.038 INFO   [641B89\C7995E] Restoring an earlier board that has the score of 942,34 (2 unrouted).
2026-09-27 13:10:59.038 INFO   [641B89\C7995E] Auto-router pass #124 on board 'c70c384d3a92cdb8a165b6d4ddfd2773' was completed in 0,67 seconds with the score of 950,80 (1 unrouted), using 1125,02 CPU seconds and 19936 MB memory.
2026-09-27 13:10:59.286 INFO   [641B89\C7995E] Auto-router pass #125 on board 'be13ee05599f6b4e3a7f3e4160ad74a4' was completed in 0,24 seconds with the score of 942,34 (2 unrouted), using 1125,02 CPU seconds and 19936 MB memory.
2026-09-27 13:10:59.647 INFO   [641B89\C7995E] Auto-router pass #126 on board '7047871b035c43195593fd7ed0e92dfa' was completed in 0,35 seconds with the score of 942,34 (2 unrouted), using 1125,02 CPU seconds and 19936 MB memory.
2026-09-27 13:10:59.883 INFO   [641B89\C7995E] Auto-router pass #127 on board '2474c5cc4a250ad2b52a8c3a6f502649' was completed in 0,21 seconds with the score of 942,34 (2 unrouted), using 1172,25 CPU seconds and 20465 MB memory.
2026-09-27 13:11:00.698 INFO   [641B89\C7995E] Restoring an earlier board that has the score of 942,34 (2 unrouted).
2026-09-27 13:11:00.698 INFO   [641B89\C7995E] Auto-router pass #128 on board 'c2a66e5a8e6b47b5720ac164138f524a' was completed in 0,79 seconds with the score of 942,34 (2 unrouted), using 1172,25 CPU seconds and 20465 MB memory.
2026-09-27 13:11:01.034 INFO   [641B89\C7995E] Auto-router pass #129 on board 'be13ee05599f6b4e3a7f3e4160ad74a4' was completed in 0,33 seconds with the score of 942,34 (2 unrouted), using 1220,50 CPU seconds and 20869 MB memory.
2026-09-27 13:11:01.424 INFO   [641B89\C7995E] Auto-router pass #130 on board '5f39bc63c62aaf0369ae6943bc5ad361' was completed in 0,37 seconds with the score of 942,34 (2 unrouted), using 1220,50 CPU seconds and 20869 MB memory.
2026-09-27 13:11:01.696 INFO   [641B89\C7995E] Auto-router pass #131 on board '186192cba28a4895614b6a2b9fb8ad9d' was completed in 0,26 seconds with the score of 942,34 (2 unrouted), using 1220,50 CPU seconds and 20869 MB memory.
2026-09-27 13:11:02.644 INFO   [641B89\C7995E] Restoring an earlier board that has the score of 942,34 (2 unrouted).
2026-09-27 13:11:02.644 INFO   [641B89\C7995E] Auto-router pass #132 on board '1c32959f11118d63c8b2e2c1f4b09da1' was completed in 0,94 seconds with the score of 942,34 (2 unrouted), using 1269,77 CPU seconds and 21352 MB memory.
2026-09-27 13:11:02.901 INFO   [641B89\C7995E] Auto-router pass #133 on board '359f98074994841c02f1997c59ae72a6' was completed in 0,25 seconds with the score of 942,34 (2 unrouted), using 1319,97 CPU seconds and 21738 MB memory.
2026-09-27 13:11:03.235 INFO   [641B89\C7995E] Auto-router pass #134 on board '013574ce37f931cab269fcb29e2d6d0d' was completed in 0,31 seconds with the score of 942,34 (2 unrouted), using 1319,97 CPU seconds and 21738 MB memory.
2026-09-27 13:11:03.491 INFO   [641B89\C7995E] Auto-router pass #135 on board '03c4831ba1794c24c1aa162cc2aace01' was completed in 0,24 seconds with the score of 934,69 (3 unrouted), using 1319,97 CPU seconds and 21738 MB memory.
2026-09-27 13:11:04.051 INFO   [641B89\C7995E] Restoring an earlier board that has the score of 942,34 (2 unrouted).
2026-09-27 13:11:04.052 INFO   [641B89\C7995E] Auto-router pass #136 on board '02821bfa78be0b9470ed30b8c059dad0' was completed in 0,55 seconds with the score of 950,87 (1 unrouted), using 1371,17 CPU seconds and 22269 MB memory.
2026-09-27 13:11:04.336 INFO   [641B89\C7995E] Auto-router pass #137 on board '359f98074994841c02f1997c59ae72a6' was completed in 0,28 seconds with the score of 942,34 (2 unrouted), using 1371,17 CPU seconds and 22269 MB memory.
2026-09-27 13:11:04.654 INFO   [641B89\C7995E] Auto-router pass #138 on board 'f66d6fc31f3e53a93b73e93cf6ea9258' was completed in 0,30 seconds with the score of 934,69 (3 unrouted), using 1371,17 CPU seconds and 22269 MB memory.
2026-09-27 13:11:05.113 INFO   [641B89\C7995E] Auto-router pass #139 on board 'f650cd3d7147ba0db8342994594d9a17' was completed in 0,44 seconds with the score of 934,74 (3 unrouted), using 1423,36 CPU seconds and 22750 MB memory.
2026-09-27 13:11:06.296 INFO   [641B89\C7995E] Restoring an earlier board that has the score of 942,34 (2 unrouted).
2026-09-27 13:11:06.296 INFO   [641B89\C7995E] Auto-router pass #140 on board 'bc7262f6a48a2f1ecd14a872e11bc3ea' was completed in 1,17 seconds with the score of 942,35 (2 unrouted), using 1476,52 CPU seconds and 23154 MB memory.
2026-09-27 13:11:06.613 INFO   [641B89\C7995E] Auto-router pass #141 on board '359f98074994841c02f1997c59ae72a6' was completed in 0,31 seconds with the score of 934,69 (3 unrouted), using 1476,52 CPU seconds and 23154 MB memory.
2026-09-27 13:11:07.057 INFO   [641B89\C7995E] Auto-router pass #142 on board '30ba5a6e6f12b1eddd343287c2421623' was completed in 0,43 seconds with the score of 934,74 (3 unrouted), using 1530,64 CPU seconds and 23612 MB memory.
2026-09-27 13:11:07.492 INFO   [641B89\C7995E] Auto-router pass #143 on board '780987379aff18ac7e463931c651771b' was completed in 0,42 seconds with the score of 934,74 (3 unrouted), using 1530,64 CPU seconds and 23612 MB memory.
2026-09-27 13:11:08.499 INFO   [641B89\C7995E] Restoring an earlier board that has the score of 942,34 (2 unrouted).
2026-09-27 13:11:08.499 INFO   [641B89\C7995E] Auto-router pass #144 on board 'bc76cfc8e2a887e9d7b54ec29f382ae0' was completed in 0,99 seconds with the score of 950,46 (1 unrouted), using 1585,72 CPU seconds and 24146 MB memory.
2026-09-27 13:11:08.792 INFO   [641B89\C7995E] Auto-router pass #145 on board '359f98074994841c02f1997c59ae72a6' was completed in 0,28 seconds with the score of 934,69 (3 unrouted), using 1585,72 CPU seconds and 24146 MB memory.
2026-09-27 13:11:09.202 INFO   [641B89\C7995E] Auto-router pass #146 on board 'f466a3a558ce912e5a898b279468f980' was completed in 0,40 seconds with the score of 934,74 (3 unrouted), using 1641,77 CPU seconds and 24596 MB memory.
2026-09-27 13:11:09.743 INFO   [641B89\C7995E] Auto-router pass #147 on board 'c44289ac82c405cfb83f484efb3ec5da' was completed in 0,53 seconds with the score of 934,74 (3 unrouted), using 1641,77 CPU seconds and 24596 MB memory.
2026-09-27 13:11:10.853 INFO   [641B89\C7995E] Restoring an earlier board that has the score of 942,34 (2 unrouted).
2026-09-27 13:11:10.853 INFO   [641B89\C7995E] Auto-router pass #148 on board 'ecec4202be8b400634cd5e4e96e748f3' was completed in 1,09 seconds with the score of 942,35 (2 unrouted), using 1756,83 CPU seconds and 25515 MB memory.
2026-09-27 13:11:11.166 INFO   [641B89\C7995E] Auto-router pass #149 on board '25ea55685c84931179b15888f3bce2d6' was completed in 0,31 seconds with the score of 934,69 (3 unrouted), using 1756,83 CPU seconds and 25515 MB memory.
2026-09-27 13:11:11.701 INFO   [641B89\C7995E] Auto-router pass #150 on board '7cf470748d2d4e841fe8e3de70689da0' was completed in 0,53 seconds with the score of 934,74 (3 unrouted), using 1756,83 CPU seconds and 25515 MB memory.
2026-09-27 13:11:12.261 INFO   [641B89\C7995E] Auto-router pass #151 on board '2001d63a5f7a333d06047f81b8dfaf88' was completed in 0,55 seconds with the score of 934,74 (3 unrouted), using 1815,83 CPU seconds and 26030 MB memory.
2026-09-27 13:11:13.012 INFO   [641B89\C7995E] Restoring an earlier board that has the score of 942,34 (2 unrouted).
2026-09-27 13:11:13.013 INFO   [641B89\C7995E] Auto-router pass #152 on board '5849b1c288809617551a818e9a45f479' was completed in 0,74 seconds with the score of 950,46 (1 unrouted), using 1875,80 CPU seconds and 26460 MB memory.
2026-09-27 13:11:13.289 INFO   [641B89\C7995E] Auto-router pass #153 on board '25ea55685c84931179b15888f3bce2d6' was completed in 0,27 seconds with the score of 942,34 (2 unrouted), using 1875,80 CPU seconds and 26460 MB memory.
2026-09-27 13:11:13.612 INFO   [641B89\C7995E] Auto-router pass #154 on board '48b7b0700d1f78048c6df4b4bba973b0' was completed in 0,31 seconds with the score of 942,34 (2 unrouted), using 1875,80 CPU seconds and 26460 MB memory.
2026-09-27 13:11:13.973 INFO   [641B89\C7995E] Auto-router pass #155 on board '0e111b04cf019ef5a4eb818b89fbcb03' was completed in 0,34 seconds with the score of 942,34 (2 unrouted), using 1936,70 CPU seconds and 26924 MB memory.
2026-09-27 13:11:14.993 INFO   [641B89\C7995E] Restoring an earlier board that has the score of 942,34 (2 unrouted).
2026-09-27 13:11:14.994 INFO   [641B89\C7995E] Auto-router pass #156 on board 'f24af34bdc7348141052330204e467ac' was completed in 1,01 seconds with the score of 942,34 (2 unrouted), using 1998,59 CPU seconds and 27304 MB memory.
2026-09-27 13:11:15.321 INFO   [641B89\C7995E] Auto-router pass #157 on board '25ea55685c84931179b15888f3bce2d6' was completed in 0,32 seconds with the score of 934,69 (3 unrouted), using 1998,59 CPU seconds and 27304 MB memory.
2026-09-27 13:11:15.710 INFO   [641B89\C7995E] Auto-router pass #158 on board '7cf470748d2d4e841fe8e3de70689da0' was completed in 0,39 seconds with the score of 942,34 (2 unrouted), using 1998,59 CPU seconds and 27304 MB memory.
2026-09-27 13:11:15.917 INFO   [641B89\C7995E] Auto-router pass #159 on board '42f4fb7489bcf3fcd9e3383bd5bfc534' was completed in 0,20 seconds with the score of 942,34 (2 unrouted), using 2061,47 CPU seconds and 27854 MB memory.
2026-09-27 13:11:16.572 INFO   [641B89\C7995E] Restoring an earlier board that has the score of 942,34 (2 unrouted).
2026-09-27 13:11:16.572 INFO   [641B89\C7995E] Auto-router pass #160 on board 'ba2fc09f8f6b3dbbe6199d41022b52f7' was completed in 0,64 seconds with the score of 950,87 (1 unrouted), using 2061,47 CPU seconds and 27854 MB memory.
2026-09-27 13:11:16.857 INFO   [641B89\C7995E] Auto-router pass #161 on board '25ea55685c84931179b15888f3bce2d6' was completed in 0,28 seconds with the score of 942,34 (2 unrouted), using 2061,47 CPU seconds and 27854 MB memory.
2026-09-27 13:11:17.112 INFO   [641B89\C7995E] Auto-router pass #162 on board '5f91b2114d5dd1c90679f578657d59c0' was completed in 0,24 seconds with the score of 942,34 (2 unrouted), using 2125,33 CPU seconds and 28311 MB memory.
2026-09-27 13:11:17.463 INFO   [641B89\C7995E] Auto-router pass #163 on board '544976d28ffb6991f342c928a8992f14' was completed in 0,33 seconds with the score of 942,34 (2 unrouted), using 2125,33 CPU seconds and 28311 MB memory.
2026-09-27 13:11:18.346 INFO   [641B89\C7995E] Restoring an earlier board that has the score of 942,34 (2 unrouted).
2026-09-27 13:11:18.346 INFO   [641B89\C7995E] Auto-router pass #164 on board '6cd2083be3f0c20c762b27d8287a156f' was completed in 0,87 seconds with the score of 942,34 (2 unrouted), using 2190,17 CPU seconds and 28763 MB memory.
2026-09-27 13:11:18.637 INFO   [641B89\C7995E] Auto-router pass #165 on board 'cba5b4fcbe1739751ccac059695cb702' was completed in 0,29 seconds with the score of 942,34 (2 unrouted), using 2190,17 CPU seconds and 28763 MB memory.
2026-09-27 13:11:18.859 INFO   [641B89\C7995E] Auto-router pass #166 on board '03365f5fa8f6e44179c1653a1db6157f' was completed in 0,21 seconds with the score of 942,34 (2 unrouted), using 2190,17 CPU seconds and 28763 MB memory.
2026-09-27 13:11:19.206 INFO   [641B89\C7995E] Auto-router pass #167 on board '641f2619f0c0ce331b08b862bc4e109b' was completed in 0,33 seconds with the score of 934,69 (3 unrouted), using 2256,00 CPU seconds and 29239 MB memory.
2026-09-27 13:11:19.988 INFO   [641B89\C7995E] Restoring an earlier board that has the score of 942,34 (2 unrouted).
2026-09-27 13:11:19.989 INFO   [641B89\C7995E] Auto-router pass #168 on board '3c12d394b2cb6e2c39c47284c4b1b797' was completed in 0,77 seconds with the score of 950,80 (1 unrouted), using 2322,81 CPU seconds and 29718 MB memory.
2026-09-27 13:11:20.328 INFO   [641B89\C7995E] Auto-router pass #169 on board 'cba5b4fcbe1739751ccac059695cb702' was completed in 0,33 seconds with the score of 942,34 (2 unrouted), using 2322,81 CPU seconds and 29718 MB memory.
2026-09-27 13:11:20.622 INFO   [641B89\C7995E] Auto-router pass #170 on board 'aeed5b9ae04ae698434548241fb0f346' was completed in 0,27 seconds with the score of 942,34 (2 unrouted), using 2322,81 CPU seconds and 29718 MB memory.
2026-09-27 13:11:20.920 INFO   [641B89\C7995E] Auto-router pass #171 on board '46ae49a120201f2f2c42b7a5b68421c5' was completed in 0,29 seconds with the score of 934,69 (3 unrouted), using 2322,81 CPU seconds and 29718 MB memory.
2026-09-27 13:11:22.128 INFO   [641B89\C7995E] Restoring an earlier board that has the score of 942,34 (2 unrouted).
2026-09-27 13:11:22.129 INFO   [641B89\C7995E] Auto-router pass #172 on board '09f32af1ae3b74f93358d75515d67125' was completed in 1,19 seconds with the score of 949,14 (1 unrouted), using 2459,39 CPU seconds and 30603 MB memory.
2026-09-27 13:11:22.431 INFO   [641B89\C7995E] Auto-router pass #173 on board 'cba5b4fcbe1739751ccac059695cb702' was completed in 0,29 seconds with the score of 942,34 (2 unrouted), using 2459,39 CPU seconds and 30603 MB memory.
2026-09-27 13:11:22.729 INFO   [641B89\C7995E] Auto-router pass #174 on board 'e907b8fe3b98e6492ae93767feb6461b' was completed in 0,29 seconds with the score of 934,69 (3 unrouted), using 2459,39 CPU seconds and 30603 MB memory.
2026-09-27 13:11:23.119 INFO   [641B89\C7995E] Auto-router pass #175 on board 'a2e4b19c0ed49f6979a339b47e319664' was completed in 0,37 seconds with the score of 934,44 (3 unrouted), using 2529,17 CPU seconds and 31104 MB memory.
2026-09-27 13:11:23.844 INFO   [641B89\C7995E] Restoring an earlier board that has the score of 942,34 (2 unrouted).
2026-09-27 13:11:23.845 INFO   [641B89\C7995E] Auto-router pass #176 on board '1a4a6beef738f3b96926690d03315416' was completed in 0,70 seconds with the score of 950,12 (1 unrouted), using 2529,17 CPU seconds and 31104 MB memory.
2026-09-27 13:11:24.201 INFO   [641B89\C7995E] Auto-router pass #177 on board 'cba5b4fcbe1739751ccac059695cb702' was completed in 0,35 seconds with the score of 942,34 (2 unrouted), using 2599,97 CPU seconds and 31485 MB memory.
2026-09-27 13:11:24.639 INFO   [641B89\C7995E] Auto-router pass #178 on board 'e9cc0c7587c37eec7bc355114abe55d5' was completed in 0,41 seconds with the score of 934,69 (3 unrouted), using 2599,97 CPU seconds and 31485 MB memory.
2026-09-27 13:11:25.190 INFO   [641B89\C7995E] Auto-router pass #179 on board '604fad7f74d5681778796a9c5ddf7854' was completed in 0,53 seconds with the score of 942,00 (2 unrouted), using 2671,75 CPU seconds and 31801 MB memory.
2026-09-27 13:11:25.689 INFO   [641B89\C7995E] Restoring an earlier board that has the score of 942,34 (2 unrouted).
2026-09-27 13:11:25.690 INFO   [641B89\C7995E] Auto-router pass #180 on board '6411cac3ecf8a79c273d951ca00f38ce' was completed in 0,48 seconds with the score of 950,80 (1 unrouted), using 2671,75 CPU seconds and 31801 MB memory.
2026-09-27 13:11:26.015 INFO   [641B89\C7995E] Auto-router pass #181 on board 'c14140bf55b7f72e50c7fac7c6ec48b2' was completed in 0,32 seconds with the score of 934,69 (3 unrouted), using 2671,75 CPU seconds and 31801 MB memory.
2026-09-27 13:11:26.416 INFO   [641B89\C7995E] Auto-router pass #182 on board '3c5f390d3d0dc7666e37dd7a398f8140' was completed in 0,38 seconds with the score of 942,34 (2 unrouted), using 2744,53 CPU seconds and 32246 MB memory.
2026-09-27 13:11:26.665 INFO   [641B89\C7995E] Auto-router pass #183 on board '07656df7a97c3a12e844e5be13259829' was completed in 0,23 seconds with the score of 934,69 (3 unrouted), using 2744,53 CPU seconds and 32246 MB memory.
2026-09-27 13:11:27.274 INFO   [641B89\C7995E] Restoring an earlier board that has the score of 942,34 (2 unrouted).
2026-09-27 13:11:27.275 INFO   [641B89\C7995E] Auto-router pass #184 on board 'a98f3771340af49c2c3c139a69fee80a' was completed in 0,60 seconds with the score of 950,48 (1 unrouted), using 2818,27 CPU seconds and 32744 MB memory.
2026-09-27 13:11:27.521 INFO   [641B89\C7995E] Auto-router pass #185 on board 'c14140bf55b7f72e50c7fac7c6ec48b2' was completed in 0,24 seconds with the score of 942,34 (2 unrouted), using 2818,27 CPU seconds and 32744 MB memory.
2026-09-27 13:11:27.901 INFO   [641B89\C7995E] Auto-router pass #186 on board '790b151b141643cdf6586e05153a2ca6' was completed in 0,35 seconds with the score of 942,34 (2 unrouted), using 2818,27 CPU seconds and 32744 MB memory.
2026-09-27 13:11:28.286 INFO   [641B89\C7995E] Auto-router pass #187 on board '1e661af4437c781c6086aa231653f25a' was completed in 0,37 seconds with the score of 942,34 (2 unrouted), using 2892,98 CPU seconds and 33225 MB memory.
2026-09-27 13:11:29.068 INFO   [641B89\C7995E] Restoring an earlier board that has the score of 942,34 (2 unrouted).
2026-09-27 13:11:29.070 INFO   [641B89\C7995E] Auto-router pass #188 on board '42e1eef007f9480ede601e51e9992f8b' was completed in 0,77 seconds with the score of 950,80 (1 unrouted), using 2968,66 CPU seconds and 33647 MB memory.
2026-09-27 13:11:29.433 INFO   [641B89\C7995E] Auto-router pass #189 on board 'c14140bf55b7f72e50c7fac7c6ec48b2' was completed in 0,35 seconds with the score of 934,69 (3 unrouted), using 2968,66 CPU seconds and 33647 MB memory.
2026-09-27 13:11:29.840 INFO   [641B89\C7995E] Auto-router pass #190 on board '206ab8cc833168dedc44df45a90f60f2' was completed in 0,39 seconds with the score of 934,74 (3 unrouted), using 2968,66 CPU seconds and 33647 MB memory.
2026-09-27 13:11:30.262 INFO   [641B89\C7995E] Auto-router pass #191 on board '1b1134231b30141dc0c59a08135ae585' was completed in 0,41 seconds with the score of 934,74 (3 unrouted), using 3045,25 CPU seconds and 34158 MB memory.
2026-09-27 13:11:31.405 INFO   [641B89\C7995E] Restoring an earlier board that has the score of 942,34 (2 unrouted).
2026-09-27 13:11:31.406 INFO   [641B89\C7995E] Auto-router pass #192 on board '3c0188035a45774d842c91bb825b121d' was completed in 1,13 seconds with the score of 949,14 (1 unrouted), using 3122,78 CPU seconds and 34604 MB memory.
2026-09-27 13:11:31.729 INFO   [641B89\C7995E] Auto-router pass #193 on board 'c14140bf55b7f72e50c7fac7c6ec48b2' was completed in 0,31 seconds with the score of 942,34 (2 unrouted), using 3122,78 CPU seconds and 34604 MB memory.
2026-09-27 13:11:32.094 INFO   [641B89\C7995E] Auto-router pass #194 on board '67309feba44712dfd2e039ad152858ef' was completed in 0,34 seconds with the score of 942,34 (2 unrouted), using 3201,28 CPU seconds and 35060 MB memory.
2026-09-27 13:11:32.425 INFO   [641B89\C7995E] Auto-router pass #195 on board '4e074ab0fcd34dfd75a4ee20d437f040' was completed in 0,31 seconds with the score of 942,34 (2 unrouted), using 3201,28 CPU seconds and 35060 MB memory.
2026-09-27 13:11:32.966 INFO   [641B89\C7995E] Restoring an earlier board that has the score of 942,34 (2 unrouted).
2026-09-27 13:11:32.966 INFO   [641B89\C7995E] Auto-router pass #196 on board 'f84c5c45611becf650f2480d38746639' was completed in 0,53 seconds with the score of 950,87 (1 unrouted), using 3201,28 CPU seconds and 35060 MB memory.
2026-09-27 13:11:33.199 INFO   [641B89\C7995E] Auto-router pass #197 on board '6d859a90b20a3f80bece5ee2825e8eb9' was completed in 0,23 seconds with the score of 942,34 (2 unrouted), using 3280,73 CPU seconds and 35490 MB memory.
2026-09-27 13:11:33.503 INFO   [641B89\C7995E] Auto-router pass #198 on board '0bd84a03cbb9a2964cf1bd1aafcc1f48' was completed in 0,29 seconds with the score of 942,34 (2 unrouted), using 3280,73 CPU seconds and 35490 MB memory.
2026-09-27 13:11:33.765 INFO   [641B89\C7995E] Auto-router pass #199 on board 'f8f21e25cf9b6970a0e1d7fdc44766fb' was completed in 0,23 seconds with the score of 942,34 (2 unrouted), using 3280,73 CPU seconds and 35490 MB memory.
2026-09-27 13:11:34.572 INFO   [641B89\C7995E] Restoring an earlier board that has the score of 942,34 (2 unrouted).
2026-09-27 13:11:34.572 INFO   [641B89\C7995E] Auto-router pass #200 on board '9ccd8a5fab306f6beeca5d92d980ebee' was completed in 0,80 seconds with the score of 942,34 (2 unrouted), using 3361,17 CPU seconds and 35970 MB memory.
2026-09-27 13:11:34.907 INFO   [641B89\C7995E] Auto-router pass #201 on board '6d859a90b20a3f80bece5ee2825e8eb9' was completed in 0,33 seconds with the score of 942,34 (2 unrouted), using 3361,17 CPU seconds and 35970 MB memory.
2026-09-27 13:11:35.214 INFO   [641B89\C7995E] Auto-router pass #202 on board '0a8c541efcf7f7393c1986fdd3f2d11f' was completed in 0,29 seconds with the score of 942,34 (2 unrouted), using 3442,58 CPU seconds and 36371 MB memory.
2026-09-27 13:11:35.473 INFO   [641B89\C7995E] Auto-router pass #203 on board 'c64850d6c0b35825f351c5bd2316963e' was completed in 0,24 seconds with the score of 942,34 (2 unrouted), using 3442,58 CPU seconds and 36371 MB memory.
2026-09-27 13:11:35.926 INFO   [641B89\C7995E] Restoring an earlier board that has the score of 942,34 (2 unrouted).
2026-09-27 13:11:35.926 INFO   [641B89\C7995E] Auto-router pass #204 on board '045f648037f4dadf157bc3bde9a052b1' was completed in 0,43 seconds with the score of 950,48 (1 unrouted), using 3442,58 CPU seconds and 36371 MB memory.
2026-09-27 13:11:36.319 INFO   [641B89\C7995E] Auto-router pass #205 on board '6d859a90b20a3f80bece5ee2825e8eb9' was completed in 0,39 seconds with the score of 942,34 (2 unrouted), using 3524,95 CPU seconds and 36827 MB memory.
2026-09-27 13:11:36.687 INFO   [641B89\C7995E] Auto-router pass #206 on board '52f57696bbbaaadac6c7bb24e82cea67' was completed in 0,34 seconds with the score of 942,34 (2 unrouted), using 3524,95 CPU seconds and 36827 MB memory.
2026-09-27 13:11:36.978 INFO   [641B89\C7995E] Auto-router pass #207 on board '430bb48f6dd18968022dc657c38e8808' was completed in 0,28 seconds with the score of 942,34 (2 unrouted), using 3524,95 CPU seconds and 36827 MB memory.
2026-09-27 13:11:37.885 INFO   [641B89\C7995E] Restoring an earlier board that has the score of 942,34 (2 unrouted).
2026-09-27 13:11:37.886 INFO   [641B89\C7995E] Auto-router pass #208 on board '8d8966a5263271ac040832e64c235b85' was completed in 0,90 seconds with the score of 942,34 (2 unrouted), using 3608,30 CPU seconds and 37338 MB memory.
2026-09-27 13:11:38.175 INFO   [641B89\C7995E] Auto-router pass #209 on board '6d859a90b20a3f80bece5ee2825e8eb9' was completed in 0,28 seconds with the score of 934,69 (3 unrouted), using 3692,62 CPU seconds and 37793 MB memory.
2026-09-27 13:11:38.688 INFO   [641B89\C7995E] Auto-router pass #210 on board '96cdf300034a6efdab37a54522f24709' was completed in 0,50 seconds with the score of 934,74 (3 unrouted), using 3692,62 CPU seconds and 37793 MB memory.
2026-09-27 13:11:39.151 INFO   [641B89\C7995E] Auto-router pass #211 on board 'ad1d7a35769d2b550e37cc9d5036dc9e' was completed in 0,45 seconds with the score of 934,74 (3 unrouted), using 3777,92 CPU seconds and 38354 MB memory.
2026-09-27 13:11:40.811 INFO   [641B89\C7995E] Restoring an earlier board that has the score of 942,34 (2 unrouted).
2026-09-27 13:11:40.812 INFO   [641B89\C7995E] Auto-router pass #212 on board '9ce11f85c5293b5e22bc35fa71a30cce' was completed in 1,65 seconds with the score of 942,30 (2 unrouted), using 3864,22 CPU seconds and 38735 MB memory.
2026-09-27 13:11:41.077 INFO   [641B89\C7995E] Auto-router pass #213 on board '90bd77a38fb346b17c899b3934fe923b' was completed in 0,26 seconds with the score of 942,34 (2 unrouted), using 3864,22 CPU seconds and 38735 MB memory.
2026-09-27 13:11:41.373 INFO   [641B89\C7995E] Auto-router pass #214 on board '99b5d0912f8d2b419d893ffb8af26231' was completed in 0,29 seconds with the score of 934,69 (3 unrouted), using 3951,47 CPU seconds and 39220 MB memory.
2026-09-27 13:11:41.893 INFO   [641B89\C7995E] Auto-router pass #215 on board '968a180b22a905c0738b5c7aa6549c70' was completed in 0,50 seconds with the score of 934,74 (3 unrouted), using 3951,47 CPU seconds and 39220 MB memory.
2026-09-27 13:11:42.637 INFO   [641B89\C7995E] Restoring an earlier board that has the score of 942,34 (2 unrouted).
2026-09-27 13:11:42.638 INFO   [641B89\C7995E] Auto-router pass #216 on board 'f03c9047829c52bfd871e23015523954' was completed in 0,72 seconds with the score of 950,08 (1 unrouted), using 4039,62 CPU seconds and 39698 MB memory.
2026-09-27 13:11:42.909 INFO   [641B89\C7995E] Auto-router pass #217 on board '90bd77a38fb346b17c899b3934fe923b' was completed in 0,27 seconds with the score of 942,34 (2 unrouted), using 4039,62 CPU seconds and 39698 MB memory.
2026-09-27 13:11:43.148 INFO   [641B89\C7995E] Auto-router pass #218 on board '23416276f9cfc7811ab3d00dfeea3421' was completed in 0,23 seconds with the score of 934,69 (3 unrouted), using 4039,62 CPU seconds and 39698 MB memory.
2026-09-27 13:11:43.594 INFO   [641B89\C7995E] Auto-router pass #219 on board '9c5533ad9e92cc62ee1cb1f6069d5656' was completed in 0,43 seconds with the score of 934,74 (3 unrouted), using 4128,72 CPU seconds and 40223 MB memory.
2026-09-27 13:11:44.719 INFO   [641B89\C7995E] Restoring an earlier board that has the score of 942,34 (2 unrouted).
2026-09-27 13:11:44.720 INFO   [641B89\C7995E] Auto-router pass #220 on board 'd52c01a13bfbadfe65872e8559cf38a8' was completed in 1,10 seconds with the score of 950,08 (1 unrouted), using 4218,78 CPU seconds and 40644 MB memory.
2026-09-27 13:11:44.940 INFO   [641B89\C7995E] Auto-router pass #221 on board '90bd77a38fb346b17c899b3934fe923b' was completed in 0,21 seconds with the score of 942,34 (2 unrouted), using 4218,78 CPU seconds and 40644 MB memory.
2026-09-27 13:11:45.330 INFO   [641B89\C7995E] Auto-router pass #222 on board '4a6b12463063f5c730f71046f9ef0abc' was completed in 0,38 seconds with the score of 942,34 (2 unrouted), using 4309,83 CPU seconds and 41117 MB memory.
2026-09-27 13:11:45.542 INFO   [641B89\C7995E] Auto-router pass #223 on board '1964d4f246fe6e29b417204cd7e7b709' was completed in 0,20 seconds with the score of 942,34 (2 unrouted), using 4309,83 CPU seconds and 41117 MB memory.
2026-09-27 13:11:46.112 INFO   [641B89\C7995E] Restoring an earlier board that has the score of 942,34 (2 unrouted).
2026-09-27 13:11:46.112 INFO   [641B89\C7995E] Auto-router pass #224 on board '6b3e3b473ff3b8c617159449f4520be4' was completed in 0,56 seconds with the score of 950,80 (1 unrouted), using 4309,83 CPU seconds and 41117 MB memory.
2026-09-27 13:11:46.387 INFO   [641B89\C7995E] Auto-router pass #225 on board '90bd77a38fb346b17c899b3934fe923b' was completed in 0,27 seconds with the score of 934,69 (3 unrouted), using 4401,89 CPU seconds and 41628 MB memory.
2026-09-27 13:11:46.723 INFO   [641B89\C7995E] Auto-router pass #226 on board 'a925300952938f1dcee2a9cfe484d0b9' was completed in 0,32 seconds with the score of 942,34 (2 unrouted), using 4401,89 CPU seconds and 41628 MB memory.
2026-09-27 13:11:47.145 INFO   [641B89\C7995E] Auto-router pass #227 on board 'bc7534418408a7077b914deec2323063' was completed in 0,41 seconds with the score of 934,69 (3 unrouted), using 4401,89 CPU seconds and 41628 MB memory.
2026-09-27 13:11:47.825 INFO   [641B89\C7995E] Restoring an earlier board that has the score of 942,34 (2 unrouted).
2026-09-27 13:11:47.826 INFO   [641B89\C7995E] Auto-router pass #228 on board '1681143fdb498fd08caf436c1fe3d9d8' was completed in 0,67 seconds with the score of 950,47 (1 unrouted), using 4494,94 CPU seconds and 42104 MB memory.
2026-09-27 13:11:48.161 INFO   [641B89\C7995E] Auto-router pass #229 on board '4e5ef1835c8a5a40cd67446746094391' was completed in 0,33 seconds with the score of 942,34 (2 unrouted), using 4494,94 CPU seconds and 42104 MB memory.
2026-09-27 13:11:48.442 INFO   [641B89\C7995E] Auto-router pass #230 on board 'b9bf4f850ae716b38bd921a92ef95fbb' was completed in 0,27 seconds with the score of 942,34 (2 unrouted), using 4588,97 CPU seconds and 42565 MB memory.
2026-09-27 13:11:48.786 INFO   [641B89\C7995E] Auto-router pass #231 on board '11e6efe03c95d980589cb99442ee7b05' was completed in 0,32 seconds with the score of 934,69 (3 unrouted), using 4588,97 CPU seconds and 42565 MB memory.
2026-09-27 13:11:49.420 INFO   [641B89\C7995E] Restoring an earlier board that has the score of 942,34 (2 unrouted).
2026-09-27 13:11:49.420 INFO   [641B89\C7995E] Auto-router pass #232 on board '55100452687e31148f31a16189ef66d8' was completed in 0,62 seconds with the score of 950,48 (1 unrouted), using 4683,98 CPU seconds and 43081 MB memory.
2026-09-27 13:11:49.645 INFO   [641B89\C7995E] Auto-router pass #233 on board '4e5ef1835c8a5a40cd67446746094391' was completed in 0,22 seconds with the score of 934,69 (3 unrouted), using 4683,98 CPU seconds and 43081 MB memory.
2026-09-27 13:11:50.118 INFO   [641B89\C7995E] Auto-router pass #234 on board '1e911b3922dd81dd0992d9f9f9bf75f1' was completed in 0,46 seconds with the score of 934,74 (3 unrouted), using 4683,98 CPU seconds and 43081 MB memory.
2026-09-27 13:11:50.621 INFO   [641B89\C7995E] Auto-router pass #235 on board 'b9400b9dbcf34332cd17f5d916ca3256' was completed in 0,48 seconds with the score of 934,74 (3 unrouted), using 4779,95 CPU seconds and 43624 MB memory.
2026-09-27 13:11:52.039 INFO   [641B89\C7995E] Restoring an earlier board that has the score of 942,34 (2 unrouted).
2026-09-27 13:11:52.040 INFO   [641B89\C7995E] Auto-router pass #236 on board 'f17ff7ecba94831b55daf582d0c09acb' was completed in 1,41 seconds with the score of 934,74 (3 unrouted), using 4876,91 CPU seconds and 44091 MB memory.
2026-09-27 13:11:52.383 INFO   [641B89\C7995E] Auto-router pass #237 on board '4e5ef1835c8a5a40cd67446746094391' was completed in 0,34 seconds with the score of 942,34 (2 unrouted), using 4974,81 CPU seconds and 44560 MB memory.
2026-09-27 13:11:52.665 INFO   [641B89\C7995E] Auto-router pass #238 on board 'd86ede7acfaef894c361645c928182a3' was completed in 0,27 seconds with the score of 934,69 (3 unrouted), using 4974,81 CPU seconds and 44560 MB memory.
2026-09-27 13:11:53.013 INFO   [641B89\C7995E] Auto-router pass #239 on board 'f5932719f40d413e6b14d1c72f470df9' was completed in 0,34 seconds with the score of 942,34 (2 unrouted), using 4974,81 CPU seconds and 44560 MB memory.
2026-09-27 13:11:53.792 INFO   [641B89\C7995E] Restoring an earlier board that has the score of 942,34 (2 unrouted).
2026-09-27 13:11:53.792 INFO   [641B89\C7995E] Auto-router pass #240 on board '7b9afc8e0e1d4f432fa9992e43213eb1' was completed in 0,76 seconds with the score of 950,87 (1 unrouted), using 5073,70 CPU seconds and 45036 MB memory.
2026-09-27 13:11:54.064 INFO   [641B89\C7995E] Auto-router pass #241 on board '4e5ef1835c8a5a40cd67446746094391' was completed in 0,27 seconds with the score of 942,34 (2 unrouted), using 5073,70 CPU seconds and 45036 MB memory.
2026-09-27 13:11:54.406 INFO   [641B89\C7995E] Auto-router pass #242 on board '83ec7d1f319f3d6c3fdfdbffe9f75fc1' was completed in 0,33 seconds with the score of 942,34 (2 unrouted), using 5173,56 CPU seconds and 45502 MB memory.
2026-09-27 13:11:54.746 INFO   [641B89\C7995E] Auto-router pass #243 on board '99242174dc8cdc08df409f2533c14a61' was completed in 0,32 seconds with the score of 934,69 (3 unrouted), using 5173,56 CPU seconds and 45502 MB memory.
2026-09-27 13:11:55.817 INFO   [641B89\C7995E] Restoring an earlier board that has the score of 942,34 (2 unrouted).
2026-09-27 13:11:55.817 INFO   [641B89\C7995E] Auto-router pass #244 on board '05cb10a7c7c93a31bd84807e721820ac' was completed in 1,06 seconds with the score of 949,18 (1 unrouted), using 5274,44 CPU seconds and 45962 MB memory.
2026-09-27 13:11:56.085 INFO   [641B89\C7995E] Auto-router pass #245 on board 'ca06e10d03d45d86f41f5ad1fa1576de' was completed in 0,26 seconds with the score of 942,34 (2 unrouted), using 5274,44 CPU seconds and 45962 MB memory.
2026-09-27 13:11:56.320 INFO   [641B89\C7995E] Auto-router pass #246 on board 'b79f693d01afbe95e7b912b58fb2b0fc' was completed in 0,23 seconds with the score of 934,69 (3 unrouted), using 5274,44 CPU seconds and 45962 MB memory.
2026-09-27 13:11:56.682 INFO   [641B89\C7995E] Auto-router pass #247 on board 'dab6db2f75d40329215ab16a5af00ff6' was completed in 0,35 seconds with the score of 942,00 (2 unrouted), using 5376,30 CPU seconds and 46454 MB memory.
2026-09-27 13:11:57.123 INFO   [641B89\C7995E] Restoring an earlier board that has the score of 942,34 (2 unrouted).
2026-09-27 13:11:57.124 INFO   [641B89\C7995E] Auto-router pass #248 on board '6224cf0f27a913b6d567d534e797447a' was completed in 0,43 seconds with the score of 950,80 (1 unrouted), using 5376,30 CPU seconds and 46454 MB memory.
2026-09-27 13:11:57.484 INFO   [641B89\C7995E] Auto-router pass #249 on board 'ca06e10d03d45d86f41f5ad1fa1576de' was completed in 0,35 seconds with the score of 942,34 (2 unrouted), using 5479,12 CPU seconds and 46908 MB memory.
2026-09-27 13:11:57.784 INFO   [641B89\C7995E] Auto-router pass #250 on board 'b73d311b05d19b8657e49ff471b4cda8' was completed in 0,28 seconds with the score of 942,34 (2 unrouted), using 5479,12 CPU seconds and 46908 MB memory.
2026-09-27 13:11:58.091 INFO   [641B89\C7995E] Auto-router pass #251 on board '274634a4f17957cbc99a977390aaf0fb' was completed in 0,28 seconds with the score of 934,69 (3 unrouted), using 5479,12 CPU seconds and 46908 MB memory.
2026-09-27 13:11:59.063 INFO   [641B89\C7995E] Restoring an earlier board that has the score of 942,34 (2 unrouted).
2026-09-27 13:11:59.064 INFO   [641B89\C7995E] Auto-router pass #252 on board '613b8f42beccc7796117645364f1e46e' was completed in 0,96 seconds with the score of 950,41 (1 unrouted), using 5582,94 CPU seconds and 47372 MB memory.
2026-09-27 13:11:59.431 INFO   [641B89\C7995E] Auto-router pass #253 on board 'ca06e10d03d45d86f41f5ad1fa1576de' was completed in 0,36 seconds with the score of 942,34 (2 unrouted), using 5687,73 CPU seconds and 47797 MB memory.
2026-09-27 13:11:59.792 INFO   [641B89\C7995E] Auto-router pass #254 on board '3be83d0dd5e99668336e200068e443be' was completed in 0,35 seconds with the score of 934,69 (3 unrouted), using 5687,73 CPU seconds and 47797 MB memory.
2026-09-27 13:12:00.130 INFO   [641B89\C7995E] Auto-router pass #255 on board '1e88f33523ae3db9b62187fc0076739d' was completed in 0,33 seconds with the score of 942,34 (2 unrouted), using 5687,73 CPU seconds and 47797 MB memory.
2026-09-27 13:12:01.029 INFO   [641B89\C7995E] Restoring an earlier board that has the score of 942,34 (2 unrouted).
2026-09-27 13:12:01.030 INFO   [641B89\C7995E] Auto-router pass #256 on board '0a730eacdac42de7e017edb27667e4c8' was completed in 0,89 seconds with the score of 942,34 (2 unrouted), using 5793,53 CPU seconds and 48324 MB memory.
2026-09-27 13:12:01.258 INFO   [641B89\C7995E] Auto-router pass #257 on board 'ca06e10d03d45d86f41f5ad1fa1576de' was completed in 0,22 seconds with the score of 934,69 (3 unrouted), using 5793,53 CPU seconds and 48324 MB memory.
2026-09-27 13:12:01.734 INFO   [641B89\C7995E] Auto-router pass #258 on board 'f3a153efab81df311ec035f5c0616699' was completed in 0,46 seconds with the score of 934,44 (3 unrouted), using 5900,31 CPU seconds and 48782 MB memory.
2026-09-27 13:12:02.175 INFO   [641B89\C7995E] Auto-router pass #259 on board '89bd3cecd5512ee58a3a8b673271e6c4' was completed in 0,43 seconds with the score of 934,74 (3 unrouted), using 5900,31 CPU seconds and 48782 MB memory.
2026-09-27 13:12:03.164 INFO   [641B89\C7995E] Restoring an earlier board that has the score of 942,34 (2 unrouted).
2026-09-27 13:12:03.164 INFO   [641B89\C7995E] Auto-router pass #260 on board '10e97f5f76d995fff7c4a9bc37a08f63' was completed in 0,98 seconds with the score of 950,46 (1 unrouted), using 6008,06 CPU seconds and 49229 MB memory.
2026-09-27 13:12:03.475 INFO   [641B89\C7995E] Auto-router pass #261 on board '579f54f7bd808155f3ee985f1052e078' was completed in 0,31 seconds with the score of 934,69 (3 unrouted), using 6116,81 CPU seconds and 49602 MB memory.
2026-09-27 13:12:03.861 INFO   [641B89\C7995E] Auto-router pass #262 on board 'aa4b9263cedf55ad109f9bed9904a01e' was completed in 0,37 seconds with the score of 934,44 (3 unrouted), using 6116,81 CPU seconds and 49602 MB memory.
2026-09-27 13:12:04.250 INFO   [641B89\C7995E] Auto-router pass #263 on board '168cdecda548a286840dd6db7c0d305a' was completed in 0,38 seconds with the score of 934,74 (3 unrouted), using 6116,81 CPU seconds and 49602 MB memory.
2026-09-27 13:12:05.304 INFO   [641B89\C7995E] Restoring an earlier board that has the score of 942,34 (2 unrouted).
2026-09-27 13:12:05.305 INFO   [641B89\C7995E] Auto-router pass #264 on board 'adf6eae62268da5f1decec626f75c9d6' was completed in 1,05 seconds with the score of 949,18 (1 unrouted), using 6226,56 CPU seconds and 50179 MB memory.
2026-09-27 13:12:05.613 INFO   [641B89\C7995E] Auto-router pass #265 on board '579f54f7bd808155f3ee985f1052e078' was completed in 0,30 seconds with the score of 942,34 (2 unrouted), using 6337,25 CPU seconds and 50571 MB memory.
2026-09-27 13:12:05.946 INFO   [641B89\C7995E] Auto-router pass #266 on board 'cee5a7c9c69f1ed021f209555ecad9e5' was completed in 0,32 seconds with the score of 934,69 (3 unrouted), using 6337,25 CPU seconds and 50571 MB memory.
2026-09-27 13:12:06.346 INFO   [641B89\C7995E] Auto-router pass #267 on board 'b7ac260d15f7da9fb5821e15b3708a9f' was completed in 0,39 seconds with the score of 934,74 (3 unrouted), using 6337,25 CPU seconds and 50571 MB memory.
2026-09-27 13:12:07.185 INFO   [641B89\C7995E] Restoring an earlier board that has the score of 942,34 (2 unrouted).
2026-09-27 13:12:07.185 INFO   [641B89\C7995E] Auto-router pass #268 on board 'fe4fe58fd46a38ff6ab957ba3a7fe0f4' was completed in 0,82 seconds with the score of 950,37 (1 unrouted), using 6448,94 CPU seconds and 51101 MB memory.
2026-09-27 13:12:07.512 INFO   [641B89\C7995E] Auto-router pass #269 on board '579f54f7bd808155f3ee985f1052e078' was completed in 0,32 seconds with the score of 934,69 (3 unrouted), using 6561,61 CPU seconds and 51557 MB memory.
2026-09-27 13:12:07.935 INFO   [641B89\C7995E] Auto-router pass #270 on board '8df444251c4829d3eee8d8f64ccdeb52' was completed in 0,41 seconds with the score of 934,74 (3 unrouted), using 6561,61 CPU seconds and 51557 MB memory.
2026-09-27 13:12:08.356 INFO   [641B89\C7995E] Auto-router pass #271 on board 'e75ff6a05f2e6d4d169e7683021c6499' was completed in 0,40 seconds with the score of 934,74 (3 unrouted), using 6561,61 CPU seconds and 51557 MB memory.
2026-09-27 13:12:09.498 INFO   [641B89\C7995E] Restoring an earlier board that has the score of 942,34 (2 unrouted).
2026-09-27 13:12:09.498 INFO   [641B89\C7995E] Auto-router pass #272 on board 'dc978bd916a70eab7fcaac1d1a0c161a' was completed in 1,13 seconds with the score of 949,18 (1 unrouted), using 6789,94 CPU seconds and 52608 MB memory.
2026-09-27 13:12:09.901 INFO   [641B89\C7995E] Auto-router pass #273 on board '579f54f7bd808155f3ee985f1052e078' was completed in 0,40 seconds with the score of 942,34 (2 unrouted), using 6789,94 CPU seconds and 52608 MB memory.
2026-09-27 13:12:10.202 INFO   [641B89\C7995E] Auto-router pass #274 on board '8d6ea55c14b2c086520eed2dfa7e6f54' was completed in 0,28 seconds with the score of 942,34 (2 unrouted), using 6789,94 CPU seconds and 52608 MB memory.
2026-09-27 13:12:10.487 INFO   [641B89\C7995E] Auto-router pass #275 on board '2107883154407127dd39cc7d47c77195' was completed in 0,27 seconds with the score of 934,69 (3 unrouted), using 6905,56 CPU seconds and 53119 MB memory.
2026-09-27 13:12:11.735 INFO   [641B89\C7995E] Restoring an earlier board that has the score of 942,34 (2 unrouted).
2026-09-27 13:12:11.735 INFO   [641B89\C7995E] Auto-router pass #276 on board '88d4e2d53e8bc950a43c88aa4556d947' was completed in 1,24 seconds with the score of 949,16 (1 unrouted), using 7022,14 CPU seconds and 53466 MB memory.
2026-09-27 13:12:12.079 INFO   [641B89\C7995E] Auto-router pass #277 on board '1767c6fb26e24febf5fc49e865cadf41' was completed in 0,34 seconds with the score of 942,34 (2 unrouted), using 7022,14 CPU seconds and 53466 MB memory.
2026-09-27 13:12:12.440 INFO   [641B89\C7995E] Auto-router pass #278 on board 'f626e194a47ec45a5927fe0a16e7385e' was completed in 0,34 seconds with the score of 934,69 (3 unrouted), using 7022,14 CPU seconds and 53466 MB memory.
2026-09-27 13:12:12.795 INFO   [641B89\C7995E] Auto-router pass #279 on board 'b7ac260d15f7da9fb5821e15b3708a9f' was completed in 0,35 seconds with the score of 942,34 (2 unrouted), using 7139,69 CPU seconds and 53947 MB memory.
2026-09-27 13:12:13.453 INFO   [641B89\C7995E] Restoring an earlier board that has the score of 942,34 (2 unrouted).
2026-09-27 13:12:13.454 INFO   [641B89\C7995E] Auto-router pass #280 on board '08d0b225861c8b165085a4fd724e16a0' was completed in 0,65 seconds with the score of 942,34 (2 unrouted), using 7139,69 CPU seconds and 53947 MB memory.
2026-09-27 13:12:13.695 INFO   [641B89\C7995E] Auto-router pass #281 on board '1767c6fb26e24febf5fc49e865cadf41' was completed in 0,24 seconds with the score of 942,34 (2 unrouted), using 7258,20 CPU seconds and 54407 MB memory.
2026-09-27 13:12:14.031 INFO   [641B89\C7995E] Auto-router pass #282 on board '768727bdb6dcd2fa42fa2b0f8723ed6d' was completed in 0,31 seconds with the score of 934,69 (3 unrouted), using 7258,20 CPU seconds and 54407 MB memory.
2026-09-27 13:12:14.365 INFO   [641B89\C7995E] Auto-router pass #283 on board '163930818d3e6f0d138f4c5a7f9b7756' was completed in 0,32 seconds with the score of 942,00 (2 unrouted), using 7258,20 CPU seconds and 54407 MB memory.
2026-09-27 13:12:14.787 INFO   [641B89\C7995E] Restoring an earlier board that has the score of 942,34 (2 unrouted).
2026-09-27 13:12:14.788 INFO   [641B89\C7995E] Auto-router pass #284 on board '5923128f73a036386eccc9ddacabcd58' was completed in 0,41 seconds with the score of 950,80 (1 unrouted), using 7377,70 CPU seconds and 54932 MB memory.
2026-09-27 13:12:15.043 INFO   [641B89\C7995E] Auto-router pass #285 on board '1767c6fb26e24febf5fc49e865cadf41' was completed in 0,25 seconds with the score of 942,34 (2 unrouted), using 7377,70 CPU seconds and 54932 MB memory.
2026-09-27 13:12:15.355 INFO   [641B89\C7995E] Auto-router pass #286 on board '0202264f5578b961fff81633af297b75' was completed in 0,30 seconds with the score of 934,69 (3 unrouted), using 7377,70 CPU seconds and 54932 MB memory.
2026-09-27 13:12:15.705 INFO   [641B89\C7995E] Auto-router pass #287 on board '7d027eaf7139a8d18335c1103e0fbe0a' was completed in 0,34 seconds with the score of 934,74 (3 unrouted), using 7498,20 CPU seconds and 55517 MB memory.
2026-09-27 13:12:16.794 INFO   [641B89\C7995E] Auto-router pass #288 on board '8ee6330a2f4296d9c2e5f5f99f5fe379' was completed in 1,07 seconds with the score of 950,87 (1 unrouted), using 7619,69 CPU seconds and 56006 MB memory.
2026-09-27 13:12:16.925 INFO   [641B89\C7995E] Auto-router pass #289 on board 'c366d56577b0ef3be7b4e1edaa8f3850' was completed in 0,12 seconds with the score of 950,87 (1 unrouted), using 7619,69 CPU seconds and 56006 MB memory.
2026-09-27 13:12:17.093 INFO   [641B89\C7995E] Auto-router pass #290 on board 'c366d56577b0ef3be7b4e1edaa8f3850' was completed in 0,16 seconds with the score of 950,87 (1 unrouted), using 7619,69 CPU seconds and 56006 MB memory.
2026-09-27 13:12:17.195 INFO   [641B89\C7995E] Auto-router pass #291 on board 'c366d56577b0ef3be7b4e1edaa8f3850' was completed in 0,10 seconds with the score of 950,87 (1 unrouted), using 7619,69 CPU seconds and 56006 MB memory.
2026-09-27 13:12:17.654 INFO   [641B89\C7995E] Restoring an earlier board that has the score of 950,87 (1 unrouted).
2026-09-27 13:12:17.654 INFO   [641B89\C7995E] Auto-router pass #292 on board 'c366d56577b0ef3be7b4e1edaa8f3850' was completed in 0,45 seconds with the score of 950,87 (1 unrouted), using 7742,08 CPU seconds and 56535 MB memory.
2026-09-27 13:12:17.772 INFO   [641B89\C7995E] Auto-router pass #293 on board 'c366d56577b0ef3be7b4e1edaa8f3850' was completed in 0,11 seconds with the score of 950,87 (1 unrouted), using 7742,08 CPU seconds and 56535 MB memory.
2026-09-27 13:12:17.910 INFO   [641B89\C7995E] Auto-router pass #294 on board 'c366d56577b0ef3be7b4e1edaa8f3850' was completed in 0,13 seconds with the score of 950,87 (1 unrouted), using 7742,08 CPU seconds and 56535 MB memory.
2026-09-27 13:12:18.052 INFO   [641B89\C7995E] Auto-router pass #295 on board 'c366d56577b0ef3be7b4e1edaa8f3850' was completed in 0,14 seconds with the score of 950,87 (1 unrouted), using 7742,08 CPU seconds and 56535 MB memory.
2026-09-27 13:12:18.819 INFO   [641B89\C7995E] Restoring an earlier board that has the score of 950,87 (1 unrouted).
2026-09-27 13:12:18.820 INFO   [641B89\C7995E] Auto-router pass #296 on board 'c366d56577b0ef3be7b4e1edaa8f3850' was completed in 0,76 seconds with the score of 950,87 (1 unrouted), using 7865,45 CPU seconds and 56990 MB memory.
2026-09-27 13:12:18.988 INFO   [641B89\C7995E] Auto-router pass #297 on board 'c366d56577b0ef3be7b4e1edaa8f3850' was completed in 0,17 seconds with the score of 950,87 (1 unrouted), using 7865,45 CPU seconds and 56990 MB memory.
2026-09-27 13:12:19.105 INFO   [641B89\C7995E] Auto-router pass #298 on board 'c366d56577b0ef3be7b4e1edaa8f3850' was completed in 0,11 seconds with the score of 950,87 (1 unrouted), using 7865,45 CPU seconds and 56990 MB memory.
2026-09-27 13:12:19.206 INFO   [641B89\C7995E] Auto-router pass #299 on board 'c366d56577b0ef3be7b4e1edaa8f3850' was completed in 0,10 seconds with the score of 950,87 (1 unrouted), using 7865,45 CPU seconds and 56990 MB memory.
2026-09-27 13:12:19.868 INFO   [641B89\C7995E] Restoring an earlier board that has the score of 950,87 (1 unrouted).
2026-09-27 13:12:19.869 INFO   [641B89\C7995E] Auto-router pass #300 on board 'c366d56577b0ef3be7b4e1edaa8f3850' was completed in 0,66 seconds with the score of 950,87 (1 unrouted), using 7989,83 CPU seconds and 57468 MB memory.
2026-09-27 13:12:20.079 INFO   [641B89\C7995E] Auto-router pass #301 on board 'c366d56577b0ef3be7b4e1edaa8f3850' was completed in 0,20 seconds with the score of 950,87 (1 unrouted), using 7989,83 CPU seconds and 57468 MB memory.
2026-09-27 13:12:20.185 INFO   [641B89\C7995E] Auto-router pass #302 on board 'c366d56577b0ef3be7b4e1edaa8f3850' was completed in 0,10 seconds with the score of 950,87 (1 unrouted), using 7989,83 CPU seconds and 57468 MB memory.
2026-09-27 13:12:20.372 INFO   [641B89\C7995E] Auto-router pass #303 on board 'c366d56577b0ef3be7b4e1edaa8f3850' was completed in 0,18 seconds with the score of 950,87 (1 unrouted), using 7989,83 CPU seconds and 57468 MB memory.
2026-09-27 13:12:20.980 INFO   [641B89\C7995E] Restoring an earlier board that has the score of 950,87 (1 unrouted).
2026-09-27 13:12:20.982 INFO   [641B89\C7995E] Auto-router pass #304 on board 'c366d56577b0ef3be7b4e1edaa8f3850' was completed in 0,60 seconds with the score of 950,87 (1 unrouted), using 8115,19 CPU seconds and 57943 MB memory.
2026-09-27 13:12:21.268 INFO   [641B89\C7995E] Auto-router pass #305 on board 'c366d56577b0ef3be7b4e1edaa8f3850' was completed in 0,28 seconds with the score of 950,87 (1 unrouted), using 8115,19 CPU seconds and 57943 MB memory.
2026-09-27 13:12:21.528 INFO   [641B89\C7995E] Auto-router pass #306 on board 'c366d56577b0ef3be7b4e1edaa8f3850' was completed in 0,25 seconds with the score of 950,87 (1 unrouted), using 8115,19 CPU seconds and 57943 MB memory.
2026-09-27 13:12:21.725 INFO   [641B89\C7995E] Auto-router pass #307 on board 'c366d56577b0ef3be7b4e1edaa8f3850' was completed in 0,19 seconds with the score of 950,87 (1 unrouted), using 8241,53 CPU seconds and 58358 MB memory.
2026-09-27 13:12:22.087 INFO   [641B89\C7995E] Restoring an earlier board that has the score of 942,34 (2 unrouted).
2026-09-27 13:12:22.088 INFO   [641B89\C7995E] Auto-router pass #308 on board 'c366d56577b0ef3be7b4e1edaa8f3850' was completed in 0,36 seconds with the score of 950,87 (1 unrouted), using 8241,53 CPU seconds and 58358 MB memory.
2026-09-27 13:12:22.377 INFO   [641B89\C7995E] Auto-router pass #309 on board '1767c6fb26e24febf5fc49e865cadf41' was completed in 0,28 seconds with the score of 942,34 (2 unrouted), using 8241,53 CPU seconds and 58358 MB memory.
2026-09-27 13:12:22.621 INFO   [641B89\C7995E] Auto-router pass #310 on board '08a0ccc541a1118594c76c368bee45ad' was completed in 0,23 seconds with the score of 934,69 (3 unrouted), using 8368,84 CPU seconds and 58870 MB memory.
2026-09-27 13:12:22.997 INFO   [641B89\C7995E] Auto-router pass #311 on board 'baab80287a6865a60d9c14ab138dc870' was completed in 0,36 seconds with the score of 942,00 (2 unrouted), using 8368,84 CPU seconds and 58870 MB memory.
2026-09-27 13:12:23.411 INFO   [641B89\C7995E] Restoring an earlier board that has the score of 942,34 (2 unrouted).
2026-09-27 13:12:23.412 INFO   [641B89\C7995E] Auto-router pass #312 on board '2a0d99918e2eca4d621c0b3cabbc3af5' was completed in 0,40 seconds with the score of 950,13 (1 unrouted), using 8368,84 CPU seconds and 58870 MB memory.
2026-09-27 13:12:23.725 INFO   [641B89\C7995E] Auto-router pass #313 on board '23fcaae0102b7062505f5c62bc804136' was completed in 0,31 seconds with the score of 934,69 (3 unrouted), using 8497,14 CPU seconds and 59337 MB memory.
2026-09-27 13:12:24.266 INFO   [641B89\C7995E] Auto-router pass #314 on board '721cacae40360aa558a7b6e3c042342d' was completed in 0,52 seconds with the score of 934,74 (3 unrouted), using 8497,14 CPU seconds and 59337 MB memory.
2026-09-27 13:12:24.863 INFO   [641B89\C7995E] Auto-router pass #315 on board 'e0b4c6ea17b7eeae6b8ec3c866582142' was completed in 0,59 seconds with the score of 934,74 (3 unrouted), using 8626,45 CPU seconds and 59790 MB memory.
2026-09-27 13:12:25.840 INFO   [641B89\C7995E] Restoring an earlier board that has the score of 942,34 (2 unrouted).
2026-09-27 13:12:25.841 INFO   [641B89\C7995E] Auto-router pass #316 on board 'b0dcd0971050d5f4a81355beb0d0c5e4' was completed in 0,96 seconds with the score of 942,01 (2 unrouted), using 8756,73 CPU seconds and 60236 MB memory.
2026-09-27 13:12:26.154 INFO   [641B89\C7995E] Auto-router pass #317 on board '23fcaae0102b7062505f5c62bc804136' was completed in 0,31 seconds with the score of 942,34 (2 unrouted), using 8756,73 CPU seconds and 60236 MB memory.
2026-09-27 13:12:26.481 INFO   [641B89\C7995E] Auto-router pass #318 on board 'a8f3ea81ebb04f0e2d4aa1b654616a7d' was completed in 0,31 seconds with the score of 934,69 (3 unrouted), using 8756,73 CPU seconds and 60236 MB memory.
2026-09-27 13:12:26.832 INFO   [641B89\C7995E] Auto-router pass #319 on board '3096ba9706221544493be969ce631df6' was completed in 0,34 seconds with the score of 934,74 (3 unrouted), using 8888,00 CPU seconds and 60763 MB memory.
2026-09-27 13:12:28.151 INFO   [641B89\C7995E] Restoring an earlier board that has the score of 942,34 (2 unrouted).
2026-09-27 13:12:28.151 INFO   [641B89\C7995E] Auto-router pass #320 on board '763ba48d250aef7b57f6a8f5e8379e5d' was completed in 1,30 seconds with the score of 942,35 (2 unrouted), using 9020,22 CPU seconds and 61151 MB memory.
2026-09-27 13:12:28.440 INFO   [641B89\C7995E] Auto-router pass #321 on board '23fcaae0102b7062505f5c62bc804136' was completed in 0,28 seconds with the score of 934,69 (3 unrouted), using 9020,22 CPU seconds and 61151 MB memory.
2026-09-27 13:12:28.828 INFO   [641B89\C7995E] Auto-router pass #322 on board '5592f30d1db53c2099e0d6469c8584ad' was completed in 0,37 seconds with the score of 942,34 (2 unrouted), using 9153,44 CPU seconds and 61621 MB memory.
2026-09-27 13:12:29.113 INFO   [641B89\C7995E] Auto-router pass #323 on board '25add8e42ed5c06a7a6c08ed7dfad36d' was completed in 0,26 seconds with the score of 934,69 (3 unrouted), using 9153,44 CPU seconds and 61621 MB memory.
2026-09-27 13:12:30.488 INFO   [641B89\C7995E] Restoring an earlier board that has the score of 942,34 (2 unrouted).
2026-09-27 13:12:30.489 INFO   [641B89\C7995E] Auto-router pass #324 on board '81101939879e93b1163e1305b51b566a' was completed in 1,36 seconds with the score of 943,52 (2 unrouted), using 9287,61 CPU seconds and 62012 MB memory.
2026-09-27 13:12:30.835 INFO   [641B89\C7995E] Auto-router pass #325 on board '23fcaae0102b7062505f5c62bc804136' was completed in 0,34 seconds with the score of 934,69 (3 unrouted), using 9422,77 CPU seconds and 62422 MB memory.
2026-09-27 13:12:31.383 INFO   [641B89\C7995E] Auto-router pass #326 on board '721cacae40360aa558a7b6e3c042342d' was completed in 0,54 seconds with the score of 934,74 (3 unrouted), using 9422,77 CPU seconds and 62422 MB memory.
2026-09-27 13:12:31.879 INFO   [641B89\C7995E] Auto-router pass #327 on board 'f0dc9f41c310b6670db65ba4c70fc7a3' was completed in 0,48 seconds with the score of 934,74 (3 unrouted), using 9558,88 CPU seconds and 62910 MB memory.
2026-09-27 13:12:33.354 INFO   [641B89\C7995E] Restoring an earlier board that has the score of 942,34 (2 unrouted).
2026-09-27 13:12:33.355 INFO   [641B89\C7995E] Auto-router pass #328 on board '50bab3e689fe333562f4210d6030a1b5' was completed in 1,45 seconds with the score of 950,37 (1 unrouted), using 9696,00 CPU seconds and 63312 MB memory.
2026-09-27 13:12:33.540 INFO   [641B89\C7995E] Auto-router pass #329 on board '7047871b035c43195593fd7ed0e92dfa' was completed in 0,18 seconds with the score of 934,69 (3 unrouted), using 9696,00 CPU seconds and 63312 MB memory.
2026-09-27 13:12:33.863 INFO   [641B89\C7995E] Auto-router pass #330 on board 'd93f024dc5e47608293803a7b85ba5b8' was completed in 0,31 seconds with the score of 934,74 (3 unrouted), using 9834,12 CPU seconds and 63845 MB memory.
2026-09-27 13:12:34.515 INFO   [641B89\C7995E] Auto-router pass #331 on board '345636b00e607e43b0ea32bcc4e9f0a9' was completed in 0,64 seconds with the score of 934,74 (3 unrouted), using 9834,12 CPU seconds and 63845 MB memory.
2026-09-27 13:12:35.693 INFO   [641B89\C7995E] Restoring an earlier board that has the score of 942,34 (2 unrouted).
2026-09-27 13:12:35.694 INFO   [641B89\C7995E] Auto-router pass #332 on board '4212d5782cfe2da2c0619d121aa6c866' was completed in 1,16 seconds with the score of 950,37 (1 unrouted), using 9973,23 CPU seconds and 64327 MB memory.
2026-09-27 13:12:36.057 INFO   [641B89\C7995E] Auto-router pass #333 on board '7047871b035c43195593fd7ed0e92dfa' was completed in 0,36 seconds with the score of 942,34 (2 unrouted), using 10113,33 CPU seconds and 64726 MB memory.
2026-09-27 13:12:36.360 INFO   [641B89\C7995E] Auto-router pass #334 on board '7a2f1180c3261a1524c2e9cd2bbc50d5' was completed in 0,29 seconds with the score of 942,34 (2 unrouted), using 10113,33 CPU seconds and 64726 MB memory.
2026-09-27 13:12:36.735 INFO   [641B89\C7995E] Auto-router pass #335 on board 'dae95ac1e08335e5eee453a18f5824fc' was completed in 0,35 seconds with the score of 934,69 (3 unrouted), using 10113,33 CPU seconds and 64726 MB memory.
2026-09-27 13:12:38.168 INFO   [641B89\C7995E] Restoring an earlier board that has the score of 942,34 (2 unrouted).
2026-09-27 13:12:38.168 INFO   [641B89\C7995E] Auto-router pass #336 on board 'ef9c612f3a807be54978140d609b9fce' was completed in 1,41 seconds with the score of 949,18 (1 unrouted), using 10396,39 CPU seconds and 65524 MB memory.
2026-09-27 13:12:38.407 INFO   [641B89\C7995E] Auto-router pass #337 on board '7047871b035c43195593fd7ed0e92dfa' was completed in 0,24 seconds with the score of 934,69 (3 unrouted), using 10396,39 CPU seconds and 65524 MB memory.
2026-09-27 13:12:38.927 INFO   [641B89\C7995E] Auto-router pass #338 on board '53f5690843dda4ab17d26124d6fdc3be' was completed in 0,50 seconds with the score of 934,74 (3 unrouted), using 10539,38 CPU seconds and 65968 MB memory.
2026-09-27 13:12:39.432 INFO   [641B89\C7995E] Auto-router pass #339 on board '360b7d3b3595f9aa3e659b5ba2497129' was completed in 0,49 seconds with the score of 934,74 (3 unrouted), using 10539,38 CPU seconds and 65968 MB memory.
2026-09-27 13:12:40.407 INFO   [641B89\C7995E] Restoring an earlier board that has the score of 942,34 (2 unrouted).
2026-09-27 13:12:40.407 INFO   [641B89\C7995E] Auto-router pass #340 on board '117e06de25965705a550026c73f60133' was completed in 0,96 seconds with the score of 949,18 (1 unrouted), using 10683,33 CPU seconds and 66469 MB memory.
2026-09-27 13:12:40.686 INFO   [641B89\C7995E] Auto-router pass #341 on board '7047871b035c43195593fd7ed0e92dfa' was completed in 0,27 seconds with the score of 942,34 (2 unrouted), using 10683,33 CPU seconds and 66469 MB memory.
2026-09-27 13:12:41.007 INFO   [641B89\C7995E] Auto-router pass #342 on board '53c972aeccff49b4e59feda0791574c8' was completed in 0,30 seconds with the score of 934,69 (3 unrouted), using 10828,30 CPU seconds and 66940 MB memory.
2026-09-27 13:12:41.329 INFO   [641B89\C7995E] Auto-router pass #343 on board '05de84ef81894357efb7352672da8711' was completed in 0,31 seconds with the score of 942,00 (2 unrouted), using 10828,30 CPU seconds and 66940 MB memory.
2026-09-27 13:12:41.578 INFO   [641B89\C7995E] Restoring an earlier board that has the score of 942,34 (2 unrouted).
2026-09-27 13:12:41.578 INFO   [641B89\C7995E] Auto-router pass #344 on board 'd395072097b9632703ff49a9258d950d' was completed in 0,23 seconds with the score of 950,87 (1 unrouted), using 10828,30 CPU seconds and 66940 MB memory.
2026-09-27 13:12:41.910 INFO   [641B89\C7995E] Auto-router pass #345 on board '5f39bc63c62aaf0369ae6943bc5ad361' was completed in 0,33 seconds with the score of 934,69 (3 unrouted), using 10974,25 CPU seconds and 67514 MB memory.
2026-09-27 13:12:42.276 INFO   [641B89\C7995E] Auto-router pass #346 on board '157bfea435920568af6e7732a3b14a04' was completed in 0,35 seconds with the score of 942,00 (2 unrouted), using 10974,25 CPU seconds and 67514 MB memory.
2026-09-27 13:12:42.516 INFO   [641B89\C7995E] Auto-router pass #347 on board '3d5e2dbb8e411b4f68189092edb4e841' was completed in 0,23 seconds with the score of 934,69 (3 unrouted), using 10974,25 CPU seconds and 67514 MB memory.
2026-09-27 13:12:43.912 INFO   [641B89\C7995E] Restoring an earlier board that has the score of 942,34 (2 unrouted).
2026-09-27 13:12:43.913 INFO   [641B89\C7995E] Auto-router pass #348 on board '6bc077b1b19af326ecb2ac0b094a4cf5' was completed in 1,39 seconds with the score of 949,14 (1 unrouted), using 11269,06 CPU seconds and 68315 MB memory.
2026-09-27 13:12:44.242 INFO   [641B89\C7995E] Auto-router pass #349 on board '5f39bc63c62aaf0369ae6943bc5ad361' was completed in 0,32 seconds with the score of 934,69 (3 unrouted), using 11269,06 CPU seconds and 68315 MB memory.
2026-09-27 13:12:44.652 INFO   [641B89\C7995E] Auto-router pass #350 on board '901c2f28695f861842fcf6ad69f7c8a8' was completed in 0,40 seconds with the score of 934,74 (3 unrouted), using 11269,06 CPU seconds and 68315 MB memory.
2026-09-27 13:12:45.137 INFO   [641B89\C7995E] Auto-router pass #351 on board 'be097332ad8a3755fc6133a1838bf4da' was completed in 0,47 seconds with the score of 934,74 (3 unrouted), using 11417,92 CPU seconds and 68903 MB memory.
2026-09-27 13:12:46.952 INFO   [641B89\C7995E] Restoring an earlier board that has the score of 942,34 (2 unrouted).
2026-09-27 13:12:46.953 INFO   [641B89\C7995E] Auto-router pass #352 on board '1d226d41c5c2e631a746fb6784bda444' was completed in 1,80 seconds with the score of 941,96 (2 unrouted), using 11718,55 CPU seconds and 69682 MB memory.
2026-09-27 13:12:47.252 INFO   [641B89\C7995E] Auto-router pass #353 on board '5f39bc63c62aaf0369ae6943bc5ad361' was completed in 0,29 seconds with the score of 934,69 (3 unrouted), using 11718,55 CPU seconds and 69682 MB memory.
2026-09-27 13:12:47.643 INFO   [641B89\C7995E] Auto-router pass #354 on board '157bfea435920568af6e7732a3b14a04' was completed in 0,38 seconds with the score of 942,34 (2 unrouted), using 11718,55 CPU seconds and 69682 MB memory.
2026-09-27 13:12:47.903 INFO   [641B89\C7995E] Auto-router pass #355 on board 'd752b95e63fba95e748fd748d722ea17' was completed in 0,25 seconds with the score of 934,69 (3 unrouted), using 11870,28 CPU seconds and 70230 MB memory.
2026-09-27 13:12:48.839 INFO   [641B89\C7995E] Restoring an earlier board that has the score of 942,34 (2 unrouted).
2026-09-27 13:12:48.840 INFO   [641B89\C7995E] Auto-router pass #356 on board '535a6fdf0cf8dff96f88acfb811273bb' was completed in 0,92 seconds with the score of 950,80 (1 unrouted), using 11870,28 CPU seconds and 70230 MB memory.
2026-09-27 13:12:49.164 INFO   [641B89\C7995E] Auto-router pass #357 on board '5f39bc63c62aaf0369ae6943bc5ad361' was completed in 0,32 seconds with the score of 942,34 (2 unrouted), using 12023,00 CPU seconds and 70617 MB memory.
2026-09-27 13:12:49.531 INFO   [641B89\C7995E] Auto-router pass #358 on board '198ad69f4ae4694fd24fa11a585ba9d6' was completed in 0,34 seconds with the score of 934,69 (3 unrouted), using 12023,00 CPU seconds and 70617 MB memory.
2026-09-27 13:12:49.891 INFO   [641B89\C7995E] Auto-router pass #359 on board '791a2805efdd64a5eebcba9eba0f59fb' was completed in 0,34 seconds with the score of 942,34 (2 unrouted), using 12023,00 CPU seconds and 70617 MB memory.
2026-09-27 13:12:50.574 INFO   [641B89\C7995E] Restoring an earlier board that has the score of 942,34 (2 unrouted).
2026-09-27 13:12:50.575 INFO   [641B89\C7995E] Auto-router pass #360 on board 'd4bc8ab345f7fca8121f441b6cc2f9d5' was completed in 0,67 seconds with the score of 950,12 (1 unrouted), using 12176,70 CPU seconds and 71137 MB memory.
2026-09-27 13:12:50.788 INFO   [641B89\C7995E] Auto-router pass #361 on board '013574ce37f931cab269fcb29e2d6d0d' was completed in 0,21 seconds with the score of 942,34 (2 unrouted), using 12176,70 CPU seconds and 71137 MB memory.
2026-09-27 13:12:51.073 INFO   [641B89\C7995E] Auto-router pass #362 on board 'd92cf40c8838c994ed38e2e7de3d3852' was completed in 0,27 seconds with the score of 934,69 (3 unrouted), using 12331,38 CPU seconds and 71612 MB memory.
2026-09-27 13:12:51.363 INFO   [641B89\C7995E] Auto-router pass #363 on board '91d5c9796748d7b472e609ce6aa49eb8' was completed in 0,28 seconds with the score of 942,00 (2 unrouted), using 12331,38 CPU seconds and 71612 MB memory.
2026-09-27 13:12:51.728 INFO   [641B89\C7995E] Restoring an earlier board that has the score of 942,34 (2 unrouted).
2026-09-27 13:12:51.730 INFO   [641B89\C7995E] Auto-router pass #364 on board '3b57953fcc6add5e542f3fb7eed190e6' was completed in 0,35 seconds with the score of 950,87 (1 unrouted), using 12331,38 CPU seconds and 71612 MB memory.
2026-09-27 13:12:52.042 INFO   [641B89\C7995E] Auto-router pass #365 on board '013574ce37f931cab269fcb29e2d6d0d' was completed in 0,30 seconds with the score of 934,69 (3 unrouted), using 12487,02 CPU seconds and 72090 MB memory.
2026-09-27 13:12:52.395 INFO   [641B89\C7995E] Auto-router pass #366 on board '5a9b6024e1fdb6245f1c40e33a0f5570' was completed in 0,34 seconds with the score of 934,74 (3 unrouted), using 12487,02 CPU seconds and 72090 MB memory.
2026-09-27 13:12:52.813 INFO   [641B89\C7995E] Auto-router pass #367 on board '07e2ef063c3aa750963d3b14a00600f8' was completed in 0,40 seconds with the score of 934,74 (3 unrouted), using 12487,02 CPU seconds and 72090 MB memory.
2026-09-27 13:12:54.292 INFO   [641B89\C7995E] Restoring an earlier board that has the score of 942,34 (2 unrouted).
2026-09-27 13:12:54.293 INFO   [641B89\C7995E] Auto-router pass #368 on board '91b158d281afee48680e2c4d2860a5a4' was completed in 1,47 seconds with the score of 942,35 (2 unrouted), using 12801,09 CPU seconds and 72965 MB memory.
2026-09-27 13:12:54.645 INFO   [641B89\C7995E] Auto-router pass #369 on board '013574ce37f931cab269fcb29e2d6d0d' was completed in 0,35 seconds with the score of 934,69 (3 unrouted), using 12801,09 CPU seconds and 72965 MB memory.
2026-09-27 13:12:55.033 INFO   [641B89\C7995E] Auto-router pass #370 on board 'a87adfb591b9e5a888d8a1fc2d902398' was completed in 0,38 seconds with the score of 942,00 (2 unrouted), using 12959,56 CPU seconds and 73390 MB memory.
2026-09-27 13:12:55.276 INFO   [641B89\C7995E] Auto-router pass #371 on board '28dd66dc2a7fb9d89d89b9fbf1b9e05d' was completed in 0,21 seconds with the score of 934,69 (3 unrouted), using 12959,56 CPU seconds and 73390 MB memory.
2026-09-27 13:12:55.976 INFO   [641B89\C7995E] Restoring an earlier board that has the score of 942,34 (2 unrouted).
2026-09-27 13:12:55.976 INFO   [641B89\C7995E] Auto-router pass #372 on board '31f66004e99e01c9b8741e8cdd9d7aa2' was completed in 0,69 seconds with the score of 950,80 (1 unrouted), using 13119,00 CPU seconds and 73786 MB memory.
2026-09-27 13:12:56.285 INFO   [641B89\C7995E] Auto-router pass #373 on board '013574ce37f931cab269fcb29e2d6d0d' was completed in 0,30 seconds with the score of 934,69 (3 unrouted), using 13119,00 CPU seconds and 73786 MB memory.
2026-09-27 13:12:56.567 INFO   [641B89\C7995E] Auto-router pass #374 on board 'e3f41a3f42c7924567aa993fcc08d9e6' was completed in 0,26 seconds with the score of 942,34 (2 unrouted), using 13119,00 CPU seconds and 73786 MB memory.
2026-09-27 13:12:56.869 INFO   [641B89\C7995E] Auto-router pass #375 on board '34907a8cd3ae92b8ce7b3b4b555e01ca' was completed in 0,29 seconds with the score of 942,34 (2 unrouted), using 13119,00 CPU seconds and 73786 MB memory.
2026-09-27 13:12:57.507 INFO   [641B89\C7995E] Restoring an earlier board that has the score of 942,34 (2 unrouted).
2026-09-27 13:12:57.507 INFO   [641B89\C7995E] Auto-router pass #376 on board 'f61fb90f0d5b6fc1de43a5bdf53b0e0c' was completed in 0,63 seconds with the score of 950,41 (1 unrouted), using 13279,42 CPU seconds and 74309 MB memory.
2026-09-27 13:12:57.853 INFO   [641B89\C7995E] Auto-router pass #377 on board 'f66d6fc31f3e53a93b73e93cf6ea9258' was completed in 0,34 seconds with the score of 942,34 (2 unrouted), using 13279,42 CPU seconds and 74309 MB memory.
2026-09-27 13:12:58.212 INFO   [641B89\C7995E] Auto-router pass #378 on board '0e46bbf794834bdfff5d099cd9d97dab' was completed in 0,34 seconds with the score of 934,69 (3 unrouted), using 13440,84 CPU seconds and 74729 MB memory.
2026-09-27 13:12:58.732 INFO   [641B89\C7995E] Auto-router pass #379 on board 'a6451f4eb4c8d434aea7aac3ac089178' was completed in 0,51 seconds with the score of 934,74 (3 unrouted), using 13440,84 CPU seconds and 74729 MB memory.
