OK  null_control -> 0 failing checks
OK  mount_shift -> 1 failing checks
OK  jbp_shift -> 2 failing checks
OK  sv_no_gnd_end -> 3 failing checks
OK  sv_pin_without_resistor -> 3 failing checks
OK  sv_resistor_far -> 2 failing checks
OK  label_missing -> 1 failing checks
OK  too_tall -> 1 failing checks
OK  obd_turned -> 5 failing checks
OK  anchor_track -> 2 failing checks
OK  cable_blocked -> 3 failing checks
OK  d1_far -> 3 failing checks
OK  decap_far -> 3 failing checks
OK  driver_far -> 4 failing checks
OK  narrow_track -> 2 failing checks
OK  bottom_soic -> 3 failing checks
OK  gnd_pour_removed -> 2 failing checks
OK  ref_on_part -> 3 failing checks
OK  ref_far -> 2 failing checks
OK  label_swap -> 1 failing checks
OK  strip_part -> 2 failing checks
OK  mark_missing -> 1 failing checks
OK  can_bypass -> 2 failing checks
OK  j3_close -> 2 failing checks
24 / 24 negative controls (with the null control)

09:14:39: Debug: Adding duplicate image handler for 'PNG file'
09:14:39: Debug: Adding duplicate image handler for 'JPEG file'
09:14:39: Debug: Adding duplicate image handler for 'TIFF file'
09:14:39: Debug: Adding duplicate image handler for 'GIF file'
09:14:39: Debug: Adding duplicate image handler for 'PNM file'
09:14:39: Debug: Adding duplicate image handler for 'PCX file'
09:14:39: Debug: Adding duplicate image handler for 'IFF file'
09:14:39: Debug: Adding duplicate image handler for 'Windows icon file'
09:14:39: Debug: Adding duplicate image handler for 'Windows cursor file'
09:14:39: Debug: Adding duplicate image handler for 'Windows animated cursor file'
09:14:39: Debug: Adding duplicate image handler for 'TGA file'
09:14:39: Debug: Adding duplicate image handler for 'XPM file'
09:14:46: Debug: Adding duplicate image handler for 'PNG file'
09:14:46: Debug: Adding duplicate image handler for 'JPEG file'
09:14:46: Debug: Adding duplicate image handler for 'TIFF file'
09:14:46: Debug: Adding duplicate image handler for 'GIF file'
09:14:46: Debug: Adding duplicate image handler for 'PNM file'
09:14:46: Debug: Adding duplicate image handler for 'PCX file'
09:14:46: Debug: Adding duplicate image handler for 'IFF file'
09:14:46: Debug: Adding duplicate image handler for 'Windows icon file'
09:14:46: Debug: Adding duplicate image handler for 'Windows cursor file'
09:14:46: Debug: Adding duplicate image handler for 'Windows animated cursor file'
09:14:46: Debug: Adding duplicate image handler for 'TGA file'
09:14:46: Debug: Adding duplicate image handler for 'XPM file'
09:14:52: Debug: Adding duplicate image handler for 'PNG file'
09:14:52: Debug: Adding duplicate image handler for 'JPEG file'
09:14:52: Debug: Adding duplicate image handler for 'TIFF file'
09:14:52: Debug: Adding duplicate image handler for 'GIF file'
09:14:52: Debug: Adding duplicate image handler for 'PNM file'
09:14:52: Debug: Adding duplicate image handler for 'PCX file'
09:14:52: Debug: Adding duplicate image handler for 'IFF file'
09:14:52: Debug: Adding duplicate image handler for 'Windows icon file'
09:14:52: Debug: Adding duplicate image handler for 'Windows cursor file'
09:14:52: Debug: Adding duplicate image handler for 'Windows animated cursor file'
09:14:52: Debug: Adding duplicate image handler for 'TGA file'
09:14:52: Debug: Adding duplicate image handler for 'XPM file'
09:14:58: Debug: Adding duplicate image handler for 'PNG file'
09:14:58: Debug: Adding duplicate image handler for 'JPEG file'
09:14:58: Debug: Adding duplicate image handler for 'TIFF file'
09:14:58: Debug: Adding duplicate image handler for 'GIF file'
09:14:58: Debug: Adding duplicate image handler for 'PNM file'
09:14:58: Debug: Adding duplicate image handler for 'PCX file'
09:14:58: Debug: Adding duplicate image handler for 'IFF file'
09:14:58: Debug: Adding duplicate image handler for 'Windows icon file'
09:14:58: Debug: Adding duplicate image handler for 'Windows cursor file'
09:14:58: Debug: Adding duplicate image handler for 'Windows animated cursor file'
09:14:58: Debug: Adding duplicate image handler for 'TGA file'
09:14:58: Debug: Adding duplicate image handler for 'XPM file'
09:15:05: Debug: Adding duplicate image handler for 'PNG file'
09:15:05: Debug: Adding duplicate image handler for 'JPEG file'
09:15:05: Debug: Adding duplicate image handler for 'TIFF file'
09:15:05: Debug: Adding duplicate image handler for 'GIF file'
09:15:05: Debug: Adding duplicate image handler for 'PNM file'
09:15:05: Debug: Adding duplicate image handler for 'PCX file'
09:15:05: Debug: Adding duplicate image handler for 'IFF file'
09:15:05: Debug: Adding duplicate image handler for 'Windows icon file'
09:15:05: Debug: Adding duplicate image handler for 'Windows cursor file'
09:15:05: Debug: Adding duplicate image handler for 'Windows animated cursor file'
09:15:05: Debug: Adding duplicate image handler for 'TGA file'
09:15:05: Debug: Adding duplicate image handler for 'XPM file'
09:15:11: Debug: Adding duplicate image handler for 'PNG file'
09:15:11: Debug: Adding duplicate image handler for 'JPEG file'
09:15:11: Debug: Adding duplicate image handler for 'TIFF file'
09:15:11: Debug: Adding duplicate image handler for 'GIF file'
09:15:11: Debug: Adding duplicate image handler for 'PNM file'
09:15:11: Debug: Adding duplicate image handler for 'PCX file'
09:15:11: Debug: Adding duplicate image handler for 'IFF file'
09:15:11: Debug: Adding duplicate image handler for 'Windows icon file'
09:15:11: Debug: Adding duplicate image handler for 'Windows cursor file'
09:15:11: Debug: Adding duplicate image handler for 'Windows animated cursor file'
09:15:11: Debug: Adding duplicate image handler for 'TGA file'
09:15:11: Debug: Adding duplicate image handler for 'XPM file'
09:15:17: Debug: Adding duplicate image handler for 'PNG file'
09:15:17: Debug: Adding duplicate image handler for 'JPEG file'
09:15:17: Debug: Adding duplicate image handler for 'TIFF file'
09:15:17: Debug: Adding duplicate image handler for 'GIF file'
09:15:17: Debug: Adding duplicate image handler for 'PNM file'
09:15:17: Debug: Adding duplicate image handler for 'PCX file'
09:15:17: Debug: Adding duplicate image handler for 'IFF file'
09:15:17: Debug: Adding duplicate image handler for 'Windows icon file'
09:15:17: Debug: Adding duplicate image handler for 'Windows cursor file'
09:15:17: Debug: Adding duplicate image handler for 'Windows animated cursor file'
09:15:17: Debug: Adding duplicate image handler for 'TGA file'
09:15:17: Debug: Adding duplicate image handler for 'XPM file'
09:15:24: Debug: Adding duplicate image handler for 'PNG file'
09:15:24: Debug: Adding duplicate image handler for 'JPEG file'
09:15:24: Debug: Adding duplicate image handler for 'TIFF file'
09:15:24: Debug: Adding duplicate image handler for 'GIF file'
09:15:24: Debug: Adding duplicate image handler for 'PNM file'
09:15:24: Debug: Adding duplicate image handler for 'PCX file'
09:15:24: Debug: Adding duplicate image handler for 'IFF file'
09:15:24: Debug: Adding duplicate image handler for 'Windows icon file'
09:15:24: Debug: Adding duplicate image handler for 'Windows cursor file'
09:15:24: Debug: Adding duplicate image handler for 'Windows animated cursor file'
09:15:24: Debug: Adding duplicate image handler for 'TGA file'
09:15:24: Debug: Adding duplicate image handler for 'XPM file'
09:15:30: Debug: Adding duplicate image handler for 'PNG file'
09:15:30: Debug: Adding duplicate image handler for 'JPEG file'
09:15:30: Debug: Adding duplicate image handler for 'TIFF file'
09:15:30: Debug: Adding duplicate image handler for 'GIF file'
09:15:30: Debug: Adding duplicate image handler for 'PNM file'
09:15:30: Debug: Adding duplicate image handler for 'PCX file'
09:15:30: Debug: Adding duplicate image handler for 'IFF file'
09:15:30: Debug: Adding duplicate image handler for 'Windows icon file'
09:15:30: Debug: Adding duplicate image handler for 'Windows cursor file'
09:15:30: Debug: Adding duplicate image handler for 'Windows animated cursor file'
09:15:30: Debug: Adding duplicate image handler for 'TGA file'
09:15:30: Debug: Adding duplicate image handler for 'XPM file'
09:15:36: Debug: Adding duplicate image handler for 'PNG file'
09:15:36: Debug: Adding duplicate image handler for 'JPEG file'
09:15:36: Debug: Adding duplicate image handler for 'TIFF file'
09:15:36: Debug: Adding duplicate image handler for 'GIF file'
09:15:36: Debug: Adding duplicate image handler for 'PNM file'
09:15:36: Debug: Adding duplicate image handler for 'PCX file'
09:15:36: Debug: Adding duplicate image handler for 'IFF file'
09:15:36: Debug: Adding duplicate image handler for 'Windows icon file'
09:15:36: Debug: Adding duplicate image handler for 'Windows cursor file'
09:15:36: Debug: Adding duplicate image handler for 'Windows animated cursor file'
09:15:36: Debug: Adding duplicate image handler for 'TGA file'
09:15:36: Debug: Adding duplicate image handler for 'XPM file'
09:15:43: Debug: Adding duplicate image handler for 'PNG file'
09:15:43: Debug: Adding duplicate image handler for 'JPEG file'
09:15:43: Debug: Adding duplicate image handler for 'TIFF file'
09:15:43: Debug: Adding duplicate image handler for 'GIF file'
09:15:43: Debug: Adding duplicate image handler for 'PNM file'
09:15:43: Debug: Adding duplicate image handler for 'PCX file'
09:15:43: Debug: Adding duplicate image handler for 'IFF file'
09:15:43: Debug: Adding duplicate image handler for 'Windows icon file'
09:15:43: Debug: Adding duplicate image handler for 'Windows cursor file'
09:15:43: Debug: Adding duplicate image handler for 'Windows animated cursor file'
09:15:43: Debug: Adding duplicate image handler for 'TGA file'
09:15:43: Debug: Adding duplicate image handler for 'XPM file'
09:15:49: Debug: Adding duplicate image handler for 'PNG file'
09:15:49: Debug: Adding duplicate image handler for 'JPEG file'
09:15:49: Debug: Adding duplicate image handler for 'TIFF file'
09:15:49: Debug: Adding duplicate image handler for 'GIF file'
09:15:49: Debug: Adding duplicate image handler for 'PNM file'
09:15:49: Debug: Adding duplicate image handler for 'PCX file'
09:15:49: Debug: Adding duplicate image handler for 'IFF file'
09:15:49: Debug: Adding duplicate image handler for 'Windows icon file'
09:15:49: Debug: Adding duplicate image handler for 'Windows cursor file'
09:15:49: Debug: Adding duplicate image handler for 'Windows animated cursor file'
09:15:49: Debug: Adding duplicate image handler for 'TGA file'
09:15:49: Debug: Adding duplicate image handler for 'XPM file'
09:15:55: Debug: Adding duplicate image handler for 'PNG file'
09:15:55: Debug: Adding duplicate image handler for 'JPEG file'
09:15:55: Debug: Adding duplicate image handler for 'TIFF file'
09:15:55: Debug: Adding duplicate image handler for 'GIF file'
09:15:55: Debug: Adding duplicate image handler for 'PNM file'
09:15:55: Debug: Adding duplicate image handler for 'PCX file'
09:15:55: Debug: Adding duplicate image handler for 'IFF file'
09:15:55: Debug: Adding duplicate image handler for 'Windows icon file'
09:15:55: Debug: Adding duplicate image handler for 'Windows cursor file'
09:15:55: Debug: Adding duplicate image handler for 'Windows animated cursor file'
09:15:55: Debug: Adding duplicate image handler for 'TGA file'
09:15:55: Debug: Adding duplicate image handler for 'XPM file'
09:16:02: Debug: Adding duplicate image handler for 'PNG file'
09:16:02: Debug: Adding duplicate image handler for 'JPEG file'
09:16:02: Debug: Adding duplicate image handler for 'TIFF file'
09:16:02: Debug: Adding duplicate image handler for 'GIF file'
09:16:02: Debug: Adding duplicate image handler for 'PNM file'
09:16:02: Debug: Adding duplicate image handler for 'PCX file'
09:16:02: Debug: Adding duplicate image handler for 'IFF file'
09:16:02: Debug: Adding duplicate image handler for 'Windows icon file'
09:16:02: Debug: Adding duplicate image handler for 'Windows cursor file'
09:16:02: Debug: Adding duplicate image handler for 'Windows animated cursor file'
09:16:02: Debug: Adding duplicate image handler for 'TGA file'
09:16:02: Debug: Adding duplicate image handler for 'XPM file'
09:16:08: Debug: Adding duplicate image handler for 'PNG file'
09:16:08: Debug: Adding duplicate image handler for 'JPEG file'
09:16:08: Debug: Adding duplicate image handler for 'TIFF file'
09:16:08: Debug: Adding duplicate image handler for 'GIF file'
09:16:08: Debug: Adding duplicate image handler for 'PNM file'
09:16:08: Debug: Adding duplicate image handler for 'PCX file'
09:16:08: Debug: Adding duplicate image handler for 'IFF file'
09:16:08: Debug: Adding duplicate image handler for 'Windows icon file'
09:16:08: Debug: Adding duplicate image handler for 'Windows cursor file'
09:16:08: Debug: Adding duplicate image handler for 'Windows animated cursor file'
09:16:08: Debug: Adding duplicate image handler for 'TGA file'
09:16:08: Debug: Adding duplicate image handler for 'XPM file'
09:16:14: Debug: Adding duplicate image handler for 'PNG file'
09:16:14: Debug: Adding duplicate image handler for 'JPEG file'
09:16:14: Debug: Adding duplicate image handler for 'TIFF file'
09:16:14: Debug: Adding duplicate image handler for 'GIF file'
09:16:14: Debug: Adding duplicate image handler for 'PNM file'
09:16:14: Debug: Adding duplicate image handler for 'PCX file'
09:16:14: Debug: Adding duplicate image handler for 'IFF file'
09:16:14: Debug: Adding duplicate image handler for 'Windows icon file'
09:16:14: Debug: Adding duplicate image handler for 'Windows cursor file'
09:16:14: Debug: Adding duplicate image handler for 'Windows animated cursor file'
09:16:14: Debug: Adding duplicate image handler for 'TGA file'
09:16:14: Debug: Adding duplicate image handler for 'XPM file'
09:16:21: Debug: Adding duplicate image handler for 'PNG file'
09:16:21: Debug: Adding duplicate image handler for 'JPEG file'
09:16:21: Debug: Adding duplicate image handler for 'TIFF file'
09:16:21: Debug: Adding duplicate image handler for 'GIF file'
09:16:21: Debug: Adding duplicate image handler for 'PNM file'
09:16:21: Debug: Adding duplicate image handler for 'PCX file'
09:16:21: Debug: Adding duplicate image handler for 'IFF file'
09:16:21: Debug: Adding duplicate image handler for 'Windows icon file'
09:16:21: Debug: Adding duplicate image handler for 'Windows cursor file'
09:16:21: Debug: Adding duplicate image handler for 'Windows animated cursor file'
09:16:21: Debug: Adding duplicate image handler for 'TGA file'
09:16:21: Debug: Adding duplicate image handler for 'XPM file'
09:16:27: Debug: Adding duplicate image handler for 'PNG file'
09:16:27: Debug: Adding duplicate image handler for 'JPEG file'
09:16:27: Debug: Adding duplicate image handler for 'TIFF file'
09:16:27: Debug: Adding duplicate image handler for 'GIF file'
09:16:27: Debug: Adding duplicate image handler for 'PNM file'
09:16:27: Debug: Adding duplicate image handler for 'PCX file'
09:16:27: Debug: Adding duplicate image handler for 'IFF file'
09:16:27: Debug: Adding duplicate image handler for 'Windows icon file'
09:16:27: Debug: Adding duplicate image handler for 'Windows cursor file'
09:16:27: Debug: Adding duplicate image handler for 'Windows animated cursor file'
09:16:27: Debug: Adding duplicate image handler for 'TGA file'
09:16:27: Debug: Adding duplicate image handler for 'XPM file'
09:16:33: Debug: Adding duplicate image handler for 'PNG file'
09:16:33: Debug: Adding duplicate image handler for 'JPEG file'
09:16:33: Debug: Adding duplicate image handler for 'TIFF file'
09:16:33: Debug: Adding duplicate image handler for 'GIF file'
09:16:33: Debug: Adding duplicate image handler for 'PNM file'
09:16:33: Debug: Adding duplicate image handler for 'PCX file'
09:16:33: Debug: Adding duplicate image handler for 'IFF file'
09:16:33: Debug: Adding duplicate image handler for 'Windows icon file'
09:16:33: Debug: Adding duplicate image handler for 'Windows cursor file'
09:16:33: Debug: Adding duplicate image handler for 'Windows animated cursor file'
09:16:33: Debug: Adding duplicate image handler for 'TGA file'
09:16:33: Debug: Adding duplicate image handler for 'XPM file'
09:16:40: Debug: Adding duplicate image handler for 'PNG file'
09:16:40: Debug: Adding duplicate image handler for 'JPEG file'
09:16:40: Debug: Adding duplicate image handler for 'TIFF file'
09:16:40: Debug: Adding duplicate image handler for 'GIF file'
09:16:40: Debug: Adding duplicate image handler for 'PNM file'
09:16:40: Debug: Adding duplicate image handler for 'PCX file'
09:16:40: Debug: Adding duplicate image handler for 'IFF file'
09:16:40: Debug: Adding duplicate image handler for 'Windows icon file'
09:16:40: Debug: Adding duplicate image handler for 'Windows cursor file'
09:16:40: Debug: Adding duplicate image handler for 'Windows animated cursor file'
09:16:40: Debug: Adding duplicate image handler for 'TGA file'
09:16:40: Debug: Adding duplicate image handler for 'XPM file'
09:16:46: Debug: Adding duplicate image handler for 'PNG file'
09:16:46: Debug: Adding duplicate image handler for 'JPEG file'
09:16:46: Debug: Adding duplicate image handler for 'TIFF file'
09:16:46: Debug: Adding duplicate image handler for 'GIF file'
09:16:46: Debug: Adding duplicate image handler for 'PNM file'
09:16:46: Debug: Adding duplicate image handler for 'PCX file'
09:16:46: Debug: Adding duplicate image handler for 'IFF file'
09:16:46: Debug: Adding duplicate image handler for 'Windows icon file'
09:16:46: Debug: Adding duplicate image handler for 'Windows cursor file'
09:16:46: Debug: Adding duplicate image handler for 'Windows animated cursor file'
09:16:46: Debug: Adding duplicate image handler for 'TGA file'
09:16:46: Debug: Adding duplicate image handler for 'XPM file'
09:16:53: Debug: Adding duplicate image handler for 'PNG file'
09:16:53: Debug: Adding duplicate image handler for 'JPEG file'
09:16:53: Debug: Adding duplicate image handler for 'TIFF file'
09:16:53: Debug: Adding duplicate image handler for 'GIF file'
09:16:53: Debug: Adding duplicate image handler for 'PNM file'
09:16:53: Debug: Adding duplicate image handler for 'PCX file'
09:16:53: Debug: Adding duplicate image handler for 'IFF file'
09:16:53: Debug: Adding duplicate image handler for 'Windows icon file'
09:16:53: Debug: Adding duplicate image handler for 'Windows cursor file'
09:16:53: Debug: Adding duplicate image handler for 'Windows animated cursor file'
09:16:53: Debug: Adding duplicate image handler for 'TGA file'
09:16:53: Debug: Adding duplicate image handler for 'XPM file'
09:16:59: Debug: Adding duplicate image handler for 'PNG file'
09:16:59: Debug: Adding duplicate image handler for 'JPEG file'
09:16:59: Debug: Adding duplicate image handler for 'TIFF file'
09:16:59: Debug: Adding duplicate image handler for 'GIF file'
09:16:59: Debug: Adding duplicate image handler for 'PNM file'
09:16:59: Debug: Adding duplicate image handler for 'PCX file'
09:16:59: Debug: Adding duplicate image handler for 'IFF file'
09:16:59: Debug: Adding duplicate image handler for 'Windows icon file'
09:16:59: Debug: Adding duplicate image handler for 'Windows cursor file'
09:16:59: Debug: Adding duplicate image handler for 'Windows animated cursor file'
09:16:59: Debug: Adding duplicate image handler for 'TGA file'
09:16:59: Debug: Adding duplicate image handler for 'XPM file'
