OK  null_control -> 0 failing checks
OK  mount_shift -> 1 failing checks
OK  jbp_shift -> 3 failing checks
OK  sv_no_gnd_end -> 3 failing checks
OK  sv_pin_without_resistor -> 3 failing checks
OK  sv_resistor_far -> 2 failing checks
OK  label_missing -> 1 failing checks
OK  label_swap -> 1 failing checks
OK  too_tall -> 1 failing checks
OK  narrow_track -> 2 failing checks
OK  pwr_thin -> 1 failing checks
OK  bottom_soic -> 5 failing checks
OK  dru_present -> 1 failing checks
OK  force_pour_missing -> 3 failing checks
OK  force_thermal -> 1 failing checks
OK  force_narrow -> 1 failing checks
OK  via_in_shunt_pad -> 3 failing checks
OK  under_shunt -> 3 failing checks
OK  kelvin_via -> 1 failing checks
OK  foreign_in_kelvin -> 2 failing checks
OK  anchor_track -> 2 failing checks
OK  part_on_cable -> 4 failing checks
OK  tail_turned -> 5 failing checks
OK  column_swap -> 4 failing checks
OK  r21_near -> 3 failing checks
OK  c5_far -> 2 failing checks
OK  decap_far -> 5 failing checks
OK  gnd_pour_removed -> 3 failing checks
OK  ref_on_part -> 3 failing checks
OK  ref_far -> 3 failing checks
OK  strip_part -> 4 failing checks
OK  mark_missing -> 1 failing checks
OK  zone_copper -> 2 failing checks
OK  title_wrong -> 1 failing checks
OK  silk_small -> 2 failing checks
OK  analog_track -> 1 failing checks
OK  return_cut -> 1 failing checks
37 / 37 negative controls (with the null control)

16:17:53: Debug: Adding duplicate image handler for 'PNG file'
16:17:53: Debug: Adding duplicate image handler for 'JPEG file'
16:17:53: Debug: Adding duplicate image handler for 'TIFF file'
16:17:53: Debug: Adding duplicate image handler for 'GIF file'
16:17:53: Debug: Adding duplicate image handler for 'PNM file'
16:17:53: Debug: Adding duplicate image handler for 'PCX file'
16:17:53: Debug: Adding duplicate image handler for 'IFF file'
16:17:53: Debug: Adding duplicate image handler for 'Windows icon file'
16:17:53: Debug: Adding duplicate image handler for 'Windows cursor file'
16:17:53: Debug: Adding duplicate image handler for 'Windows animated cursor file'
16:17:53: Debug: Adding duplicate image handler for 'TGA file'
16:17:53: Debug: Adding duplicate image handler for 'XPM file'
16:18:03: Debug: Adding duplicate image handler for 'PNG file'
16:18:03: Debug: Adding duplicate image handler for 'JPEG file'
16:18:03: Debug: Adding duplicate image handler for 'TIFF file'
16:18:03: Debug: Adding duplicate image handler for 'GIF file'
16:18:03: Debug: Adding duplicate image handler for 'PNM file'
16:18:03: Debug: Adding duplicate image handler for 'PCX file'
16:18:03: Debug: Adding duplicate image handler for 'IFF file'
16:18:03: Debug: Adding duplicate image handler for 'Windows icon file'
16:18:03: Debug: Adding duplicate image handler for 'Windows cursor file'
16:18:03: Debug: Adding duplicate image handler for 'Windows animated cursor file'
16:18:03: Debug: Adding duplicate image handler for 'TGA file'
16:18:03: Debug: Adding duplicate image handler for 'XPM file'
16:18:13: Debug: Adding duplicate image handler for 'PNG file'
16:18:13: Debug: Adding duplicate image handler for 'JPEG file'
16:18:13: Debug: Adding duplicate image handler for 'TIFF file'
16:18:13: Debug: Adding duplicate image handler for 'GIF file'
16:18:13: Debug: Adding duplicate image handler for 'PNM file'
16:18:13: Debug: Adding duplicate image handler for 'PCX file'
16:18:13: Debug: Adding duplicate image handler for 'IFF file'
16:18:13: Debug: Adding duplicate image handler for 'Windows icon file'
16:18:13: Debug: Adding duplicate image handler for 'Windows cursor file'
16:18:13: Debug: Adding duplicate image handler for 'Windows animated cursor file'
16:18:13: Debug: Adding duplicate image handler for 'TGA file'
16:18:13: Debug: Adding duplicate image handler for 'XPM file'
16:18:23: Debug: Adding duplicate image handler for 'PNG file'
16:18:23: Debug: Adding duplicate image handler for 'JPEG file'
16:18:23: Debug: Adding duplicate image handler for 'TIFF file'
16:18:23: Debug: Adding duplicate image handler for 'GIF file'
16:18:23: Debug: Adding duplicate image handler for 'PNM file'
16:18:23: Debug: Adding duplicate image handler for 'PCX file'
16:18:23: Debug: Adding duplicate image handler for 'IFF file'
16:18:23: Debug: Adding duplicate image handler for 'Windows icon file'
16:18:23: Debug: Adding duplicate image handler for 'Windows cursor file'
16:18:23: Debug: Adding duplicate image handler for 'Windows animated cursor file'
16:18:23: Debug: Adding duplicate image handler for 'TGA file'
16:18:23: Debug: Adding duplicate image handler for 'XPM file'
16:18:32: Debug: Adding duplicate image handler for 'PNG file'
16:18:32: Debug: Adding duplicate image handler for 'JPEG file'
16:18:32: Debug: Adding duplicate image handler for 'TIFF file'
16:18:32: Debug: Adding duplicate image handler for 'GIF file'
16:18:32: Debug: Adding duplicate image handler for 'PNM file'
16:18:32: Debug: Adding duplicate image handler for 'PCX file'
16:18:32: Debug: Adding duplicate image handler for 'IFF file'
16:18:32: Debug: Adding duplicate image handler for 'Windows icon file'
16:18:32: Debug: Adding duplicate image handler for 'Windows cursor file'
16:18:32: Debug: Adding duplicate image handler for 'Windows animated cursor file'
16:18:32: Debug: Adding duplicate image handler for 'TGA file'
16:18:32: Debug: Adding duplicate image handler for 'XPM file'
16:18:42: Debug: Adding duplicate image handler for 'PNG file'
16:18:42: Debug: Adding duplicate image handler for 'JPEG file'
16:18:42: Debug: Adding duplicate image handler for 'TIFF file'
16:18:42: Debug: Adding duplicate image handler for 'GIF file'
16:18:42: Debug: Adding duplicate image handler for 'PNM file'
16:18:42: Debug: Adding duplicate image handler for 'PCX file'
16:18:42: Debug: Adding duplicate image handler for 'IFF file'
16:18:42: Debug: Adding duplicate image handler for 'Windows icon file'
16:18:42: Debug: Adding duplicate image handler for 'Windows cursor file'
16:18:42: Debug: Adding duplicate image handler for 'Windows animated cursor file'
16:18:42: Debug: Adding duplicate image handler for 'TGA file'
16:18:42: Debug: Adding duplicate image handler for 'XPM file'
16:18:52: Debug: Adding duplicate image handler for 'PNG file'
16:18:52: Debug: Adding duplicate image handler for 'JPEG file'
16:18:52: Debug: Adding duplicate image handler for 'TIFF file'
16:18:52: Debug: Adding duplicate image handler for 'GIF file'
16:18:52: Debug: Adding duplicate image handler for 'PNM file'
16:18:52: Debug: Adding duplicate image handler for 'PCX file'
16:18:52: Debug: Adding duplicate image handler for 'IFF file'
16:18:52: Debug: Adding duplicate image handler for 'Windows icon file'
16:18:52: Debug: Adding duplicate image handler for 'Windows cursor file'
16:18:52: Debug: Adding duplicate image handler for 'Windows animated cursor file'
16:18:52: Debug: Adding duplicate image handler for 'TGA file'
16:18:52: Debug: Adding duplicate image handler for 'XPM file'
16:19:02: Debug: Adding duplicate image handler for 'PNG file'
16:19:02: Debug: Adding duplicate image handler for 'JPEG file'
16:19:02: Debug: Adding duplicate image handler for 'TIFF file'
16:19:02: Debug: Adding duplicate image handler for 'GIF file'
16:19:02: Debug: Adding duplicate image handler for 'PNM file'
16:19:02: Debug: Adding duplicate image handler for 'PCX file'
16:19:02: Debug: Adding duplicate image handler for 'IFF file'
16:19:02: Debug: Adding duplicate image handler for 'Windows icon file'
16:19:02: Debug: Adding duplicate image handler for 'Windows cursor file'
16:19:02: Debug: Adding duplicate image handler for 'Windows animated cursor file'
16:19:02: Debug: Adding duplicate image handler for 'TGA file'
16:19:02: Debug: Adding duplicate image handler for 'XPM file'
16:19:11: Debug: Adding duplicate image handler for 'PNG file'
16:19:11: Debug: Adding duplicate image handler for 'JPEG file'
16:19:11: Debug: Adding duplicate image handler for 'TIFF file'
16:19:11: Debug: Adding duplicate image handler for 'GIF file'
16:19:11: Debug: Adding duplicate image handler for 'PNM file'
16:19:11: Debug: Adding duplicate image handler for 'PCX file'
16:19:11: Debug: Adding duplicate image handler for 'IFF file'
16:19:11: Debug: Adding duplicate image handler for 'Windows icon file'
16:19:11: Debug: Adding duplicate image handler for 'Windows cursor file'
16:19:11: Debug: Adding duplicate image handler for 'Windows animated cursor file'
16:19:11: Debug: Adding duplicate image handler for 'TGA file'
16:19:11: Debug: Adding duplicate image handler for 'XPM file'
16:19:21: Debug: Adding duplicate image handler for 'PNG file'
16:19:21: Debug: Adding duplicate image handler for 'JPEG file'
16:19:21: Debug: Adding duplicate image handler for 'TIFF file'
16:19:21: Debug: Adding duplicate image handler for 'GIF file'
16:19:21: Debug: Adding duplicate image handler for 'PNM file'
16:19:21: Debug: Adding duplicate image handler for 'PCX file'
16:19:21: Debug: Adding duplicate image handler for 'IFF file'
16:19:21: Debug: Adding duplicate image handler for 'Windows icon file'
16:19:21: Debug: Adding duplicate image handler for 'Windows cursor file'
16:19:21: Debug: Adding duplicate image handler for 'Windows animated cursor file'
16:19:21: Debug: Adding duplicate image handler for 'TGA file'
16:19:21: Debug: Adding duplicate image handler for 'XPM file'
16:19:31: Debug: Adding duplicate image handler for 'PNG file'
16:19:31: Debug: Adding duplicate image handler for 'JPEG file'
16:19:31: Debug: Adding duplicate image handler for 'TIFF file'
16:19:31: Debug: Adding duplicate image handler for 'GIF file'
16:19:31: Debug: Adding duplicate image handler for 'PNM file'
16:19:31: Debug: Adding duplicate image handler for 'PCX file'
16:19:31: Debug: Adding duplicate image handler for 'IFF file'
16:19:31: Debug: Adding duplicate image handler for 'Windows icon file'
16:19:31: Debug: Adding duplicate image handler for 'Windows cursor file'
16:19:31: Debug: Adding duplicate image handler for 'Windows animated cursor file'
16:19:31: Debug: Adding duplicate image handler for 'TGA file'
16:19:31: Debug: Adding duplicate image handler for 'XPM file'
16:19:40: Debug: Adding duplicate image handler for 'PNG file'
16:19:40: Debug: Adding duplicate image handler for 'JPEG file'
16:19:40: Debug: Adding duplicate image handler for 'TIFF file'
16:19:40: Debug: Adding duplicate image handler for 'GIF file'
16:19:40: Debug: Adding duplicate image handler for 'PNM file'
16:19:40: Debug: Adding duplicate image handler for 'PCX file'
16:19:40: Debug: Adding duplicate image handler for 'IFF file'
16:19:40: Debug: Adding duplicate image handler for 'Windows icon file'
16:19:40: Debug: Adding duplicate image handler for 'Windows cursor file'
16:19:40: Debug: Adding duplicate image handler for 'Windows animated cursor file'
16:19:40: Debug: Adding duplicate image handler for 'TGA file'
16:19:40: Debug: Adding duplicate image handler for 'XPM file'
16:19:50: Debug: Adding duplicate image handler for 'PNG file'
16:19:50: Debug: Adding duplicate image handler for 'JPEG file'
16:19:50: Debug: Adding duplicate image handler for 'TIFF file'
16:19:50: Debug: Adding duplicate image handler for 'GIF file'
16:19:50: Debug: Adding duplicate image handler for 'PNM file'
16:19:50: Debug: Adding duplicate image handler for 'PCX file'
16:19:50: Debug: Adding duplicate image handler for 'IFF file'
16:19:50: Debug: Adding duplicate image handler for 'Windows icon file'
16:19:50: Debug: Adding duplicate image handler for 'Windows cursor file'
16:19:50: Debug: Adding duplicate image handler for 'Windows animated cursor file'
16:19:50: Debug: Adding duplicate image handler for 'TGA file'
16:19:50: Debug: Adding duplicate image handler for 'XPM file'
16:20:00: Debug: Adding duplicate image handler for 'PNG file'
16:20:00: Debug: Adding duplicate image handler for 'JPEG file'
16:20:00: Debug: Adding duplicate image handler for 'TIFF file'
16:20:00: Debug: Adding duplicate image handler for 'GIF file'
16:20:00: Debug: Adding duplicate image handler for 'PNM file'
16:20:00: Debug: Adding duplicate image handler for 'PCX file'
16:20:00: Debug: Adding duplicate image handler for 'IFF file'
16:20:00: Debug: Adding duplicate image handler for 'Windows icon file'
16:20:00: Debug: Adding duplicate image handler for 'Windows cursor file'
16:20:00: Debug: Adding duplicate image handler for 'Windows animated cursor file'
16:20:00: Debug: Adding duplicate image handler for 'TGA file'
16:20:00: Debug: Adding duplicate image handler for 'XPM file'
16:20:10: Debug: Adding duplicate image handler for 'PNG file'
16:20:10: Debug: Adding duplicate image handler for 'JPEG file'
16:20:10: Debug: Adding duplicate image handler for 'TIFF file'
16:20:10: Debug: Adding duplicate image handler for 'GIF file'
16:20:10: Debug: Adding duplicate image handler for 'PNM file'
16:20:10: Debug: Adding duplicate image handler for 'PCX file'
16:20:10: Debug: Adding duplicate image handler for 'IFF file'
16:20:10: Debug: Adding duplicate image handler for 'Windows icon file'
16:20:10: Debug: Adding duplicate image handler for 'Windows cursor file'
16:20:10: Debug: Adding duplicate image handler for 'Windows animated cursor file'
16:20:10: Debug: Adding duplicate image handler for 'TGA file'
16:20:10: Debug: Adding duplicate image handler for 'XPM file'
16:20:20: Debug: Adding duplicate image handler for 'PNG file'
16:20:20: Debug: Adding duplicate image handler for 'JPEG file'
16:20:20: Debug: Adding duplicate image handler for 'TIFF file'
16:20:20: Debug: Adding duplicate image handler for 'GIF file'
16:20:20: Debug: Adding duplicate image handler for 'PNM file'
16:20:20: Debug: Adding duplicate image handler for 'PCX file'
16:20:20: Debug: Adding duplicate image handler for 'IFF file'
16:20:20: Debug: Adding duplicate image handler for 'Windows icon file'
16:20:20: Debug: Adding duplicate image handler for 'Windows cursor file'
16:20:20: Debug: Adding duplicate image handler for 'Windows animated cursor file'
16:20:20: Debug: Adding duplicate image handler for 'TGA file'
16:20:20: Debug: Adding duplicate image handler for 'XPM file'
16:20:29: Debug: Adding duplicate image handler for 'PNG file'
16:20:29: Debug: Adding duplicate image handler for 'JPEG file'
16:20:29: Debug: Adding duplicate image handler for 'TIFF file'
16:20:29: Debug: Adding duplicate image handler for 'GIF file'
16:20:29: Debug: Adding duplicate image handler for 'PNM file'
16:20:29: Debug: Adding duplicate image handler for 'PCX file'
16:20:29: Debug: Adding duplicate image handler for 'IFF file'
16:20:29: Debug: Adding duplicate image handler for 'Windows icon file'
16:20:29: Debug: Adding duplicate image handler for 'Windows cursor file'
16:20:29: Debug: Adding duplicate image handler for 'Windows animated cursor file'
16:20:29: Debug: Adding duplicate image handler for 'TGA file'
16:20:29: Debug: Adding duplicate image handler for 'XPM file'
16:20:39: Debug: Adding duplicate image handler for 'PNG file'
16:20:39: Debug: Adding duplicate image handler for 'JPEG file'
16:20:39: Debug: Adding duplicate image handler for 'TIFF file'
16:20:39: Debug: Adding duplicate image handler for 'GIF file'
16:20:39: Debug: Adding duplicate image handler for 'PNM file'
16:20:39: Debug: Adding duplicate image handler for 'PCX file'
16:20:39: Debug: Adding duplicate image handler for 'IFF file'
16:20:39: Debug: Adding duplicate image handler for 'Windows icon file'
16:20:39: Debug: Adding duplicate image handler for 'Windows cursor file'
16:20:39: Debug: Adding duplicate image handler for 'Windows animated cursor file'
16:20:39: Debug: Adding duplicate image handler for 'TGA file'
16:20:39: Debug: Adding duplicate image handler for 'XPM file'
16:20:48: Debug: Adding duplicate image handler for 'PNG file'
16:20:48: Debug: Adding duplicate image handler for 'JPEG file'
16:20:48: Debug: Adding duplicate image handler for 'TIFF file'
16:20:48: Debug: Adding duplicate image handler for 'GIF file'
16:20:48: Debug: Adding duplicate image handler for 'PNM file'
16:20:48: Debug: Adding duplicate image handler for 'PCX file'
16:20:48: Debug: Adding duplicate image handler for 'IFF file'
16:20:48: Debug: Adding duplicate image handler for 'Windows icon file'
16:20:48: Debug: Adding duplicate image handler for 'Windows cursor file'
16:20:48: Debug: Adding duplicate image handler for 'Windows animated cursor file'
16:20:48: Debug: Adding duplicate image handler for 'TGA file'
16:20:48: Debug: Adding duplicate image handler for 'XPM file'
16:20:58: Debug: Adding duplicate image handler for 'PNG file'
16:20:58: Debug: Adding duplicate image handler for 'JPEG file'
16:20:58: Debug: Adding duplicate image handler for 'TIFF file'
16:20:58: Debug: Adding duplicate image handler for 'GIF file'
16:20:58: Debug: Adding duplicate image handler for 'PNM file'
16:20:58: Debug: Adding duplicate image handler for 'PCX file'
16:20:58: Debug: Adding duplicate image handler for 'IFF file'
16:20:58: Debug: Adding duplicate image handler for 'Windows icon file'
16:20:58: Debug: Adding duplicate image handler for 'Windows cursor file'
16:20:58: Debug: Adding duplicate image handler for 'Windows animated cursor file'
16:20:58: Debug: Adding duplicate image handler for 'TGA file'
16:20:58: Debug: Adding duplicate image handler for 'XPM file'
16:21:08: Debug: Adding duplicate image handler for 'PNG file'
16:21:08: Debug: Adding duplicate image handler for 'JPEG file'
16:21:08: Debug: Adding duplicate image handler for 'TIFF file'
16:21:08: Debug: Adding duplicate image handler for 'GIF file'
16:21:08: Debug: Adding duplicate image handler for 'PNM file'
16:21:08: Debug: Adding duplicate image handler for 'PCX file'
16:21:08: Debug: Adding duplicate image handler for 'IFF file'
16:21:08: Debug: Adding duplicate image handler for 'Windows icon file'
16:21:08: Debug: Adding duplicate image handler for 'Windows cursor file'
16:21:08: Debug: Adding duplicate image handler for 'Windows animated cursor file'
16:21:08: Debug: Adding duplicate image handler for 'TGA file'
16:21:08: Debug: Adding duplicate image handler for 'XPM file'
16:21:18: Debug: Adding duplicate image handler for 'PNG file'
16:21:18: Debug: Adding duplicate image handler for 'JPEG file'
16:21:18: Debug: Adding duplicate image handler for 'TIFF file'
16:21:18: Debug: Adding duplicate image handler for 'GIF file'
16:21:18: Debug: Adding duplicate image handler for 'PNM file'
16:21:18: Debug: Adding duplicate image handler for 'PCX file'
16:21:18: Debug: Adding duplicate image handler for 'IFF file'
16:21:18: Debug: Adding duplicate image handler for 'Windows icon file'
16:21:18: Debug: Adding duplicate image handler for 'Windows cursor file'
16:21:18: Debug: Adding duplicate image handler for 'Windows animated cursor file'
16:21:18: Debug: Adding duplicate image handler for 'TGA file'
16:21:18: Debug: Adding duplicate image handler for 'XPM file'
16:21:27: Debug: Adding duplicate image handler for 'PNG file'
16:21:27: Debug: Adding duplicate image handler for 'JPEG file'
16:21:27: Debug: Adding duplicate image handler for 'TIFF file'
16:21:27: Debug: Adding duplicate image handler for 'GIF file'
16:21:27: Debug: Adding duplicate image handler for 'PNM file'
16:21:27: Debug: Adding duplicate image handler for 'PCX file'
16:21:27: Debug: Adding duplicate image handler for 'IFF file'
16:21:27: Debug: Adding duplicate image handler for 'Windows icon file'
16:21:27: Debug: Adding duplicate image handler for 'Windows cursor file'
16:21:27: Debug: Adding duplicate image handler for 'Windows animated cursor file'
16:21:27: Debug: Adding duplicate image handler for 'TGA file'
16:21:27: Debug: Adding duplicate image handler for 'XPM file'
16:21:37: Debug: Adding duplicate image handler for 'PNG file'
16:21:37: Debug: Adding duplicate image handler for 'JPEG file'
16:21:37: Debug: Adding duplicate image handler for 'TIFF file'
16:21:37: Debug: Adding duplicate image handler for 'GIF file'
16:21:37: Debug: Adding duplicate image handler for 'PNM file'
16:21:37: Debug: Adding duplicate image handler for 'PCX file'
16:21:37: Debug: Adding duplicate image handler for 'IFF file'
16:21:37: Debug: Adding duplicate image handler for 'Windows icon file'
16:21:37: Debug: Adding duplicate image handler for 'Windows cursor file'
16:21:37: Debug: Adding duplicate image handler for 'Windows animated cursor file'
16:21:37: Debug: Adding duplicate image handler for 'TGA file'
16:21:37: Debug: Adding duplicate image handler for 'XPM file'
16:21:46: Debug: Adding duplicate image handler for 'PNG file'
16:21:46: Debug: Adding duplicate image handler for 'JPEG file'
16:21:46: Debug: Adding duplicate image handler for 'TIFF file'
16:21:46: Debug: Adding duplicate image handler for 'GIF file'
16:21:46: Debug: Adding duplicate image handler for 'PNM file'
16:21:46: Debug: Adding duplicate image handler for 'PCX file'
16:21:46: Debug: Adding duplicate image handler for 'IFF file'
16:21:46: Debug: Adding duplicate image handler for 'Windows icon file'
16:21:46: Debug: Adding duplicate image handler for 'Windows cursor file'
16:21:46: Debug: Adding duplicate image handler for 'Windows animated cursor file'
16:21:46: Debug: Adding duplicate image handler for 'TGA file'
16:21:46: Debug: Adding duplicate image handler for 'XPM file'
16:21:56: Debug: Adding duplicate image handler for 'PNG file'
16:21:56: Debug: Adding duplicate image handler for 'JPEG file'
16:21:56: Debug: Adding duplicate image handler for 'TIFF file'
16:21:56: Debug: Adding duplicate image handler for 'GIF file'
16:21:56: Debug: Adding duplicate image handler for 'PNM file'
16:21:56: Debug: Adding duplicate image handler for 'PCX file'
16:21:56: Debug: Adding duplicate image handler for 'IFF file'
16:21:56: Debug: Adding duplicate image handler for 'Windows icon file'
16:21:56: Debug: Adding duplicate image handler for 'Windows cursor file'
16:21:56: Debug: Adding duplicate image handler for 'Windows animated cursor file'
16:21:56: Debug: Adding duplicate image handler for 'TGA file'
16:21:56: Debug: Adding duplicate image handler for 'XPM file'
16:22:05: Debug: Adding duplicate image handler for 'PNG file'
16:22:05: Debug: Adding duplicate image handler for 'JPEG file'
16:22:05: Debug: Adding duplicate image handler for 'TIFF file'
16:22:05: Debug: Adding duplicate image handler for 'GIF file'
16:22:05: Debug: Adding duplicate image handler for 'PNM file'
16:22:05: Debug: Adding duplicate image handler for 'PCX file'
16:22:05: Debug: Adding duplicate image handler for 'IFF file'
16:22:05: Debug: Adding duplicate image handler for 'Windows icon file'
16:22:05: Debug: Adding duplicate image handler for 'Windows cursor file'
16:22:05: Debug: Adding duplicate image handler for 'Windows animated cursor file'
16:22:05: Debug: Adding duplicate image handler for 'TGA file'
16:22:05: Debug: Adding duplicate image handler for 'XPM file'
16:22:15: Debug: Adding duplicate image handler for 'PNG file'
16:22:15: Debug: Adding duplicate image handler for 'JPEG file'
16:22:15: Debug: Adding duplicate image handler for 'TIFF file'
16:22:15: Debug: Adding duplicate image handler for 'GIF file'
16:22:15: Debug: Adding duplicate image handler for 'PNM file'
16:22:15: Debug: Adding duplicate image handler for 'PCX file'
16:22:15: Debug: Adding duplicate image handler for 'IFF file'
16:22:15: Debug: Adding duplicate image handler for 'Windows icon file'
16:22:15: Debug: Adding duplicate image handler for 'Windows cursor file'
16:22:15: Debug: Adding duplicate image handler for 'Windows animated cursor file'
16:22:15: Debug: Adding duplicate image handler for 'TGA file'
16:22:15: Debug: Adding duplicate image handler for 'XPM file'
16:22:25: Debug: Adding duplicate image handler for 'PNG file'
16:22:25: Debug: Adding duplicate image handler for 'JPEG file'
16:22:25: Debug: Adding duplicate image handler for 'TIFF file'
16:22:25: Debug: Adding duplicate image handler for 'GIF file'
16:22:25: Debug: Adding duplicate image handler for 'PNM file'
16:22:25: Debug: Adding duplicate image handler for 'PCX file'
16:22:25: Debug: Adding duplicate image handler for 'IFF file'
16:22:25: Debug: Adding duplicate image handler for 'Windows icon file'
16:22:25: Debug: Adding duplicate image handler for 'Windows cursor file'
16:22:25: Debug: Adding duplicate image handler for 'Windows animated cursor file'
16:22:25: Debug: Adding duplicate image handler for 'TGA file'
16:22:25: Debug: Adding duplicate image handler for 'XPM file'
16:22:35: Debug: Adding duplicate image handler for 'PNG file'
16:22:35: Debug: Adding duplicate image handler for 'JPEG file'
16:22:35: Debug: Adding duplicate image handler for 'TIFF file'
16:22:35: Debug: Adding duplicate image handler for 'GIF file'
16:22:35: Debug: Adding duplicate image handler for 'PNM file'
16:22:35: Debug: Adding duplicate image handler for 'PCX file'
16:22:35: Debug: Adding duplicate image handler for 'IFF file'
16:22:35: Debug: Adding duplicate image handler for 'Windows icon file'
16:22:35: Debug: Adding duplicate image handler for 'Windows cursor file'
16:22:35: Debug: Adding duplicate image handler for 'Windows animated cursor file'
16:22:35: Debug: Adding duplicate image handler for 'TGA file'
16:22:35: Debug: Adding duplicate image handler for 'XPM file'
16:22:45: Debug: Adding duplicate image handler for 'PNG file'
16:22:45: Debug: Adding duplicate image handler for 'JPEG file'
16:22:45: Debug: Adding duplicate image handler for 'TIFF file'
16:22:45: Debug: Adding duplicate image handler for 'GIF file'
16:22:45: Debug: Adding duplicate image handler for 'PNM file'
16:22:45: Debug: Adding duplicate image handler for 'PCX file'
16:22:45: Debug: Adding duplicate image handler for 'IFF file'
16:22:45: Debug: Adding duplicate image handler for 'Windows icon file'
16:22:45: Debug: Adding duplicate image handler for 'Windows cursor file'
16:22:45: Debug: Adding duplicate image handler for 'Windows animated cursor file'
16:22:45: Debug: Adding duplicate image handler for 'TGA file'
16:22:45: Debug: Adding duplicate image handler for 'XPM file'
16:22:55: Debug: Adding duplicate image handler for 'PNG file'
16:22:55: Debug: Adding duplicate image handler for 'JPEG file'
16:22:55: Debug: Adding duplicate image handler for 'TIFF file'
16:22:55: Debug: Adding duplicate image handler for 'GIF file'
16:22:55: Debug: Adding duplicate image handler for 'PNM file'
16:22:55: Debug: Adding duplicate image handler for 'PCX file'
16:22:55: Debug: Adding duplicate image handler for 'IFF file'
16:22:55: Debug: Adding duplicate image handler for 'Windows icon file'
16:22:55: Debug: Adding duplicate image handler for 'Windows cursor file'
16:22:55: Debug: Adding duplicate image handler for 'Windows animated cursor file'
16:22:55: Debug: Adding duplicate image handler for 'TGA file'
16:22:55: Debug: Adding duplicate image handler for 'XPM file'
16:23:04: Debug: Adding duplicate image handler for 'PNG file'
16:23:04: Debug: Adding duplicate image handler for 'JPEG file'
16:23:04: Debug: Adding duplicate image handler for 'TIFF file'
16:23:04: Debug: Adding duplicate image handler for 'GIF file'
16:23:04: Debug: Adding duplicate image handler for 'PNM file'
16:23:04: Debug: Adding duplicate image handler for 'PCX file'
16:23:04: Debug: Adding duplicate image handler for 'IFF file'
16:23:04: Debug: Adding duplicate image handler for 'Windows icon file'
16:23:04: Debug: Adding duplicate image handler for 'Windows cursor file'
16:23:04: Debug: Adding duplicate image handler for 'Windows animated cursor file'
16:23:04: Debug: Adding duplicate image handler for 'TGA file'
16:23:04: Debug: Adding duplicate image handler for 'XPM file'
16:23:14: Debug: Adding duplicate image handler for 'PNG file'
16:23:14: Debug: Adding duplicate image handler for 'JPEG file'
16:23:14: Debug: Adding duplicate image handler for 'TIFF file'
16:23:14: Debug: Adding duplicate image handler for 'GIF file'
16:23:14: Debug: Adding duplicate image handler for 'PNM file'
16:23:14: Debug: Adding duplicate image handler for 'PCX file'
16:23:14: Debug: Adding duplicate image handler for 'IFF file'
16:23:14: Debug: Adding duplicate image handler for 'Windows icon file'
16:23:14: Debug: Adding duplicate image handler for 'Windows cursor file'
16:23:14: Debug: Adding duplicate image handler for 'Windows animated cursor file'
16:23:14: Debug: Adding duplicate image handler for 'TGA file'
16:23:14: Debug: Adding duplicate image handler for 'XPM file'
16:23:24: Debug: Adding duplicate image handler for 'PNG file'
16:23:24: Debug: Adding duplicate image handler for 'JPEG file'
16:23:24: Debug: Adding duplicate image handler for 'TIFF file'
16:23:24: Debug: Adding duplicate image handler for 'GIF file'
16:23:24: Debug: Adding duplicate image handler for 'PNM file'
16:23:24: Debug: Adding duplicate image handler for 'PCX file'
16:23:24: Debug: Adding duplicate image handler for 'IFF file'
16:23:24: Debug: Adding duplicate image handler for 'Windows icon file'
16:23:24: Debug: Adding duplicate image handler for 'Windows cursor file'
16:23:24: Debug: Adding duplicate image handler for 'Windows animated cursor file'
16:23:24: Debug: Adding duplicate image handler for 'TGA file'
16:23:24: Debug: Adding duplicate image handler for 'XPM file'
16:23:34: Debug: Adding duplicate image handler for 'PNG file'
16:23:34: Debug: Adding duplicate image handler for 'JPEG file'
16:23:34: Debug: Adding duplicate image handler for 'TIFF file'
16:23:34: Debug: Adding duplicate image handler for 'GIF file'
16:23:34: Debug: Adding duplicate image handler for 'PNM file'
16:23:34: Debug: Adding duplicate image handler for 'PCX file'
16:23:34: Debug: Adding duplicate image handler for 'IFF file'
16:23:34: Debug: Adding duplicate image handler for 'Windows icon file'
16:23:34: Debug: Adding duplicate image handler for 'Windows cursor file'
16:23:34: Debug: Adding duplicate image handler for 'Windows animated cursor file'
16:23:34: Debug: Adding duplicate image handler for 'TGA file'
16:23:34: Debug: Adding duplicate image handler for 'XPM file'
